#0 building with "desktop-linux" instance using docker driver

#1 [backend internal] load build definition from Dockerfile
#1 transferring dockerfile: 7.10kB 0.0s done
#1 DONE 0.1s

#2 [backend internal] load metadata for docker.io/library/python:3.11-slim
#2 DONE 0.9s

#3 [backend internal] load .dockerignore
#3 transferring context: 630B done
#3 DONE 0.0s

#4 [backend internal] load build context
#4 transferring context: 751.18kB 0.0s done
#4 DONE 0.1s

#5 [backend  1/20] FROM docker.io/library/python:3.11-slim@sha256:1dd3dca85e22886e44fcad1bb7ccab6691dfa83db52214cf9e20696e095f3e36
#5 resolve docker.io/library/python:3.11-slim@sha256:1dd3dca85e22886e44fcad1bb7ccab6691dfa83db52214cf9e20696e095f3e36 0.1s done
#5 DONE 0.1s

#6 [backend  2/20] WORKDIR /app
#6 CACHED

#7 [backend  3/20] RUN apt-get update && apt-get install -y --no-install-recommends     gcc     g++     libpq-dev     git     curl     wget     unzip     default-jdk-headless     clang-tidy     cppcheck     nmap     tshark     libcap2-bin     traceroute     iputils-ping     dnsutils     whois     ca-certificates     gnupg     fontconfig     fonts-dejavu-core     libfreetype6     libharfbuzz0b     libpango-1.0-0     libpangocairo-1.0-0     libcairo2     libgdk-pixbuf-2.0-0     libffi-dev     shared-mime-info     && curl -fsSL https://deb.nodesource.com/setup_20.x | bash -     && apt-get install -y nodejs     && rm -rf /var/lib/apt/lists/*     && setcap cap_net_raw,cap_net_admin,cap_net_bind_service+eip /usr/bin/nmap     && setcap cap_net_raw,cap_net_admin+eip /usr/bin/dumpcap
#7 0.683 Get:1 http://deb.debian.org/debian trixie InRelease [140 kB]
#7 0.719 Get:2 http://deb.debian.org/debian trixie-updates InRelease [47.3 kB]
#7 0.740 Get:3 http://deb.debian.org/debian-security trixie-security InRelease [43.4 kB]
#7 0.759 Get:4 http://deb.debian.org/debian trixie/main amd64 Packages [9670 kB]
#7 1.863 Get:5 http://deb.debian.org/debian trixie-updates/main amd64 Packages [5412 B]
#7 1.876 Get:6 http://deb.debian.org/debian-security trixie-security/main amd64 Packages [94.5 kB]
#7 2.444 Fetched 10.0 MB in 2s (5532 kB/s)
#7 2.444 Reading package lists...
#7 2.888 Reading package lists...
#7 3.337 Building dependency tree...
#7 3.442 Reading state information...
#7 3.593 ca-certificates is already the newest version (20250419).
#7 3.593 The following additional packages will be installed:
#7 3.593   bind9-host bind9-libs binutils binutils-common binutils-x86-64-linux-gnu
#7 3.593   ca-certificates-java clang-19 clang-tidy-19 clang-tools-19 cpp cpp-14
#7 3.593   cpp-14-x86-64-linux-gnu cpp-x86-64-linux-gnu default-jre-headless dirmngr
#7 3.593   fontconfig-config fonts-dejavu-mono g++-14 g++-14-x86-64-linux-gnu
#7 3.593   g++-x86-64-linux-gnu gcc-14 gcc-14-x86-64-linux-gnu gcc-x86-64-linux-gnu
#7 3.593   git-man gnupg-l10n gpg gpg-agent gpgconf gpgsm java-common libasan8
#7 3.593   libassuan9 libatomic1 libbcg729-0 libbinutils libblas3 libbrotli1 libc-bin
#7 3.593   libc-dev-bin libc6 libc6-dev libcap2 libcares2 libcc1-0
#7 3.593   libclang-common-19-dev libclang-cpp19 libclang1-19 libcom-err2 libcrypt-dev
#7 3.593   libctf-nobfd0 libctf0 libcurl3t64-gnutls libcurl4t64 libdatrie1 libdbus-1-3
#7 3.593   libdeflate0 libedit2 liberror-perl libexpat1 libfontconfig1 libfribidi0
#7 3.593   libfstrm0 libgc1 libgcc-14-dev libgcrypt20 libgdbm-compat4t64
#7 3.593   libgdk-pixbuf2.0-common libglib2.0-0t64 libgnutls30t64 libgomp1
#7 3.593   libgpg-error0 libgprofng0 libgraphite2-3 libgssapi-krb5-2 libhwasan0
#7 3.593   libidn2-0 libisl23 libitm1 libjansson4 libjbig0 libjemalloc2 libjpeg62-turbo
#7 3.593   libjson-c5 libk5crypto3 libkeyutils1 libkrb5-3 libkrb5support0 libksba8
#7 3.593   liblcms2-2 libldap2 liblerc4 liblinear4 libllvm19 liblmdb0 liblsan0
#7 3.593   liblua5.4-0 libmaxminddb0 libmpc3 libmpfr6 libnghttp2-14 libnghttp3-9
#7 3.593   libngtcp2-16 libngtcp2-crypto-gnutls8 libnl-3-200 libnl-genl-3-200
#7 3.593   libnl-route-3-200 libnpth0t64 libnspr4 libnss3 libobjc-14-dev libobjc4
#7 3.593   libopencore-amrnb0 libopus0 libp11-kit0 libpangoft2-1.0-0 libpcap0.8t64
#7 3.593   libpcsclite1 libperl5.40 libpixman-1-0 libpng16-16t64 libpq5 libprotobuf-c1
#7 3.593   libpsl5t64 libpython3-stdlib libpython3.13-minimal libpython3.13-stdlib
#7 3.594   libquadmath0 librtmp1 libsasl2-2 libsasl2-modules-db libsbc1 libsframe1
#7 3.594   libsharpyuv0 libsmi2t64 libsnappy1v5 libspandsp2t64 libspeexdsp1 libssh-4
#7 3.594   libssh2-1t64 libssl-dev libstdc++-14-dev libtasn1-6 libthai-data libthai0
#7 3.594   libtiff6 libtinyxml2-11 libtsan2 libubsan1 libunistring5 liburcu8t64
#7 3.594   libuv1t64 libwebp7 libwireshark-data libwireshark18 libwiretap15 libwsutil16
#7 3.594   libx11-6 libx11-data libxau6 libxcb-render0 libxcb-shm0 libxcb1 libxdmcp6
#7 3.594   libxext6 libxml2 libxrender1 libyaml-0-2 libz3-4 linux-libc-dev
#7 3.594   llvm-19-linker-tools media-types nmap-common openjdk-21-jdk-headless
#7 3.594   openjdk-21-jre-headless perl perl-modules-5.40 pinentry-curses python3
#7 3.595   python3-minimal python3-pygments python3-yaml python3.13 python3.13-minimal
#7 3.595   rpcsvc-proto wireshark-common
#7 3.597 Suggested packages:
#7 3.597   binutils-doc gprofng-gui binutils-gold clang-19-doc wasi-libc cpp-doc
#7 3.597   gcc-14-locales cpp-14-doc cppcheck-gui clang default-jre dbus-user-session
#7 3.597   libpam-systemd pinentry-gnome3 tor g++-multilib g++-14-multilib gcc-14-doc
#7 3.597   gcc-multilib make manpages-dev autoconf automake libtool flex bison gdb
#7 3.597   gcc-doc gcc-14-multilib gdb-x86-64-linux-gnu gettext-base git-doc git-email
#7 3.597   git-gui gitk gitweb git-cvs git-mediawiki git-svn gpg-wks-server parcimonie
#7 3.597   xloadimage scdaemon tpm2daemon libc-devtools glibc-doc rng-tools
#7 3.597   low-memory-monitor gnutls-bin krb5-doc krb5-user liblcms2-utils
#7 3.597   liblinear-tools liblinear-dev mmdb-bin opus-tools pcscd sensible-utils
#7 3.597   postgresql-doc-17 snmp-mibs-downloader libssl-doc libstdc++-14-doc
#7 3.597   geoipupdate geoip-database geoip-database-extra libjs-leaflet
#7 3.597   libjs-leaflet.markercluster wireshark-doc ncat ndiff zenmap openjdk-21-demo
#7 3.597   openjdk-21-source libnss-mdns fonts-dejavu-extra fonts-ipafont-gothic
#7 3.597   fonts-ipafont-mincho fonts-wqy-microhei | fonts-wqy-zenhei fonts-indic
#7 3.597   perl-doc libterm-readline-gnu-perl | libterm-readline-perl-perl
#7 3.597   libtap-harness-archive-perl pinentry-doc python3-doc python3-tk python3-venv
#7 3.597   python-pygments-doc ttf-bitstream-vera python3.13-venv python3.13-doc
#7 3.597   binfmt-support zip
#7 3.597 Recommended packages:
#7 3.597   llvm-19-dev bash-completion patch less ssh-client gnupg-utils gpg-wks-client
#7 3.597   gpgv linux-sysctl-defaults manpages manpages-dev libpam-cap
#7 3.597   libclang-rt-19-dev dbus libgdk-pixbuf2.0-bin libglib2.0-data xdg-user-dirs
#7 3.597   libgpg-error-l10n krb5-locales libldap-common publicsuffix libsasl2-modules
#7 3.597   libcups2t64 libasound2t64
#7 4.375 The following NEW packages will be installed:
#7 4.375   bind9-dnsutils bind9-host bind9-libs binutils binutils-common
#7 4.375   binutils-x86-64-linux-gnu ca-certificates-java clang-19 clang-tidy
#7 4.375   clang-tidy-19 clang-tools-19 cpp cpp-14 cpp-14-x86-64-linux-gnu
#7 4.375   cpp-x86-64-linux-gnu cppcheck curl default-jdk-headless default-jre-headless
#7 4.375   dirmngr fontconfig fontconfig-config fonts-dejavu-core fonts-dejavu-mono g++
#7 4.375   g++-14 g++-14-x86-64-linux-gnu g++-x86-64-linux-gnu gcc gcc-14
#7 4.375   gcc-14-x86-64-linux-gnu gcc-x86-64-linux-gnu git git-man gnupg gnupg-l10n
#7 4.375   gpg gpg-agent gpgconf gpgsm iputils-ping java-common libasan8 libassuan9
#7 4.375   libatomic1 libbcg729-0 libbinutils libblas3 libbrotli1 libc-dev-bin
#7 4.375   libc6-dev libcairo2 libcap2-bin libcares2 libcc1-0 libclang-common-19-dev
#7 4.375   libclang-cpp19 libclang1-19 libcom-err2 libcrypt-dev libctf-nobfd0 libctf0
#7 4.375   libcurl3t64-gnutls libcurl4t64 libdatrie1 libdbus-1-3 libdeflate0 libedit2
#7 4.375   liberror-perl libexpat1 libffi-dev libfontconfig1 libfreetype6 libfribidi0
#7 4.375   libfstrm0 libgc1 libgcc-14-dev libgcrypt20 libgdbm-compat4t64
#7 4.375   libgdk-pixbuf-2.0-0 libgdk-pixbuf2.0-common libglib2.0-0t64 libgnutls30t64
#7 4.375   libgomp1 libgpg-error0 libgprofng0 libgraphite2-3 libgssapi-krb5-2
#7 4.375   libharfbuzz0b libhwasan0 libidn2-0 libisl23 libitm1 libjansson4 libjbig0
#7 4.375   libjemalloc2 libjpeg62-turbo libjson-c5 libk5crypto3 libkeyutils1 libkrb5-3
#7 4.375   libkrb5support0 libksba8 liblcms2-2 libldap2 liblerc4 liblinear4 libllvm19
#7 4.375   liblmdb0 liblsan0 liblua5.4-0 libmaxminddb0 libmpc3 libmpfr6 libnghttp2-14
#7 4.375   libnghttp3-9 libngtcp2-16 libngtcp2-crypto-gnutls8 libnl-3-200
#7 4.375   libnl-genl-3-200 libnl-route-3-200 libnpth0t64 libnspr4 libnss3
#7 4.375   libobjc-14-dev libobjc4 libopencore-amrnb0 libopus0 libp11-kit0
#7 4.375   libpango-1.0-0 libpangocairo-1.0-0 libpangoft2-1.0-0 libpcap0.8t64
#7 4.375   libpcsclite1 libperl5.40 libpixman-1-0 libpng16-16t64 libpq-dev libpq5
#7 4.375   libprotobuf-c1 libpsl5t64 libpython3-stdlib libpython3.13-minimal
#7 4.375   libpython3.13-stdlib libquadmath0 librtmp1 libsasl2-2 libsasl2-modules-db
#7 4.375   libsbc1 libsframe1 libsharpyuv0 libsmi2t64 libsnappy1v5 libspandsp2t64
#7 4.375   libspeexdsp1 libssh-4 libssh2-1t64 libssl-dev libstdc++-14-dev libtasn1-6
#7 4.375   libthai-data libthai0 libtiff6 libtinyxml2-11 libtsan2 libubsan1
#7 4.375   libunistring5 liburcu8t64 libuv1t64 libwebp7 libwireshark-data
#7 4.375   libwireshark18 libwiretap15 libwsutil16 libx11-6 libx11-data libxau6
#7 4.375   libxcb-render0 libxcb-shm0 libxcb1 libxdmcp6 libxext6 libxml2 libxrender1
#7 4.375   libyaml-0-2 libz3-4 linux-libc-dev llvm-19-linker-tools media-types nmap
#7 4.375   nmap-common openjdk-21-jdk-headless openjdk-21-jre-headless perl
#7 4.375   perl-modules-5.40 pinentry-curses python3 python3-minimal python3-pygments
#7 4.375   python3-yaml python3.13 python3.13-minimal rpcsvc-proto shared-mime-info
#7 4.375   traceroute tshark unzip wget whois wireshark-common
#7 4.376 The following packages will be upgraded:
#7 4.377   libc-bin libc6 libcap2
#7 4.485 3 upgraded, 210 newly installed, 0 to remove and 3 not upgraded.
#7 4.485 Need to get 360 MB of archives.
#7 4.485 After this operation, 1340 MB of additional disk space will be used.
#7 4.485 Get:1 http://deb.debian.org/debian trixie/main amd64 libc6 amd64 2.41-12+deb13u1 [2851 kB]
#7 4.818 Get:2 http://deb.debian.org/debian trixie/main amd64 libc-bin amd64 2.41-12+deb13u1 [637 kB]
#7 4.894 Get:3 http://deb.debian.org/debian trixie/main amd64 libexpat1 amd64 2.7.1-2 [108 kB]
#7 4.904 Get:4 http://deb.debian.org/debian trixie/main amd64 libpython3.13-minimal amd64 3.13.5-2 [862 kB]
#7 4.998 Get:5 http://deb.debian.org/debian trixie/main amd64 python3.13-minimal amd64 3.13.5-2 [2224 kB]
#7 5.254 Get:6 http://deb.debian.org/debian trixie/main amd64 python3-minimal amd64 3.13.5-1 [27.2 kB]
#7 5.256 Get:7 http://deb.debian.org/debian trixie/main amd64 media-types all 13.0.0 [29.3 kB]
#7 5.257 Get:8 http://deb.debian.org/debian trixie/main amd64 libpython3.13-stdlib amd64 3.13.5-2 [1956 kB]
#7 5.483 Get:9 http://deb.debian.org/debian trixie/main amd64 python3.13 amd64 3.13.5-2 [757 kB]
#7 5.568 Get:10 http://deb.debian.org/debian trixie/main amd64 libpython3-stdlib amd64 3.13.5-1 [10.2 kB]
#7 5.568 Get:11 http://deb.debian.org/debian trixie/main amd64 python3 amd64 3.13.5-1 [28.2 kB]
#7 5.572 Get:12 http://deb.debian.org/debian trixie/main amd64 libcap2 amd64 1:2.75-10+b3 [28.8 kB]
#7 5.580 Get:13 http://deb.debian.org/debian trixie/main amd64 libunistring5 amd64 1.3-2 [477 kB]
#7 5.630 Get:14 http://deb.debian.org/debian trixie/main amd64 libidn2-0 amd64 2.3.8-2 [109 kB]
#7 5.641 Get:15 http://deb.debian.org/debian trixie/main amd64 iputils-ping amd64 3:20240905-3 [51.2 kB]
#7 5.662 Get:16 http://deb.debian.org/debian trixie/main amd64 libfstrm0 amd64 0.6.1-1+b3 [21.9 kB]
#7 5.678 Get:17 http://deb.debian.org/debian trixie/main amd64 libkrb5support0 amd64 1.21.3-5 [33.0 kB]
#7 5.679 Get:18 http://deb.debian.org/debian trixie/main amd64 libcom-err2 amd64 1.47.2-3+b7 [25.0 kB]
#7 5.682 Get:19 http://deb.debian.org/debian trixie/main amd64 libk5crypto3 amd64 1.21.3-5 [81.5 kB]
#7 5.689 Get:20 http://deb.debian.org/debian trixie/main amd64 libkeyutils1 amd64 1.6.3-6 [9456 B]
#7 5.693 Get:21 http://deb.debian.org/debian trixie/main amd64 libkrb5-3 amd64 1.21.3-5 [326 kB]
#7 5.727 Get:22 http://deb.debian.org/debian trixie/main amd64 libgssapi-krb5-2 amd64 1.21.3-5 [138 kB]
#7 5.742 Get:23 http://deb.debian.org/debian trixie/main amd64 libjemalloc2 amd64 5.3.0-3 [274 kB]
#7 5.790 Get:24 http://deb.debian.org/debian trixie/main amd64 libjson-c5 amd64 0.18+ds-1 [46.0 kB]
#7 5.793 Get:25 http://deb.debian.org/debian trixie/main amd64 liblmdb0 amd64 0.9.31-1+b2 [45.2 kB]
#7 5.813 Get:26 http://deb.debian.org/debian trixie/main amd64 libmaxminddb0 amd64 1.12.2-1 [25.8 kB]
#7 5.814 Get:27 http://deb.debian.org/debian trixie/main amd64 libnghttp2-14 amd64 1.64.0-1.1 [76.0 kB]
#7 5.820 Get:28 http://deb.debian.org/debian trixie/main amd64 libprotobuf-c1 amd64 1.5.1-1 [20.5 kB]
#7 5.833 Get:29 http://deb.debian.org/debian trixie/main amd64 liburcu8t64 amd64 0.15.2-2 [76.3 kB]
#7 5.892 Get:30 http://deb.debian.org/debian trixie/main amd64 libuv1t64 amd64 1.50.0-2 [154 kB]
#7 5.921 Get:31 http://deb.debian.org/debian trixie/main amd64 libxml2 amd64 2.12.7+dfsg+really2.9.14-2.1+deb13u2 [698 kB]
#7 6.015 Get:32 http://deb.debian.org/debian trixie/main amd64 bind9-libs amd64 1:9.20.15-1~deb13u1 [1238 kB]
#7 6.152 Get:33 http://deb.debian.org/debian trixie/main amd64 bind9-host amd64 1:9.20.15-1~deb13u1 [55.4 kB]
#7 6.158 Get:34 http://deb.debian.org/debian trixie/main amd64 libedit2 amd64 3.1-20250104-1 [93.8 kB]
#7 6.170 Get:35 http://deb.debian.org/debian trixie/main amd64 bind9-dnsutils amd64 1:9.20.15-1~deb13u1 [165 kB]
#7 6.187 Get:36 http://deb.debian.org/debian trixie/main amd64 perl-modules-5.40 all 5.40.1-6 [3019 kB]
#7 6.525 Get:37 http://deb.debian.org/debian trixie/main amd64 libgdbm-compat4t64 amd64 1.24-2 [50.3 kB]
#7 6.531 Get:38 http://deb.debian.org/debian trixie/main amd64 libperl5.40 amd64 5.40.1-6 [4341 kB]
#7 7.033 Get:39 http://deb.debian.org/debian trixie/main amd64 perl amd64 5.40.1-6 [267 kB]
#7 7.060 Get:40 http://deb.debian.org/debian trixie/main amd64 traceroute amd64 1:2.1.6-1 [54.6 kB]
#7 7.064 Get:41 http://deb.debian.org/debian trixie/main amd64 libp11-kit0 amd64 0.25.5-3 [425 kB]
#7 7.113 Get:42 http://deb.debian.org/debian trixie/main amd64 libtasn1-6 amd64 4.20.0-2 [49.9 kB]
#7 7.132 Get:43 http://deb.debian.org/debian trixie/main amd64 libgnutls30t64 amd64 3.8.9-3+deb13u1 [1466 kB]
#7 7.291 Get:44 http://deb.debian.org/debian trixie/main amd64 libpsl5t64 amd64 0.21.2-1.1+b1 [57.2 kB]
#7 7.299 Get:45 http://deb.debian.org/debian trixie/main amd64 wget amd64 1.25.0-2 [984 kB]
#7 7.418 Get:46 http://deb.debian.org/debian trixie/main amd64 libsframe1 amd64 2.44-3 [78.4 kB]
#7 7.430 Get:47 http://deb.debian.org/debian trixie/main amd64 binutils-common amd64 2.44-3 [2509 kB]
#7 7.717 Get:48 http://deb.debian.org/debian trixie/main amd64 libbinutils amd64 2.44-3 [534 kB]
#7 7.788 Get:49 http://deb.debian.org/debian trixie/main amd64 libgprofng0 amd64 2.44-3 [808 kB]
#7 7.876 Get:50 http://deb.debian.org/debian trixie/main amd64 libctf-nobfd0 amd64 2.44-3 [156 kB]
#7 7.895 Get:51 http://deb.debian.org/debian trixie/main amd64 libctf0 amd64 2.44-3 [88.6 kB]
#7 7.903 Get:52 http://deb.debian.org/debian trixie/main amd64 libjansson4 amd64 2.14-2+b3 [39.8 kB]
#7 7.908 Get:53 http://deb.debian.org/debian trixie/main amd64 binutils-x86-64-linux-gnu amd64 2.44-3 [1014 kB]
#7 8.021 Get:54 http://deb.debian.org/debian trixie/main amd64 binutils amd64 2.44-3 [265 kB]
#7 8.052 Get:55 http://deb.debian.org/debian trixie/main amd64 ca-certificates-java all 20240118 [11.6 kB]
#7 8.053 Get:56 http://deb.debian.org/debian trixie/main amd64 libz3-4 amd64 4.13.3-1 [8560 kB]
#7 9.011 Get:57 http://deb.debian.org/debian trixie/main amd64 libllvm19 amd64 1:19.1.7-3+b1 [26.0 MB]
#7 12.86 Get:58 http://deb.debian.org/debian trixie/main amd64 libclang-cpp19 amd64 1:19.1.7-3+b1 [13.2 MB]
#7 14.39 Get:59 http://deb.debian.org/debian trixie/main amd64 libgomp1 amd64 14.2.0-19 [137 kB]
#7 14.40 Get:60 http://deb.debian.org/debian trixie/main amd64 libitm1 amd64 14.2.0-19 [26.0 kB]
#7 14.41 Get:61 http://deb.debian.org/debian trixie/main amd64 libatomic1 amd64 14.2.0-19 [9308 B]
#7 14.41 Get:62 http://deb.debian.org/debian trixie/main amd64 libasan8 amd64 14.2.0-19 [2725 kB]
#7 14.72 Get:63 http://deb.debian.org/debian trixie/main amd64 liblsan0 amd64 14.2.0-19 [1204 kB]
#7 14.86 Get:64 http://deb.debian.org/debian trixie/main amd64 libtsan2 amd64 14.2.0-19 [2460 kB]
#7 15.14 Get:65 http://deb.debian.org/debian trixie/main amd64 libubsan1 amd64 14.2.0-19 [1074 kB]
#7 15.27 Get:66 http://deb.debian.org/debian trixie/main amd64 libhwasan0 amd64 14.2.0-19 [1488 kB]
#7 15.50 Get:67 http://deb.debian.org/debian trixie/main amd64 libquadmath0 amd64 14.2.0-19 [145 kB]
#7 15.50 Get:68 http://deb.debian.org/debian trixie/main amd64 libgcc-14-dev amd64 14.2.0-19 [2672 kB]
#7 15.77 Get:69 http://deb.debian.org/debian trixie/main amd64 libc-dev-bin amd64 2.41-12+deb13u1 [58.5 kB]
#7 15.78 Get:70 http://deb.debian.org/debian trixie/main amd64 linux-libc-dev all 6.12.63-1 [2720 kB]
#7 16.08 Get:71 http://deb.debian.org/debian trixie/main amd64 libcrypt-dev amd64 1:4.4.38-1 [119 kB]
#7 16.09 Get:72 http://deb.debian.org/debian trixie/main amd64 rpcsvc-proto amd64 1.4.3-1 [63.3 kB]
#7 16.10 Get:73 http://deb.debian.org/debian trixie/main amd64 libc6-dev amd64 2.41-12+deb13u1 [1994 kB]
#7 16.33 Get:74 http://deb.debian.org/debian trixie/main amd64 libstdc++-14-dev amd64 14.2.0-19 [2376 kB]
#7 16.60 Get:75 http://deb.debian.org/debian trixie/main amd64 libgc1 amd64 1:8.2.8-1 [247 kB]
#7 16.63 Get:76 http://deb.debian.org/debian trixie/main amd64 libobjc4 amd64 14.2.0-19 [43.3 kB]
#7 16.64 Get:77 http://deb.debian.org/debian trixie/main amd64 libobjc-14-dev amd64 14.2.0-19 [173 kB]
#7 16.67 Get:78 http://deb.debian.org/debian trixie/main amd64 libclang-common-19-dev amd64 1:19.1.7-3+b1 [740 kB]
#7 16.76 Get:79 http://deb.debian.org/debian trixie/main amd64 llvm-19-linker-tools amd64 1:19.1.7-3+b1 [1263 kB]
#7 16.91 Get:80 http://deb.debian.org/debian trixie/main amd64 libclang1-19 amd64 1:19.1.7-3+b1 [7623 kB]
#7 17.85 Get:81 http://deb.debian.org/debian trixie/main amd64 clang-19 amd64 1:19.1.7-3+b1 [117 kB]
#7 17.89 Get:82 http://deb.debian.org/debian trixie/main amd64 clang-tools-19 amd64 1:19.1.7-3+b1 [8952 kB]
#7 19.03 Get:83 http://deb.debian.org/debian trixie/main amd64 libyaml-0-2 amd64 0.2.5-2 [52.5 kB]
#7 19.04 Get:84 http://deb.debian.org/debian trixie/main amd64 python3-yaml amd64 6.0.2-1+b2 [136 kB]
#7 19.06 Get:85 http://deb.debian.org/debian trixie/main amd64 clang-tidy-19 amd64 1:19.1.7-3+b1 [1883 kB]
#7 19.27 Get:86 http://deb.debian.org/debian trixie/main amd64 clang-tidy amd64 1:19.0-63 [6116 B]
#7 19.28 Get:87 http://deb.debian.org/debian trixie/main amd64 libisl23 amd64 0.27-1 [659 kB]
#7 19.35 Get:88 http://deb.debian.org/debian trixie/main amd64 libmpfr6 amd64 4.2.2-1 [729 kB]
#7 19.43 Get:89 http://deb.debian.org/debian trixie/main amd64 libmpc3 amd64 1.3.1-1+b3 [52.2 kB]
#7 19.44 Get:90 http://deb.debian.org/debian trixie/main amd64 cpp-14-x86-64-linux-gnu amd64 14.2.0-19 [11.0 MB]
#7 20.75 Get:91 http://deb.debian.org/debian trixie/main amd64 cpp-14 amd64 14.2.0-19 [1280 B]
#7 20.75 Get:92 http://deb.debian.org/debian trixie/main amd64 cpp-x86-64-linux-gnu amd64 4:14.2.0-1 [4840 B]
#7 20.75 Get:93 http://deb.debian.org/debian trixie/main amd64 cpp amd64 4:14.2.0-1 [1568 B]
#7 20.76 Get:94 http://deb.debian.org/debian trixie/main amd64 libtinyxml2-11 amd64 11.0.0+dfsg-1+b1 [31.1 kB]
#7 20.77 Get:95 http://deb.debian.org/debian trixie/main amd64 python3-pygments all 2.18.0+dfsg-2 [836 kB]
#7 20.90 Get:96 http://deb.debian.org/debian trixie/main amd64 cppcheck amd64 2.17.1-2 [2386 kB]
#7 21.17 Get:97 http://deb.debian.org/debian trixie/main amd64 libbrotli1 amd64 1.1.0-2+b7 [307 kB]
#7 21.21 Get:98 http://deb.debian.org/debian trixie/main amd64 libsasl2-modules-db amd64 2.1.28+dfsg1-9 [19.8 kB]
#7 21.23 Get:99 http://deb.debian.org/debian trixie/main amd64 libsasl2-2 amd64 2.1.28+dfsg1-9 [57.5 kB]
#7 21.24 Get:100 http://deb.debian.org/debian trixie/main amd64 libldap2 amd64 2.6.10+dfsg-1 [194 kB]
#7 21.26 Get:101 http://deb.debian.org/debian trixie/main amd64 libnghttp3-9 amd64 1.8.0-1 [67.7 kB]
#7 21.27 Get:102 http://deb.debian.org/debian trixie/main amd64 librtmp1 amd64 2.4+20151223.gitfa8646d.1-2+b5 [58.8 kB]
#7 21.27 Get:103 http://deb.debian.org/debian trixie/main amd64 libssh2-1t64 amd64 1.11.1-1 [245 kB]
#7 21.30 Get:104 http://deb.debian.org/debian trixie/main amd64 libcurl4t64 amd64 8.14.1-2+deb13u2 [391 kB]
#7 21.34 Get:105 http://deb.debian.org/debian trixie/main amd64 curl amd64 8.14.1-2+deb13u2 [270 kB]
#7 21.38 Get:106 http://deb.debian.org/debian trixie/main amd64 java-common all 0.76 [6776 B]
#7 21.40 Get:107 http://deb.debian.org/debian trixie/main amd64 liblcms2-2 amd64 2.16-2 [160 kB]
#7 21.42 Get:108 http://deb.debian.org/debian trixie/main amd64 libjpeg62-turbo amd64 1:2.1.5-4 [168 kB]
#7 21.44 Get:109 http://deb.debian.org/debian trixie/main amd64 libnspr4 amd64 2:4.36-1 [110 kB]
#7 21.48 Get:110 http://deb.debian.org/debian trixie/main amd64 libnss3 amd64 2:3.110-1 [1393 kB]
#7 21.65 Get:111 http://deb.debian.org/debian trixie/main amd64 libpcsclite1 amd64 2.3.3-1 [55.2 kB]
#7 21.66 Get:112 http://deb.debian.org/debian trixie/main amd64 openjdk-21-jre-headless amd64 21.0.9+10-1~deb13u1 [41.8 MB]
#7 26.45 Get:113 http://deb.debian.org/debian trixie/main amd64 default-jre-headless amd64 2:1.21-76 [3192 B]
#7 26.45 Get:114 http://deb.debian.org/debian trixie/main amd64 openjdk-21-jdk-headless amd64 21.0.9+10-1~deb13u1 [82.9 MB]
#7 36.90 Get:115 http://deb.debian.org/debian trixie/main amd64 default-jdk-headless amd64 2:1.21-76 [1124 B]
#7 36.90 Get:116 http://deb.debian.org/debian trixie/main amd64 libgpg-error0 amd64 1.51-4 [82.1 kB]
#7 36.91 Get:117 http://deb.debian.org/debian trixie/main amd64 libassuan9 amd64 3.0.2-2 [61.5 kB]
#7 36.92 Get:118 http://deb.debian.org/debian trixie/main amd64 libgcrypt20 amd64 1.11.0-7 [843 kB]
#7 37.01 Get:119 http://deb.debian.org/debian trixie/main amd64 gpgconf amd64 2.4.7-21+deb13u1+b1 [129 kB]
#7 37.04 Get:120 http://deb.debian.org/debian trixie/main amd64 libksba8 amd64 1.6.7-2+b1 [136 kB]
#7 37.05 Get:121 http://deb.debian.org/debian trixie/main amd64 libnpth0t64 amd64 1.8-3 [23.2 kB]
#7 37.06 Get:122 http://deb.debian.org/debian trixie/main amd64 dirmngr amd64 2.4.7-21+deb13u1+b1 [384 kB]
#7 37.12 Get:123 http://deb.debian.org/debian trixie/main amd64 libpng16-16t64 amd64 1.6.48-1+deb13u1 [283 kB]
#7 37.17 Get:124 http://deb.debian.org/debian trixie/main amd64 libfreetype6 amd64 2.13.3+dfsg-1 [452 kB]
#7 37.22 Get:125 http://deb.debian.org/debian trixie/main amd64 fonts-dejavu-mono all 2.37-8 [489 kB]
#7 37.27 Get:126 http://deb.debian.org/debian trixie/main amd64 fonts-dejavu-core all 2.37-8 [840 kB]
#7 37.36 Get:127 http://deb.debian.org/debian trixie/main amd64 fontconfig-config amd64 2.15.0-2.3 [318 kB]
#7 37.40 Get:128 http://deb.debian.org/debian trixie/main amd64 libfontconfig1 amd64 2.15.0-2.3 [392 kB]
#7 37.44 Get:129 http://deb.debian.org/debian trixie/main amd64 fontconfig amd64 2.15.0-2.3 [463 kB]
#7 37.51 Get:130 http://deb.debian.org/debian trixie/main amd64 libcc1-0 amd64 14.2.0-19 [42.8 kB]
#7 37.51 Get:131 http://deb.debian.org/debian trixie/main amd64 gcc-14-x86-64-linux-gnu amd64 14.2.0-19 [21.4 MB]
#7 39.96 Get:132 http://deb.debian.org/debian trixie/main amd64 gcc-14 amd64 14.2.0-19 [540 kB]
#7 40.01 Get:133 http://deb.debian.org/debian trixie/main amd64 gcc-x86-64-linux-gnu amd64 4:14.2.0-1 [1436 B]
#7 40.02 Get:134 http://deb.debian.org/debian trixie/main amd64 gcc amd64 4:14.2.0-1 [5136 B]
#7 40.02 Get:135 http://deb.debian.org/debian trixie/main amd64 g++-14-x86-64-linux-gnu amd64 14.2.0-19 [12.1 MB]
#7 41.46 Get:136 http://deb.debian.org/debian trixie/main amd64 g++-14 amd64 14.2.0-19 [22.5 kB]
#7 41.47 Get:137 http://deb.debian.org/debian trixie/main amd64 g++-x86-64-linux-gnu amd64 4:14.2.0-1 [1200 B]
#7 41.47 Get:138 http://deb.debian.org/debian trixie/main amd64 g++ amd64 4:14.2.0-1 [1344 B]
#7 41.47 Get:139 http://deb.debian.org/debian trixie/main amd64 libngtcp2-16 amd64 1.11.0-1 [131 kB]
#7 41.50 Get:140 http://deb.debian.org/debian trixie/main amd64 libngtcp2-crypto-gnutls8 amd64 1.11.0-1 [29.3 kB]
#7 41.50 Get:141 http://deb.debian.org/debian trixie/main amd64 libcurl3t64-gnutls amd64 8.14.1-2+deb13u2 [383 kB]
#7 41.54 Get:142 http://deb.debian.org/debian trixie/main amd64 liberror-perl all 0.17030-1 [26.9 kB]
#7 41.57 Get:143 http://deb.debian.org/debian trixie/main amd64 git-man all 1:2.47.3-0+deb13u1 [2205 kB]
#7 41.83 Get:144 http://deb.debian.org/debian trixie/main amd64 git amd64 1:2.47.3-0+deb13u1 [8862 kB]
#7 42.87 Get:145 http://deb.debian.org/debian trixie/main amd64 gnupg-l10n all 2.4.7-21+deb13u1 [749 kB]
#7 42.95 Get:146 http://deb.debian.org/debian trixie/main amd64 gpg amd64 2.4.7-21+deb13u1+b1 [634 kB]
#7 43.02 Get:147 http://deb.debian.org/debian trixie/main amd64 pinentry-curses amd64 1.3.1-2 [86.4 kB]
#7 43.03 Get:148 http://deb.debian.org/debian trixie/main amd64 gpg-agent amd64 2.4.7-21+deb13u1+b1 [271 kB]
#7 43.06 Get:149 http://deb.debian.org/debian trixie/main amd64 gpgsm amd64 2.4.7-21+deb13u1+b1 [275 kB]
#7 43.09 Get:150 http://deb.debian.org/debian trixie/main amd64 gnupg all 2.4.7-21+deb13u1 [417 kB]
#7 43.15 Get:151 http://deb.debian.org/debian trixie/main amd64 libbcg729-0 amd64 1.1.1-3 [35.4 kB]
#7 43.15 Get:152 http://deb.debian.org/debian trixie/main amd64 libblas3 amd64 3.12.1-6 [160 kB]
#7 43.18 Get:153 http://deb.debian.org/debian trixie/main amd64 libpixman-1-0 amd64 0.44.0-3 [248 kB]
#7 43.21 Get:154 http://deb.debian.org/debian trixie/main amd64 libxau6 amd64 1:1.0.11-1 [20.4 kB]
#7 43.21 Get:155 http://deb.debian.org/debian trixie/main amd64 libxdmcp6 amd64 1:1.1.5-1 [27.8 kB]
#7 43.22 Get:156 http://deb.debian.org/debian trixie/main amd64 libxcb1 amd64 1.17.0-2+b1 [144 kB]
#7 43.24 Get:157 http://deb.debian.org/debian trixie/main amd64 libx11-data all 2:1.8.12-1 [343 kB]
#7 43.28 Get:158 http://deb.debian.org/debian trixie/main amd64 libx11-6 amd64 2:1.8.12-1 [815 kB]
#7 43.38 Get:159 http://deb.debian.org/debian trixie/main amd64 libxcb-render0 amd64 1.17.0-2+b1 [115 kB]
#7 43.39 Get:160 http://deb.debian.org/debian trixie/main amd64 libxcb-shm0 amd64 1.17.0-2+b1 [105 kB]
#7 43.40 Get:161 http://deb.debian.org/debian trixie/main amd64 libxext6 amd64 2:1.3.4-1+b3 [50.4 kB]
#7 43.42 Get:162 http://deb.debian.org/debian trixie/main amd64 libxrender1 amd64 1:0.9.12-1 [27.9 kB]
#7 43.43 Get:163 http://deb.debian.org/debian trixie/main amd64 libcairo2 amd64 1.18.4-1+b1 [538 kB]
#7 43.48 Get:164 http://deb.debian.org/debian trixie/main amd64 libcap2-bin amd64 1:2.75-10+b3 [36.4 kB]
#7 43.49 Get:165 http://deb.debian.org/debian trixie/main amd64 libcares2 amd64 1.34.5-1+deb13u1 [98.3 kB]
#7 43.52 Get:166 http://deb.debian.org/debian trixie/main amd64 libdatrie1 amd64 0.2.13-3+b1 [38.1 kB]
#7 43.53 Get:167 http://deb.debian.org/debian trixie/main amd64 libdbus-1-3 amd64 1.16.2-2 [178 kB]
#7 43.56 Get:168 http://deb.debian.org/debian trixie/main amd64 libdeflate0 amd64 1.23-2 [47.3 kB]
#7 43.56 Get:169 http://deb.debian.org/debian trixie/main amd64 libffi-dev amd64 3.4.8-2 [61.1 kB]
#7 43.58 Get:170 http://deb.debian.org/debian trixie/main amd64 libfribidi0 amd64 1.0.16-1 [26.5 kB]
#7 43.58 Get:171 http://deb.debian.org/debian trixie/main amd64 libgdk-pixbuf2.0-common all 2.42.12+dfsg-4 [311 kB]
#7 43.62 Get:172 http://deb.debian.org/debian trixie/main amd64 libglib2.0-0t64 amd64 2.84.4-3~deb13u2 [1518 kB]
#7 43.78 Get:173 http://deb.debian.org/debian trixie/main amd64 shared-mime-info amd64 2.4-5+b2 [760 kB]
#7 43.87 Get:174 http://deb.debian.org/debian trixie/main amd64 libjbig0 amd64 2.1-6.1+b2 [32.1 kB]
#7 43.89 Get:175 http://deb.debian.org/debian trixie/main amd64 liblerc4 amd64 4.0.0+ds-5 [183 kB]
#7 43.91 Get:176 http://deb.debian.org/debian trixie/main amd64 libsharpyuv0 amd64 1.5.0-0.1 [116 kB]
#7 43.92 Get:177 http://deb.debian.org/debian trixie/main amd64 libwebp7 amd64 1.5.0-0.1 [318 kB]
#7 43.97 Get:178 http://deb.debian.org/debian trixie/main amd64 libtiff6 amd64 4.7.0-3+deb13u1 [346 kB]
#7 44.01 Get:179 http://deb.debian.org/debian trixie/main amd64 libgdk-pixbuf-2.0-0 amd64 2.42.12+dfsg-4 [141 kB]
#7 44.05 Get:180 http://deb.debian.org/debian trixie/main amd64 libgraphite2-3 amd64 1.3.14-2+b1 [75.4 kB]
#7 44.07 Get:181 http://deb.debian.org/debian trixie/main amd64 libharfbuzz0b amd64 10.2.0-1+b1 [479 kB]
#7 44.12 Get:182 http://deb.debian.org/debian trixie/main amd64 liblinear4 amd64 2.3.0+dfsg-5+b2 [41.7 kB]
#7 44.14 Get:183 http://deb.debian.org/debian trixie/main amd64 liblua5.4-0 amd64 5.4.7-1+b2 [147 kB]
#7 44.17 Get:184 http://deb.debian.org/debian trixie/main amd64 libnl-3-200 amd64 3.7.0-2 [59.4 kB]
#7 44.17 Get:185 http://deb.debian.org/debian trixie/main amd64 libnl-genl-3-200 amd64 3.7.0-2 [18.1 kB]
#7 44.19 Get:186 http://deb.debian.org/debian trixie/main amd64 libnl-route-3-200 amd64 3.7.0-2 [182 kB]
#7 44.22 Get:187 http://deb.debian.org/debian trixie/main amd64 libopencore-amrnb0 amd64 0.1.6-1+b2 [97.5 kB]
#7 44.23 Get:188 http://deb.debian.org/debian trixie/main amd64 libopus0 amd64 1.5.2-2 [2852 kB]
#7 44.55 Get:189 http://deb.debian.org/debian trixie/main amd64 libthai-data all 0.1.29-2 [168 kB]
#7 44.57 Get:190 http://deb.debian.org/debian trixie/main amd64 libthai0 amd64 0.1.29-2+b1 [49.4 kB]
#7 44.57 Get:191 http://deb.debian.org/debian trixie/main amd64 libpango-1.0-0 amd64 1.56.3-1 [226 kB]
#7 44.61 Get:192 http://deb.debian.org/debian trixie/main amd64 libpangoft2-1.0-0 amd64 1.56.3-1 [55.6 kB]
#7 44.62 Get:193 http://deb.debian.org/debian trixie/main amd64 libpangocairo-1.0-0 amd64 1.56.3-1 [35.7 kB]
#7 44.62 Get:194 http://deb.debian.org/debian trixie/main amd64 libpcap0.8t64 amd64 1.10.5-2 [169 kB]
#7 44.64 Get:195 http://deb.debian.org/debian trixie/main amd64 libpq5 amd64 17.7-0+deb13u1 [228 kB]
#7 44.68 Get:196 http://deb.debian.org/debian trixie/main amd64 libssl-dev amd64 3.5.4-1~deb13u1 [2957 kB]
#7 45.04 Get:197 http://deb.debian.org/debian trixie/main amd64 libpq-dev amd64 17.7-0+deb13u1 [151 kB]
#7 45.05 Get:198 http://deb.debian.org/debian trixie/main amd64 libsbc1 amd64 2.1-1 [32.0 kB]
#7 45.05 Get:199 http://deb.debian.org/debian trixie/main amd64 libsmi2t64 amd64 0.4.8+dfsg2-17+b1 [121 kB]
#7 45.07 Get:200 http://deb.debian.org/debian trixie/main amd64 libsnappy1v5 amd64 1.2.2-1 [29.3 kB]
#7 45.09 Get:201 http://deb.debian.org/debian trixie/main amd64 libspandsp2t64 amd64 0.0.6+dfsg-2.2 [282 kB]
#7 45.13 Get:202 http://deb.debian.org/debian trixie/main amd64 libspeexdsp1 amd64 1.2.1-3 [42.9 kB]
#7 45.15 Get:203 http://deb.debian.org/debian trixie/main amd64 libssh-4 amd64 0.11.2-1+deb13u1 [209 kB]
#7 45.19 Get:204 http://deb.debian.org/debian trixie/main amd64 libwireshark-data all 4.4.7-1 [451 kB]
#7 45.24 Get:205 http://deb.debian.org/debian trixie/main amd64 libwsutil16 amd64 4.4.7-1 [129 kB]
#7 45.26 Get:206 http://deb.debian.org/debian trixie/main amd64 libwiretap15 amd64 4.4.7-1 [269 kB]
#7 45.30 Get:207 http://deb.debian.org/debian trixie/main amd64 libwireshark18 amd64 4.4.7-1 [21.1 MB]
#7 47.68 Get:208 http://deb.debian.org/debian trixie/main amd64 nmap-common all 7.95+dfsg-3 [4392 kB]
#7 48.18 Get:209 http://deb.debian.org/debian trixie/main amd64 nmap amd64 7.95+dfsg-3 [1931 kB]
#7 48.39 Get:210 http://deb.debian.org/debian trixie/main amd64 wireshark-common amd64 4.4.7-1 [600 kB]
#7 48.47 Get:211 http://deb.debian.org/debian trixie/main amd64 tshark amd64 4.4.7-1 [177 kB]
#7 48.51 Get:212 http://deb.debian.org/debian trixie/main amd64 unzip amd64 6.0-29 [173 kB]
#7 48.54 Get:213 http://deb.debian.org/debian trixie/main amd64 whois amd64 5.6.3 [72.4 kB]
#7 48.77 debconf: unable to initialize frontend: Dialog
#7 48.77 debconf: (TERM is not set, so the dialog frontend is not usable.)
#7 48.77 debconf: falling back to frontend: Readline
#7 48.77 debconf: unable to initialize frontend: Readline
#7 48.77 debconf: (Can't locate Term/ReadLine.pm in @INC (you may need to install the Term::ReadLine module) (@INC entries checked: /etc/perl /usr/local/lib/x86_64-linux-gnu/perl/5.40.1 /usr/local/share/perl/5.40.1 /usr/lib/x86_64-linux-gnu/perl5/5.40 /usr/share/perl5 /usr/lib/x86_64-linux-gnu/perl-base /usr/lib/x86_64-linux-gnu/perl/5.40 /usr/share/perl/5.40 /usr/local/lib/site_perl) at /usr/share/perl5/Debconf/FrontEnd/Readline.pm line 8, <STDIN> line 213.)
#7 48.77 debconf: falling back to frontend: Teletype
#7 48.77 debconf: unable to initialize frontend: Teletype
#7 48.77 debconf: (This frontend requires a controlling tty.)
#7 48.77 debconf: falling back to frontend: Noninteractive
#7 52.17 Preconfiguring packages ...
#7 52.26 Fetched 360 MB in 44s (8160 kB/s)
#7 52.36 (Reading database ... 
(Reading database ... 5%
(Reading database ... 10%
(Reading database ... 15%
(Reading database ... 20%
(Reading database ... 25%
(Reading database ... 30%
(Reading database ... 35%
(Reading database ... 40%
(Reading database ... 45%
(Reading database ... 50%
(Reading database ... 55%
(Reading database ... 60%
(Reading database ... 65%
(Reading database ... 70%
(Reading database ... 75%
(Reading database ... 80%
(Reading database ... 85%
(Reading database ... 90%
(Reading database ... 95%
(Reading database ... 100%
(Reading database ... 5644 files and directories currently installed.)
#7 52.40 Preparing to unpack .../libc6_2.41-12+deb13u1_amd64.deb ...
#7 52.51 debconf: unable to initialize frontend: Dialog
#7 52.51 debconf: (TERM is not set, so the dialog frontend is not usable.)
#7 52.51 debconf: falling back to frontend: Readline
#7 52.51 debconf: unable to initialize frontend: Readline
#7 52.51 debconf: (Can't locate Term/ReadLine.pm in @INC (you may need to install the Term::ReadLine module) (@INC entries checked: /etc/perl /usr/local/lib/x86_64-linux-gnu/perl/5.40.1 /usr/local/share/perl/5.40.1 /usr/lib/x86_64-linux-gnu/perl5/5.40 /usr/share/perl5 /usr/lib/x86_64-linux-gnu/perl-base /usr/lib/x86_64-linux-gnu/perl/5.40 /usr/share/perl/5.40 /usr/local/lib/site_perl) at /usr/share/perl5/Debconf/FrontEnd/Readline.pm line 8.)
#7 52.51 debconf: falling back to frontend: Teletype
#7 52.51 debconf: unable to initialize frontend: Teletype
#7 52.51 debconf: (This frontend requires a controlling tty.)
#7 52.51 debconf: falling back to frontend: Noninteractive
#7 52.55 Unpacking libc6:amd64 (2.41-12+deb13u1) over (2.41-12) ...
#7 55.11 Setting up libc6:amd64 (2.41-12+deb13u1) ...
#7 55.19 debconf: unable to initialize frontend: Dialog
#7 55.19 debconf: (TERM is not set, so the dialog frontend is not usable.)
#7 55.19 debconf: falling back to frontend: Readline
#7 55.19 debconf: unable to initialize frontend: Readline
#7 55.19 debconf: (Can't locate Term/ReadLine.pm in @INC (you may need to install the Term::ReadLine module) (@INC entries checked: /etc/perl /usr/local/lib/x86_64-linux-gnu/perl/5.40.1 /usr/local/share/perl/5.40.1 /usr/lib/x86_64-linux-gnu/perl5/5.40 /usr/share/perl5 /usr/lib/x86_64-linux-gnu/perl-base /usr/lib/x86_64-linux-gnu/perl/5.40 /usr/share/perl/5.40 /usr/local/lib/site_perl) at /usr/share/perl5/Debconf/FrontEnd/Readline.pm line 8.)
#7 55.19 debconf: falling back to frontend: Teletype
#7 55.20 debconf: unable to initialize frontend: Teletype
#7 55.20 debconf: (This frontend requires a controlling tty.)
#7 55.20 debconf: falling back to frontend: Noninteractive
#7 55.35 (Reading database ... 
(Reading database ... 5%
(Reading database ... 10%
(Reading database ... 15%
(Reading database ... 20%
(Reading database ... 25%
(Reading database ... 30%
(Reading database ... 35%
(Reading database ... 40%
(Reading database ... 45%
(Reading database ... 50%
(Reading database ... 55%
(Reading database ... 60%
(Reading database ... 65%
(Reading database ... 70%
(Reading database ... 75%
(Reading database ... 80%
(Reading database ... 85%
(Reading database ... 90%
(Reading database ... 95%
(Reading database ... 100%
(Reading database ... 5644 files and directories currently installed.)
#7 55.35 Preparing to unpack .../libc-bin_2.41-12+deb13u1_amd64.deb ...
#7 55.40 Unpacking libc-bin (2.41-12+deb13u1) over (2.41-12) ...
#7 55.76 Setting up libc-bin (2.41-12+deb13u1) ...
#7 56.00 Selecting previously unselected package libexpat1:amd64.
#7 56.00 (Reading database ... 
(Reading database ... 5%
(Reading database ... 10%
(Reading database ... 15%
(Reading database ... 20%
(Reading database ... 25%
(Reading database ... 30%
(Reading database ... 35%
(Reading database ... 40%
(Reading database ... 45%
(Reading database ... 50%
(Reading database ... 55%
(Reading database ... 60%
(Reading database ... 65%
(Reading database ... 70%
(Reading database ... 75%
(Reading database ... 80%
(Reading database ... 85%
(Reading database ... 90%
(Reading database ... 95%
(Reading database ... 100%
(Reading database ... 5644 files and directories currently installed.)
#7 56.00 Preparing to unpack .../libexpat1_2.7.1-2_amd64.deb ...
#7 56.03 Unpacking libexpat1:amd64 (2.7.1-2) ...
#7 56.15 Selecting previously unselected package libpython3.13-minimal:amd64.
#7 56.15 Preparing to unpack .../libpython3.13-minimal_3.13.5-2_amd64.deb ...
#7 56.16 Unpacking libpython3.13-minimal:amd64 (3.13.5-2) ...
#7 56.34 Selecting previously unselected package python3.13-minimal.
#7 56.34 Preparing to unpack .../python3.13-minimal_3.13.5-2_amd64.deb ...
#7 56.36 Unpacking python3.13-minimal (3.13.5-2) ...
#7 56.52 Setting up libpython3.13-minimal:amd64 (3.13.5-2) ...
#7 56.59 Setting up libexpat1:amd64 (2.7.1-2) ...
#7 56.63 Setting up python3.13-minimal (3.13.5-2) ...
#7 57.25 Selecting previously unselected package python3-minimal.
#7 57.25 (Reading database ... 
(Reading database ... 5%
(Reading database ... 10%
(Reading database ... 15%
(Reading database ... 20%
(Reading database ... 25%
(Reading database ... 30%
(Reading database ... 35%
(Reading database ... 40%
(Reading database ... 45%
(Reading database ... 50%
(Reading database ... 55%
(Reading database ... 60%
(Reading database ... 65%
(Reading database ... 70%
(Reading database ... 75%
(Reading database ... 80%
(Reading database ... 85%
(Reading database ... 90%
(Reading database ... 95%
(Reading database ... 100%
(Reading database ... 5978 files and directories currently installed.)
#7 57.25 Preparing to unpack .../python3-minimal_3.13.5-1_amd64.deb ...
#7 57.27 Unpacking python3-minimal (3.13.5-1) ...
#7 57.36 Selecting previously unselected package media-types.
#7 57.36 Preparing to unpack .../media-types_13.0.0_all.deb ...
#7 57.37 Unpacking media-types (13.0.0) ...
#7 57.46 Selecting previously unselected package libpython3.13-stdlib:amd64.
#7 57.47 Preparing to unpack .../libpython3.13-stdlib_3.13.5-2_amd64.deb ...
#7 57.48 Unpacking libpython3.13-stdlib:amd64 (3.13.5-2) ...
#7 57.68 Selecting previously unselected package python3.13.
#7 57.68 Preparing to unpack .../python3.13_3.13.5-2_amd64.deb ...
#7 57.69 Unpacking python3.13 (3.13.5-2) ...
#7 57.78 Selecting previously unselected package libpython3-stdlib:amd64.
#7 57.78 Preparing to unpack .../libpython3-stdlib_3.13.5-1_amd64.deb ...
#7 57.80 Unpacking libpython3-stdlib:amd64 (3.13.5-1) ...
#7 57.88 Setting up python3-minimal (3.13.5-1) ...
#7 58.09 Selecting previously unselected package python3.
#7 58.09 (Reading database ... 
(Reading database ... 5%
(Reading database ... 10%
(Reading database ... 15%
(Reading database ... 20%
(Reading database ... 25%
(Reading database ... 30%
(Reading database ... 35%
(Reading database ... 40%
(Reading database ... 45%
(Reading database ... 50%
(Reading database ... 55%
(Reading database ... 60%
(Reading database ... 65%
(Reading database ... 70%
(Reading database ... 75%
(Reading database ... 80%
(Reading database ... 85%
(Reading database ... 90%
(Reading database ... 95%
(Reading database ... 100%
(Reading database ... 6432 files and directories currently installed.)
#7 58.10 Preparing to unpack .../python3_3.13.5-1_amd64.deb ...
#7 58.11 Unpacking python3 (3.13.5-1) ...
#7 58.22 Preparing to unpack .../libcap2_1%3a2.75-10+b3_amd64.deb ...
#7 58.27 Unpacking libcap2:amd64 (1:2.75-10+b3) over (1:2.75-10+b1) ...
#7 58.39 Setting up libcap2:amd64 (1:2.75-10+b3) ...
#7 58.52 Selecting previously unselected package libunistring5:amd64.
#7 58.52 (Reading database ... 
(Reading database ... 5%
(Reading database ... 10%
(Reading database ... 15%
(Reading database ... 20%
(Reading database ... 25%
(Reading database ... 30%
(Reading database ... 35%
(Reading database ... 40%
(Reading database ... 45%
(Reading database ... 50%
(Reading database ... 55%
(Reading database ... 60%
(Reading database ... 65%
(Reading database ... 70%
(Reading database ... 75%
(Reading database ... 80%
(Reading database ... 85%
(Reading database ... 90%
(Reading database ... 95%
(Reading database ... 100%
(Reading database ... 6453 files and directories currently installed.)
#7 58.53 Preparing to unpack .../000-libunistring5_1.3-2_amd64.deb ...
#7 58.54 Unpacking libunistring5:amd64 (1.3-2) ...
#7 58.67 Selecting previously unselected package libidn2-0:amd64.
#7 58.67 Preparing to unpack .../001-libidn2-0_2.3.8-2_amd64.deb ...
#7 58.68 Unpacking libidn2-0:amd64 (2.3.8-2) ...
#7 58.78 Selecting previously unselected package iputils-ping.
#7 58.78 Preparing to unpack .../002-iputils-ping_3%3a20240905-3_amd64.deb ...
#7 58.79 Unpacking iputils-ping (3:20240905-3) ...
#7 58.90 Selecting previously unselected package libfstrm0:amd64.
#7 58.90 Preparing to unpack .../003-libfstrm0_0.6.1-1+b3_amd64.deb ...
#7 58.91 Unpacking libfstrm0:amd64 (0.6.1-1+b3) ...
#7 59.01 Selecting previously unselected package libkrb5support0:amd64.
#7 59.01 Preparing to unpack .../004-libkrb5support0_1.21.3-5_amd64.deb ...
#7 59.03 Unpacking libkrb5support0:amd64 (1.21.3-5) ...
#7 59.13 Selecting previously unselected package libcom-err2:amd64.
#7 59.13 Preparing to unpack .../005-libcom-err2_1.47.2-3+b7_amd64.deb ...
#7 59.15 Unpacking libcom-err2:amd64 (1.47.2-3+b7) ...
#7 59.26 Selecting previously unselected package libk5crypto3:amd64.
#7 59.26 Preparing to unpack .../006-libk5crypto3_1.21.3-5_amd64.deb ...
#7 59.27 Unpacking libk5crypto3:amd64 (1.21.3-5) ...
#7 59.38 Selecting previously unselected package libkeyutils1:amd64.
#7 59.38 Preparing to unpack .../007-libkeyutils1_1.6.3-6_amd64.deb ...
#7 59.40 Unpacking libkeyutils1:amd64 (1.6.3-6) ...
#7 59.50 Selecting previously unselected package libkrb5-3:amd64.
#7 59.50 Preparing to unpack .../008-libkrb5-3_1.21.3-5_amd64.deb ...
#7 59.52 Unpacking libkrb5-3:amd64 (1.21.3-5) ...
#7 59.65 Selecting previously unselected package libgssapi-krb5-2:amd64.
#7 59.65 Preparing to unpack .../009-libgssapi-krb5-2_1.21.3-5_amd64.deb ...
#7 59.67 Unpacking libgssapi-krb5-2:amd64 (1.21.3-5) ...
#7 59.78 Selecting previously unselected package libjemalloc2:amd64.
#7 59.78 Preparing to unpack .../010-libjemalloc2_5.3.0-3_amd64.deb ...
#7 59.80 Unpacking libjemalloc2:amd64 (5.3.0-3) ...
#7 59.91 Selecting previously unselected package libjson-c5:amd64.
#7 59.91 Preparing to unpack .../011-libjson-c5_0.18+ds-1_amd64.deb ...
#7 59.92 Unpacking libjson-c5:amd64 (0.18+ds-1) ...
#7 60.03 Selecting previously unselected package liblmdb0:amd64.
#7 60.03 Preparing to unpack .../012-liblmdb0_0.9.31-1+b2_amd64.deb ...
#7 60.04 Unpacking liblmdb0:amd64 (0.9.31-1+b2) ...
#7 60.15 Selecting previously unselected package libmaxminddb0:amd64.
#7 60.15 Preparing to unpack .../013-libmaxminddb0_1.12.2-1_amd64.deb ...
#7 60.17 Unpacking libmaxminddb0:amd64 (1.12.2-1) ...
#7 60.28 Selecting previously unselected package libnghttp2-14:amd64.
#7 60.28 Preparing to unpack .../014-libnghttp2-14_1.64.0-1.1_amd64.deb ...
#7 60.30 Unpacking libnghttp2-14:amd64 (1.64.0-1.1) ...
#7 60.40 Selecting previously unselected package libprotobuf-c1:amd64.
#7 60.40 Preparing to unpack .../015-libprotobuf-c1_1.5.1-1_amd64.deb ...
#7 60.42 Unpacking libprotobuf-c1:amd64 (1.5.1-1) ...
#7 60.52 Selecting previously unselected package liburcu8t64:amd64.
#7 60.52 Preparing to unpack .../016-liburcu8t64_0.15.2-2_amd64.deb ...
#7 60.54 Unpacking liburcu8t64:amd64 (0.15.2-2) ...
#7 60.65 Selecting previously unselected package libuv1t64:amd64.
#7 60.65 Preparing to unpack .../017-libuv1t64_1.50.0-2_amd64.deb ...
#7 60.66 Unpacking libuv1t64:amd64 (1.50.0-2) ...
#7 60.77 Selecting previously unselected package libxml2:amd64.
#7 60.77 Preparing to unpack .../018-libxml2_2.12.7+dfsg+really2.9.14-2.1+deb13u2_amd64.deb ...
#7 60.79 Unpacking libxml2:amd64 (2.12.7+dfsg+really2.9.14-2.1+deb13u2) ...
#7 60.91 Selecting previously unselected package bind9-libs:amd64.
#7 60.91 Preparing to unpack .../019-bind9-libs_1%3a9.20.15-1~deb13u1_amd64.deb ...
#7 60.93 Unpacking bind9-libs:amd64 (1:9.20.15-1~deb13u1) ...
#7 61.05 Selecting previously unselected package bind9-host.
#7 61.05 Preparing to unpack .../020-bind9-host_1%3a9.20.15-1~deb13u1_amd64.deb ...
#7 61.07 Unpacking bind9-host (1:9.20.15-1~deb13u1) ...
#7 61.18 Selecting previously unselected package libedit2:amd64.
#7 61.18 Preparing to unpack .../021-libedit2_3.1-20250104-1_amd64.deb ...
#7 61.20 Unpacking libedit2:amd64 (3.1-20250104-1) ...
#7 61.28 Selecting previously unselected package bind9-dnsutils.
#7 61.29 Preparing to unpack .../022-bind9-dnsutils_1%3a9.20.15-1~deb13u1_amd64.deb ...
#7 61.30 Unpacking bind9-dnsutils (1:9.20.15-1~deb13u1) ...
#7 61.39 Selecting previously unselected package perl-modules-5.40.
#7 61.39 Preparing to unpack .../023-perl-modules-5.40_5.40.1-6_all.deb ...
#7 61.41 Unpacking perl-modules-5.40 (5.40.1-6) ...
#7 61.80 Selecting previously unselected package libgdbm-compat4t64:amd64.
#7 61.80 Preparing to unpack .../024-libgdbm-compat4t64_1.24-2_amd64.deb ...
#7 61.81 Unpacking libgdbm-compat4t64:amd64 (1.24-2) ...
#7 61.92 Selecting previously unselected package libperl5.40:amd64.
#7 61.92 Preparing to unpack .../025-libperl5.40_5.40.1-6_amd64.deb ...
#7 61.94 Unpacking libperl5.40:amd64 (5.40.1-6) ...
#7 62.23 Selecting previously unselected package perl.
#7 62.23 Preparing to unpack .../026-perl_5.40.1-6_amd64.deb ...
#7 62.24 Unpacking perl (5.40.1-6) ...
#7 62.35 Selecting previously unselected package traceroute.
#7 62.35 Preparing to unpack .../027-traceroute_1%3a2.1.6-1_amd64.deb ...
#7 62.37 Unpacking traceroute (1:2.1.6-1) ...
#7 62.47 Selecting previously unselected package libp11-kit0:amd64.
#7 62.47 Preparing to unpack .../028-libp11-kit0_0.25.5-3_amd64.deb ...
#7 62.49 Unpacking libp11-kit0:amd64 (0.25.5-3) ...
#7 62.61 Selecting previously unselected package libtasn1-6:amd64.
#7 62.61 Preparing to unpack .../029-libtasn1-6_4.20.0-2_amd64.deb ...
#7 62.62 Unpacking libtasn1-6:amd64 (4.20.0-2) ...
#7 62.73 Selecting previously unselected package libgnutls30t64:amd64.
#7 62.73 Preparing to unpack .../030-libgnutls30t64_3.8.9-3+deb13u1_amd64.deb ...
#7 62.75 Unpacking libgnutls30t64:amd64 (3.8.9-3+deb13u1) ...
#7 62.90 Selecting previously unselected package libpsl5t64:amd64.
#7 62.90 Preparing to unpack .../031-libpsl5t64_0.21.2-1.1+b1_amd64.deb ...
#7 62.92 Unpacking libpsl5t64:amd64 (0.21.2-1.1+b1) ...
#7 63.01 Selecting previously unselected package wget.
#7 63.01 Preparing to unpack .../032-wget_1.25.0-2_amd64.deb ...
#7 63.02 Unpacking wget (1.25.0-2) ...
#7 63.16 Selecting previously unselected package libsframe1:amd64.
#7 63.16 Preparing to unpack .../033-libsframe1_2.44-3_amd64.deb ...
#7 63.17 Unpacking libsframe1:amd64 (2.44-3) ...
#7 63.26 Selecting previously unselected package binutils-common:amd64.
#7 63.26 Preparing to unpack .../034-binutils-common_2.44-3_amd64.deb ...
#7 63.28 Unpacking binutils-common:amd64 (2.44-3) ...
#7 63.46 Selecting previously unselected package libbinutils:amd64.
#7 63.46 Preparing to unpack .../035-libbinutils_2.44-3_amd64.deb ...
#7 63.48 Unpacking libbinutils:amd64 (2.44-3) ...
#7 63.62 Selecting previously unselected package libgprofng0:amd64.
#7 63.62 Preparing to unpack .../036-libgprofng0_2.44-3_amd64.deb ...
#7 63.64 Unpacking libgprofng0:amd64 (2.44-3) ...
#7 63.78 Selecting previously unselected package libctf-nobfd0:amd64.
#7 63.78 Preparing to unpack .../037-libctf-nobfd0_2.44-3_amd64.deb ...
#7 63.80 Unpacking libctf-nobfd0:amd64 (2.44-3) ...
#7 63.91 Selecting previously unselected package libctf0:amd64.
#7 63.91 Preparing to unpack .../038-libctf0_2.44-3_amd64.deb ...
#7 63.92 Unpacking libctf0:amd64 (2.44-3) ...
#7 64.03 Selecting previously unselected package libjansson4:amd64.
#7 64.03 Preparing to unpack .../039-libjansson4_2.14-2+b3_amd64.deb ...
#7 64.05 Unpacking libjansson4:amd64 (2.14-2+b3) ...
#7 64.13 Selecting previously unselected package binutils-x86-64-linux-gnu.
#7 64.13 Preparing to unpack .../040-binutils-x86-64-linux-gnu_2.44-3_amd64.deb ...
#7 64.14 Unpacking binutils-x86-64-linux-gnu (2.44-3) ...
#7 64.31 Selecting previously unselected package binutils.
#7 64.31 Preparing to unpack .../041-binutils_2.44-3_amd64.deb ...
#7 64.33 Unpacking binutils (2.44-3) ...
#7 64.46 Selecting previously unselected package ca-certificates-java.
#7 64.46 Preparing to unpack .../042-ca-certificates-java_20240118_all.deb ...
#7 64.48 Unpacking ca-certificates-java (20240118) ...
#7 64.61 Selecting previously unselected package libz3-4:amd64.
#7 64.61 Preparing to unpack .../043-libz3-4_4.13.3-1_amd64.deb ...
#7 64.63 Unpacking libz3-4:amd64 (4.13.3-1) ...
#7 65.01 Selecting previously unselected package libllvm19:amd64.
#7 65.01 Preparing to unpack .../044-libllvm19_1%3a19.1.7-3+b1_amd64.deb ...
#7 65.02 Unpacking libllvm19:amd64 (1:19.1.7-3+b1) ...
#7 65.63 Selecting previously unselected package libclang-cpp19.
#7 65.63 Preparing to unpack .../045-libclang-cpp19_1%3a19.1.7-3+b1_amd64.deb ...
#7 65.65 Unpacking libclang-cpp19 (1:19.1.7-3+b1) ...
#7 66.05 Selecting previously unselected package libgomp1:amd64.
#7 66.05 Preparing to unpack .../046-libgomp1_14.2.0-19_amd64.deb ...
#7 66.07 Unpacking libgomp1:amd64 (14.2.0-19) ...
#7 66.18 Selecting previously unselected package libitm1:amd64.
#7 66.18 Preparing to unpack .../047-libitm1_14.2.0-19_amd64.deb ...
#7 66.20 Unpacking libitm1:amd64 (14.2.0-19) ...
#7 66.30 Selecting previously unselected package libatomic1:amd64.
#7 66.30 Preparing to unpack .../048-libatomic1_14.2.0-19_amd64.deb ...
#7 66.31 Unpacking libatomic1:amd64 (14.2.0-19) ...
#7 66.42 Selecting previously unselected package libasan8:amd64.
#7 66.42 Preparing to unpack .../049-libasan8_14.2.0-19_amd64.deb ...
#7 66.43 Unpacking libasan8:amd64 (14.2.0-19) ...
#7 66.65 Selecting previously unselected package liblsan0:amd64.
#7 66.65 Preparing to unpack .../050-liblsan0_14.2.0-19_amd64.deb ...
#7 66.66 Unpacking liblsan0:amd64 (14.2.0-19) ...
#7 66.81 Selecting previously unselected package libtsan2:amd64.
#7 66.81 Preparing to unpack .../051-libtsan2_14.2.0-19_amd64.deb ...
#7 66.83 Unpacking libtsan2:amd64 (14.2.0-19) ...
#7 67.03 Selecting previously unselected package libubsan1:amd64.
#7 67.03 Preparing to unpack .../052-libubsan1_14.2.0-19_amd64.deb ...
#7 67.04 Unpacking libubsan1:amd64 (14.2.0-19) ...
#7 67.19 Selecting previously unselected package libhwasan0:amd64.
#7 67.19 Preparing to unpack .../053-libhwasan0_14.2.0-19_amd64.deb ...
#7 67.21 Unpacking libhwasan0:amd64 (14.2.0-19) ...
#7 67.37 Selecting previously unselected package libquadmath0:amd64.
#7 67.37 Preparing to unpack .../054-libquadmath0_14.2.0-19_amd64.deb ...
#7 67.39 Unpacking libquadmath0:amd64 (14.2.0-19) ...
#7 67.47 Selecting previously unselected package libgcc-14-dev:amd64.
#7 67.47 Preparing to unpack .../055-libgcc-14-dev_14.2.0-19_amd64.deb ...
#7 67.49 Unpacking libgcc-14-dev:amd64 (14.2.0-19) ...
#7 67.67 Selecting previously unselected package libc-dev-bin.
#7 67.67 Preparing to unpack .../056-libc-dev-bin_2.41-12+deb13u1_amd64.deb ...
#7 67.69 Unpacking libc-dev-bin (2.41-12+deb13u1) ...
#7 67.77 Selecting previously unselected package linux-libc-dev.
#7 67.77 Preparing to unpack .../057-linux-libc-dev_6.12.63-1_all.deb ...
#7 67.79 Unpacking linux-libc-dev (6.12.63-1) ...
#7 68.22 Selecting previously unselected package libcrypt-dev:amd64.
#7 68.23 Preparing to unpack .../058-libcrypt-dev_1%3a4.4.38-1_amd64.deb ...
#7 68.25 Unpacking libcrypt-dev:amd64 (1:4.4.38-1) ...
#7 68.34 Selecting previously unselected package rpcsvc-proto.
#7 68.34 Preparing to unpack .../059-rpcsvc-proto_1.4.3-1_amd64.deb ...
#7 68.35 Unpacking rpcsvc-proto (1.4.3-1) ...
#7 68.43 Selecting previously unselected package libc6-dev:amd64.
#7 68.44 Preparing to unpack .../060-libc6-dev_2.41-12+deb13u1_amd64.deb ...
#7 68.45 Unpacking libc6-dev:amd64 (2.41-12+deb13u1) ...
#7 68.64 Selecting previously unselected package libstdc++-14-dev:amd64.
#7 68.64 Preparing to unpack .../061-libstdc++-14-dev_14.2.0-19_amd64.deb ...
#7 68.66 Unpacking libstdc++-14-dev:amd64 (14.2.0-19) ...
#7 68.94 Selecting previously unselected package libgc1:amd64.
#7 68.94 Preparing to unpack .../062-libgc1_1%3a8.2.8-1_amd64.deb ...
#7 68.95 Unpacking libgc1:amd64 (1:8.2.8-1) ...
#7 69.07 Selecting previously unselected package libobjc4:amd64.
#7 69.07 Preparing to unpack .../063-libobjc4_14.2.0-19_amd64.deb ...
#7 69.08 Unpacking libobjc4:amd64 (14.2.0-19) ...
#7 69.17 Selecting previously unselected package libobjc-14-dev:amd64.
#7 69.17 Preparing to unpack .../064-libobjc-14-dev_14.2.0-19_amd64.deb ...
#7 69.18 Unpacking libobjc-14-dev:amd64 (14.2.0-19) ...
#7 69.27 Selecting previously unselected package libclang-common-19-dev:amd64.
#7 69.27 Preparing to unpack .../065-libclang-common-19-dev_1%3a19.1.7-3+b1_amd64.deb ...
#7 69.29 Unpacking libclang-common-19-dev:amd64 (1:19.1.7-3+b1) ...
#7 69.46 Selecting previously unselected package llvm-19-linker-tools.
#7 69.46 Preparing to unpack .../066-llvm-19-linker-tools_1%3a19.1.7-3+b1_amd64.deb ...
#7 69.47 Unpacking llvm-19-linker-tools (1:19.1.7-3+b1) ...
#7 69.63 Selecting previously unselected package libclang1-19.
#7 69.63 Preparing to unpack .../067-libclang1-19_1%3a19.1.7-3+b1_amd64.deb ...
#7 69.64 Unpacking libclang1-19 (1:19.1.7-3+b1) ...
#7 69.95 Selecting previously unselected package clang-19.
#7 69.95 Preparing to unpack .../068-clang-19_1%3a19.1.7-3+b1_amd64.deb ...
#7 69.97 Unpacking clang-19 (1:19.1.7-3+b1) ...
#7 70.06 Selecting previously unselected package clang-tools-19.
#7 70.06 Preparing to unpack .../069-clang-tools-19_1%3a19.1.7-3+b1_amd64.deb ...
#7 70.07 Unpacking clang-tools-19 (1:19.1.7-3+b1) ...
#7 70.45 Selecting previously unselected package libyaml-0-2:amd64.
#7 70.45 Preparing to unpack .../070-libyaml-0-2_0.2.5-2_amd64.deb ...
#7 70.47 Unpacking libyaml-0-2:amd64 (0.2.5-2) ...
#7 70.57 Selecting previously unselected package python3-yaml.
#7 70.57 Preparing to unpack .../071-python3-yaml_6.0.2-1+b2_amd64.deb ...
#7 70.58 Unpacking python3-yaml (6.0.2-1+b2) ...
#7 70.67 Selecting previously unselected package clang-tidy-19.
#7 70.67 Preparing to unpack .../072-clang-tidy-19_1%3a19.1.7-3+b1_amd64.deb ...
#7 70.69 Unpacking clang-tidy-19 (1:19.1.7-3+b1) ...
#7 70.83 Selecting previously unselected package clang-tidy.
#7 70.84 Preparing to unpack .../073-clang-tidy_1%3a19.0-63_amd64.deb ...
#7 70.85 Unpacking clang-tidy (1:19.0-63) ...
#7 70.96 Selecting previously unselected package libisl23:amd64.
#7 70.96 Preparing to unpack .../074-libisl23_0.27-1_amd64.deb ...
#7 70.98 Unpacking libisl23:amd64 (0.27-1) ...
#7 71.11 Selecting previously unselected package libmpfr6:amd64.
#7 71.11 Preparing to unpack .../075-libmpfr6_4.2.2-1_amd64.deb ...
#7 71.13 Unpacking libmpfr6:amd64 (4.2.2-1) ...
#7 71.25 Selecting previously unselected package libmpc3:amd64.
#7 71.26 Preparing to unpack .../076-libmpc3_1.3.1-1+b3_amd64.deb ...
#7 71.27 Unpacking libmpc3:amd64 (1.3.1-1+b3) ...
#7 71.35 Selecting previously unselected package cpp-14-x86-64-linux-gnu.
#7 71.35 Preparing to unpack .../077-cpp-14-x86-64-linux-gnu_14.2.0-19_amd64.deb ...
#7 71.37 Unpacking cpp-14-x86-64-linux-gnu (14.2.0-19) ...
#7 71.78 Selecting previously unselected package cpp-14.
#7 71.78 Preparing to unpack .../078-cpp-14_14.2.0-19_amd64.deb ...
#7 71.79 Unpacking cpp-14 (14.2.0-19) ...
#7 71.88 Selecting previously unselected package cpp-x86-64-linux-gnu.
#7 71.88 Preparing to unpack .../079-cpp-x86-64-linux-gnu_4%3a14.2.0-1_amd64.deb ...
#7 71.89 Unpacking cpp-x86-64-linux-gnu (4:14.2.0-1) ...
#7 72.02 Selecting previously unselected package cpp.
#7 72.02 Preparing to unpack .../080-cpp_4%3a14.2.0-1_amd64.deb ...
#7 72.03 Unpacking cpp (4:14.2.0-1) ...
#7 72.14 Selecting previously unselected package libtinyxml2-11:amd64.
#7 72.14 Preparing to unpack .../081-libtinyxml2-11_11.0.0+dfsg-1+b1_amd64.deb ...
#7 72.15 Unpacking libtinyxml2-11:amd64 (11.0.0+dfsg-1+b1) ...
#7 72.25 Selecting previously unselected package python3-pygments.
#7 72.25 Preparing to unpack .../082-python3-pygments_2.18.0+dfsg-2_all.deb ...
#7 72.27 Unpacking python3-pygments (2.18.0+dfsg-2) ...
#7 72.41 Selecting previously unselected package cppcheck.
#7 72.41 Preparing to unpack .../083-cppcheck_2.17.1-2_amd64.deb ...
#7 72.42 Unpacking cppcheck (2.17.1-2) ...
#7 72.66 Selecting previously unselected package libbrotli1:amd64.
#7 72.66 Preparing to unpack .../084-libbrotli1_1.1.0-2+b7_amd64.deb ...
#7 72.67 Unpacking libbrotli1:amd64 (1.1.0-2+b7) ...
#7 72.78 Selecting previously unselected package libsasl2-modules-db:amd64.
#7 72.78 Preparing to unpack .../085-libsasl2-modules-db_2.1.28+dfsg1-9_amd64.deb ...
#7 72.80 Unpacking libsasl2-modules-db:amd64 (2.1.28+dfsg1-9) ...
#7 72.90 Selecting previously unselected package libsasl2-2:amd64.
#7 72.90 Preparing to unpack .../086-libsasl2-2_2.1.28+dfsg1-9_amd64.deb ...
#7 72.92 Unpacking libsasl2-2:amd64 (2.1.28+dfsg1-9) ...
#7 73.05 Selecting previously unselected package libldap2:amd64.
#7 73.05 Preparing to unpack .../087-libldap2_2.6.10+dfsg-1_amd64.deb ...
#7 73.07 Unpacking libldap2:amd64 (2.6.10+dfsg-1) ...
#7 73.19 Selecting previously unselected package libnghttp3-9:amd64.
#7 73.19 Preparing to unpack .../088-libnghttp3-9_1.8.0-1_amd64.deb ...
#7 73.21 Unpacking libnghttp3-9:amd64 (1.8.0-1) ...
#7 73.32 Selecting previously unselected package librtmp1:amd64.
#7 73.32 Preparing to unpack .../089-librtmp1_2.4+20151223.gitfa8646d.1-2+b5_amd64.deb ...
#7 73.33 Unpacking librtmp1:amd64 (2.4+20151223.gitfa8646d.1-2+b5) ...
#7 73.44 Selecting previously unselected package libssh2-1t64:amd64.
#7 73.44 Preparing to unpack .../090-libssh2-1t64_1.11.1-1_amd64.deb ...
#7 73.46 Unpacking libssh2-1t64:amd64 (1.11.1-1) ...
#7 73.57 Selecting previously unselected package libcurl4t64:amd64.
#7 73.57 Preparing to unpack .../091-libcurl4t64_8.14.1-2+deb13u2_amd64.deb ...
#7 73.59 Unpacking libcurl4t64:amd64 (8.14.1-2+deb13u2) ...
#7 73.69 Selecting previously unselected package curl.
#7 73.69 Preparing to unpack .../092-curl_8.14.1-2+deb13u2_amd64.deb ...
#7 73.71 Unpacking curl (8.14.1-2+deb13u2) ...
#7 73.81 Selecting previously unselected package java-common.
#7 73.81 Preparing to unpack .../093-java-common_0.76_all.deb ...
#7 73.83 Unpacking java-common (0.76) ...
#7 73.95 Selecting previously unselected package liblcms2-2:amd64.
#7 73.95 Preparing to unpack .../094-liblcms2-2_2.16-2_amd64.deb ...
#7 73.97 Unpacking liblcms2-2:amd64 (2.16-2) ...
#7 74.09 Selecting previously unselected package libjpeg62-turbo:amd64.
#7 74.09 Preparing to unpack .../095-libjpeg62-turbo_1%3a2.1.5-4_amd64.deb ...
#7 74.10 Unpacking libjpeg62-turbo:amd64 (1:2.1.5-4) ...
#7 74.21 Selecting previously unselected package libnspr4:amd64.
#7 74.22 Preparing to unpack .../096-libnspr4_2%3a4.36-1_amd64.deb ...
#7 74.23 Unpacking libnspr4:amd64 (2:4.36-1) ...
#7 74.34 Selecting previously unselected package libnss3:amd64.
#7 74.34 Preparing to unpack .../097-libnss3_2%3a3.110-1_amd64.deb ...
#7 74.35 Unpacking libnss3:amd64 (2:3.110-1) ...
#7 74.51 Selecting previously unselected package libpcsclite1:amd64.
#7 74.51 Preparing to unpack .../098-libpcsclite1_2.3.3-1_amd64.deb ...
#7 74.53 Unpacking libpcsclite1:amd64 (2.3.3-1) ...
#7 74.66 Selecting previously unselected package openjdk-21-jre-headless:amd64.
#7 74.66 Preparing to unpack .../099-openjdk-21-jre-headless_21.0.9+10-1~deb13u1_amd64.deb ...
#7 74.67 Unpacking openjdk-21-jre-headless:amd64 (21.0.9+10-1~deb13u1) ...
#7 75.56 Selecting previously unselected package default-jre-headless.
#7 75.57 Preparing to unpack .../100-default-jre-headless_2%3a1.21-76_amd64.deb ...
#7 75.58 Unpacking default-jre-headless (2:1.21-76) ...
#7 75.69 Selecting previously unselected package openjdk-21-jdk-headless:amd64.
#7 75.69 Preparing to unpack .../101-openjdk-21-jdk-headless_21.0.9+10-1~deb13u1_amd64.deb ...
#7 75.71 Unpacking openjdk-21-jdk-headless:amd64 (21.0.9+10-1~deb13u1) ...
#7 76.58 Selecting previously unselected package default-jdk-headless.
#7 76.58 Preparing to unpack .../102-default-jdk-headless_2%3a1.21-76_amd64.deb ...
#7 76.59 Unpacking default-jdk-headless (2:1.21-76) ...
#7 76.71 Selecting previously unselected package libgpg-error0:amd64.
#7 76.71 Preparing to unpack .../103-libgpg-error0_1.51-4_amd64.deb ...
#7 76.73 Unpacking libgpg-error0:amd64 (1.51-4) ...
#7 76.83 Selecting previously unselected package libassuan9:amd64.
#7 76.83 Preparing to unpack .../104-libassuan9_3.0.2-2_amd64.deb ...
#7 76.84 Unpacking libassuan9:amd64 (3.0.2-2) ...
#7 76.96 Selecting previously unselected package libgcrypt20:amd64.
#7 76.96 Preparing to unpack .../105-libgcrypt20_1.11.0-7_amd64.deb ...
#7 76.98 Unpacking libgcrypt20:amd64 (1.11.0-7) ...
#7 77.08 Selecting previously unselected package gpgconf.
#7 77.08 Preparing to unpack .../106-gpgconf_2.4.7-21+deb13u1+b1_amd64.deb ...
#7 77.09 Unpacking gpgconf (2.4.7-21+deb13u1+b1) ...
#7 77.20 Selecting previously unselected package libksba8:amd64.
#7 77.20 Preparing to unpack .../107-libksba8_1.6.7-2+b1_amd64.deb ...
#7 77.22 Unpacking libksba8:amd64 (1.6.7-2+b1) ...
#7 77.32 Selecting previously unselected package libnpth0t64:amd64.
#7 77.32 Preparing to unpack .../108-libnpth0t64_1.8-3_amd64.deb ...
#7 77.34 Unpacking libnpth0t64:amd64 (1.8-3) ...
#7 77.46 Selecting previously unselected package dirmngr.
#7 77.46 Preparing to unpack .../109-dirmngr_2.4.7-21+deb13u1+b1_amd64.deb ...
#7 77.48 Unpacking dirmngr (2.4.7-21+deb13u1+b1) ...
#7 77.62 Selecting previously unselected package libpng16-16t64:amd64.
#7 77.62 Preparing to unpack .../110-libpng16-16t64_1.6.48-1+deb13u1_amd64.deb ...
#7 77.63 Unpacking libpng16-16t64:amd64 (1.6.48-1+deb13u1) ...
#7 77.74 Selecting previously unselected package libfreetype6:amd64.
#7 77.74 Preparing to unpack .../111-libfreetype6_2.13.3+dfsg-1_amd64.deb ...
#7 77.76 Unpacking libfreetype6:amd64 (2.13.3+dfsg-1) ...
#7 77.86 Selecting previously unselected package fonts-dejavu-mono.
#7 77.86 Preparing to unpack .../112-fonts-dejavu-mono_2.37-8_all.deb ...
#7 77.87 Unpacking fonts-dejavu-mono (2.37-8) ...
#7 78.16 Selecting previously unselected package fonts-dejavu-core.
#7 78.17 Preparing to unpack .../113-fonts-dejavu-core_2.37-8_all.deb ...
#7 78.21 Unpacking fonts-dejavu-core (2.37-8) ...
#7 78.45 Selecting previously unselected package fontconfig-config.
#7 78.45 Preparing to unpack .../114-fontconfig-config_2.15.0-2.3_amd64.deb ...
#7 78.48 Unpacking fontconfig-config (2.15.0-2.3) ...
#7 78.68 Selecting previously unselected package libfontconfig1:amd64.
#7 78.69 Preparing to unpack .../115-libfontconfig1_2.15.0-2.3_amd64.deb ...
#7 78.71 Unpacking libfontconfig1:amd64 (2.15.0-2.3) ...
#7 78.92 Selecting previously unselected package fontconfig.
#7 78.92 Preparing to unpack .../116-fontconfig_2.15.0-2.3_amd64.deb ...
#7 78.95 Unpacking fontconfig (2.15.0-2.3) ...
#7 79.14 Selecting previously unselected package libcc1-0:amd64.
#7 79.14 Preparing to unpack .../117-libcc1-0_14.2.0-19_amd64.deb ...
#7 79.16 Unpacking libcc1-0:amd64 (14.2.0-19) ...
#7 79.31 Selecting previously unselected package gcc-14-x86-64-linux-gnu.
#7 79.31 Preparing to unpack .../118-gcc-14-x86-64-linux-gnu_14.2.0-19_amd64.deb ...
#7 79.33 Unpacking gcc-14-x86-64-linux-gnu (14.2.0-19) ...
#7 79.90 Selecting previously unselected package gcc-14.
#7 79.90 Preparing to unpack .../119-gcc-14_14.2.0-19_amd64.deb ...
#7 79.92 Unpacking gcc-14 (14.2.0-19) ...
#7 80.06 Selecting previously unselected package gcc-x86-64-linux-gnu.
#7 80.07 Preparing to unpack .../120-gcc-x86-64-linux-gnu_4%3a14.2.0-1_amd64.deb ...
#7 80.09 Unpacking gcc-x86-64-linux-gnu (4:14.2.0-1) ...
#7 80.24 Selecting previously unselected package gcc.
#7 80.24 Preparing to unpack .../121-gcc_4%3a14.2.0-1_amd64.deb ...
#7 80.26 Unpacking gcc (4:14.2.0-1) ...
#7 80.37 Selecting previously unselected package g++-14-x86-64-linux-gnu.
#7 80.37 Preparing to unpack .../122-g++-14-x86-64-linux-gnu_14.2.0-19_amd64.deb ...
#7 80.40 Unpacking g++-14-x86-64-linux-gnu (14.2.0-19) ...
#7 80.83 Selecting previously unselected package g++-14.
#7 80.83 Preparing to unpack .../123-g++-14_14.2.0-19_amd64.deb ...
#7 80.85 Unpacking g++-14 (14.2.0-19) ...
#7 80.94 Selecting previously unselected package g++-x86-64-linux-gnu.
#7 80.95 Preparing to unpack .../124-g++-x86-64-linux-gnu_4%3a14.2.0-1_amd64.deb ...
#7 80.96 Unpacking g++-x86-64-linux-gnu (4:14.2.0-1) ...
#7 81.06 Selecting previously unselected package g++.
#7 81.06 Preparing to unpack .../125-g++_4%3a14.2.0-1_amd64.deb ...
#7 81.07 Unpacking g++ (4:14.2.0-1) ...
#7 81.18 Selecting previously unselected package libngtcp2-16:amd64.
#7 81.18 Preparing to unpack .../126-libngtcp2-16_1.11.0-1_amd64.deb ...
#7 81.20 Unpacking libngtcp2-16:amd64 (1.11.0-1) ...
#7 81.31 Selecting previously unselected package libngtcp2-crypto-gnutls8:amd64.
#7 81.31 Preparing to unpack .../127-libngtcp2-crypto-gnutls8_1.11.0-1_amd64.deb ...
#7 81.33 Unpacking libngtcp2-crypto-gnutls8:amd64 (1.11.0-1) ...
#7 81.43 Selecting previously unselected package libcurl3t64-gnutls:amd64.
#7 81.43 Preparing to unpack .../128-libcurl3t64-gnutls_8.14.1-2+deb13u2_amd64.deb ...
#7 81.45 Unpacking libcurl3t64-gnutls:amd64 (8.14.1-2+deb13u2) ...
#7 81.55 Selecting previously unselected package liberror-perl.
#7 81.55 Preparing to unpack .../129-liberror-perl_0.17030-1_all.deb ...
#7 81.56 Unpacking liberror-perl (0.17030-1) ...
#7 81.65 Selecting previously unselected package git-man.
#7 81.65 Preparing to unpack .../130-git-man_1%3a2.47.3-0+deb13u1_all.deb ...
#7 81.67 Unpacking git-man (1:2.47.3-0+deb13u1) ...
#7 81.82 Selecting previously unselected package git.
#7 81.82 Preparing to unpack .../131-git_1%3a2.47.3-0+deb13u1_amd64.deb ...
#7 81.84 Unpacking git (1:2.47.3-0+deb13u1) ...
#7 82.16 Selecting previously unselected package gnupg-l10n.
#7 82.16 Preparing to unpack .../132-gnupg-l10n_2.4.7-21+deb13u1_all.deb ...
#7 82.18 Unpacking gnupg-l10n (2.4.7-21+deb13u1) ...
#7 82.31 Selecting previously unselected package gpg.
#7 82.31 Preparing to unpack .../133-gpg_2.4.7-21+deb13u1+b1_amd64.deb ...
#7 82.32 Unpacking gpg (2.4.7-21+deb13u1+b1) ...
#7 82.44 Selecting previously unselected package pinentry-curses.
#7 82.45 Preparing to unpack .../134-pinentry-curses_1.3.1-2_amd64.deb ...
#7 82.46 Unpacking pinentry-curses (1.3.1-2) ...
#7 82.57 Selecting previously unselected package gpg-agent.
#7 82.57 Preparing to unpack .../135-gpg-agent_2.4.7-21+deb13u1+b1_amd64.deb ...
#7 82.59 Unpacking gpg-agent (2.4.7-21+deb13u1+b1) ...
#7 82.68 Selecting previously unselected package gpgsm.
#7 82.68 Preparing to unpack .../136-gpgsm_2.4.7-21+deb13u1+b1_amd64.deb ...
#7 82.69 Unpacking gpgsm (2.4.7-21+deb13u1+b1) ...
#7 82.78 Selecting previously unselected package gnupg.
#7 82.79 Preparing to unpack .../137-gnupg_2.4.7-21+deb13u1_all.deb ...
#7 82.80 Unpacking gnupg (2.4.7-21+deb13u1) ...
#7 82.91 Selecting previously unselected package libbcg729-0:amd64.
#7 82.91 Preparing to unpack .../138-libbcg729-0_1.1.1-3_amd64.deb ...
#7 82.93 Unpacking libbcg729-0:amd64 (1.1.1-3) ...
#7 83.05 Selecting previously unselected package libblas3:amd64.
#7 83.05 Preparing to unpack .../139-libblas3_3.12.1-6_amd64.deb ...
#7 83.07 Unpacking libblas3:amd64 (3.12.1-6) ...
#7 83.18 Selecting previously unselected package libpixman-1-0:amd64.
#7 83.18 Preparing to unpack .../140-libpixman-1-0_0.44.0-3_amd64.deb ...
#7 83.19 Unpacking libpixman-1-0:amd64 (0.44.0-3) ...
#7 83.31 Selecting previously unselected package libxau6:amd64.
#7 83.31 Preparing to unpack .../141-libxau6_1%3a1.0.11-1_amd64.deb ...
#7 83.32 Unpacking libxau6:amd64 (1:1.0.11-1) ...
#7 83.42 Selecting previously unselected package libxdmcp6:amd64.
#7 83.42 Preparing to unpack .../142-libxdmcp6_1%3a1.1.5-1_amd64.deb ...
#7 83.44 Unpacking libxdmcp6:amd64 (1:1.1.5-1) ...
#7 83.54 Selecting previously unselected package libxcb1:amd64.
#7 83.54 Preparing to unpack .../143-libxcb1_1.17.0-2+b1_amd64.deb ...
#7 83.55 Unpacking libxcb1:amd64 (1.17.0-2+b1) ...
#7 83.63 Selecting previously unselected package libx11-data.
#7 83.63 Preparing to unpack .../144-libx11-data_2%3a1.8.12-1_all.deb ...
#7 83.65 Unpacking libx11-data (2:1.8.12-1) ...
#7 83.79 Selecting previously unselected package libx11-6:amd64.
#7 83.79 Preparing to unpack .../145-libx11-6_2%3a1.8.12-1_amd64.deb ...
#7 83.80 Unpacking libx11-6:amd64 (2:1.8.12-1) ...
#7 83.93 Selecting previously unselected package libxcb-render0:amd64.
#7 83.94 Preparing to unpack .../146-libxcb-render0_1.17.0-2+b1_amd64.deb ...
#7 83.95 Unpacking libxcb-render0:amd64 (1.17.0-2+b1) ...
#7 84.06 Selecting previously unselected package libxcb-shm0:amd64.
#7 84.06 Preparing to unpack .../147-libxcb-shm0_1.17.0-2+b1_amd64.deb ...
#7 84.07 Unpacking libxcb-shm0:amd64 (1.17.0-2+b1) ...
#7 84.17 Selecting previously unselected package libxext6:amd64.
#7 84.17 Preparing to unpack .../148-libxext6_2%3a1.3.4-1+b3_amd64.deb ...
#7 84.18 Unpacking libxext6:amd64 (2:1.3.4-1+b3) ...
#7 84.29 Selecting previously unselected package libxrender1:amd64.
#7 84.29 Preparing to unpack .../149-libxrender1_1%3a0.9.12-1_amd64.deb ...
#7 84.36 Unpacking libxrender1:amd64 (1:0.9.12-1) ...
#7 84.55 Selecting previously unselected package libcairo2:amd64.
#7 84.56 Preparing to unpack .../150-libcairo2_1.18.4-1+b1_amd64.deb ...
#7 84.57 Unpacking libcairo2:amd64 (1.18.4-1+b1) ...
#7 84.67 Selecting previously unselected package libcap2-bin.
#7 84.67 Preparing to unpack .../151-libcap2-bin_1%3a2.75-10+b3_amd64.deb ...
#7 84.69 Unpacking libcap2-bin (1:2.75-10+b3) ...
#7 84.80 Selecting previously unselected package libcares2:amd64.
#7 84.81 Preparing to unpack .../152-libcares2_1.34.5-1+deb13u1_amd64.deb ...
#7 84.82 Unpacking libcares2:amd64 (1.34.5-1+deb13u1) ...
#7 84.93 Selecting previously unselected package libdatrie1:amd64.
#7 84.93 Preparing to unpack .../153-libdatrie1_0.2.13-3+b1_amd64.deb ...
#7 84.95 Unpacking libdatrie1:amd64 (0.2.13-3+b1) ...
#7 85.05 Selecting previously unselected package libdbus-1-3:amd64.
#7 85.05 Preparing to unpack .../154-libdbus-1-3_1.16.2-2_amd64.deb ...
#7 85.07 Unpacking libdbus-1-3:amd64 (1.16.2-2) ...
#7 85.17 Selecting previously unselected package libdeflate0:amd64.
#7 85.17 Preparing to unpack .../155-libdeflate0_1.23-2_amd64.deb ...
#7 85.19 Unpacking libdeflate0:amd64 (1.23-2) ...
#7 85.27 Selecting previously unselected package libffi-dev:amd64.
#7 85.28 Preparing to unpack .../156-libffi-dev_3.4.8-2_amd64.deb ...
#7 85.29 Unpacking libffi-dev:amd64 (3.4.8-2) ...
#7 85.40 Selecting previously unselected package libfribidi0:amd64.
#7 85.40 Preparing to unpack .../157-libfribidi0_1.0.16-1_amd64.deb ...
#7 85.42 Unpacking libfribidi0:amd64 (1.0.16-1) ...
#7 85.51 Selecting previously unselected package libgdk-pixbuf2.0-common.
#7 85.51 Preparing to unpack .../158-libgdk-pixbuf2.0-common_2.42.12+dfsg-4_all.deb ...
#7 85.52 Unpacking libgdk-pixbuf2.0-common (2.42.12+dfsg-4) ...
#7 85.66 Selecting previously unselected package libglib2.0-0t64:amd64.
#7 85.67 Preparing to unpack .../159-libglib2.0-0t64_2.84.4-3~deb13u2_amd64.deb ...
#7 85.69 Unpacking libglib2.0-0t64:amd64 (2.84.4-3~deb13u2) ...
#7 85.86 Selecting previously unselected package shared-mime-info.
#7 85.87 Preparing to unpack .../160-shared-mime-info_2.4-5+b2_amd64.deb ...
#7 85.89 Unpacking shared-mime-info (2.4-5+b2) ...
#7 86.04 Selecting previously unselected package libjbig0:amd64.
#7 86.04 Preparing to unpack .../161-libjbig0_2.1-6.1+b2_amd64.deb ...
#7 86.05 Unpacking libjbig0:amd64 (2.1-6.1+b2) ...
#7 86.17 Selecting previously unselected package liblerc4:amd64.
#7 86.17 Preparing to unpack .../162-liblerc4_4.0.0+ds-5_amd64.deb ...
#7 86.18 Unpacking liblerc4:amd64 (4.0.0+ds-5) ...
#7 86.29 Selecting previously unselected package libsharpyuv0:amd64.
#7 86.29 Preparing to unpack .../163-libsharpyuv0_1.5.0-0.1_amd64.deb ...
#7 86.30 Unpacking libsharpyuv0:amd64 (1.5.0-0.1) ...
#7 86.40 Selecting previously unselected package libwebp7:amd64.
#7 86.40 Preparing to unpack .../164-libwebp7_1.5.0-0.1_amd64.deb ...
#7 86.42 Unpacking libwebp7:amd64 (1.5.0-0.1) ...
#7 86.54 Selecting previously unselected package libtiff6:amd64.
#7 86.54 Preparing to unpack .../165-libtiff6_4.7.0-3+deb13u1_amd64.deb ...
#7 86.55 Unpacking libtiff6:amd64 (4.7.0-3+deb13u1) ...
#7 86.68 Selecting previously unselected package libgdk-pixbuf-2.0-0:amd64.
#7 86.68 Preparing to unpack .../166-libgdk-pixbuf-2.0-0_2.42.12+dfsg-4_amd64.deb ...
#7 86.70 Unpacking libgdk-pixbuf-2.0-0:amd64 (2.42.12+dfsg-4) ...
#7 86.82 Selecting previously unselected package libgraphite2-3:amd64.
#7 86.82 Preparing to unpack .../167-libgraphite2-3_1.3.14-2+b1_amd64.deb ...
#7 86.86 Unpacking libgraphite2-3:amd64 (1.3.14-2+b1) ...
#7 86.96 Selecting previously unselected package libharfbuzz0b:amd64.
#7 86.96 Preparing to unpack .../168-libharfbuzz0b_10.2.0-1+b1_amd64.deb ...
#7 86.98 Unpacking libharfbuzz0b:amd64 (10.2.0-1+b1) ...
#7 87.10 Selecting previously unselected package liblinear4:amd64.
#7 87.10 Preparing to unpack .../169-liblinear4_2.3.0+dfsg-5+b2_amd64.deb ...
#7 87.12 Unpacking liblinear4:amd64 (2.3.0+dfsg-5+b2) ...
#7 87.23 Selecting previously unselected package liblua5.4-0:amd64.
#7 87.23 Preparing to unpack .../170-liblua5.4-0_5.4.7-1+b2_amd64.deb ...
#7 87.24 Unpacking liblua5.4-0:amd64 (5.4.7-1+b2) ...
#7 87.36 Selecting previously unselected package libnl-3-200:amd64.
#7 87.36 Preparing to unpack .../171-libnl-3-200_3.7.0-2_amd64.deb ...
#7 87.37 Unpacking libnl-3-200:amd64 (3.7.0-2) ...
#7 87.48 Selecting previously unselected package libnl-genl-3-200:amd64.
#7 87.48 Preparing to unpack .../172-libnl-genl-3-200_3.7.0-2_amd64.deb ...
#7 87.50 Unpacking libnl-genl-3-200:amd64 (3.7.0-2) ...
#7 87.60 Selecting previously unselected package libnl-route-3-200:amd64.
#7 87.60 Preparing to unpack .../173-libnl-route-3-200_3.7.0-2_amd64.deb ...
#7 87.62 Unpacking libnl-route-3-200:amd64 (3.7.0-2) ...
#7 87.72 Selecting previously unselected package libopencore-amrnb0:amd64.
#7 87.72 Preparing to unpack .../174-libopencore-amrnb0_0.1.6-1+b2_amd64.deb ...
#7 87.74 Unpacking libopencore-amrnb0:amd64 (0.1.6-1+b2) ...
#7 87.85 Selecting previously unselected package libopus0:amd64.
#7 87.85 Preparing to unpack .../175-libopus0_1.5.2-2_amd64.deb ...
#7 87.87 Unpacking libopus0:amd64 (1.5.2-2) ...
#7 88.04 Selecting previously unselected package libthai-data.
#7 88.04 Preparing to unpack .../176-libthai-data_0.1.29-2_all.deb ...
#7 88.05 Unpacking libthai-data (0.1.29-2) ...
#7 88.17 Selecting previously unselected package libthai0:amd64.
#7 88.17 Preparing to unpack .../177-libthai0_0.1.29-2+b1_amd64.deb ...
#7 88.19 Unpacking libthai0:amd64 (0.1.29-2+b1) ...
#7 88.29 Selecting previously unselected package libpango-1.0-0:amd64.
#7 88.29 Preparing to unpack .../178-libpango-1.0-0_1.56.3-1_amd64.deb ...
#7 88.30 Unpacking libpango-1.0-0:amd64 (1.56.3-1) ...
#7 88.41 Selecting previously unselected package libpangoft2-1.0-0:amd64.
#7 88.42 Preparing to unpack .../179-libpangoft2-1.0-0_1.56.3-1_amd64.deb ...
#7 88.43 Unpacking libpangoft2-1.0-0:amd64 (1.56.3-1) ...
#7 88.53 Selecting previously unselected package libpangocairo-1.0-0:amd64.
#7 88.54 Preparing to unpack .../180-libpangocairo-1.0-0_1.56.3-1_amd64.deb ...
#7 88.55 Unpacking libpangocairo-1.0-0:amd64 (1.56.3-1) ...
#7 88.66 Selecting previously unselected package libpcap0.8t64:amd64.
#7 88.66 Preparing to unpack .../181-libpcap0.8t64_1.10.5-2_amd64.deb ...
#7 88.67 Unpacking libpcap0.8t64:amd64 (1.10.5-2) ...
#7 88.78 Selecting previously unselected package libpq5:amd64.
#7 88.78 Preparing to unpack .../182-libpq5_17.7-0+deb13u1_amd64.deb ...
#7 88.80 Unpacking libpq5:amd64 (17.7-0+deb13u1) ...
#7 88.89 Selecting previously unselected package libssl-dev:amd64.
#7 88.89 Preparing to unpack .../183-libssl-dev_3.5.4-1~deb13u1_amd64.deb ...
#7 88.91 Unpacking libssl-dev:amd64 (3.5.4-1~deb13u1) ...
#7 89.09 Selecting previously unselected package libpq-dev.
#7 89.09 Preparing to unpack .../184-libpq-dev_17.7-0+deb13u1_amd64.deb ...
#7 89.11 Unpacking libpq-dev (17.7-0+deb13u1) ...
#7 89.21 Selecting previously unselected package libsbc1:amd64.
#7 89.21 Preparing to unpack .../185-libsbc1_2.1-1_amd64.deb ...
#7 89.23 Unpacking libsbc1:amd64 (2.1-1) ...
#7 89.34 Selecting previously unselected package libsmi2t64:amd64.
#7 89.34 Preparing to unpack .../186-libsmi2t64_0.4.8+dfsg2-17+b1_amd64.deb ...
#7 89.36 Unpacking libsmi2t64:amd64 (0.4.8+dfsg2-17+b1) ...
#7 89.46 Selecting previously unselected package libsnappy1v5:amd64.
#7 89.46 Preparing to unpack .../187-libsnappy1v5_1.2.2-1_amd64.deb ...
#7 89.48 Unpacking libsnappy1v5:amd64 (1.2.2-1) ...
#7 89.58 Selecting previously unselected package libspandsp2t64:amd64.
#7 89.58 Preparing to unpack .../188-libspandsp2t64_0.0.6+dfsg-2.2_amd64.deb ...
#7 89.59 Unpacking libspandsp2t64:amd64 (0.0.6+dfsg-2.2) ...
#7 89.72 Selecting previously unselected package libspeexdsp1:amd64.
#7 89.72 Preparing to unpack .../189-libspeexdsp1_1.2.1-3_amd64.deb ...
#7 89.73 Unpacking libspeexdsp1:amd64 (1.2.1-3) ...
#7 89.84 Selecting previously unselected package libssh-4:amd64.
#7 89.84 Preparing to unpack .../190-libssh-4_0.11.2-1+deb13u1_amd64.deb ...
#7 89.86 Unpacking libssh-4:amd64 (0.11.2-1+deb13u1) ...
#7 90.00 Selecting previously unselected package libwireshark-data.
#7 90.00 Preparing to unpack .../191-libwireshark-data_4.4.7-1_all.deb ...
#7 90.02 Unpacking libwireshark-data (4.4.7-1) ...
#7 90.18 Selecting previously unselected package libwsutil16:amd64.
#7 90.18 Preparing to unpack .../192-libwsutil16_4.4.7-1_amd64.deb ...
#7 90.19 Unpacking libwsutil16:amd64 (4.4.7-1) ...
#7 90.30 Selecting previously unselected package libwiretap15:amd64.
#7 90.30 Preparing to unpack .../193-libwiretap15_4.4.7-1_amd64.deb ...
#7 90.32 Unpacking libwiretap15:amd64 (4.4.7-1) ...
#7 90.44 Selecting previously unselected package libwireshark18:amd64.
#7 90.44 Preparing to unpack .../194-libwireshark18_4.4.7-1_amd64.deb ...
#7 90.45 Unpacking libwireshark18:amd64 (4.4.7-1) ...
#7 90.97 Selecting previously unselected package nmap-common.
#7 90.97 Preparing to unpack .../195-nmap-common_7.95+dfsg-3_all.deb ...
#7 90.98 Unpacking nmap-common (7.95+dfsg-3) ...
#7 91.28 Selecting previously unselected package nmap.
#7 91.28 Preparing to unpack .../196-nmap_7.95+dfsg-3_amd64.deb ...
#7 91.29 Unpacking nmap (7.95+dfsg-3) ...
#7 91.47 Selecting previously unselected package wireshark-common.
#7 91.47 Preparing to unpack .../197-wireshark-common_4.4.7-1_amd64.deb ...
#7 91.48 Unpacking wireshark-common (4.4.7-1) ...
#7 91.59 Selecting previously unselected package tshark.
#7 91.59 Preparing to unpack .../198-tshark_4.4.7-1_amd64.deb ...
#7 91.61 Unpacking tshark (4.4.7-1) ...
#7 91.70 Selecting previously unselected package unzip.
#7 91.70 Preparing to unpack .../199-unzip_6.0-29_amd64.deb ...
#7 91.71 Unpacking unzip (6.0-29) ...
#7 91.79 Selecting previously unselected package whois.
#7 91.79 Preparing to unpack .../200-whois_5.6.3_amd64.deb ...
#7 91.81 Unpacking whois (5.6.3) ...
#7 91.90 Setting up media-types (13.0.0) ...
#7 91.97 Setting up liblmdb0:amd64 (0.9.31-1+b2) ...
#7 92.01 Setting up libgraphite2-3:amd64 (1.3.14-2+b1) ...
#7 92.06 Setting up liblcms2-2:amd64 (2.16-2) ...
#7 92.55 Setting up libpixman-1-0:amd64 (0.44.0-3) ...
#7 92.59 Setting up libsharpyuv0:amd64 (1.5.0-0.1) ...
#7 92.64 Setting up liburcu8t64:amd64 (0.15.2-2) ...
#7 92.69 Setting up libxau6:amd64 (1:1.0.11-1) ...
#7 92.77 Setting up libxdmcp6:amd64 (1:1.1.5-1) ...
#7 92.82 Setting up libnpth0t64:amd64 (1.8-3) ...
#7 92.88 Setting up libkeyutils1:amd64 (1.6.3-6) ...
#7 92.92 Setting up libsbc1:amd64 (2.1-1) ...
#7 92.97 Setting up libsmi2t64:amd64 (0.4.8+dfsg2-17+b1) ...
#7 93.03 Setting up libxcb1:amd64 (1.17.0-2+b1) ...
#7 93.07 Setting up libbcg729-0:amd64 (1.1.1-3) ...
#7 93.12 Setting up liblerc4:amd64 (4.0.0+ds-5) ...
#7 93.16 Setting up libgpg-error0:amd64 (1.51-4) ...
#7 93.21 Setting up java-common (0.76) ...
#7 93.26 Setting up libdatrie1:amd64 (0.2.13-3+b1) ...
#7 93.30 Setting up libgdbm-compat4t64:amd64 (1.24-2) ...
#7 93.35 Setting up traceroute (1:2.1.6-1) ...
#7 93.39 update-alternatives: using /usr/bin/traceroute.db to provide /usr/bin/traceroute (traceroute) in auto mode
#7 93.39 update-alternatives: warning: skip creation of /usr/share/man/man1/traceroute.1.gz because associated file /usr/share/man/man1/traceroute.db.1.gz (of link group traceroute) doesn't exist
#7 93.40 update-alternatives: using /usr/bin/traceroute6.db to provide /usr/bin/traceroute6 (traceroute6) in auto mode
#7 93.40 update-alternatives: warning: skip creation of /usr/share/man/man1/traceroute6.1.gz because associated file /usr/share/man/man1/traceroute6.db.1.gz (of link group traceroute6) doesn't exist
#7 93.41 update-alternatives: using /usr/bin/lft.db to provide /usr/bin/lft (lft) in auto mode
#7 93.41 update-alternatives: warning: skip creation of /usr/share/man/man1/lft.1.gz because associated file /usr/share/man/man1/lft.db.1.gz (of link group lft) doesn't exist
#7 93.42 update-alternatives: using /usr/bin/traceproto.db to provide /usr/bin/traceproto (traceproto) in auto mode
#7 93.42 update-alternatives: warning: skip creation of /usr/share/man/man1/traceproto.1.gz because associated file /usr/share/man/man1/traceproto.db.1.gz (of link group traceproto) doesn't exist
#7 93.43 update-alternatives: using /usr/sbin/tcptraceroute.db to provide /usr/sbin/tcptraceroute (tcptraceroute) in auto mode
#7 93.43 update-alternatives: warning: skip creation of /usr/share/man/man8/tcptraceroute.8.gz because associated file /usr/share/man/man8/tcptraceroute.db.8.gz (of link group tcptraceroute) doesn't exist
#7 93.45 Setting up libclang-common-19-dev:amd64 (1:19.1.7-3+b1) ...
#7 93.49 Setting up libxcb-render0:amd64 (1.17.0-2+b1) ...
#7 93.54 Setting up libyaml-0-2:amd64 (0.2.5-2) ...
#7 93.58 Setting up libmaxminddb0:amd64 (1.12.2-1) ...
#7 93.63 Setting up libtinyxml2-11:amd64 (11.0.0+dfsg-1+b1) ...
#7 93.67 Setting up unzip (6.0-29) ...
#7 93.72 Setting up libbrotli1:amd64 (1.1.0-2+b7) ...
#7 93.76 Setting up libfstrm0:amd64 (0.6.1-1+b3) ...
#7 93.81 Setting up libedit2:amd64 (3.1-20250104-1) ...
#7 93.86 Setting up libgdk-pixbuf2.0-common (2.42.12+dfsg-4) ...
#7 93.90 Setting up libuv1t64:amd64 (1.50.0-2) ...
#7 93.95 Setting up binutils-common:amd64 (2.44-3) ...
#7 93.99 Setting up libnghttp2-14:amd64 (1.64.0-1.1) ...
#7 94.04 Setting up libdeflate0:amd64 (1.23-2) ...
#7 94.09 Setting up linux-libc-dev (6.12.63-1) ...
#7 94.13 Setting up libctf-nobfd0:amd64 (2.44-3) ...
#7 94.18 Setting up libgcrypt20:amd64 (1.11.0-7) ...
#7 94.22 Setting up libxcb-shm0:amd64 (1.17.0-2+b1) ...
#7 94.27 Setting up libcom-err2:amd64 (1.47.2-3+b7) ...
#7 94.32 Setting up libjemalloc2:amd64 (5.3.0-3) ...
#7 94.36 Setting up libgomp1:amd64 (14.2.0-19) ...
#7 94.41 Setting up libffi-dev:amd64 (3.4.8-2) ...
#7 94.45 Setting up libprotobuf-c1:amd64 (1.5.1-1) ...
#7 94.50 Setting up libjbig0:amd64 (2.1-6.1+b2) ...
#7 94.54 Setting up libsframe1:amd64 (2.44-3) ...
#7 94.59 Setting up libjansson4:amd64 (2.14-2+b3) ...
#7 94.63 Setting up libsnappy1v5:amd64 (1.2.2-1) ...
#7 94.68 Setting up libkrb5support0:amd64 (1.21.3-5) ...
#7 94.72 Setting up libsasl2-modules-db:amd64 (2.1.28+dfsg1-9) ...
#7 94.76 Setting up libcap2-bin (1:2.75-10+b3) ...
#7 94.81 Setting up libz3-4:amd64 (4.13.3-1) ...
#7 94.86 Setting up libblas3:amd64 (3.12.1-6) ...
#7 94.89 update-alternatives: using /usr/lib/x86_64-linux-gnu/blas/libblas.so.3 to provide /usr/lib/x86_64-linux-gnu/libblas.so.3 (libblas.so.3-x86_64-linux-gnu) in auto mode
#7 94.91 Setting up rpcsvc-proto (1.4.3-1) ...
#7 94.96 Setting up libjpeg62-turbo:amd64 (1:2.1.5-4) ...
#7 95.00 Setting up libx11-data (2:1.8.12-1) ...
#7 95.05 Setting up libmpfr6:amd64 (4.2.2-1) ...
#7 95.09 Setting up libnspr4:amd64 (2:4.36-1) ...
#7 95.14 Setting up gnupg-l10n (2.4.7-21+deb13u1) ...
#7 95.18 Setting up libdbus-1-3:amd64 (1.16.2-2) ...
#7 95.22 Setting up libfribidi0:amd64 (1.0.16-1) ...
#7 95.27 Setting up libopus0:amd64 (1.5.2-2) ...
#7 95.31 Setting up libquadmath0:amd64 (14.2.0-19) ...
#7 95.36 Setting up libp11-kit0:amd64 (0.25.5-3) ...
#7 95.40 Setting up libunistring5:amd64 (1.3-2) ...
#7 95.45 Setting up fonts-dejavu-mono (2.37-8) ...
#7 95.55 Setting up libssl-dev:amd64 (3.5.4-1~deb13u1) ...
#7 95.60 Setting up libpng16-16t64:amd64 (1.6.48-1+deb13u1) ...
#7 95.64 Setting up libcares2:amd64 (1.34.5-1+deb13u1) ...
#7 95.69 Setting up libmpc3:amd64 (1.3.1-1+b3) ...
#7 95.73 Setting up libatomic1:amd64 (14.2.0-19) ...
#7 95.77 Setting up fonts-dejavu-core (2.37-8) ...
#7 95.95 Setting up libpcsclite1:amd64 (2.3.3-1) ...
#7 96.00 Setting up libk5crypto3:amd64 (1.21.3-5) ...
#7 96.04 Setting up libgc1:amd64 (1:8.2.8-1) ...
#7 96.09 Setting up libsasl2-2:amd64 (2.1.28+dfsg1-9) ...
#7 96.13 Setting up libnghttp3-9:amd64 (1.8.0-1) ...
#7 96.18 Setting up libwebp7:amd64 (1.5.0-0.1) ...
#7 96.22 Setting up libubsan1:amd64 (14.2.0-19) ...
#7 96.29 Setting up nmap-common (7.95+dfsg-3) ...
#7 96.34 Setting up libwireshark-data (4.4.7-1) ...
#7 96.39 Setting up perl-modules-5.40 (5.40.1-6) ...
#7 96.43 Setting up libhwasan0:amd64 (14.2.0-19) ...
#7 96.47 Setting up libcrypt-dev:amd64 (1:4.4.38-1) ...
#7 96.52 Setting up libtiff6:amd64 (4.7.0-3+deb13u1) ...
#7 96.57 Setting up libasan8:amd64 (14.2.0-19) ...
#7 96.61 Setting up libassuan9:amd64 (3.0.2-2) ...
#7 96.65 Setting up libspeexdsp1:amd64 (1.2.1-3) ...
#7 96.70 Setting up libnl-3-200:amd64 (3.7.0-2) ...
#7 96.77 Setting up gpgconf (2.4.7-21+deb13u1+b1) ...
#7 96.82 Setting up libopencore-amrnb0:amd64 (0.1.6-1+b2) ...
#7 96.86 Setting up libtasn1-6:amd64 (4.20.0-2) ...
#7 96.90 Setting up liblua5.4-0:amd64 (5.4.7-1+b2) ...
#7 96.95 Setting up git-man (1:2.47.3-0+deb13u1) ...
#7 96.99 Setting up libpcap0.8t64:amd64 (1.10.5-2) ...
#7 97.04 Setting up libx11-6:amd64 (2:1.8.12-1) ...
#7 97.08 Setting up libthai-data (0.1.29-2) ...
#7 97.12 Setting up libngtcp2-16:amd64 (1.11.0-1) ...
#7 97.17 Setting up libkrb5-3:amd64 (1.21.3-5) ...
#7 97.21 Setting up libssh2-1t64:amd64 (1.11.1-1) ...
#7 97.26 Setting up libtsan2:amd64 (14.2.0-19) ...
#7 97.30 Setting up ca-certificates-java (20240118) ...
#7 97.36 No JRE found. Skipping Java certificates setup.
#7 97.38 Setting up libbinutils:amd64 (2.44-3) ...
#7 97.42 Setting up libisl23:amd64 (0.27-1) ...
#7 97.47 Setting up libc-dev-bin (2.41-12+deb13u1) ...
#7 97.51 Setting up libpython3.13-stdlib:amd64 (3.13.5-2) ...
#7 97.55 Setting up libjson-c5:amd64 (0.18+ds-1) ...
#7 97.60 Setting up libxml2:amd64 (2.12.7+dfsg+really2.9.14-2.1+deb13u2) ...
#7 97.64 Setting up libcc1-0:amd64 (14.2.0-19) ...
#7 97.70 Setting up libldap2:amd64 (2.6.10+dfsg-1) ...
#7 97.74 Setting up liblsan0:amd64 (14.2.0-19) ...
#7 97.79 Setting up libitm1:amd64 (14.2.0-19) ...
#7 97.83 Setting up libpython3-stdlib:amd64 (3.13.5-1) ...
#7 97.88 Setting up libctf0:amd64 (2.44-3) ...
#7 97.92 Setting up libksba8:amd64 (1.6.7-2+b1) ...
#7 97.96 Setting up pinentry-curses (1.3.1-2) ...
#7 98.02 Setting up libllvm19:amd64 (1:19.1.7-3+b1) ...
#7 98.06 Setting up gpg-agent (2.4.7-21+deb13u1+b1) ...
#7 98.44 Setting up libclang1-19 (1:19.1.7-3+b1) ...
#7 98.48 Setting up libxrender1:amd64 (1:0.9.12-1) ...
#7 98.53 Setting up python3.13 (3.13.5-2) ...
#7 99.13 Setting up fontconfig-config (2.15.0-2.3) ...
#7 99.24 debconf: unable to initialize frontend: Dialog
#7 99.24 debconf: (TERM is not set, so the dialog frontend is not usable.)
#7 99.24 debconf: falling back to frontend: Readline
#7 99.24 debconf: unable to initialize frontend: Readline
#7 99.24 debconf: (This frontend requires a controlling tty.)
#7 99.24 debconf: falling back to frontend: Teletype
#7 99.24 debconf: unable to initialize frontend: Teletype
#7 99.24 debconf: (This frontend requires a controlling tty.)
#7 99.24 debconf: falling back to frontend: Noninteractive
#7 99.30 Setting up gpgsm (2.4.7-21+deb13u1+b1) ...
#7 99.34 Setting up libxext6:amd64 (2:1.3.4-1+b3) ...
#7 99.66 Setting up libobjc4:amd64 (14.2.0-19) ...
#7 99.71 Setting up python3 (3.13.5-1) ...
#7 99.75 running python rtupdate hooks for python3.13...
#7 99.75 running python post-rtupdate hooks for python3.13...
#7 99.82 Setting up libidn2-0:amd64 (2.3.8-2) ...
#7 99.87 Setting up libnss3:amd64 (2:3.110-1) ...
#7 99.91 Setting up liblinear4:amd64 (2.3.0+dfsg-5+b2) ...
#7 99.96 Setting up libnl-route-3-200:amd64 (3.7.0-2) ...
#7 100.00 Setting up libperl5.40:amd64 (5.40.1-6) ...
#7 100.0 Setting up libthai0:amd64 (0.1.29-2+b1) ...
#7 100.1 Setting up perl (5.40.1-6) ...
#7 100.2 Setting up python3-pygments (2.18.0+dfsg-2) ...
#7 100.6 Setting up libglib2.0-0t64:amd64 (2.84.4-3~deb13u2) ...
#7 100.7 No schema files found: doing nothing.
#7 100.7 Setting up libgprofng0:amd64 (2.44-3) ...
#7 100.7 Setting up libfreetype6:amd64 (2.13.3+dfsg-1) ...
#7 100.8 Setting up shared-mime-info (2.4-5+b2) ...
#7 108.5 Setting up libgssapi-krb5-2:amd64 (1.21.3-5) ...
#7 108.5 Setting up cpp-14-x86-64-linux-gnu (14.2.0-19) ...
#7 108.6 Setting up libssh-4:amd64 (0.11.2-1+deb13u1) ...
#7 108.6 Setting up cpp-14 (14.2.0-19) ...
#7 108.7 Setting up cppcheck (2.17.1-2) ...
#7 108.7 Setting up libspandsp2t64:amd64 (0.0.6+dfsg-2.2) ...
#7 108.8 Setting up libnl-genl-3-200:amd64 (3.7.0-2) ...
#7 108.8 Setting up libc6-dev:amd64 (2.41-12+deb13u1) ...
#7 108.8 Setting up libharfbuzz0b:amd64 (10.2.0-1+b1) ...
#7 108.9 Setting up libgdk-pixbuf-2.0-0:amd64 (2.42.12+dfsg-4) ...
#7 109.0 Setting up llvm-19-linker-tools (1:19.1.7-3+b1) ...
#7 109.0 Setting up libfontconfig1:amd64 (2.15.0-2.3) ...
#7 109.0 Setting up libgcc-14-dev:amd64 (14.2.0-19) ...
#7 109.1 Setting up libstdc++-14-dev:amd64 (14.2.0-19) ...
#7 109.1 Setting up iputils-ping (3:20240905-3) ...
#7 109.2 Setting up gpg (2.4.7-21+deb13u1+b1) ...
#7 109.3 Setting up libclang-cpp19 (1:19.1.7-3+b1) ...
#7 109.4 Setting up binutils-x86-64-linux-gnu (2.44-3) ...
#7 109.4 Setting up cpp-x86-64-linux-gnu (4:14.2.0-1) ...
#7 109.4 Setting up libgnutls30t64:amd64 (3.8.9-3+deb13u1) ...
#7 109.5 Setting up fontconfig (2.15.0-2.3) ...
#7 109.5 Regenerating fonts cache... done.
#7 111.6 Setting up openjdk-21-jre-headless:amd64 (21.0.9+10-1~deb13u1) ...
#7 112.0 update-alternatives: using /usr/lib/jvm/java-21-openjdk-amd64/bin/java to provide /usr/bin/java (java) in auto mode
#7 112.0 update-alternatives: using /usr/lib/jvm/java-21-openjdk-amd64/bin/jpackage to provide /usr/bin/jpackage (jpackage) in auto mode
#7 112.0 update-alternatives: using /usr/lib/jvm/java-21-openjdk-amd64/bin/keytool to provide /usr/bin/keytool (keytool) in auto mode
#7 112.0 update-alternatives: using /usr/lib/jvm/java-21-openjdk-amd64/bin/rmiregistry to provide /usr/bin/rmiregistry (rmiregistry) in auto mode
#7 112.1 update-alternatives: using /usr/lib/jvm/java-21-openjdk-amd64/lib/jexec to provide /usr/bin/jexec (jexec) in auto mode
#7 112.1 Setting up whois (5.6.3) ...
#7 112.2 Setting up bind9-libs:amd64 (1:9.20.15-1~deb13u1) ...
#7 112.2 Setting up libpango-1.0-0:amd64 (1.56.3-1) ...
#7 112.3 Setting up libpsl5t64:amd64 (0.21.2-1.1+b1) ...
#7 112.3 Setting up libpq5:amd64 (17.7-0+deb13u1) ...
#7 112.4 Setting up python3-yaml (6.0.2-1+b2) ...
#7 112.5 Setting up libpq-dev (17.7-0+deb13u1) ...
#7 112.5 Setting up binutils (2.44-3) ...
#7 112.6 Setting up libobjc-14-dev:amd64 (14.2.0-19) ...
#7 112.6 Setting up clang-19 (1:19.1.7-3+b1) ...
#7 112.7 Setting up nmap (7.95+dfsg-3) ...
#7 112.7 Setting up clang-tools-19 (1:19.1.7-3+b1) ...
#7 112.8 Setting up libcairo2:amd64 (1.18.4-1+b1) ...
#7 112.8 Setting up liberror-perl (0.17030-1) ...
#7 112.9 Setting up dirmngr (2.4.7-21+deb13u1+b1) ...
#7 113.0 Setting up librtmp1:amd64 (2.4+20151223.gitfa8646d.1-2+b5) ...
#7 113.0 Setting up cpp (4:14.2.0-1) ...
#7 113.1 Setting up gnupg (2.4.7-21+deb13u1) ...
#7 113.1 Setting up libwsutil16:amd64 (4.4.7-1) ...
#7 113.2 Setting up gcc-14-x86-64-linux-gnu (14.2.0-19) ...
#7 113.2 Setting up libpangoft2-1.0-0:amd64 (1.56.3-1) ...
#7 113.3 Setting up bind9-host (1:9.20.15-1~deb13u1) ...
#7 113.3 Setting up libngtcp2-crypto-gnutls8:amd64 (1.11.0-1) ...
#7 113.4 Setting up libpangocairo-1.0-0:amd64 (1.56.3-1) ...
#7 113.4 Setting up wget (1.25.0-2) ...
#7 113.5 Setting up gcc-x86-64-linux-gnu (4:14.2.0-1) ...
#7 113.5 Setting up libcurl4t64:amd64 (8.14.1-2+deb13u2) ...
#7 113.6 Setting up libwiretap15:amd64 (4.4.7-1) ...
#7 113.6 Setting up libcurl3t64-gnutls:amd64 (8.14.1-2+deb13u2) ...
#7 113.6 Setting up clang-tidy-19 (1:19.1.7-3+b1) ...
#7 113.7 Setting up gcc-14 (14.2.0-19) ...
#7 113.7 Setting up libwireshark18:amd64 (4.4.7-1) ...
#7 113.8 Setting up git (1:2.47.3-0+deb13u1) ...
#7 113.8 Setting up g++-14-x86-64-linux-gnu (14.2.0-19) ...
#7 113.9 Setting up g++-x86-64-linux-gnu (4:14.2.0-1) ...
#7 113.9 Setting up curl (8.14.1-2+deb13u2) ...
#7 114.0 Setting up bind9-dnsutils (1:9.20.15-1~deb13u1) ...
#7 114.0 Setting up g++-14 (14.2.0-19) ...
#7 114.1 Setting up wireshark-common (4.4.7-1) ...
#7 114.1 debconf: unable to initialize frontend: Dialog
#7 114.1 debconf: (TERM is not set, so the dialog frontend is not usable.)
#7 114.1 debconf: falling back to frontend: Readline
#7 114.1 debconf: unable to initialize frontend: Readline
#7 114.1 debconf: (This frontend requires a controlling tty.)
#7 114.1 debconf: falling back to frontend: Teletype
#7 114.2 debconf: unable to initialize frontend: Teletype
#7 114.2 debconf: (This frontend requires a controlling tty.)
#7 114.2 debconf: falling back to frontend: Noninteractive
#7 114.2 Setting up clang-tidy (1:19.0-63) ...
#7 114.3 Setting up gcc (4:14.2.0-1) ...
#7 114.3 Setting up tshark (4.4.7-1) ...
#7 114.4 Setting up g++ (4:14.2.0-1) ...
#7 114.4 update-alternatives: using /usr/bin/g++ to provide /usr/bin/c++ (c++) in auto mode
#7 114.4 Processing triggers for libc-bin (2.41-12+deb13u1) ...
#7 114.5 Processing triggers for ca-certificates-java (20240118) ...
#7 114.8 Adding debian:ACCVRAIZ1.pem
#7 114.8 Adding debian:AC_RAIZ_FNMT-RCM.pem
#7 114.8 Adding debian:AC_RAIZ_FNMT-RCM_SERVIDORES_SEGUROS.pem
#7 114.8 Adding debian:ANF_Secure_Server_Root_CA.pem
#7 114.8 Adding debian:Actalis_Authentication_Root_CA.pem
#7 114.8 Adding debian:AffirmTrust_Commercial.pem
#7 114.8 Adding debian:AffirmTrust_Networking.pem
#7 114.8 Adding debian:AffirmTrust_Premium.pem
#7 114.8 Adding debian:AffirmTrust_Premium_ECC.pem
#7 114.8 Adding debian:Amazon_Root_CA_1.pem
#7 114.8 Adding debian:Amazon_Root_CA_2.pem
#7 114.8 Adding debian:Amazon_Root_CA_3.pem
#7 114.8 Adding debian:Amazon_Root_CA_4.pem
#7 114.8 Adding debian:Atos_TrustedRoot_2011.pem
#7 114.8 Adding debian:Atos_TrustedRoot_Root_CA_ECC_TLS_2021.pem
#7 114.8 Adding debian:Atos_TrustedRoot_Root_CA_RSA_TLS_2021.pem
#7 114.8 Adding debian:Autoridad_de_Certificacion_Firmaprofesional_CIF_A62634068.pem
#7 114.8 Adding debian:BJCA_Global_Root_CA1.pem
#7 114.8 Adding debian:BJCA_Global_Root_CA2.pem
#7 114.8 Adding debian:Baltimore_CyberTrust_Root.pem
#7 114.8 Adding debian:Buypass_Class_2_Root_CA.pem
#7 114.8 Adding debian:Buypass_Class_3_Root_CA.pem
#7 114.8 Adding debian:CA_Disig_Root_R2.pem
#7 114.9 Adding debian:CFCA_EV_ROOT.pem
#7 114.9 Adding debian:COMODO_Certification_Authority.pem
#7 114.9 Adding debian:COMODO_ECC_Certification_Authority.pem
#7 114.9 Adding debian:COMODO_RSA_Certification_Authority.pem
#7 114.9 Adding debian:Certainly_Root_E1.pem
#7 114.9 Adding debian:Certainly_Root_R1.pem
#7 114.9 Adding debian:Certigna.pem
#7 114.9 Adding debian:Certigna_Root_CA.pem
#7 114.9 Adding debian:Certum_EC-384_CA.pem
#7 114.9 Adding debian:Certum_Trusted_Network_CA.pem
#7 114.9 Adding debian:Certum_Trusted_Network_CA_2.pem
#7 114.9 Adding debian:Certum_Trusted_Root_CA.pem
#7 114.9 Adding debian:CommScope_Public_Trust_ECC_Root-01.pem
#7 114.9 Adding debian:CommScope_Public_Trust_ECC_Root-02.pem
#7 114.9 Adding debian:CommScope_Public_Trust_RSA_Root-01.pem
#7 114.9 Adding debian:CommScope_Public_Trust_RSA_Root-02.pem
#7 114.9 Adding debian:Comodo_AAA_Services_root.pem
#7 114.9 Adding debian:D-TRUST_BR_Root_CA_1_2020.pem
#7 114.9 Adding debian:D-TRUST_BR_Root_CA_2_2023.pem
#7 114.9 Adding debian:D-TRUST_EV_Root_CA_1_2020.pem
#7 114.9 Adding debian:D-TRUST_EV_Root_CA_2_2023.pem
#7 114.9 Adding debian:D-TRUST_Root_Class_3_CA_2_2009.pem
#7 114.9 Adding debian:D-TRUST_Root_Class_3_CA_2_EV_2009.pem
#7 114.9 Adding debian:DigiCert_Assured_ID_Root_CA.pem
#7 114.9 Adding debian:DigiCert_Assured_ID_Root_G2.pem
#7 114.9 Adding debian:DigiCert_Assured_ID_Root_G3.pem
#7 114.9 Adding debian:DigiCert_Global_Root_CA.pem
#7 114.9 Adding debian:DigiCert_Global_Root_G2.pem
#7 114.9 Adding debian:DigiCert_Global_Root_G3.pem
#7 114.9 Adding debian:DigiCert_High_Assurance_EV_Root_CA.pem
#7 114.9 Adding debian:DigiCert_TLS_ECC_P384_Root_G5.pem
#7 114.9 Adding debian:DigiCert_TLS_RSA4096_Root_G5.pem
#7 114.9 Adding debian:DigiCert_Trusted_Root_G4.pem
#7 114.9 Adding debian:Entrust.net_Premium_2048_Secure_Server_CA.pem
#7 114.9 Adding debian:Entrust_Root_Certification_Authority.pem
#7 114.9 Adding debian:Entrust_Root_Certification_Authority_-_EC1.pem
#7 114.9 Adding debian:Entrust_Root_Certification_Authority_-_G2.pem
#7 114.9 Adding debian:FIRMAPROFESIONAL_CA_ROOT-A_WEB.pem
#7 114.9 Adding debian:GDCA_TrustAUTH_R5_ROOT.pem
#7 114.9 Adding debian:GLOBALTRUST_2020.pem
#7 114.9 Adding debian:GTS_Root_R1.pem
#7 114.9 Adding debian:GTS_Root_R2.pem
#7 114.9 Adding debian:GTS_Root_R3.pem
#7 114.9 Adding debian:GTS_Root_R4.pem
#7 114.9 Adding debian:GlobalSign_ECC_Root_CA_-_R4.pem
#7 114.9 Adding debian:GlobalSign_ECC_Root_CA_-_R5.pem
#7 115.0 Adding debian:GlobalSign_Root_CA.pem
#7 115.0 Adding debian:GlobalSign_Root_CA_-_R3.pem
#7 115.0 Adding debian:GlobalSign_Root_CA_-_R6.pem
#7 115.0 Adding debian:GlobalSign_Root_E46.pem
#7 115.0 Adding debian:GlobalSign_Root_R46.pem
#7 115.0 Adding debian:Go_Daddy_Class_2_CA.pem
#7 115.0 Adding debian:Go_Daddy_Root_Certificate_Authority_-_G2.pem
#7 115.0 Adding debian:HARICA_TLS_ECC_Root_CA_2021.pem
#7 115.0 Adding debian:HARICA_TLS_RSA_Root_CA_2021.pem
#7 115.0 Adding debian:Hellenic_Academic_and_Research_Institutions_ECC_RootCA_2015.pem
#7 115.0 Adding debian:Hellenic_Academic_and_Research_Institutions_RootCA_2015.pem
#7 115.0 Adding debian:HiPKI_Root_CA_-_G1.pem
#7 115.0 Adding debian:Hongkong_Post_Root_CA_3.pem
#7 115.0 Adding debian:ISRG_Root_X1.pem
#7 115.0 Adding debian:ISRG_Root_X2.pem
#7 115.0 Adding debian:IdenTrust_Commercial_Root_CA_1.pem
#7 115.0 Adding debian:IdenTrust_Public_Sector_Root_CA_1.pem
#7 115.0 Adding debian:Izenpe.com.pem
#7 115.0 Adding debian:Microsec_e-Szigno_Root_CA_2009.pem
#7 115.0 Adding debian:Microsoft_ECC_Root_Certificate_Authority_2017.pem
#7 115.0 Adding debian:Microsoft_RSA_Root_Certificate_Authority_2017.pem
#7 115.0 Adding debian:NAVER_Global_Root_Certification_Authority.pem
#7 115.0 Adding debian:NetLock_Arany_=Class_Gold=_F┼ætan├║s├¡tv├íny.pem
#7 115.0 Adding debian:OISTE_WISeKey_Global_Root_GB_CA.pem
#7 115.0 Adding debian:OISTE_WISeKey_Global_Root_GC_CA.pem
#7 115.0 Adding debian:QuoVadis_Root_CA_1_G3.pem
#7 115.0 Adding debian:QuoVadis_Root_CA_2.pem
#7 115.0 Adding debian:QuoVadis_Root_CA_2_G3.pem
#7 115.0 Adding debian:QuoVadis_Root_CA_3.pem
#7 115.0 Adding debian:QuoVadis_Root_CA_3_G3.pem
#7 115.0 Adding debian:SSL.com_EV_Root_Certification_Authority_ECC.pem
#7 115.0 Adding debian:SSL.com_EV_Root_Certification_Authority_RSA_R2.pem
#7 115.0 Adding debian:SSL.com_Root_Certification_Authority_ECC.pem
#7 115.0 Adding debian:SSL.com_Root_Certification_Authority_RSA.pem
#7 115.0 Adding debian:SSL.com_TLS_ECC_Root_CA_2022.pem
#7 115.0 Adding debian:SSL.com_TLS_RSA_Root_CA_2022.pem
#7 115.0 Adding debian:SZAFIR_ROOT_CA2.pem
#7 115.0 Adding debian:Sectigo_Public_Server_Authentication_Root_E46.pem
#7 115.0 Adding debian:Sectigo_Public_Server_Authentication_Root_R46.pem
#7 115.0 Adding debian:SecureSign_Root_CA12.pem
#7 115.0 Adding debian:SecureSign_Root_CA14.pem
#7 115.0 Adding debian:SecureSign_Root_CA15.pem
#7 115.0 Adding debian:SecureTrust_CA.pem
#7 115.0 Adding debian:Secure_Global_CA.pem
#7 115.0 Adding debian:Security_Communication_ECC_RootCA1.pem
#7 115.0 Adding debian:Security_Communication_RootCA2.pem
#7 115.0 Adding debian:Starfield_Class_2_CA.pem
#7 115.0 Adding debian:Starfield_Root_Certificate_Authority_-_G2.pem
#7 115.0 Adding debian:Starfield_Services_Root_Certificate_Authority_-_G2.pem
#7 115.0 Adding debian:SwissSign_Gold_CA_-_G2.pem
#7 115.0 Adding debian:T-TeleSec_GlobalRoot_Class_2.pem
#7 115.0 Adding debian:T-TeleSec_GlobalRoot_Class_3.pem
#7 115.0 Adding debian:TUBITAK_Kamu_SM_SSL_Kok_Sertifikasi_-_Surum_1.pem
#7 115.0 Adding debian:TWCA_CYBER_Root_CA.pem
#7 115.0 Adding debian:TWCA_Global_Root_CA.pem
#7 115.0 Adding debian:TWCA_Root_Certification_Authority.pem
#7 115.0 Adding debian:Telekom_Security_TLS_ECC_Root_2020.pem
#7 115.0 Adding debian:Telekom_Security_TLS_RSA_Root_2023.pem
#7 115.0 Adding debian:TeliaSonera_Root_CA_v1.pem
#7 115.0 Adding debian:Telia_Root_CA_v2.pem
#7 115.0 Adding debian:TrustAsia_Global_Root_CA_G3.pem
#7 115.0 Adding debian:TrustAsia_Global_Root_CA_G4.pem
#7 115.0 Adding debian:Trustwave_Global_Certification_Authority.pem
#7 115.0 Adding debian:Trustwave_Global_ECC_P256_Certification_Authority.pem
#7 115.0 Adding debian:Trustwave_Global_ECC_P384_Certification_Authority.pem
#7 115.0 Adding debian:TunTrust_Root_CA.pem
#7 115.0 Adding debian:UCA_Extended_Validation_Root.pem
#7 115.0 Adding debian:UCA_Global_G2_Root.pem
#7 115.0 Adding debian:USERTrust_ECC_Certification_Authority.pem
#7 115.0 Adding debian:USERTrust_RSA_Certification_Authority.pem
#7 115.0 Adding debian:XRamp_Global_CA_Root.pem
#7 115.0 Adding debian:certSIGN_ROOT_CA.pem
#7 115.0 Adding debian:certSIGN_Root_CA_G2.pem
#7 115.0 Adding debian:e-Szigno_Root_CA_2017.pem
#7 115.0 Adding debian:ePKI_Root_Certification_Authority.pem
#7 115.0 Adding debian:emSign_ECC_Root_CA_-_C3.pem
#7 115.0 Adding debian:emSign_ECC_Root_CA_-_G3.pem
#7 115.0 Adding debian:emSign_Root_CA_-_C1.pem
#7 115.0 Adding debian:emSign_Root_CA_-_G1.pem
#7 115.1 Adding debian:vTrus_ECC_Root_CA.pem
#7 115.1 Adding debian:vTrus_Root_CA.pem
#7 115.1 done.
#7 115.1 Setting up openjdk-21-jdk-headless:amd64 (21.0.9+10-1~deb13u1) ...
#7 115.1 update-alternatives: using /usr/lib/jvm/java-21-openjdk-amd64/bin/jar to provide /usr/bin/jar (jar) in auto mode
#7 115.1 update-alternatives: using /usr/lib/jvm/java-21-openjdk-amd64/bin/jarsigner to provide /usr/bin/jarsigner (jarsigner) in auto mode
#7 115.1 update-alternatives: using /usr/lib/jvm/java-21-openjdk-amd64/bin/javac to provide /usr/bin/javac (javac) in auto mode
#7 115.2 update-alternatives: using /usr/lib/jvm/java-21-openjdk-amd64/bin/javadoc to provide /usr/bin/javadoc (javadoc) in auto mode
#7 115.2 update-alternatives: using /usr/lib/jvm/java-21-openjdk-amd64/bin/javap to provide /usr/bin/javap (javap) in auto mode
#7 115.2 update-alternatives: using /usr/lib/jvm/java-21-openjdk-amd64/bin/jcmd to provide /usr/bin/jcmd (jcmd) in auto mode
#7 115.2 update-alternatives: using /usr/lib/jvm/java-21-openjdk-amd64/bin/jdb to provide /usr/bin/jdb (jdb) in auto mode
#7 115.2 update-alternatives: using /usr/lib/jvm/java-21-openjdk-amd64/bin/jdeprscan to provide /usr/bin/jdeprscan (jdeprscan) in auto mode
#7 115.2 update-alternatives: using /usr/lib/jvm/java-21-openjdk-amd64/bin/jdeps to provide /usr/bin/jdeps (jdeps) in auto mode
#7 115.2 update-alternatives: using /usr/lib/jvm/java-21-openjdk-amd64/bin/jfr to provide /usr/bin/jfr (jfr) in auto mode
#7 115.2 update-alternatives: using /usr/lib/jvm/java-21-openjdk-amd64/bin/jimage to provide /usr/bin/jimage (jimage) in auto mode
#7 115.2 update-alternatives: using /usr/lib/jvm/java-21-openjdk-amd64/bin/jinfo to provide /usr/bin/jinfo (jinfo) in auto mode
#7 115.2 update-alternatives: using /usr/lib/jvm/java-21-openjdk-amd64/bin/jlink to provide /usr/bin/jlink (jlink) in auto mode
#7 115.2 update-alternatives: using /usr/lib/jvm/java-21-openjdk-amd64/bin/jmap to provide /usr/bin/jmap (jmap) in auto mode
#7 115.3 update-alternatives: using /usr/lib/jvm/java-21-openjdk-amd64/bin/jmod to provide /usr/bin/jmod (jmod) in auto mode
#7 115.3 update-alternatives: using /usr/lib/jvm/java-21-openjdk-amd64/bin/jps to provide /usr/bin/jps (jps) in auto mode
#7 115.3 update-alternatives: using /usr/lib/jvm/java-21-openjdk-amd64/bin/jrunscript to provide /usr/bin/jrunscript (jrunscript) in auto mode
#7 115.3 update-alternatives: using /usr/lib/jvm/java-21-openjdk-amd64/bin/jshell to provide /usr/bin/jshell (jshell) in auto mode
#7 115.3 update-alternatives: using /usr/lib/jvm/java-21-openjdk-amd64/bin/jstack to provide /usr/bin/jstack (jstack) in auto mode
#7 115.3 update-alternatives: using /usr/lib/jvm/java-21-openjdk-amd64/bin/jstat to provide /usr/bin/jstat (jstat) in auto mode
#7 115.3 update-alternatives: using /usr/lib/jvm/java-21-openjdk-amd64/bin/jstatd to provide /usr/bin/jstatd (jstatd) in auto mode
#7 115.3 update-alternatives: using /usr/lib/jvm/java-21-openjdk-amd64/bin/jwebserver to provide /usr/bin/jwebserver (jwebserver) in auto mode
#7 115.3 update-alternatives: using /usr/lib/jvm/java-21-openjdk-amd64/bin/serialver to provide /usr/bin/serialver (serialver) in auto mode
#7 115.3 update-alternatives: using /usr/lib/jvm/java-21-openjdk-amd64/bin/jhsdb to provide /usr/bin/jhsdb (jhsdb) in auto mode
#7 115.4 Setting up default-jre-headless (2:1.21-76) ...
#7 115.4 Setting up default-jdk-headless (2:1.21-76) ...
#7 115.6 [38;5;79m2026-01-11 20:43:13 - Installing pre-requisites[0m
#7 115.6 
#7 115.6 WARNING: apt does not have a stable CLI interface. Use with caution in scripts.
#7 115.6 
#7 115.7 Hit:1 http://deb.debian.org/debian trixie InRelease
#7 115.7 Get:2 http://deb.debian.org/debian trixie-updates InRelease [47.3 kB]
#7 115.8 Hit:3 http://deb.debian.org/debian-security trixie-security InRelease
#7 115.8 Fetched 47.3 kB in 0s (456 kB/s)
#7 115.8 Reading package lists...
#7 116.2 Building dependency tree...
#7 116.3 Reading state information...
#7 116.3 3 packages can be upgraded. Run 'apt list --upgradable' to see them.
#7 116.3 
#7 116.3 WARNING: apt does not have a stable CLI interface. Use with caution in scripts.
#7 116.3 
#7 116.3 Reading package lists...
#7 116.8 Building dependency tree...
#7 116.9 Reading state information...
#7 117.1 ca-certificates is already the newest version (20250419).
#7 117.1 curl is already the newest version (8.14.1-2+deb13u2).
#7 117.1 gnupg is already the newest version (2.4.7-21+deb13u1).
#7 117.1 Installing:
#7 117.1   apt-transport-https
#7 117.1 
#7 117.1 Summary:
#7 117.1   Upgrading: 0, Installing: 1, Removing: 0, Not Upgrading: 3
#7 117.1   Download size: 38.6 kB
#7 117.1   Space needed: 49.2 kB / 967 GB available
#7 117.1 
#7 117.1 Get:1 http://deb.debian.org/debian trixie/main amd64 apt-transport-https all 3.0.3 [38.6 kB]
#7 117.2 debconf: unable to initialize frontend: Dialog
#7 117.2 debconf: (TERM is not set, so the dialog frontend is not usable.)
#7 117.2 debconf: falling back to frontend: Readline
#7 117.2 debconf: unable to initialize frontend: Readline
#7 117.2 debconf: (This frontend requires a controlling tty.)
#7 117.2 debconf: falling back to frontend: Teletype
#7 117.2 debconf: unable to initialize frontend: Teletype
#7 117.2 debconf: (This frontend requires a controlling tty.)
#7 117.2 debconf: falling back to frontend: Noninteractive
#7 117.7 Fetched 38.6 kB in 0s (778 kB/s)
#7 117.7 Selecting previously unselected package apt-transport-https.
#7 117.7 (Reading database ... 
(Reading database ... 5%
(Reading database ... 10%
(Reading database ... 15%
(Reading database ... 20%
(Reading database ... 25%
(Reading database ... 30%
(Reading database ... 35%
(Reading database ... 40%
(Reading database ... 45%
(Reading database ... 50%
(Reading database ... 55%
(Reading database ... 60%
(Reading database ... 65%
(Reading database ... 70%
(Reading database ... 75%
(Reading database ... 80%
(Reading database ... 85%
(Reading database ... 90%
(Reading database ... 95%
(Reading database ... 100%
(Reading database ... 19714 files and directories currently installed.)
#7 117.7 Preparing to unpack .../apt-transport-https_3.0.3_all.deb ...
#7 117.7 Unpacking apt-transport-https (3.0.3) ...
#7 117.8 Setting up apt-transport-https (3.0.3) ...
#7 118.0 
#7 118.0 WARNING: apt does not have a stable CLI interface. Use with caution in scripts.
#7 118.0 
#7 118.0 Hit:1 http://deb.debian.org/debian trixie InRelease
#7 118.0 Hit:2 http://deb.debian.org/debian trixie-updates InRelease
#7 118.0 Hit:3 http://deb.debian.org/debian-security trixie-security InRelease
#7 118.1 Get:4 https://deb.nodesource.com/node_20.x nodistro InRelease [12.1 kB]
#7 118.2 Get:5 https://deb.nodesource.com/node_20.x nodistro/main amd64 Packages [13.2 kB]
#7 118.2 Fetched 25.3 kB in 0s (143 kB/s)
#7 118.2 Reading package lists...
#7 118.6 Building dependency tree...
#7 118.7 Reading state information...
#7 118.7 3 packages can be upgraded. Run 'apt list --upgradable' to see them.
#7 118.7 Warning: https://deb.nodesource.com/node_20.x/dists/nodistro/InRelease: Policy will reject signature within a year, see --audit for details
#7 118.7 [1;34m2026-01-11 20:43:16 - Repository configured successfully.[0m
#7 118.7 [38;5;79m2026-01-11 20:43:16 - To install Node.js, run: apt install nodejs -y[0m
#7 118.7 [38;5;79m2026-01-11 20:43:16 - You can use N|solid Runtime as a node.js alternative[0m
#7 118.7 [1;32m2026-01-11 20:43:16 - To install N|solid Runtime, run: apt install nsolid -y 
#7 118.7 [0m
#7 118.7 Reading package lists...
#7 119.2 Building dependency tree...
#7 119.3 Reading state information...
#7 119.5 The following NEW packages will be installed:
#7 119.5   nodejs
#7 119.6 0 upgraded, 1 newly installed, 0 to remove and 3 not upgraded.
#7 119.6 Need to get 32.0 MB of archives.
#7 119.6 After this operation, 197 MB of additional disk space will be used.
#7 119.6 Get:1 https://deb.nodesource.com/node_20.x nodistro/main amd64 nodejs amd64 20.19.6-1nodesource1 [32.0 MB]
#7 123.3 debconf: unable to initialize frontend: Dialog
#7 123.3 debconf: (TERM is not set, so the dialog frontend is not usable.)
#7 123.3 debconf: falling back to frontend: Readline
#7 123.4 debconf: unable to initialize frontend: Readline
#7 123.4 debconf: (This frontend requires a controlling tty.)
#7 123.4 debconf: falling back to frontend: Teletype
#7 123.4 debconf: unable to initialize frontend: Teletype
#7 123.4 debconf: (This frontend requires a controlling tty.)
#7 123.4 debconf: falling back to frontend: Noninteractive
#7 123.8 Fetched 32.0 MB in 4s (8664 kB/s)
#7 123.9 Selecting previously unselected package nodejs.
#7 123.9 (Reading database ... 
(Reading database ... 5%
(Reading database ... 10%
(Reading database ... 15%
(Reading database ... 20%
(Reading database ... 25%
(Reading database ... 30%
(Reading database ... 35%
(Reading database ... 40%
(Reading database ... 45%
(Reading database ... 50%
(Reading database ... 55%
(Reading database ... 60%
(Reading database ... 65%
(Reading database ... 70%
(Reading database ... 75%
(Reading database ... 80%
(Reading database ... 85%
(Reading database ... 90%
(Reading database ... 95%
(Reading database ... 100%
(Reading database ... 19718 files and directories currently installed.)
#7 123.9 Preparing to unpack .../nodejs_20.19.6-1nodesource1_amd64.deb ...
#7 123.9 Unpacking nodejs (20.19.6-1nodesource1) ...
#7 125.2 Setting up nodejs (20.19.6-1nodesource1) ...
#7 DONE 125.7s

#8 [backend  4/20] RUN install -m 0755 -d /etc/apt/keyrings     && curl -fsSL https://download.docker.com/linux/debian/gpg -o /etc/apt/keyrings/docker.asc     && chmod a+r /etc/apt/keyrings/docker.asc     && echo "deb [arch=$(dpkg --print-architecture) signed-by=/etc/apt/keyrings/docker.asc] https://download.docker.com/linux/debian $(. /etc/os-release && echo "$VERSION_CODENAME") stable" | tee /etc/apt/sources.list.d/docker.list > /dev/null     && apt-get update     && apt-get install -y --no-install-recommends docker-ce-cli     && rm -rf /var/lib/apt/lists/*
#8 0.557 Get:1 http://deb.debian.org/debian trixie InRelease [140 kB]
#8 0.591 Get:2 http://deb.debian.org/debian trixie-updates InRelease [47.3 kB]
#8 0.608 Get:3 https://download.docker.com/linux/debian trixie InRelease [32.5 kB]
#8 0.612 Get:4 http://deb.debian.org/debian-security trixie-security InRelease [43.4 kB]
#8 0.628 Get:5 http://deb.debian.org/debian trixie/main amd64 Packages [9670 kB]
#8 0.629 Get:6 https://download.docker.com/linux/debian trixie/stable amd64 Packages [23.9 kB]
#8 0.643 Get:7 https://deb.nodesource.com/node_20.x nodistro InRelease [12.1 kB]
#8 0.687 Get:8 https://deb.nodesource.com/node_20.x nodistro/main amd64 Packages [13.2 kB]
#8 1.723 Get:9 http://deb.debian.org/debian trixie-updates/main amd64 Packages [5412 B]
#8 1.741 Get:10 http://deb.debian.org/debian-security trixie-security/main amd64 Packages [94.5 kB]
#8 2.283 Fetched 10.1 MB in 2s (5753 kB/s)
#8 2.283 Reading package lists...
#8 2.711 W: https://deb.nodesource.com/node_20.x/dists/nodistro/InRelease: Policy will reject signature within a year, see --audit for details
#8 2.727 Reading package lists...
#8 3.164 Building dependency tree...
#8 3.282 Reading state information...
#8 3.410 Suggested packages:
#8 3.410   docker-model-plugin
#8 3.410 Recommended packages:
#8 3.410   docker-buildx-plugin docker-compose-plugin
#8 3.423 The following NEW packages will be installed:
#8 3.424   docker-ce-cli
#8 3.493 0 upgraded, 1 newly installed, 0 to remove and 3 not upgraded.
#8 3.493 Need to get 16.3 MB of archives.
#8 3.493 After this operation, 44.3 MB of additional disk space will be used.
#8 3.493 Get:1 https://download.docker.com/linux/debian trixie/stable amd64 docker-ce-cli amd64 5:29.1.4-1~debian.13~trixie [16.3 MB]
#8 5.454 debconf: unable to initialize frontend: Dialog
#8 5.454 debconf: (TERM is not set, so the dialog frontend is not usable.)
#8 5.454 debconf: falling back to frontend: Readline
#8 5.460 debconf: unable to initialize frontend: Readline
#8 5.460 debconf: (This frontend requires a controlling tty.)
#8 5.460 debconf: falling back to frontend: Teletype
#8 5.464 debconf: unable to initialize frontend: Teletype
#8 5.464 debconf: (This frontend requires a controlling tty.)
#8 5.464 debconf: falling back to frontend: Noninteractive
#8 5.917 Fetched 16.3 MB in 2s (8609 kB/s)
#8 5.961 Selecting previously unselected package docker-ce-cli.
#8 5.961 (Reading database ... 
(Reading database ... 5%
(Reading database ... 10%
(Reading database ... 15%
(Reading database ... 20%
(Reading database ... 25%
(Reading database ... 30%
(Reading database ... 35%
(Reading database ... 40%
(Reading database ... 45%
(Reading database ... 50%
(Reading database ... 55%
(Reading database ... 60%
(Reading database ... 65%
(Reading database ... 70%
(Reading database ... 75%
(Reading database ... 80%
(Reading database ... 85%
(Reading database ... 90%
(Reading database ... 95%
(Reading database ... 100%
(Reading database ... 25081 files and directories currently installed.)
#8 5.974 Preparing to unpack .../docker-ce-cli_5%3a29.1.4-1~debian.13~trixie_amd64.deb ...
#8 5.989 Unpacking docker-ce-cli (5:29.1.4-1~debian.13~trixie) ...
#8 6.352 Setting up docker-ce-cli (5:29.1.4-1~debian.13~trixie) ...
#8 DONE 6.5s

#9 [backend  5/20] RUN wget -q https://go.dev/dl/go1.21.5.linux-amd64.tar.gz     && tar -C /usr/local -xzf go1.21.5.linux-amd64.tar.gz     && rm go1.21.5.linux-amd64.tar.gz
#9 DONE 10.5s

#10 [backend  6/20] RUN go install github.com/securego/gosec/v2/cmd/gosec@latest
#10 0.724 go: downloading github.com/securego/gosec v0.0.0-20200401082031-e946c8c39989
#10 0.747 go: downloading github.com/securego/gosec/v2 v2.22.11
#10 0.906 go: github.com/securego/gosec/v2@v2.22.11 requires go >= 1.24.0; switching to go1.24.11
#10 0.906 go: downloading go1.24.11 (linux/amd64)
#10 14.45 go: downloading github.com/anthropics/anthropic-sdk-go v1.19.0
#10 14.46 go: downloading google.golang.org/genai v1.37.0
#10 14.46 go: downloading github.com/openai/openai-go/v3 v3.8.1
#10 14.46 go: downloading golang.org/x/tools v0.39.0
#10 14.46 go: downloading github.com/ccojocar/zxcvbn-go v1.0.4
#10 14.47 go: downloading github.com/google/uuid v1.6.0
#10 14.47 go: downloading github.com/gookit/color v1.6.0
#10 14.47 go: downloading go.yaml.in/yaml/v3 v3.0.4
#10 15.35 go: downloading github.com/xo/terminfo v0.0.0-20220910002029-abceb7e1c41e
#10 15.35 go: downloading github.com/tidwall/gjson v1.18.0
#10 15.35 go: downloading github.com/tidwall/sjson v1.2.5
#10 15.36 go: downloading cloud.google.com/go/auth v0.16.5
#10 15.36 go: downloading github.com/google/go-cmp v0.7.0
#10 15.36 go: downloading github.com/gorilla/websocket v1.5.3
#10 15.36 go: downloading cloud.google.com/go v0.121.2
#10 15.50 go: downloading golang.org/x/sync v0.18.0
#10 15.50 go: downloading golang.org/x/mod v0.30.0
#10 15.68 go: downloading cloud.google.com/go/compute/metadata v0.8.0
#10 15.68 go: downloading golang.org/x/net v0.47.0
#10 15.68 go: downloading github.com/googleapis/gax-go/v2 v2.15.0
#10 15.68 go: downloading google.golang.org/grpc v1.75.0
#10 15.68 go: downloading go.opentelemetry.io/contrib/instrumentation/net/http/otelhttp v0.61.0
#10 15.68 go: downloading github.com/googleapis/enterprise-certificate-proxy v0.3.6
#10 15.69 go: downloading github.com/google/s2a-go v0.1.9
#10 16.08 go: downloading github.com/tidwall/match v1.1.1
#10 16.08 go: downloading github.com/tidwall/pretty v1.2.1
#10 16.24 go: downloading go.opentelemetry.io/otel v1.37.0
#10 16.24 go: downloading github.com/felixge/httpsnoop v1.0.4
#10 16.24 go: downloading go.opentelemetry.io/otel/metric v1.37.0
#10 16.24 go: downloading go.opentelemetry.io/otel/trace v1.37.0
#10 16.31 go: downloading google.golang.org/protobuf v1.36.8
#10 16.83 go: downloading golang.org/x/text v0.31.0
#10 16.83 go: downloading golang.org/x/crypto v0.45.0
#10 16.83 go: downloading google.golang.org/genproto/googleapis/rpc v0.0.0-20250818200422-3122310a409c
#10 16.83 go: downloading github.com/go-logr/logr v1.4.3
#10 16.83 go: downloading github.com/go-logr/stdr v1.2.2
#10 16.83 go: downloading go.opentelemetry.io/auto/sdk v1.1.0
#10 16.83 go: downloading golang.org/x/sys v0.38.0
#10 DONE 33.1s

#11 [backend  7/20] RUN mkdir -p /opt/spotbugs/plugin     && wget -q -O /tmp/spotbugs.zip https://github.com/spotbugs/spotbugs/releases/download/4.8.3/spotbugs-4.8.3.zip     && unzip -q /tmp/spotbugs.zip -d /opt     && mv /opt/spotbugs-4.8.3/* /opt/spotbugs/     && rm -rf /opt/spotbugs-4.8.3 /tmp/spotbugs.zip     && wget -q -O /opt/spotbugs/plugin/findsecbugs-plugin.jar        https://repo1.maven.org/maven2/com/h3xstream/findsecbugs/findsecbugs-plugin/1.12.0/findsecbugs-plugin-1.12.0.jar     && chmod +x /opt/spotbugs/bin/spotbugs     && ln -s /opt/spotbugs/bin/spotbugs /usr/local/bin/spotbugs
#11 DONE 3.2s

#12 [backend  8/20] RUN wget -q -O /tmp/jadx.zip https://github.com/skylot/jadx/releases/download/v1.5.0/jadx-1.5.0.zip     && mkdir -p /opt/jadx     && unzip -q /tmp/jadx.zip -d /opt/jadx     && chmod +x /opt/jadx/bin/jadx /opt/jadx/bin/jadx-gui     && ln -s /opt/jadx/bin/jadx /usr/local/bin/jadx     && rm /tmp/jadx.zip
#12 DONE 16.3s

#13 [backend  9/20] RUN wget -q -O /tmp/ghidra.zip https://github.com/NationalSecurityAgency/ghidra/releases/download/Ghidra_11.2.1_build/ghidra_11.2.1_PUBLIC_20241105.zip     && unzip -q /tmp/ghidra.zip -d /opt     && mv /opt/ghidra_11.2.1_PUBLIC /opt/ghidra     && chmod +x /opt/ghidra/support/analyzeHeadless     && rm /tmp/ghidra.zip
#13 DONE 58.4s

#14 [backend 10/20] RUN npm install -g eslint eslint-plugin-security @eslint/js
#14 3.212 
#14 3.212 added 88 packages in 3s
#14 3.212 
#14 3.212 23 packages are looking for funding
#14 3.212   run `npm fund` for details
#14 3.216 npm notice
#14 3.216 npm notice New major version of npm available! 10.8.2 -> 11.7.0
#14 3.216 npm notice Changelog: https://github.com/npm/cli/releases/tag/v11.7.0
#14 3.216 npm notice To update run: npm install -g npm@11.7.0
#14 3.216 npm notice
#14 DONE 3.4s

#15 [backend 11/20] RUN apt-get update && apt-get install -y --no-install-recommends     php-cli     php-mbstring     php-xml     php-curl     composer     && rm -rf /var/lib/apt/lists/*     && composer global require --no-interaction squizlabs/php_codesniffer     && composer global require --no-interaction pheromone/phpcs-security-audit     && ln -sf /root/.composer/vendor/bin/phpcs /usr/local/bin/phpcs
#15 0.465 Get:1 http://deb.debian.org/debian trixie InRelease [140 kB]
#15 0.504 Get:2 http://deb.debian.org/debian trixie-updates InRelease [47.3 kB]
#15 0.515 Get:3 https://deb.nodesource.com/node_20.x nodistro InRelease [12.1 kB]
#15 0.518 Get:4 http://deb.debian.org/debian-security trixie-security InRelease [43.4 kB]
#15 0.536 Get:5 http://deb.debian.org/debian trixie/main amd64 Packages [9670 kB]
#15 0.553 Get:6 https://download.docker.com/linux/debian trixie InRelease [32.5 kB]
#15 0.559 Get:7 https://deb.nodesource.com/node_20.x nodistro/main amd64 Packages [13.2 kB]
#15 0.609 Get:8 https://download.docker.com/linux/debian trixie/stable amd64 Packages [23.9 kB]
#15 1.656 Get:9 http://deb.debian.org/debian trixie-updates/main amd64 Packages [5412 B]
#15 1.668 Get:10 http://deb.debian.org/debian-security trixie-security/main amd64 Packages [94.5 kB]
#15 2.279 Fetched 10.1 MB in 2s (5420 kB/s)
#15 2.279 Reading package lists...
#15 2.787 W: https://deb.nodesource.com/node_20.x/dists/nodistro/InRelease: Policy will reject signature within a year, see --audit for details
#15 2.796 Reading package lists...
#15 3.263 Building dependency tree...
#15 3.381 Reading state information...
#15 3.518 The following additional packages will be installed:
#15 3.519   jsonlint libargon2-1 libicu76 libonig5 libproc2-0 libsodium23
#15 3.519   libtext-charwidth-perl libtext-wrapi18n-perl libxslt1.1 php-common
#15 3.519   php-composer-ca-bundle php-composer-class-map-generator
#15 3.519   php-composer-metadata-minifier php-composer-pcre php-composer-semver
#15 3.519   php-composer-spdx-licenses php-composer-xdebug-handler php-enum php-intl
#15 3.519   php-json-schema php-psr-container php-psr-log php-react-promise
#15 3.519   php-seld-signal-handler php-symfony-console
#15 3.519   php-symfony-deprecation-contracts php-symfony-filesystem php-symfony-finder
#15 3.519   php-symfony-process php-symfony-service-contracts php-symfony-string
#15 3.519   php8.4-cli php8.4-common php8.4-curl php8.4-intl php8.4-mbstring
#15 3.519   php8.4-opcache php8.4-readline php8.4-xml procps psmisc sensible-utils ucf
#15 3.520 Suggested packages:
#15 3.520   fossil mercurial subversion php-pear
#15 3.520 Recommended packages:
#15 3.520   php-zip xz-utils linux-sysctl-defaults
#15 3.739 The following NEW packages will be installed:
#15 3.740   composer jsonlint libargon2-1 libicu76 libonig5 libproc2-0 libsodium23
#15 3.740   libtext-charwidth-perl libtext-wrapi18n-perl libxslt1.1 php-cli php-common
#15 3.740   php-composer-ca-bundle php-composer-class-map-generator
#15 3.740   php-composer-metadata-minifier php-composer-pcre php-composer-semver
#15 3.740   php-composer-spdx-licenses php-composer-xdebug-handler php-curl php-enum
#15 3.740   php-intl php-json-schema php-mbstring php-psr-container php-psr-log
#15 3.740   php-react-promise php-seld-signal-handler php-symfony-console
#15 3.740   php-symfony-deprecation-contracts php-symfony-filesystem php-symfony-finder
#15 3.740   php-symfony-process php-symfony-service-contracts php-symfony-string php-xml
#15 3.740   php8.4-cli php8.4-common php8.4-curl php8.4-intl php8.4-mbstring
#15 3.740   php8.4-opcache php8.4-readline php8.4-xml procps psmisc sensible-utils ucf
#15 3.786 0 upgraded, 48 newly installed, 0 to remove and 3 not upgraded.
#15 3.786 Need to get 17.0 MB of archives.
#15 3.786 After this operation, 71.7 MB of additional disk space will be used.
#15 3.786 Get:1 http://deb.debian.org/debian trixie/main amd64 libproc2-0 amd64 2:4.0.4-9 [65.6 kB]
#15 3.816 Get:2 http://deb.debian.org/debian trixie/main amd64 procps amd64 2:4.0.4-9 [882 kB]
#15 3.917 Get:3 http://deb.debian.org/debian trixie/main amd64 sensible-utils all 0.0.25 [25.0 kB]
#15 3.917 Get:4 http://deb.debian.org/debian trixie/main amd64 libtext-charwidth-perl amd64 0.04-11+b4 [9476 B]
#15 3.917 Get:5 http://deb.debian.org/debian trixie/main amd64 libtext-wrapi18n-perl all 0.06-10 [8808 B]
#15 3.917 Get:6 http://deb.debian.org/debian trixie/main amd64 ucf all 3.0052 [43.3 kB]
#15 3.937 Get:7 http://deb.debian.org/debian trixie/main amd64 psmisc amd64 23.7-2 [267 kB]
#15 3.964 Get:8 http://deb.debian.org/debian trixie/main amd64 php-common all 2:96 [13.3 kB]
#15 3.974 Get:9 http://deb.debian.org/debian-security trixie-security/main amd64 php8.4-common amd64 8.4.16-1~deb13u1 [767 kB]
#15 4.072 Get:10 http://deb.debian.org/debian-security trixie-security/main amd64 php8.4-opcache amd64 8.4.16-1~deb13u1 [459 kB]
#15 4.125 Get:11 http://deb.debian.org/debian-security trixie-security/main amd64 php8.4-readline amd64 8.4.16-1~deb13u1 [12.7 kB]
#15 4.125 Get:12 http://deb.debian.org/debian trixie/main amd64 libargon2-1 amd64 0~20190702+dfsg-4+b2 [21.4 kB]
#15 4.129 Get:13 http://deb.debian.org/debian-security trixie-security/main amd64 libsodium23 amd64 1.0.18-1+deb13u1 [165 kB]
#15 4.156 Get:14 http://deb.debian.org/debian-security trixie-security/main amd64 php8.4-cli amd64 8.4.16-1~deb13u1 [1852 kB]
#15 4.365 Get:15 http://deb.debian.org/debian trixie/main amd64 php-cli all 2:8.4+96 [4416 B]
#15 4.365 Get:16 http://deb.debian.org/debian trixie/main amd64 php-composer-ca-bundle all 1.5.6-1 [9176 B]
#15 4.380 Get:17 http://deb.debian.org/debian trixie/main amd64 php-symfony-finder all 6.4.21+dfsg-2+deb13u1 [33.6 kB]
#15 4.382 Get:18 http://deb.debian.org/debian trixie/main amd64 php-composer-pcre all 3.3.2-3 [14.5 kB]
#15 4.385 Get:19 http://deb.debian.org/debian trixie/main amd64 php-composer-class-map-generator all 1.6.1-1 [12.0 kB]
#15 4.386 Get:20 http://deb.debian.org/debian trixie/main amd64 php-composer-metadata-minifier all 1.0.0-2 [3632 B]
#15 4.387 Get:21 http://deb.debian.org/debian trixie/main amd64 php-composer-semver all 3.4.3-2 [22.2 kB]
#15 4.393 Get:22 http://deb.debian.org/debian trixie/main amd64 php-composer-spdx-licenses all 1.5.8-3 [15.9 kB]
#15 4.394 Get:23 http://deb.debian.org/debian trixie/main amd64 php-psr-log all 3.0.2-2 [7336 B]
#15 4.396 Get:24 http://deb.debian.org/debian trixie/main amd64 php-composer-xdebug-handler all 3.0.5-4 [19.3 kB]
#15 4.399 Get:25 http://deb.debian.org/debian trixie/main amd64 php-enum all 4.7.1-1 [22.5 kB]
#15 4.400 Get:26 http://deb.debian.org/debian trixie/main amd64 php-json-schema all 6.4.1-1 [41.1 kB]
#15 4.405 Get:27 http://deb.debian.org/debian trixie/main amd64 jsonlint all 1.11.0-2 [14.9 kB]
#15 4.406 Get:28 http://deb.debian.org/debian trixie/main amd64 php-symfony-deprecation-contracts all 3.5.2-5 [7044 B]
#15 4.409 Get:29 http://deb.debian.org/debian trixie/main amd64 libonig5 amd64 6.9.9-1+b1 [189 kB]
#15 4.437 Get:30 http://deb.debian.org/debian-security trixie-security/main amd64 php8.4-mbstring amd64 8.4.16-1~deb13u1 [453 kB]
#15 4.489 Get:31 http://deb.debian.org/debian trixie/main amd64 php-mbstring all 2:8.4+96 [3972 B]
#15 4.489 Get:32 http://deb.debian.org/debian trixie/main amd64 php-psr-container all 1.1.2-1 [4324 B]
#15 4.490 Get:33 http://deb.debian.org/debian trixie/main amd64 php-symfony-service-contracts all 3.5.2-5 [11.4 kB]
#15 4.500 Get:34 http://deb.debian.org/debian trixie/main amd64 libicu76 amd64 76.1-4 [9722 kB]
#15 5.596 Get:35 http://deb.debian.org/debian-security trixie-security/main amd64 php8.4-intl amd64 8.4.16-1~deb13u1 [155 kB]
#15 5.615 Get:36 http://deb.debian.org/debian trixie/main amd64 php-intl all 2:8.4+96 [3964 B]
#15 5.630 Get:37 http://deb.debian.org/debian trixie/main amd64 php-symfony-string all 6.4.21+dfsg-2+deb13u1 [42.9 kB]
#15 5.645 Get:38 http://deb.debian.org/debian trixie/main amd64 php-symfony-console all 6.4.21+dfsg-2+deb13u1 [108 kB]
#15 5.657 Get:39 http://deb.debian.org/debian trixie/main amd64 php-symfony-filesystem all 6.4.21+dfsg-2+deb13u1 [32.1 kB]
#15 5.671 Get:40 http://deb.debian.org/debian trixie/main amd64 php-symfony-process all 6.4.21+dfsg-2+deb13u1 [39.6 kB]
#15 5.684 Get:41 http://deb.debian.org/debian trixie/main amd64 php-react-promise all 3.2.0-3 [21.4 kB]
#15 5.721 Get:42 http://deb.debian.org/debian trixie/main amd64 php-seld-signal-handler all 2.0.2-4 [9932 B]
#15 5.731 Get:43 http://deb.debian.org/debian trixie/main amd64 composer all 2.8.8-1+deb13u1 [534 kB]
#15 5.801 Get:44 http://deb.debian.org/debian trixie/main amd64 libxslt1.1 amd64 1.1.35-1.2+deb13u2 [233 kB]
#15 5.827 Get:45 http://deb.debian.org/debian-security trixie-security/main amd64 php8.4-curl amd64 8.4.16-1~deb13u1 [39.8 kB]
#15 5.831 Get:46 http://deb.debian.org/debian trixie/main amd64 php-curl all 2:8.4+96 [3960 B]
#15 5.840 Get:47 http://deb.debian.org/debian-security trixie-security/main amd64 php8.4-xml amd64 8.4.16-1~deb13u1 [544 kB]
#15 5.901 Get:48 http://deb.debian.org/debian trixie/main amd64 php-xml all 2:8.4+96 [3984 B]
#15 6.037 debconf: unable to initialize frontend: Dialog
#15 6.037 debconf: (TERM is not set, so the dialog frontend is not usable.)
#15 6.037 debconf: falling back to frontend: Readline
#15 6.043 debconf: unable to initialize frontend: Readline
#15 6.043 debconf: (This frontend requires a controlling tty.)
#15 6.043 debconf: falling back to frontend: Teletype
#15 6.047 debconf: unable to initialize frontend: Teletype
#15 6.047 debconf: (This frontend requires a controlling tty.)
#15 6.047 debconf: falling back to frontend: Noninteractive
#15 6.911 Preconfiguring packages ...
#15 6.988 Fetched 17.0 MB in 2s (7906 kB/s)
#15 7.044 Selecting previously unselected package libproc2-0:amd64.
#15 7.044 (Reading database ... 
(Reading database ... 5%
(Reading database ... 10%
(Reading database ... 15%
(Reading database ... 20%
(Reading database ... 25%
(Reading database ... 30%
(Reading database ... 35%
(Reading database ... 40%
(Reading database ... 45%
(Reading database ... 50%
(Reading database ... 55%
(Reading database ... 60%
(Reading database ... 65%
(Reading database ... 70%
(Reading database ... 75%
(Reading database ... 80%
(Reading database ... 85%
(Reading database ... 90%
(Reading database ... 95%
(Reading database ... 100%
(Reading database ... 25268 files and directories currently installed.)
#15 7.062 Preparing to unpack .../00-libproc2-0_2%3a4.0.4-9_amd64.deb ...
#15 7.091 Unpacking libproc2-0:amd64 (2:4.0.4-9) ...
#15 7.217 Selecting previously unselected package procps.
#15 7.219 Preparing to unpack .../01-procps_2%3a4.0.4-9_amd64.deb ...
#15 7.238 Unpacking procps (2:4.0.4-9) ...
#15 7.364 Selecting previously unselected package sensible-utils.
#15 7.365 Preparing to unpack .../02-sensible-utils_0.0.25_all.deb ...
#15 7.380 Unpacking sensible-utils (0.0.25) ...
#15 7.468 Selecting previously unselected package libtext-charwidth-perl:amd64.
#15 7.470 Preparing to unpack .../03-libtext-charwidth-perl_0.04-11+b4_amd64.deb ...
#15 7.485 Unpacking libtext-charwidth-perl:amd64 (0.04-11+b4) ...
#15 7.570 Selecting previously unselected package libtext-wrapi18n-perl.
#15 7.571 Preparing to unpack .../04-libtext-wrapi18n-perl_0.06-10_all.deb ...
#15 7.586 Unpacking libtext-wrapi18n-perl (0.06-10) ...
#15 7.706 Selecting previously unselected package ucf.
#15 7.708 Preparing to unpack .../05-ucf_3.0052_all.deb ...
#15 7.723 Moving old data out of the way
#15 7.725 Unpacking ucf (3.0052) ...
#15 7.811 Selecting previously unselected package psmisc.
#15 7.812 Preparing to unpack .../06-psmisc_23.7-2_amd64.deb ...
#15 7.828 Unpacking psmisc (23.7-2) ...
#15 7.952 Selecting previously unselected package php-common.
#15 7.953 Preparing to unpack .../07-php-common_2%3a96_all.deb ...
#15 7.969 Unpacking php-common (2:96) ...
#15 8.093 Selecting previously unselected package php8.4-common.
#15 8.095 Preparing to unpack .../08-php8.4-common_8.4.16-1~deb13u1_amd64.deb ...
#15 8.112 Unpacking php8.4-common (8.4.16-1~deb13u1) ...
#15 8.273 Selecting previously unselected package php8.4-opcache.
#15 8.274 Preparing to unpack .../09-php8.4-opcache_8.4.16-1~deb13u1_amd64.deb ...
#15 8.290 Unpacking php8.4-opcache (8.4.16-1~deb13u1) ...
#15 8.422 Selecting previously unselected package php8.4-readline.
#15 8.423 Preparing to unpack .../10-php8.4-readline_8.4.16-1~deb13u1_amd64.deb ...
#15 8.440 Unpacking php8.4-readline (8.4.16-1~deb13u1) ...
#15 8.546 Selecting previously unselected package libargon2-1:amd64.
#15 8.547 Preparing to unpack .../11-libargon2-1_0~20190702+dfsg-4+b2_amd64.deb ...
#15 8.562 Unpacking libargon2-1:amd64 (0~20190702+dfsg-4+b2) ...
#15 8.667 Selecting previously unselected package libsodium23:amd64.
#15 8.669 Preparing to unpack .../12-libsodium23_1.0.18-1+deb13u1_amd64.deb ...
#15 8.684 Unpacking libsodium23:amd64 (1.0.18-1+deb13u1) ...
#15 8.803 Selecting previously unselected package php8.4-cli.
#15 8.805 Preparing to unpack .../13-php8.4-cli_8.4.16-1~deb13u1_amd64.deb ...
#15 8.820 Unpacking php8.4-cli (8.4.16-1~deb13u1) ...
#15 9.003 Selecting previously unselected package php-cli.
#15 9.005 Preparing to unpack .../14-php-cli_2%3a8.4+96_all.deb ...
#15 9.019 Unpacking php-cli (2:8.4+96) ...
#15 9.103 Selecting previously unselected package php-composer-ca-bundle.
#15 9.105 Preparing to unpack .../15-php-composer-ca-bundle_1.5.6-1_all.deb ...
#15 9.120 Unpacking php-composer-ca-bundle (1.5.6-1) ...
#15 9.203 Selecting previously unselected package php-symfony-finder.
#15 9.204 Preparing to unpack .../16-php-symfony-finder_6.4.21+dfsg-2+deb13u1_all.deb ...
#15 9.218 Unpacking php-symfony-finder (6.4.21+dfsg-2+deb13u1) ...
#15 9.303 Selecting previously unselected package php-composer-pcre.
#15 9.304 Preparing to unpack .../17-php-composer-pcre_3.3.2-3_all.deb ...
#15 9.319 Unpacking php-composer-pcre (3.3.2-3) ...
#15 9.405 Selecting previously unselected package php-composer-class-map-generator.
#15 9.407 Preparing to unpack .../18-php-composer-class-map-generator_1.6.1-1_all.deb ...
#15 9.423 Unpacking php-composer-class-map-generator (1.6.1-1) ...
#15 9.503 Selecting previously unselected package php-composer-metadata-minifier.
#15 9.505 Preparing to unpack .../19-php-composer-metadata-minifier_1.0.0-2_all.deb ...
#15 9.520 Unpacking php-composer-metadata-minifier (1.0.0-2) ...
#15 9.605 Selecting previously unselected package php-composer-semver.
#15 9.607 Preparing to unpack .../20-php-composer-semver_3.4.3-2_all.deb ...
#15 9.623 Unpacking php-composer-semver (3.4.3-2) ...
#15 9.719 Selecting previously unselected package php-composer-spdx-licenses.
#15 9.721 Preparing to unpack .../21-php-composer-spdx-licenses_1.5.8-3_all.deb ...
#15 9.736 Unpacking php-composer-spdx-licenses (1.5.8-3) ...
#15 9.822 Selecting previously unselected package php-psr-log.
#15 9.824 Preparing to unpack .../22-php-psr-log_3.0.2-2_all.deb ...
#15 9.839 Unpacking php-psr-log (3.0.2-2) ...
#15 9.926 Selecting previously unselected package php-composer-xdebug-handler.
#15 9.928 Preparing to unpack .../23-php-composer-xdebug-handler_3.0.5-4_all.deb ...
#15 9.942 Unpacking php-composer-xdebug-handler (3.0.5-4) ...
#15 10.02 Selecting previously unselected package php-enum.
#15 10.03 Preparing to unpack .../24-php-enum_4.7.1-1_all.deb ...
#15 10.04 Unpacking php-enum (4.7.1-1) ...
#15 10.13 Selecting previously unselected package php-json-schema.
#15 10.13 Preparing to unpack .../25-php-json-schema_6.4.1-1_all.deb ...
#15 10.14 Unpacking php-json-schema (6.4.1-1) ...
#15 10.24 Selecting previously unselected package jsonlint.
#15 10.24 Preparing to unpack .../26-jsonlint_1.11.0-2_all.deb ...
#15 10.25 Unpacking jsonlint (1.11.0-2) ...
#15 10.34 Selecting previously unselected package php-symfony-deprecation-contracts.
#15 10.35 Preparing to unpack .../27-php-symfony-deprecation-contracts_3.5.2-5_all.deb ...
#15 10.36 Unpacking php-symfony-deprecation-contracts (3.5.2-5) ...
#15 10.46 Selecting previously unselected package libonig5:amd64.
#15 10.46 Preparing to unpack .../28-libonig5_6.9.9-1+b1_amd64.deb ...
#15 10.48 Unpacking libonig5:amd64 (6.9.9-1+b1) ...
#15 10.61 Selecting previously unselected package php8.4-mbstring.
#15 10.61 Preparing to unpack .../29-php8.4-mbstring_8.4.16-1~deb13u1_amd64.deb ...
#15 10.63 Unpacking php8.4-mbstring (8.4.16-1~deb13u1) ...
#15 10.74 Selecting previously unselected package php-mbstring.
#15 10.74 Preparing to unpack .../30-php-mbstring_2%3a8.4+96_all.deb ...
#15 10.75 Unpacking php-mbstring (2:8.4+96) ...
#15 10.84 Selecting previously unselected package php-psr-container.
#15 10.84 Preparing to unpack .../31-php-psr-container_1.1.2-1_all.deb ...
#15 10.86 Unpacking php-psr-container (1.1.2-1) ...
#15 10.94 Selecting previously unselected package php-symfony-service-contracts.
#15 10.94 Preparing to unpack .../32-php-symfony-service-contracts_3.5.2-5_all.deb ...
#15 10.95 Unpacking php-symfony-service-contracts (3.5.2-5) ...
#15 11.05 Selecting previously unselected package libicu76:amd64.
#15 11.06 Preparing to unpack .../33-libicu76_76.1-4_amd64.deb ...
#15 11.07 Unpacking libicu76:amd64 (76.1-4) ...
#15 11.46 Selecting previously unselected package php8.4-intl.
#15 11.46 Preparing to unpack .../34-php8.4-intl_8.4.16-1~deb13u1_amd64.deb ...
#15 11.48 Unpacking php8.4-intl (8.4.16-1~deb13u1) ...
#15 11.56 Selecting previously unselected package php-intl.
#15 11.56 Preparing to unpack .../35-php-intl_2%3a8.4+96_all.deb ...
#15 11.58 Unpacking php-intl (2:8.4+96) ...
#15 11.66 Selecting previously unselected package php-symfony-string.
#15 11.66 Preparing to unpack .../36-php-symfony-string_6.4.21+dfsg-2+deb13u1_all.deb ...
#15 11.68 Unpacking php-symfony-string (6.4.21+dfsg-2+deb13u1) ...
#15 11.76 Selecting previously unselected package php-symfony-console.
#15 11.76 Preparing to unpack .../37-php-symfony-console_6.4.21+dfsg-2+deb13u1_all.deb ...
#15 11.77 Unpacking php-symfony-console (6.4.21+dfsg-2+deb13u1) ...
#15 11.88 Selecting previously unselected package php-symfony-filesystem.
#15 11.88 Preparing to unpack .../38-php-symfony-filesystem_6.4.21+dfsg-2+deb13u1_all.deb ...
#15 11.89 Unpacking php-symfony-filesystem (6.4.21+dfsg-2+deb13u1) ...
#15 11.97 Selecting previously unselected package php-symfony-process.
#15 11.98 Preparing to unpack .../39-php-symfony-process_6.4.21+dfsg-2+deb13u1_all.deb ...
#15 11.99 Unpacking php-symfony-process (6.4.21+dfsg-2+deb13u1) ...
#15 12.08 Selecting previously unselected package php-react-promise.
#15 12.08 Preparing to unpack .../40-php-react-promise_3.2.0-3_all.deb ...
#15 12.09 Unpacking php-react-promise (3.2.0-3) ...
#15 12.18 Selecting previously unselected package php-seld-signal-handler.
#15 12.18 Preparing to unpack .../41-php-seld-signal-handler_2.0.2-4_all.deb ...
#15 12.19 Unpacking php-seld-signal-handler (2.0.2-4) ...
#15 12.27 Selecting previously unselected package composer.
#15 12.27 Preparing to unpack .../42-composer_2.8.8-1+deb13u1_all.deb ...
#15 12.29 Unpacking composer (2.8.8-1+deb13u1) ...
#15 12.44 Selecting previously unselected package libxslt1.1:amd64.
#15 12.44 Preparing to unpack .../43-libxslt1.1_1.1.35-1.2+deb13u2_amd64.deb ...
#15 12.45 Unpacking libxslt1.1:amd64 (1.1.35-1.2+deb13u2) ...
#15 12.57 Selecting previously unselected package php8.4-curl.
#15 12.57 Preparing to unpack .../44-php8.4-curl_8.4.16-1~deb13u1_amd64.deb ...
#15 12.59 Unpacking php8.4-curl (8.4.16-1~deb13u1) ...
#15 12.68 Selecting previously unselected package php-curl.
#15 12.68 Preparing to unpack .../45-php-curl_2%3a8.4+96_all.deb ...
#15 12.69 Unpacking php-curl (2:8.4+96) ...
#15 12.81 Selecting previously unselected package php8.4-xml.
#15 12.82 Preparing to unpack .../46-php8.4-xml_8.4.16-1~deb13u1_amd64.deb ...
#15 12.83 Unpacking php8.4-xml (8.4.16-1~deb13u1) ...
#15 12.94 Selecting previously unselected package php-xml.
#15 12.94 Preparing to unpack .../47-php-xml_2%3a8.4+96_all.deb ...
#15 12.96 Unpacking php-xml (2:8.4+96) ...
#15 13.06 Setting up libtext-charwidth-perl:amd64 (0.04-11+b4) ...
#15 13.10 Setting up libsodium23:amd64 (1.0.18-1+deb13u1) ...
#15 13.15 Setting up psmisc (23.7-2) ...
#15 13.19 Setting up libargon2-1:amd64 (0~20190702+dfsg-4+b2) ...
#15 13.24 Setting up libtext-wrapi18n-perl (0.06-10) ...
#15 13.28 Setting up libproc2-0:amd64 (2:4.0.4-9) ...
#15 13.32 Setting up sensible-utils (0.0.25) ...
#15 13.37 Setting up procps (2:4.0.4-9) ...
#15 13.45 Setting up libxslt1.1:amd64 (1.1.35-1.2+deb13u2) ...
#15 13.50 Setting up libicu76:amd64 (76.1-4) ...
#15 13.54 Setting up libonig5:amd64 (6.9.9-1+b1) ...
#15 13.58 Setting up php-common (2:96) ...
#15 13.73 Setting up php-psr-container (1.1.2-1) ...
#15 13.78 Setting up php-composer-pcre (3.3.2-3) ...
#15 13.83 Setting up php-seld-signal-handler (2.0.2-4) ...
#15 13.87 Setting up php-composer-ca-bundle (1.5.6-1) ...
#15 13.91 Setting up php-symfony-process (6.4.21+dfsg-2+deb13u1) ...
#15 13.96 Setting up ucf (3.0052) ...
#15 14.02 Setting up php-react-promise (3.2.0-3) ...
#15 14.06 Setting up php-psr-log (3.0.2-2) ...
#15 14.11 Setting up php-composer-metadata-minifier (1.0.0-2) ...
#15 14.15 Setting up php-composer-semver (3.4.3-2) ...
#15 14.19 Setting up php-composer-spdx-licenses (1.5.8-3) ...
#15 14.24 Setting up php-symfony-deprecation-contracts (3.5.2-5) ...
#15 14.28 Setting up php-symfony-finder (6.4.21+dfsg-2+deb13u1) ...
#15 14.33 Setting up php-enum (4.7.1-1) ...
#15 14.37 Setting up php-composer-xdebug-handler (3.0.5-4) ...
#15 14.41 Setting up php8.4-common (8.4.16-1~deb13u1) ...
#15 14.51 debconf: unable to initialize frontend: Dialog
#15 14.51 debconf: (TERM is not set, so the dialog frontend is not usable.)
#15 14.51 debconf: falling back to frontend: Readline
#15 14.51 debconf: unable to initialize frontend: Readline
#15 14.51 debconf: (This frontend requires a controlling tty.)
#15 14.51 debconf: falling back to frontend: Teletype
#15 14.52 debconf: unable to initialize frontend: Teletype
#15 14.52 debconf: (This frontend requires a controlling tty.)
#15 14.52 debconf: falling back to frontend: Noninteractive
#15 14.55 Creating config file /etc/php/8.4/mods-available/calendar.ini with new version
#15 14.70 debconf: unable to initialize frontend: Dialog
#15 14.70 debconf: (TERM is not set, so the dialog frontend is not usable.)
#15 14.70 debconf: falling back to frontend: Readline
#15 14.70 debconf: unable to initialize frontend: Readline
#15 14.70 debconf: (This frontend requires a controlling tty.)
#15 14.70 debconf: falling back to frontend: Teletype
#15 14.71 debconf: unable to initialize frontend: Teletype
#15 14.71 debconf: (This frontend requires a controlling tty.)
#15 14.71 debconf: falling back to frontend: Noninteractive
#15 14.73 Creating config file /etc/php/8.4/mods-available/ctype.ini with new version
#15 14.89 debconf: unable to initialize frontend: Dialog
#15 14.89 debconf: (TERM is not set, so the dialog frontend is not usable.)
#15 14.89 debconf: falling back to frontend: Readline
#15 14.90 debconf: unable to initialize frontend: Readline
#15 14.90 debconf: (This frontend requires a controlling tty.)
#15 14.90 debconf: falling back to frontend: Teletype
#15 14.90 debconf: unable to initialize frontend: Teletype
#15 14.90 debconf: (This frontend requires a controlling tty.)
#15 14.90 debconf: falling back to frontend: Noninteractive
#15 14.93 Creating config file /etc/php/8.4/mods-available/exif.ini with new version
#15 15.09 debconf: unable to initialize frontend: Dialog
#15 15.09 debconf: (TERM is not set, so the dialog frontend is not usable.)
#15 15.09 debconf: falling back to frontend: Readline
#15 15.09 debconf: unable to initialize frontend: Readline
#15 15.09 debconf: (This frontend requires a controlling tty.)
#15 15.09 debconf: falling back to frontend: Teletype
#15 15.10 debconf: unable to initialize frontend: Teletype
#15 15.10 debconf: (This frontend requires a controlling tty.)
#15 15.10 debconf: falling back to frontend: Noninteractive
#15 15.13 Creating config file /etc/php/8.4/mods-available/fileinfo.ini with new version
#15 15.28 debconf: unable to initialize frontend: Dialog
#15 15.28 debconf: (TERM is not set, so the dialog frontend is not usable.)
#15 15.28 debconf: falling back to frontend: Readline
#15 15.29 debconf: unable to initialize frontend: Readline
#15 15.29 debconf: (This frontend requires a controlling tty.)
#15 15.29 debconf: falling back to frontend: Teletype
#15 15.29 debconf: unable to initialize frontend: Teletype
#15 15.29 debconf: (This frontend requires a controlling tty.)
#15 15.29 debconf: falling back to frontend: Noninteractive
#15 15.32 Creating config file /etc/php/8.4/mods-available/ffi.ini with new version
#15 16.00 debconf: unable to initialize frontend: Dialog
#15 16.00 debconf: (TERM is not set, so the dialog frontend is not usable.)
#15 16.00 debconf: falling back to frontend: Readline
#15 16.01 debconf: unable to initialize frontend: Readline
#15 16.01 debconf: (This frontend requires a controlling tty.)
#15 16.01 debconf: falling back to frontend: Teletype
#15 16.01 debconf: unable to initialize frontend: Teletype
#15 16.01 debconf: (This frontend requires a controlling tty.)
#15 16.01 debconf: falling back to frontend: Noninteractive
#15 16.04 Creating config file /etc/php/8.4/mods-available/ftp.ini with new version
#15 16.19 debconf: unable to initialize frontend: Dialog
#15 16.19 debconf: (TERM is not set, so the dialog frontend is not usable.)
#15 16.19 debconf: falling back to frontend: Readline
#15 16.20 debconf: unable to initialize frontend: Readline
#15 16.20 debconf: (This frontend requires a controlling tty.)
#15 16.20 debconf: falling back to frontend: Teletype
#15 16.20 debconf: unable to initialize frontend: Teletype
#15 16.20 debconf: (This frontend requires a controlling tty.)
#15 16.20 debconf: falling back to frontend: Noninteractive
#15 16.23 Creating config file /etc/php/8.4/mods-available/gettext.ini with new version
#15 16.38 debconf: unable to initialize frontend: Dialog
#15 16.38 debconf: (TERM is not set, so the dialog frontend is not usable.)
#15 16.38 debconf: falling back to frontend: Readline
#15 16.39 debconf: unable to initialize frontend: Readline
#15 16.39 debconf: (This frontend requires a controlling tty.)
#15 16.39 debconf: falling back to frontend: Teletype
#15 16.39 debconf: unable to initialize frontend: Teletype
#15 16.39 debconf: (This frontend requires a controlling tty.)
#15 16.39 debconf: falling back to frontend: Noninteractive
#15 16.42 Creating config file /etc/php/8.4/mods-available/iconv.ini with new version
#15 16.56 debconf: unable to initialize frontend: Dialog
#15 16.56 debconf: (TERM is not set, so the dialog frontend is not usable.)
#15 16.56 debconf: falling back to frontend: Readline
#15 16.57 debconf: unable to initialize frontend: Readline
#15 16.57 debconf: (This frontend requires a controlling tty.)
#15 16.57 debconf: falling back to frontend: Teletype
#15 16.57 debconf: unable to initialize frontend: Teletype
#15 16.57 debconf: (This frontend requires a controlling tty.)
#15 16.57 debconf: falling back to frontend: Noninteractive
#15 16.60 Creating config file /etc/php/8.4/mods-available/pdo.ini with new version
#15 16.75 debconf: unable to initialize frontend: Dialog
#15 16.75 debconf: (TERM is not set, so the dialog frontend is not usable.)
#15 16.75 debconf: falling back to frontend: Readline
#15 16.75 debconf: unable to initialize frontend: Readline
#15 16.75 debconf: (This frontend requires a controlling tty.)
#15 16.75 debconf: falling back to frontend: Teletype
#15 16.75 debconf: unable to initialize frontend: Teletype
#15 16.75 debconf: (This frontend requires a controlling tty.)
#15 16.75 debconf: falling back to frontend: Noninteractive
#15 16.78 Creating config file /etc/php/8.4/mods-available/phar.ini with new version
#15 16.93 debconf: unable to initialize frontend: Dialog
#15 16.93 debconf: (TERM is not set, so the dialog frontend is not usable.)
#15 16.93 debconf: falling back to frontend: Readline
#15 16.94 debconf: unable to initialize frontend: Readline
#15 16.94 debconf: (This frontend requires a controlling tty.)
#15 16.94 debconf: falling back to frontend: Teletype
#15 16.94 debconf: unable to initialize frontend: Teletype
#15 16.94 debconf: (This frontend requires a controlling tty.)
#15 16.94 debconf: falling back to frontend: Noninteractive
#15 16.97 Creating config file /etc/php/8.4/mods-available/posix.ini with new version
#15 17.12 debconf: unable to initialize frontend: Dialog
#15 17.12 debconf: (TERM is not set, so the dialog frontend is not usable.)
#15 17.12 debconf: falling back to frontend: Readline
#15 17.12 debconf: unable to initialize frontend: Readline
#15 17.12 debconf: (This frontend requires a controlling tty.)
#15 17.12 debconf: falling back to frontend: Teletype
#15 17.13 debconf: unable to initialize frontend: Teletype
#15 17.13 debconf: (This frontend requires a controlling tty.)
#15 17.13 debconf: falling back to frontend: Noninteractive
#15 17.16 Creating config file /etc/php/8.4/mods-available/shmop.ini with new version
#15 17.30 debconf: unable to initialize frontend: Dialog
#15 17.30 debconf: (TERM is not set, so the dialog frontend is not usable.)
#15 17.30 debconf: falling back to frontend: Readline
#15 17.31 debconf: unable to initialize frontend: Readline
#15 17.31 debconf: (This frontend requires a controlling tty.)
#15 17.31 debconf: falling back to frontend: Teletype
#15 17.31 debconf: unable to initialize frontend: Teletype
#15 17.31 debconf: (This frontend requires a controlling tty.)
#15 17.31 debconf: falling back to frontend: Noninteractive
#15 17.34 Creating config file /etc/php/8.4/mods-available/sockets.ini with new version
#15 17.52 debconf: unable to initialize frontend: Dialog
#15 17.52 debconf: (TERM is not set, so the dialog frontend is not usable.)
#15 17.52 debconf: falling back to frontend: Readline
#15 17.52 debconf: unable to initialize frontend: Readline
#15 17.52 debconf: (This frontend requires a controlling tty.)
#15 17.52 debconf: falling back to frontend: Teletype
#15 17.52 debconf: unable to initialize frontend: Teletype
#15 17.52 debconf: (This frontend requires a controlling tty.)
#15 17.52 debconf: falling back to frontend: Noninteractive
#15 17.55 Creating config file /etc/php/8.4/mods-available/sysvmsg.ini with new version
#15 17.70 debconf: unable to initialize frontend: Dialog
#15 17.70 debconf: (TERM is not set, so the dialog frontend is not usable.)
#15 17.70 debconf: falling back to frontend: Readline
#15 17.71 debconf: unable to initialize frontend: Readline
#15 17.71 debconf: (This frontend requires a controlling tty.)
#15 17.71 debconf: falling back to frontend: Teletype
#15 17.71 debconf: unable to initialize frontend: Teletype
#15 17.71 debconf: (This frontend requires a controlling tty.)
#15 17.71 debconf: falling back to frontend: Noninteractive
#15 17.74 Creating config file /etc/php/8.4/mods-available/sysvsem.ini with new version
#15 17.90 debconf: unable to initialize frontend: Dialog
#15 17.90 debconf: (TERM is not set, so the dialog frontend is not usable.)
#15 17.90 debconf: falling back to frontend: Readline
#15 17.91 debconf: unable to initialize frontend: Readline
#15 17.91 debconf: (This frontend requires a controlling tty.)
#15 17.91 debconf: falling back to frontend: Teletype
#15 17.91 debconf: unable to initialize frontend: Teletype
#15 17.91 debconf: (This frontend requires a controlling tty.)
#15 17.91 debconf: falling back to frontend: Noninteractive
#15 17.94 Creating config file /etc/php/8.4/mods-available/sysvshm.ini with new version
#15 18.08 debconf: unable to initialize frontend: Dialog
#15 18.08 debconf: (TERM is not set, so the dialog frontend is not usable.)
#15 18.08 debconf: falling back to frontend: Readline
#15 18.09 debconf: unable to initialize frontend: Readline
#15 18.09 debconf: (This frontend requires a controlling tty.)
#15 18.09 debconf: falling back to frontend: Teletype
#15 18.09 debconf: unable to initialize frontend: Teletype
#15 18.09 debconf: (This frontend requires a controlling tty.)
#15 18.09 debconf: falling back to frontend: Noninteractive
#15 18.12 Creating config file /etc/php/8.4/mods-available/tokenizer.ini with new version
#15 18.23 Setting up php-symfony-service-contracts (3.5.2-5) ...
#15 18.27 Setting up php8.4-curl (8.4.16-1~deb13u1) ...
#15 18.36 debconf: unable to initialize frontend: Dialog
#15 18.36 debconf: (TERM is not set, so the dialog frontend is not usable.)
#15 18.36 debconf: falling back to frontend: Readline
#15 18.36 debconf: unable to initialize frontend: Readline
#15 18.36 debconf: (This frontend requires a controlling tty.)
#15 18.36 debconf: falling back to frontend: Teletype
#15 18.37 debconf: unable to initialize frontend: Teletype
#15 18.37 debconf: (This frontend requires a controlling tty.)
#15 18.37 debconf: falling back to frontend: Noninteractive
#15 18.40 Creating config file /etc/php/8.4/mods-available/curl.ini with new version
#15 18.51 Setting up php-composer-class-map-generator (1.6.1-1) ...
#15 18.55 Setting up php8.4-xml (8.4.16-1~deb13u1) ...
#15 18.64 debconf: unable to initialize frontend: Dialog
#15 18.64 debconf: (TERM is not set, so the dialog frontend is not usable.)
#15 18.64 debconf: falling back to frontend: Readline
#15 18.65 debconf: unable to initialize frontend: Readline
#15 18.65 debconf: (This frontend requires a controlling tty.)
#15 18.65 debconf: falling back to frontend: Teletype
#15 18.65 debconf: unable to initialize frontend: Teletype
#15 18.65 debconf: (This frontend requires a controlling tty.)
#15 18.65 debconf: falling back to frontend: Noninteractive
#15 18.68 Creating config file /etc/php/8.4/mods-available/dom.ini with new version
#15 18.82 debconf: unable to initialize frontend: Dialog
#15 18.82 debconf: (TERM is not set, so the dialog frontend is not usable.)
#15 18.82 debconf: falling back to frontend: Readline
#15 18.83 debconf: unable to initialize frontend: Readline
#15 18.83 debconf: (This frontend requires a controlling tty.)
#15 18.83 debconf: falling back to frontend: Teletype
#15 18.83 debconf: unable to initialize frontend: Teletype
#15 18.83 debconf: (This frontend requires a controlling tty.)
#15 18.83 debconf: falling back to frontend: Noninteractive
#15 18.86 Creating config file /etc/php/8.4/mods-available/simplexml.ini with new version
#15 19.01 debconf: unable to initialize frontend: Dialog
#15 19.01 debconf: (TERM is not set, so the dialog frontend is not usable.)
#15 19.01 debconf: falling back to frontend: Readline
#15 19.02 debconf: unable to initialize frontend: Readline
#15 19.02 debconf: (This frontend requires a controlling tty.)
#15 19.02 debconf: falling back to frontend: Teletype
#15 19.02 debconf: unable to initialize frontend: Teletype
#15 19.02 debconf: (This frontend requires a controlling tty.)
#15 19.02 debconf: falling back to frontend: Noninteractive
#15 19.05 Creating config file /etc/php/8.4/mods-available/xml.ini with new version
#15 19.20 debconf: unable to initialize frontend: Dialog
#15 19.20 debconf: (TERM is not set, so the dialog frontend is not usable.)
#15 19.20 debconf: falling back to frontend: Readline
#15 19.21 debconf: unable to initialize frontend: Readline
#15 19.21 debconf: (This frontend requires a controlling tty.)
#15 19.21 debconf: falling back to frontend: Teletype
#15 19.21 debconf: unable to initialize frontend: Teletype
#15 19.21 debconf: (This frontend requires a controlling tty.)
#15 19.21 debconf: falling back to frontend: Noninteractive
#15 19.24 Creating config file /etc/php/8.4/mods-available/xmlreader.ini with new version
#15 19.38 debconf: unable to initialize frontend: Dialog
#15 19.38 debconf: (TERM is not set, so the dialog frontend is not usable.)
#15 19.38 debconf: falling back to frontend: Readline
#15 19.39 debconf: unable to initialize frontend: Readline
#15 19.39 debconf: (This frontend requires a controlling tty.)
#15 19.39 debconf: falling back to frontend: Teletype
#15 19.39 debconf: unable to initialize frontend: Teletype
#15 19.39 debconf: (This frontend requires a controlling tty.)
#15 19.39 debconf: falling back to frontend: Noninteractive
#15 19.42 Creating config file /etc/php/8.4/mods-available/xmlwriter.ini with new version
#15 19.58 debconf: unable to initialize frontend: Dialog
#15 19.58 debconf: (TERM is not set, so the dialog frontend is not usable.)
#15 19.58 debconf: falling back to frontend: Readline
#15 19.58 debconf: unable to initialize frontend: Readline
#15 19.58 debconf: (This frontend requires a controlling tty.)
#15 19.58 debconf: falling back to frontend: Teletype
#15 19.58 debconf: unable to initialize frontend: Teletype
#15 19.58 debconf: (This frontend requires a controlling tty.)
#15 19.58 debconf: falling back to frontend: Noninteractive
#15 19.61 Creating config file /etc/php/8.4/mods-available/xsl.ini with new version
#15 19.72 Setting up php8.4-opcache (8.4.16-1~deb13u1) ...
#15 19.81 debconf: unable to initialize frontend: Dialog
#15 19.81 debconf: (TERM is not set, so the dialog frontend is not usable.)
#15 19.81 debconf: falling back to frontend: Readline
#15 19.82 debconf: unable to initialize frontend: Readline
#15 19.82 debconf: (This frontend requires a controlling tty.)
#15 19.82 debconf: falling back to frontend: Teletype
#15 19.82 debconf: unable to initialize frontend: Teletype
#15 19.82 debconf: (This frontend requires a controlling tty.)
#15 19.82 debconf: falling back to frontend: Noninteractive
#15 19.85 Creating config file /etc/php/8.4/mods-available/opcache.ini with new version
#15 19.96 Setting up php8.4-intl (8.4.16-1~deb13u1) ...
#15 20.05 debconf: unable to initialize frontend: Dialog
#15 20.05 debconf: (TERM is not set, so the dialog frontend is not usable.)
#15 20.05 debconf: falling back to frontend: Readline
#15 20.05 debconf: unable to initialize frontend: Readline
#15 20.05 debconf: (This frontend requires a controlling tty.)
#15 20.05 debconf: falling back to frontend: Teletype
#15 20.06 debconf: unable to initialize frontend: Teletype
#15 20.06 debconf: (This frontend requires a controlling tty.)
#15 20.06 debconf: falling back to frontend: Noninteractive
#15 20.08 Creating config file /etc/php/8.4/mods-available/intl.ini with new version
#15 20.19 Setting up php-xml (2:8.4+96) ...
#15 20.23 Setting up php-curl (2:8.4+96) ...
#15 20.27 Setting up php8.4-readline (8.4.16-1~deb13u1) ...
#15 20.36 debconf: unable to initialize frontend: Dialog
#15 20.36 debconf: (TERM is not set, so the dialog frontend is not usable.)
#15 20.36 debconf: falling back to frontend: Readline
#15 20.37 debconf: unable to initialize frontend: Readline
#15 20.37 debconf: (This frontend requires a controlling tty.)
#15 20.37 debconf: falling back to frontend: Teletype
#15 20.37 debconf: unable to initialize frontend: Teletype
#15 20.37 debconf: (This frontend requires a controlling tty.)
#15 20.37 debconf: falling back to frontend: Noninteractive
#15 20.40 Creating config file /etc/php/8.4/mods-available/readline.ini with new version
#15 20.51 Setting up php8.4-mbstring (8.4.16-1~deb13u1) ...
#15 20.59 debconf: unable to initialize frontend: Dialog
#15 20.59 debconf: (TERM is not set, so the dialog frontend is not usable.)
#15 20.59 debconf: falling back to frontend: Readline
#15 20.60 debconf: unable to initialize frontend: Readline
#15 20.60 debconf: (This frontend requires a controlling tty.)
#15 20.60 debconf: falling back to frontend: Teletype
#15 20.60 debconf: unable to initialize frontend: Teletype
#15 20.60 debconf: (This frontend requires a controlling tty.)
#15 20.60 debconf: falling back to frontend: Noninteractive
#15 20.63 Creating config file /etc/php/8.4/mods-available/mbstring.ini with new version
#15 20.74 Setting up php-mbstring (2:8.4+96) ...
#15 20.78 Setting up php-intl (2:8.4+96) ...
#15 20.82 Setting up php-symfony-filesystem (6.4.21+dfsg-2+deb13u1) ...
#15 20.87 Setting up php-symfony-string (6.4.21+dfsg-2+deb13u1) ...
#15 20.91 Setting up php8.4-cli (8.4.16-1~deb13u1) ...
#15 20.96 update-alternatives: using /usr/bin/php8.4 to provide /usr/bin/php (php) in auto mode
#15 20.96 update-alternatives: warning: skip creation of /usr/share/man/man1/php.1.gz because associated file /usr/share/man/man1/php8.4.1.gz (of link group php) doesn't exist
#15 20.97 update-alternatives: using /usr/bin/phar8.4 to provide /usr/bin/phar (phar) in auto mode
#15 20.97 update-alternatives: warning: skip creation of /usr/share/man/man1/phar.1.gz because associated file /usr/share/man/man1/phar8.4.1.gz (of link group phar) doesn't exist
#15 20.97 update-alternatives: using /usr/bin/phar.phar8.4 to provide /usr/bin/phar.phar (phar.phar) in auto mode
#15 20.97 update-alternatives: warning: skip creation of /usr/share/man/man1/phar.phar.1.gz because associated file /usr/share/man/man1/phar.phar8.4.1.gz (of link group phar.phar) doesn't exist
#15 21.04 debconf: unable to initialize frontend: Dialog
#15 21.04 debconf: (TERM is not set, so the dialog frontend is not usable.)
#15 21.04 debconf: falling back to frontend: Readline
#15 21.05 debconf: unable to initialize frontend: Readline
#15 21.05 debconf: (This frontend requires a controlling tty.)
#15 21.05 debconf: falling back to frontend: Teletype
#15 21.05 debconf: unable to initialize frontend: Teletype
#15 21.05 debconf: (This frontend requires a controlling tty.)
#15 21.05 debconf: falling back to frontend: Noninteractive
#15 21.08 Creating config file /etc/php/8.4/cli/php.ini with new version
#15 21.85 Setting up php-symfony-console (6.4.21+dfsg-2+deb13u1) ...
#15 21.90 Setting up jsonlint (1.11.0-2) ...
#15 21.94 Setting up php-cli (2:8.4+96) ...
#15 21.98 update-alternatives: using /usr/bin/php.default to provide /usr/bin/php (php) in auto mode
#15 21.98 update-alternatives: warning: skip creation of /usr/share/man/man1/php.1.gz because associated file /usr/share/man/man1/php.default.1.gz (of link group php) doesn't exist
#15 21.99 update-alternatives: using /usr/bin/phar.default to provide /usr/bin/phar (phar) in auto mode
#15 21.99 update-alternatives: warning: skip creation of /usr/share/man/man1/phar.1.gz because associated file /usr/share/man/man1/phar.default.1.gz (of link group phar) doesn't exist
#15 22.00 update-alternatives: using /usr/bin/phar.phar.default to provide /usr/bin/phar.phar (phar.phar) in auto mode
#15 22.00 update-alternatives: warning: skip creation of /usr/share/man/man1/phar.phar.1.gz because associated file /usr/share/man/man1/phar.phar.default.1.gz (of link group phar.phar) doesn't exist
#15 22.02 Setting up php-json-schema (6.4.1-1) ...
#15 22.06 Setting up composer (2.8.8-1+deb13u1) ...
#15 22.11 Processing triggers for libc-bin (2.41-12+deb13u1) ...
#15 22.16 Processing triggers for php8.4-cli (8.4.16-1~deb13u1) ...
#15 22.28 Changed current directory to /root/.composer
#15 22.50 ./composer.json has been created
#15 22.51 Running composer update squizlabs/php_codesniffer
#15 22.51 Loading composer repositories with package information
#15 22.61 Updating dependencies
#15 22.61 Lock file operations: 1 install, 0 updates, 0 removals
#15 22.61   - Locking squizlabs/php_codesniffer (4.0.1)
#15 22.61 Writing lock file
#15 22.61 Installing dependencies from lock file (including require-dev)
#15 22.61 Package operations: 1 install, 0 updates, 0 removals
#15 22.62   - Downloading squizlabs/php_codesniffer (4.0.1)
#15 23.15   - Installing squizlabs/php_codesniffer (4.0.1): Extracting archive
#15 23.30 Generating autoload files
#15 23.30 1 package you are using is looking for funding.
#15 23.30 Use the `composer fund` command to find out more!
#15 23.30 No security vulnerability advisories found.
#15 23.30 Using version ^4.0 for squizlabs/php_codesniffer
#15 23.35 Changed current directory to /root/.composer
#15 23.47 ./composer.json has been updated
#15 23.48 Running composer update pheromone/phpcs-security-audit
#15 23.48 Loading composer repositories with package information
#15 23.56 Updating dependencies
#15 23.56 Lock file operations: 1 install, 0 updates, 0 removals
#15 23.56   - Locking pheromone/phpcs-security-audit (2.0.1)
#15 23.56 Writing lock file
#15 23.56 Installing dependencies from lock file (including require-dev)
#15 23.56 Package operations: 1 install, 0 updates, 0 removals
#15 23.56   - Downloading pheromone/phpcs-security-audit (2.0.1)
#15 24.01   - Installing pheromone/phpcs-security-audit (2.0.1): Extracting archive
#15 24.12 Generating autoload files
#15 24.12 1 package you are using is looking for funding.
#15 24.12 Use the `composer fund` command to find out more!
#15 24.14 No security vulnerability advisories found.
#15 24.14 Using version ^2.0 for pheromone/phpcs-security-audit
#15 DONE 24.4s

#16 [backend 12/20] RUN apt-get update && apt-get install -y --no-install-recommends     ruby     ruby-dev     build-essential     && rm -rf /var/lib/apt/lists/*     && gem install brakeman --no-document
#16 0.390 Get:1 http://deb.debian.org/debian trixie InRelease [140 kB]
#16 0.423 Get:2 http://deb.debian.org/debian trixie-updates InRelease [47.3 kB]
#16 0.431 Get:3 https://deb.nodesource.com/node_20.x nodistro InRelease [12.1 kB]
#16 0.433 Get:4 https://download.docker.com/linux/debian trixie InRelease [32.5 kB]
#16 0.449 Get:5 http://deb.debian.org/debian-security trixie-security InRelease [43.4 kB]
#16 0.458 Get:6 https://deb.nodesource.com/node_20.x nodistro/main amd64 Packages [13.2 kB]
#16 0.458 Get:7 https://download.docker.com/linux/debian trixie/stable amd64 Packages [23.9 kB]
#16 0.467 Get:8 http://deb.debian.org/debian trixie/main amd64 Packages [9670 kB]
#16 1.581 Get:9 http://deb.debian.org/debian trixie-updates/main amd64 Packages [5412 B]
#16 1.592 Get:10 http://deb.debian.org/debian-security trixie-security/main amd64 Packages [94.5 kB]
#16 2.124 Fetched 10.1 MB in 2s (5756 kB/s)
#16 2.124 Reading package lists...
#16 2.565 W: https://deb.nodesource.com/node_20.x/dists/nodistro/InRelease: Policy will reject signature within a year, see --audit for details
#16 2.571 Reading package lists...
#16 3.009 Building dependency tree...
#16 3.141 Reading state information...
#16 3.287 The following additional packages will be installed:
#16 3.288   bzip2 dpkg-dev libdpkg-perl libgmp-dev libgmpxx4ldbl libruby libruby3.3 make
#16 3.288   patch rake ruby-csv ruby-did-you-mean ruby-net-telnet ruby-ruby2-keywords
#16 3.288   ruby-rubygems ruby-webrick ruby-xmlrpc ruby3.3 ruby3.3-dev
#16 3.288   rubygems-integration xz-utils
#16 3.290 Suggested packages:
#16 3.290   bzip2-doc debian-keyring debian-tag2upload-keyring bzr gmp-doc libgmp10-doc
#16 3.290   libmpfr-dev make-doc ed diffutils-doc ri bundler
#16 3.290 Recommended packages:
#16 3.290   fakeroot libalgorithm-merge-perl libfile-fcntllock-perl
#16 3.290   liblocale-gettext-perl ruby-sdbm zip fonts-lato libjs-jquery ruby3.3-doc
#16 3.425 The following NEW packages will be installed:
#16 3.425   build-essential bzip2 dpkg-dev libdpkg-perl libgmp-dev libgmpxx4ldbl libruby
#16 3.426   libruby3.3 make patch rake ruby ruby-csv ruby-dev ruby-did-you-mean
#16 3.426   ruby-net-telnet ruby-ruby2-keywords ruby-rubygems ruby-webrick ruby-xmlrpc
#16 3.426   ruby3.3 ruby3.3-dev rubygems-integration xz-utils
#16 3.482 0 upgraded, 24 newly installed, 0 to remove and 3 not upgraded.
#16 3.482 Need to get 13.1 MB of archives.
#16 3.482 After this operation, 46.9 MB of additional disk space will be used.
#16 3.482 Get:1 http://deb.debian.org/debian trixie/main amd64 bzip2 amd64 1.0.8-6 [40.5 kB]
#16 3.496 Get:2 http://deb.debian.org/debian trixie/main amd64 xz-utils amd64 5.8.1-1 [660 kB]
#16 3.580 Get:3 http://deb.debian.org/debian trixie/main amd64 make amd64 4.4.1-2 [463 kB]
#16 3.632 Get:4 http://deb.debian.org/debian trixie/main amd64 libdpkg-perl all 1.22.21 [650 kB]
#16 3.715 Get:5 http://deb.debian.org/debian trixie/main amd64 patch amd64 2.8-2 [134 kB]
#16 3.752 Get:6 http://deb.debian.org/debian trixie/main amd64 dpkg-dev all 1.22.21 [1338 kB]
#16 3.901 Get:7 http://deb.debian.org/debian trixie/main amd64 build-essential amd64 12.12 [4624 B]
#16 3.904 Get:8 http://deb.debian.org/debian trixie/main amd64 libgmpxx4ldbl amd64 2:6.3.0+dfsg-3 [329 kB]
#16 4.001 Get:9 http://deb.debian.org/debian trixie/main amd64 libgmp-dev amd64 2:6.3.0+dfsg-3 [642 kB]
#16 4.134 Get:10 http://deb.debian.org/debian trixie/main amd64 rubygems-integration all 1.19 [5488 B]
#16 4.156 Get:11 http://deb.debian.org/debian trixie/main amd64 ruby3.3 amd64 3.3.8-2 [834 kB]
#16 4.272 Get:12 http://deb.debian.org/debian trixie/main amd64 ruby-rubygems all 3.6.7-2 [407 kB]
#16 4.319 Get:13 http://deb.debian.org/debian trixie/main amd64 ruby amd64 1:3.3+b1 [6560 B]
#16 4.319 Get:14 http://deb.debian.org/debian trixie/main amd64 rake all 13.2.1-1 [65.2 kB]
#16 4.340 Get:15 http://deb.debian.org/debian trixie/main amd64 ruby-csv all 3.3.4-1 [42.2 kB]
#16 4.341 Get:16 http://deb.debian.org/debian trixie/main amd64 ruby-did-you-mean all 1.6.3-2 [20.9 kB]
#16 4.346 Get:17 http://deb.debian.org/debian trixie/main amd64 ruby-net-telnet all 0.2.0-1 [13.1 kB]
#16 4.347 Get:18 http://deb.debian.org/debian trixie/main amd64 ruby-ruby2-keywords all 0.0.5-1 [4300 B]
#16 4.352 Get:19 http://deb.debian.org/debian trixie/main amd64 ruby-webrick all 1.9.1-1 [59.6 kB]
#16 4.358 Get:20 http://deb.debian.org/debian trixie/main amd64 ruby-xmlrpc all 0.3.3-2 [24.4 kB]
#16 4.359 Get:21 http://deb.debian.org/debian trixie/main amd64 libruby3.3 amd64 3.3.8-2 [6301 kB]
#16 5.063 Get:22 http://deb.debian.org/debian trixie/main amd64 libruby amd64 1:3.3+b1 [5440 B]
#16 5.077 Get:23 http://deb.debian.org/debian trixie/main amd64 ruby3.3-dev amd64 3.3.8-2 [1045 kB]
#16 5.190 Get:24 http://deb.debian.org/debian trixie/main amd64 ruby-dev amd64 1:3.3+b1 [5576 B]
#16 5.323 debconf: unable to initialize frontend: Dialog
#16 5.323 debconf: (TERM is not set, so the dialog frontend is not usable.)
#16 5.323 debconf: falling back to frontend: Readline
#16 5.329 debconf: unable to initialize frontend: Readline
#16 5.329 debconf: (This frontend requires a controlling tty.)
#16 5.329 debconf: falling back to frontend: Teletype
#16 5.333 debconf: unable to initialize frontend: Teletype
#16 5.333 debconf: (This frontend requires a controlling tty.)
#16 5.333 debconf: falling back to frontend: Noninteractive
#16 5.816 Fetched 13.1 MB in 2s (7485 kB/s)
#16 5.857 Selecting previously unselected package bzip2.
#16 5.857 (Reading database ... 
(Reading database ... 5%
(Reading database ... 10%
(Reading database ... 15%
(Reading database ... 20%
(Reading database ... 25%
(Reading database ... 30%
(Reading database ... 35%
(Reading database ... 40%
(Reading database ... 45%
(Reading database ... 50%
(Reading database ... 55%
(Reading database ... 60%
(Reading database ... 65%
(Reading database ... 70%
(Reading database ... 75%
(Reading database ... 80%
(Reading database ... 85%
(Reading database ... 90%
(Reading database ... 95%
(Reading database ... 100%
(Reading database ... 26812 files and directories currently installed.)
#16 5.872 Preparing to unpack .../00-bzip2_1.0.8-6_amd64.deb ...
#16 5.887 Unpacking bzip2 (1.0.8-6) ...
#16 5.999 Selecting previously unselected package xz-utils.
#16 6.000 Preparing to unpack .../01-xz-utils_5.8.1-1_amd64.deb ...
#16 6.015 Unpacking xz-utils (5.8.1-1) ...
#16 6.117 Selecting previously unselected package make.
#16 6.119 Preparing to unpack .../02-make_4.4.1-2_amd64.deb ...
#16 6.134 Unpacking make (4.4.1-2) ...
#16 6.235 Selecting previously unselected package libdpkg-perl.
#16 6.236 Preparing to unpack .../03-libdpkg-perl_1.22.21_all.deb ...
#16 6.251 Unpacking libdpkg-perl (1.22.21) ...
#16 6.361 Selecting previously unselected package patch.
#16 6.363 Preparing to unpack .../04-patch_2.8-2_amd64.deb ...
#16 6.378 Unpacking patch (2.8-2) ...
#16 6.476 Selecting previously unselected package dpkg-dev.
#16 6.478 Preparing to unpack .../05-dpkg-dev_1.22.21_all.deb ...
#16 6.494 Unpacking dpkg-dev (1.22.21) ...
#16 6.609 Selecting previously unselected package build-essential.
#16 6.610 Preparing to unpack .../06-build-essential_12.12_amd64.deb ...
#16 6.626 Unpacking build-essential (12.12) ...
#16 6.720 Selecting previously unselected package libgmpxx4ldbl:amd64.
#16 6.722 Preparing to unpack .../07-libgmpxx4ldbl_2%3a6.3.0+dfsg-3_amd64.deb ...
#16 6.752 Unpacking libgmpxx4ldbl:amd64 (2:6.3.0+dfsg-3) ...
#16 6.840 Selecting previously unselected package libgmp-dev:amd64.
#16 6.842 Preparing to unpack .../08-libgmp-dev_2%3a6.3.0+dfsg-3_amd64.deb ...
#16 6.857 Unpacking libgmp-dev:amd64 (2:6.3.0+dfsg-3) ...
#16 6.961 Selecting previously unselected package rubygems-integration.
#16 6.963 Preparing to unpack .../09-rubygems-integration_1.19_all.deb ...
#16 6.978 Unpacking rubygems-integration (1.19) ...
#16 7.064 Selecting previously unselected package ruby3.3.
#16 7.065 Preparing to unpack .../10-ruby3.3_3.3.8-2_amd64.deb ...
#16 7.080 Unpacking ruby3.3 (3.3.8-2) ...
#16 7.166 Selecting previously unselected package ruby-rubygems.
#16 7.167 Preparing to unpack .../11-ruby-rubygems_3.6.7-2_all.deb ...
#16 7.183 Unpacking ruby-rubygems (3.6.7-2) ...
#16 7.311 Selecting previously unselected package ruby.
#16 7.313 Preparing to unpack .../12-ruby_1%3a3.3+b1_amd64.deb ...
#16 7.331 Unpacking ruby (1:3.3+b1) ...
#16 7.418 Selecting previously unselected package rake.
#16 7.420 Preparing to unpack .../13-rake_13.2.1-1_all.deb ...
#16 7.435 Unpacking rake (13.2.1-1) ...
#16 7.529 Selecting previously unselected package ruby-csv.
#16 7.530 Preparing to unpack .../14-ruby-csv_3.3.4-1_all.deb ...
#16 7.546 Unpacking ruby-csv (3.3.4-1) ...
#16 7.640 Selecting previously unselected package ruby-did-you-mean.
#16 7.642 Preparing to unpack .../15-ruby-did-you-mean_1.6.3-2_all.deb ...
#16 7.657 Unpacking ruby-did-you-mean (1.6.3-2) ...
#16 7.748 Selecting previously unselected package ruby-net-telnet.
#16 7.750 Preparing to unpack .../16-ruby-net-telnet_0.2.0-1_all.deb ...
#16 7.765 Unpacking ruby-net-telnet (0.2.0-1) ...
#16 7.856 Selecting previously unselected package ruby-ruby2-keywords.
#16 7.858 Preparing to unpack .../17-ruby-ruby2-keywords_0.0.5-1_all.deb ...
#16 7.873 Unpacking ruby-ruby2-keywords (0.0.5-1) ...
#16 7.962 Selecting previously unselected package ruby-webrick.
#16 7.964 Preparing to unpack .../18-ruby-webrick_1.9.1-1_all.deb ...
#16 7.981 Unpacking ruby-webrick (1.9.1-1) ...
#16 8.078 Selecting previously unselected package ruby-xmlrpc.
#16 8.080 Preparing to unpack .../19-ruby-xmlrpc_0.3.3-2_all.deb ...
#16 8.096 Unpacking ruby-xmlrpc (0.3.3-2) ...
#16 8.213 Selecting previously unselected package libruby3.3:amd64.
#16 8.215 Preparing to unpack .../20-libruby3.3_3.3.8-2_amd64.deb ...
#16 8.229 Unpacking libruby3.3:amd64 (3.3.8-2) ...
#16 8.613 Selecting previously unselected package libruby:amd64.
#16 8.615 Preparing to unpack .../21-libruby_1%3a3.3+b1_amd64.deb ...
#16 8.631 Unpacking libruby:amd64 (1:3.3+b1) ...
#16 8.719 Selecting previously unselected package ruby3.3-dev:amd64.
#16 8.721 Preparing to unpack .../22-ruby3.3-dev_3.3.8-2_amd64.deb ...
#16 8.736 Unpacking ruby3.3-dev:amd64 (3.3.8-2) ...
#16 8.841 Selecting previously unselected package ruby-dev:amd64.
#16 8.843 Preparing to unpack .../23-ruby-dev_1%3a3.3+b1_amd64.deb ...
#16 8.859 Unpacking ruby-dev:amd64 (1:3.3+b1) ...
#16 8.963 Setting up ruby-ruby2-keywords (0.0.5-1) ...
#16 9.010 Setting up rubygems-integration (1.19) ...
#16 9.059 Setting up bzip2 (1.0.8-6) ...
#16 9.105 Setting up libgmpxx4ldbl:amd64 (2:6.3.0+dfsg-3) ...
#16 9.153 Setting up make (4.4.1-2) ...
#16 9.203 Setting up ruby-net-telnet (0.2.0-1) ...
#16 9.249 Setting up xz-utils (5.8.1-1) ...
#16 9.290 update-alternatives: using /usr/bin/xz to provide /usr/bin/lzma (lzma) in auto mode
#16 9.290 update-alternatives: warning: skip creation of /usr/share/man/man1/lzma.1.gz because associated file /usr/share/man/man1/xz.1.gz (of link group lzma) doesn't exist
#16 9.290 update-alternatives: warning: skip creation of /usr/share/man/man1/unlzma.1.gz because associated file /usr/share/man/man1/unxz.1.gz (of link group lzma) doesn't exist
#16 9.291 update-alternatives: warning: skip creation of /usr/share/man/man1/lzcat.1.gz because associated file /usr/share/man/man1/xzcat.1.gz (of link group lzma) doesn't exist
#16 9.291 update-alternatives: warning: skip creation of /usr/share/man/man1/lzmore.1.gz because associated file /usr/share/man/man1/xzmore.1.gz (of link group lzma) doesn't exist
#16 9.291 update-alternatives: warning: skip creation of /usr/share/man/man1/lzless.1.gz because associated file /usr/share/man/man1/xzless.1.gz (of link group lzma) doesn't exist
#16 9.291 update-alternatives: warning: skip creation of /usr/share/man/man1/lzdiff.1.gz because associated file /usr/share/man/man1/xzdiff.1.gz (of link group lzma) doesn't exist
#16 9.291 update-alternatives: warning: skip creation of /usr/share/man/man1/lzcmp.1.gz because associated file /usr/share/man/man1/xzcmp.1.gz (of link group lzma) doesn't exist
#16 9.291 update-alternatives: warning: skip creation of /usr/share/man/man1/lzgrep.1.gz because associated file /usr/share/man/man1/xzgrep.1.gz (of link group lzma) doesn't exist
#16 9.291 update-alternatives: warning: skip creation of /usr/share/man/man1/lzegrep.1.gz because associated file /usr/share/man/man1/xzegrep.1.gz (of link group lzma) doesn't exist
#16 9.291 update-alternatives: warning: skip creation of /usr/share/man/man1/lzfgrep.1.gz because associated file /usr/share/man/man1/xzfgrep.1.gz (of link group lzma) doesn't exist
#16 9.315 Setting up ruby-csv (3.3.4-1) ...
#16 9.361 Setting up patch (2.8-2) ...
#16 9.407 Setting up libdpkg-perl (1.22.21) ...
#16 9.452 Setting up ruby-webrick (1.9.1-1) ...
#16 9.498 Setting up ruby-did-you-mean (1.6.3-2) ...
#16 9.543 Setting up ruby-xmlrpc (0.3.3-2) ...
#16 9.594 Setting up libgmp-dev:amd64 (2:6.3.0+dfsg-3) ...
#16 9.643 Setting up dpkg-dev (1.22.21) ...
#16 9.721 Setting up build-essential (12.12) ...
#16 9.771 Setting up ruby3.3 (3.3.8-2) ...
#16 9.817 Setting up libruby:amd64 (1:3.3+b1) ...
#16 9.861 Setting up ruby (1:3.3+b1) ...
#16 9.905 Setting up rake (13.2.1-1) ...
#16 9.953 Setting up libruby3.3:amd64 (3.3.8-2) ...
#16 10.00 Setting up ruby-rubygems (3.6.7-2) ...
#16 10.05 Setting up ruby3.3-dev:amd64 (3.3.8-2) ...
#16 10.09 Setting up ruby-dev:amd64 (1:3.3+b1) ...
#16 10.14 Processing triggers for libc-bin (2.41-12+deb13u1) ...
#16 11.62 Successfully installed brakeman-7.1.2
#16 11.62 1 gem installed
#16 DONE 11.8s

#17 [backend 13/20] RUN curl --proto '=https' --tlsv1.2 -sSf https://sh.rustup.rs | sh -s -- -y     && . /root/.cargo/env     && cargo install cargo-audit     && ln -sf /root/.cargo/bin/cargo /usr/local/bin/cargo     && ln -sf /root/.cargo/bin/cargo-audit /usr/local/bin/cargo-audit
#17 0.542 info: downloading installer
#17 3.139 info: profile set to 'default'
#17 3.139 info: default host triple is x86_64-unknown-linux-gnu
#17 3.139 info: syncing channel updates for 'stable-x86_64-unknown-linux-gnu'
#17 3.370 info: latest update on 2025-12-11, rust version 1.92.0 (ded5c06cf 2025-12-08)
#17 3.370 info: downloading component 'cargo'
#17 4.697 info: downloading component 'clippy'
#17 5.289 info: downloading component 'rust-docs'
#17 7.793 info: downloading component 'rust-std'
#17 11.26 info: downloading component 'rustc'
#17 21.76 info: downloading component 'rustfmt'
#17 22.10 info: installing component 'cargo'
#17 22.84 info: installing component 'clippy'
#17 23.22 info: installing component 'rust-docs'
#17 25.95 info: installing component 'rust-std'
#17 27.73 info: installing component 'rustc'
#17 33.28 info: installing component 'rustfmt'
#17 33.61 
#17 33.61 info: default toolchain set to 'stable-x86_64-unknown-linux-gnu'
#17 33.62   stable-x86_64-unknown-linux-gnu installed - rustc 1.92.0 (ded5c06cf 2025-12-08)
#17 33.62 
#17 33.62 
#17 33.62 Rust is installed now. Great!
#17 33.62 
#17 33.62 To get started you may need to restart your current shell.
#17 33.62 This would reload your PATH environment variable to include
#17 33.62 Cargo's bin directory ($HOME/.cargo/bin).
#17 33.62 
#17 33.62 To configure your current shell, you need to source
#17 33.62 the corresponding env file under $HOME/.cargo.
#17 33.62 
#17 33.62 This is usually done by running one of the following (note the leading DOT):
#17 33.62 . "$HOME/.cargo/env"            # For sh/bash/zsh/ash/dash/pdksh
#17 33.62 source "$HOME/.cargo/env.fish"  # For fish
#17 33.62 source $"($nu.home-path)/.cargo/env.nu"  # For nushell
#17 33.68     Updating crates.io index
#17 34.37  Downloading crates ...
#17 34.54   Downloaded cargo-audit v0.22.0
#17 34.61   Installing cargo-audit v0.22.0
#17 34.63     Updating crates.io index
#17 41.35      Locking 379 packages to latest compatible versions
#17 41.35       Adding abscissa_core v0.8.2 (available: v0.9.0)
#17 41.36       Adding generic-array v0.14.7 (available: v0.14.9)
#17 41.39  Downloading crates ...
#17 41.51   Downloaded auditable-extract v0.3.5
#17 41.51   Downloaded block-buffer v0.10.4
#17 41.51   Downloaded auditable-serde v0.9.0
#17 41.52   Downloaded anstyle-query v1.1.5
#17 41.54   Downloaded abscissa_derive v0.8.2
#17 41.54   Downloaded canonical-path v2.0.2
#17 41.55   Downloaded futures-task v0.3.31
#17 41.55   Downloaded atomic-waker v1.1.2
#17 41.56   Downloaded adler2 v2.0.1
#17 41.56   Downloaded anstyle-parse v0.2.7
#17 41.57   Downloaded auditable-info v0.10.0
#17 41.57   Downloaded cfg-if v1.0.4
#17 41.57   Downloaded binfarce v0.2.1
#17 41.59   Downloaded anstream v0.6.21
#17 41.59   Downloaded anstyle v1.0.13
#17 41.60   Downloaded camino v1.2.2
#17 41.61   Downloaded abscissa_core v0.8.2
#17 41.61   Downloaded cargo-lock v11.0.0
#17 41.62   Downloaded arrayvec v0.7.6
#17 41.62   Downloaded crossbeam-epoch v0.9.18
#17 41.62   Downloaded addr2line v0.25.1
#17 41.63   Downloaded bitflags v2.10.0
#17 41.63   Downloaded autocfg v1.5.0
#17 41.64   Downloaded base64 v0.22.1
#17 41.64   Downloaded borsh v1.6.0
#17 41.65   Downloaded crypto-common v0.1.7
#17 41.65   Downloaded async-compression v0.4.37
#17 41.66   Downloaded futures-io v0.3.31
#17 41.66   Downloaded fixedbitset v0.5.7
#17 41.67   Downloaded aho-corasick v1.1.4
#17 41.67   Downloaded gix-chunk v0.4.12
#17 41.68   Downloaded gix-sec v0.12.2
#17 41.68   Downloaded gix-actor v0.35.6
#17 41.68   Downloaded generic-array v0.14.7
#17 41.68   Downloaded filetime v0.2.26
#17 41.69   Downloaded colorchoice v1.0.4
#17 41.69   Downloaded backtrace v0.3.76
#17 41.69   Downloaded gix-shallow v0.6.0
#17 41.69   Downloaded gix-hashtable v0.10.0
#17 41.70   Downloaded form_urlencoded v1.2.2
#17 41.70   Downloaded fnv v1.0.7
#17 41.70   Downloaded compression-core v0.4.31
#17 41.70   Downloaded gix-bitmap v0.2.15
#17 41.70   Downloaded fastrand v2.3.0
#17 41.71   Downloaded errno v0.3.14
#17 41.71   Downloaded allocator-api2 v0.2.21
#17 41.71   Downloaded clap_lex v0.7.6
#17 41.72   Downloaded gix-commitgraph v0.30.1
#17 41.72   Downloaded faster-hex v0.10.0
#17 41.72   Downloaded gix-config-value v0.15.3
#17 41.73   Downloaded foldhash v0.1.5
#17 41.73   Downloaded gix-date v0.10.7
#17 41.74   Downloaded futures-sink v0.3.31
#17 41.74   Downloaded cpufeatures v0.2.17
#17 41.75   Downloaded gix-glob v0.22.1
#17 41.75   Downloaded cfg_aliases v0.2.1
#17 41.76   Downloaded equivalent v1.0.2
#17 41.79   Downloaded quitters v0.1.0
#17 41.79   Downloaded display-error-chain v0.2.2
#17 41.79   Downloaded futures-core v0.3.31
#17 41.80   Downloaded rustc-hash v2.1.1
#17 41.81   Downloaded gix-trace v0.1.17
#17 41.81   Downloaded fs-err v3.2.2
#17 41.81   Downloaded foldhash v0.2.0
#17 41.82   Downloaded gix-hash v0.20.1
#17 41.82   Downloaded heck v0.5.0
#17 41.82   Downloaded futures-channel v0.3.31
#17 41.82   Downloaded compression-codecs v0.4.36
#17 41.83   Downloaded byteorder v1.5.0
#17 41.86   Downloaded scopeguard v1.2.0
#17 41.86   Downloaded same-file v1.0.6
#17 41.87   Downloaded secrecy v0.10.3
#17 41.87   Downloaded gix-fs v0.17.0
#17 41.87   Downloaded fs-err v2.11.0
#17 41.87   Downloaded gix-discover v0.42.0
#17 41.88   Downloaded gix-credentials v0.31.1
#17 41.88   Downloaded find-msvc-tools v0.1.7
#17 41.89   Downloaded either v1.15.0
#17 41.89   Downloaded digest v0.10.7
#17 41.89   Downloaded crossbeam-deque v0.8.6
#17 41.90   Downloaded gix-attributes v0.28.1
#17 41.90   Downloaded rand_chacha v0.9.0
#17 41.91   Downloaded quote v1.0.43
#17 41.91   Downloaded kstring v2.0.2
#17 41.91   Downloaded gix-tempfile v19.0.1
#17 41.92   Downloaded serde_spanned v1.0.4
#17 41.92   Downloaded deranged v0.5.5
#17 41.92   Downloaded serde_urlencoded v0.7.1
#17 41.92   Downloaded shell-words v1.1.1
#17 41.93   Downloaded rand_core v0.9.3
#17 41.93   Downloaded gix-command v0.6.5
#17 41.93   Downloaded eyre v0.6.12
#17 41.93   Downloaded rustc-demangle v0.1.26
#17 41.94   Downloaded clru v0.6.2
#17 41.94   Downloaded sha1 v0.10.6
#17 41.95   Downloaded stable_deref_trait v1.2.1
#17 41.96   Downloaded gix-pathspec v0.13.0
#17 41.96   Downloaded sync_wrapper v1.0.2
#17 41.96   Downloaded strsim v0.11.1
#17 41.96   Downloaded gix-packetline v0.19.3
#17 41.97   Downloaded rustc-stable-hash v0.1.2
#17 41.97   Downloaded lazy_static v1.5.0
#17 41.97   Downloaded rustls-native-certs v0.8.3
#17 41.98   Downloaded rustversion v1.0.22
#17 41.98   Downloaded semver v1.0.27
#17 41.98   Downloaded http-body v1.0.1
#17 41.99   Downloaded subtle v2.6.1
#17 42.01   Downloaded itoa v1.0.17
#17 42.01   Downloaded getrandom v0.2.16
#17 42.02   Downloaded gix-features v0.44.1
#17 42.02   Downloaded crc32fast v1.5.0
#17 42.02   Downloaded crossbeam-utils v0.8.21
#17 42.03   Downloaded displaydoc v0.2.5
#17 42.03   Downloaded serde_spanned v0.6.9
#17 42.04   Downloaded clap_derive v4.5.49
#17 42.04   Downloaded gix-filter v0.21.0
#17 42.06   Downloaded slab v0.4.11
#17 42.07   Downloaded shlex v1.3.0
#17 42.07   Downloaded time-core v0.1.6
#17 42.07   Downloaded tinyvec_macros v0.1.1
#17 42.09   Downloaded static_assertions v1.1.0
#17 42.09   Downloaded rustls-pki-types v1.13.2
#17 42.10   Downloaded num-conv v0.1.0
#17 42.10   Downloaded is_terminal_polyfill v1.70.2
#17 42.11   Downloaded synstructure v0.12.6
#17 42.11   Downloaded termcolor v1.4.1
#17 42.11   Downloaded synstructure v0.13.2
#17 42.12   Downloaded getrandom v0.3.4
#17 42.13   Downloaded thiserror v2.0.17
#17 42.14   Downloaded percent-encoding v2.3.2
#17 42.14   Downloaded gix-diff v0.54.1
#17 42.15   Downloaded toml_write v0.1.2
#17 42.15   Downloaded topological-sort v0.2.2
#17 42.16   Downloaded pin-utils v0.1.0
#17 42.16   Downloaded hash32 v0.3.1
#17 42.17   Downloaded thread_local v1.1.9
#17 42.17   Downloaded thiserror-impl v2.0.17
#17 42.17   Downloaded gix-config v0.47.1
#17 42.17   Downloaded tower-layer v0.3.3
#17 42.18   Downloaded smol_str v0.3.5
#17 42.18   Downloaded time-macros v0.2.24
#17 42.19   Downloaded tower-service v0.3.3
#17 42.19   Downloaded try-lock v0.2.5
#17 42.20   Downloaded uluru v3.1.0
#17 42.20   Downloaded unicode-bom v2.0.3
#17 42.20   Downloaded unicode-xid v0.2.6
#17 42.21   Downloaded untrusted v0.9.0
#17 42.22   Downloaded smallvec v1.15.1
#17 42.22   Downloaded ryu v1.0.22
#17 42.23   Downloaded serde_core v1.0.228
#17 42.27   Downloaded home v0.5.12
#17 42.32   Downloaded toml_datetime v0.6.11
#17 42.33   Downloaded version_check v0.9.5
#17 42.33   Downloaded wait-timeout v0.2.1
#17 42.33   Downloaded cvss v2.2.0
#17 42.34   Downloaded utf8parse v0.2.2
#17 42.34   Downloaded clap v4.5.54
#17 42.35   Downloaded toml_writer v1.0.6+spec-1.1.0
#17 42.35   Downloaded openssl-probe v0.2.0
#17 42.35   Downloaded rayon-core v1.13.0
#17 42.36   Downloaded toml_datetime v0.7.5+spec-1.1.0
#17 42.36   Downloaded zerofrom-derive v0.1.6
#17 42.36   Downloaded toml v0.8.23
#17 42.36   Downloaded yoke-derive v0.8.1
#17 42.37   Downloaded tinystr v0.8.2
#17 42.37   Downloaded socket2 v0.6.1
#17 42.37   Downloaded zerofrom v0.1.6
#17 42.37   Downloaded flate2 v1.1.5
#17 42.38   Downloaded want v0.3.1
#17 42.38   Downloaded bytes v1.11.0
#17 42.39   Downloaded toml-span v0.6.0
#17 42.39   Downloaded yoke v0.8.1
#17 42.39   Downloaded tempfile v3.24.0
#17 42.39   Downloaded serde_derive v1.0.228
#17 42.40   Downloaded gix-validate v0.10.1
#17 42.40   Downloaded gix-utils v0.3.1
#17 42.41   Downloaded arc-swap v1.8.0
#17 42.42   Downloaded mime v0.3.17
#17 42.42   Downloaded twox-hash v2.1.2
#17 42.43   Downloaded tracing-attributes v0.1.31
#17 42.43   Downloaded zerovec-derive v0.11.2
#17 42.43   Downloaded gix-negotiate v0.22.0
#17 42.44   Downloaded zmij v1.0.12
#17 42.44   Downloaded zeroize v1.8.2
#17 42.46   Downloaded rustsec v0.31.0
#17 42.46   Downloaded idna_adapter v1.2.1
#17 42.47   Downloaded toml v0.9.11+spec-1.1.0
#17 42.47   Downloaded matchers v0.2.0
#17 42.48   Downloaded cc v1.2.52
#17 42.48   Downloaded rand v0.9.2
#17 42.49   Downloaded lru-slab v0.1.2
#17 42.49   Downloaded toml_parser v1.0.6+spec-1.1.0
#17 42.49   Downloaded gix-quote v0.6.1
#17 42.52   Downloaded gix-lock v19.0.0
#17 42.54   Downloaded gix-ignore v0.17.1
#17 42.54   Downloaded rustls-webpki v0.103.8
#17 42.54   Downloaded serde v1.0.228
#17 42.55   Downloaded unicode-ident v1.0.22
#17 42.55   Downloaded crossbeam-channel v0.5.15
#17 42.58   Downloaded tracing-core v0.1.36
#17 42.59   Downloaded typenum v1.19.0
#17 42.59   Downloaded ident_case v1.0.1
#17 42.60   Downloaded potential_utf v0.1.4
#17 42.61   Downloaded tame-index v0.24.1
#17 42.62   Downloaded toml_edit v0.22.27
#17 42.64   Downloaded futures-util v0.3.31
#17 42.70   Downloaded zerotrie v0.2.3
#17 42.72   Downloaded gix-refspec v0.32.0
#17 42.74   Downloaded ppv-lite86 v0.2.21
#17 42.74   Downloaded tower v0.5.2
#17 42.77   Downloaded regex v1.12.2
#17 42.79   Downloaded clap_builder v4.5.54
#17 42.80   Downloaded tower-http v0.6.8
#17 42.81   Downloaded time v0.3.44
#17 42.82   Downloaded serde_json v1.0.149
#17 42.83   Downloaded rayon v1.11.0
#17 42.84   Downloaded reqwest v0.12.28
#17 42.86   Downloaded tokio-util v0.7.18
#17 42.86   Downloaded utf8_iter v1.0.4
#17 42.87   Downloaded zerovec v0.11.5
#17 42.89   Downloaded io-close v0.3.7
#17 42.89   Downloaded unicode-normalization v0.1.25
#17 42.93   Downloaded bstr v1.12.1
#17 42.95   Downloaded powerfmt v0.2.0
#17 42.95   Downloaded http-body-util v0.1.3
#17 42.96   Downloaded gix-worktree-state v0.21.0
#17 42.98   Downloaded winnow v0.7.14
#17 43.01   Downloaded gix-url v0.33.2
#17 43.02   Downloaded wasmparser v0.207.0
#17 43.02   Downloaded gix-revwalk v0.22.0
#17 43.07   Downloaded syn v1.0.109
#17 43.08   Downloaded nu-ansi-term v0.50.3
#17 43.08   Downloaded gix-submodule v0.21.0
#17 43.08   Downloaded gimli v0.32.3
#17 43.09   Downloaded maybe-async v0.2.10
#17 43.09   Downloaded gix-prompt v0.11.2
#17 43.10   Downloaded indenter v0.3.4
#17 43.10   Downloaded gix v0.74.1
#17 43.12   Downloaded zlib-rs v0.5.5
#17 43.13   Downloaded gix-revision v0.36.1
#17 43.14   Downloaded gix-worktree v0.43.1
#17 43.15   Downloaded syn v2.0.114
#17 43.20   Downloaded regex-syntax v0.8.8
#17 43.21   Downloaded gix-traverse v0.48.0
#17 43.22   Downloaded lock_api v0.4.14
#17 43.22   Downloaded rustls v0.23.36
#17 43.27   Downloaded simd-adler32 v0.3.8
#17 43.29   Downloaded rustix v1.1.3
#17 43.32   Downloaded tracing-log v0.2.0
#17 43.33   Downloaded walkdir v2.5.0
#17 43.34   Downloaded gix-path v0.10.22
#17 43.36   Downloaded writeable v0.6.2
#17 43.36   Downloaded ipnet v2.11.0
#17 43.38   Downloaded owo-colors v4.2.3
#17 43.39   Downloaded memmap2 v0.9.9
#17 43.40   Downloaded parking_lot v0.12.5
#17 43.41   Downloaded libz-rs-sys v0.5.5
#17 43.46   Downloaded tracing v0.1.44
#17 43.51   Downloaded gix-packetline-blocking v0.19.3
#17 43.51   Downloaded hyper-rustls v0.27.7
#17 43.52   Downloaded quinn-udp v0.5.14
#17 43.52   Downloaded platforms v3.7.0
#17 43.52   Downloaded regex-automata v0.4.13
#17 43.54   Downloaded litemap v0.8.1
#17 43.54   Downloaded parking_lot_core v0.9.12
#17 43.54   Downloaded color-eyre v0.6.5
#17 43.57   Downloaded gix-index v0.42.1
#17 43.60   Downloaded tokio-rustls v0.26.4
#17 43.63   Downloaded sha1-checked v0.10.0
#17 43.65   Downloaded icu_properties v2.1.2
#17 43.65   Downloaded tokio v1.49.0
#17 43.69   Downloaded once_cell v1.21.3
#17 43.70   Downloaded gix-ref v0.54.1
#17 43.70   Downloaded icu_provider v2.1.1
#17 43.71   Downloaded pin-project-lite v0.2.16
#17 43.71   Downloaded gix-object v0.51.1
#17 43.72   Downloaded httparse v1.10.1
#17 43.72   Downloaded gix-protocol v0.52.1
#17 43.75   Downloaded log v0.4.29
#17 43.76   Downloaded miniz_oxide v0.8.9
#17 43.76   Downloaded heapless v0.8.0
#17 43.78   Downloaded icu_collections v2.1.1
#17 43.79   Downloaded tinyvec v1.10.0
#17 43.79   Downloaded sharded-slab v0.1.7
#17 43.83   Downloaded icu_normalizer v2.1.1
#17 43.84   Downloaded encoding_rs v0.8.35
#17 43.86   Downloaded proc-macro2 v1.0.105
#17 43.87   Downloaded icu_locale_core v2.1.1
#17 43.87   Downloaded gix-transport v0.49.1
#17 43.88   Downloaded ring v0.17.14
#17 43.92   Downloaded quinn v0.11.9
#17 43.92   Downloaded url v2.5.8
#17 43.93   Downloaded icu_normalizer_data v2.1.1
#17 43.93   Downloaded indexmap v2.13.0
#17 43.94   Downloaded gix-odb v0.71.1
#17 43.94   Downloaded gix-pack v0.61.1
#17 43.95   Downloaded mio v1.1.1
#17 43.95   Downloaded prodash v30.0.1
#17 43.96   Downloaded hyper-util v0.1.19
#17 43.96   Downloaded http v1.4.0
#17 43.97   Downloaded memchr v2.7.6
#17 43.97   Downloaded iri-string v0.7.10
#17 43.98   Downloaded jiff-static v0.2.18
#17 43.99   Downloaded idna v1.1.0
#17 44.02   Downloaded hyper v1.8.1
#17 44.02   Downloaded icu_properties_data v2.1.2
#17 44.04   Downloaded hashbrown v0.15.5
#17 44.04   Downloaded hashbrown v0.16.1
#17 44.05   Downloaded h2 v0.4.13
#17 44.10   Downloaded quinn-proto v0.11.13
#17 44.10   Downloaded tracing-subscriber v0.3.22
#17 44.13   Downloaded zerocopy v0.8.33
#17 44.17   Downloaded object v0.37.3
#17 44.32   Downloaded jiff v0.2.18
#17 44.37   Downloaded petgraph v0.8.3
#17 44.39   Downloaded libc v0.2.180
#17 44.57   Downloaded linux-raw-sys v0.11.0
#17 44.71    Compiling proc-macro2 v1.0.105
#17 44.71    Compiling unicode-ident v1.0.22
#17 44.71    Compiling quote v1.0.43
#17 44.71    Compiling memchr v2.7.6
#17 44.72    Compiling libc v0.2.180
#17 44.72    Compiling cfg-if v1.0.4
#17 44.72    Compiling smallvec v1.15.1
#17 44.72    Compiling regex-syntax v0.8.8
#17 44.72    Compiling once_cell v1.21.3
#17 44.72    Compiling bytes v1.11.0
#17 44.72    Compiling thiserror v2.0.17
#17 44.73    Compiling stable_deref_trait v1.2.1
#17 44.73    Compiling tinyvec_macros v0.1.1
#17 44.74    Compiling crc32fast v1.5.0
#17 44.74    Compiling crossbeam-utils v0.8.21
#17 44.74    Compiling gix-trace v0.1.17
#17 44.74    Compiling fastrand v2.3.0
#17 44.75    Compiling parking_lot_core v0.9.12
#17 44.75    Compiling scopeguard v1.2.0
#17 44.75    Compiling itoa v1.0.17
#17 44.79    Compiling tinyvec v1.10.0
#17 44.79    Compiling same-file v1.0.6
#17 44.81    Compiling bitflags v2.10.0
#17 44.85    Compiling lock_api v0.4.14
#17 44.85    Compiling zlib-rs v0.5.5
#17 44.91    Compiling equivalent v1.0.2
#17 45.01    Compiling walkdir v2.5.0
#17 45.01    Compiling foldhash v0.2.0
#17 45.02    Compiling allocator-api2 v0.2.21
#17 45.03    Compiling version_check v0.9.5
#17 45.05    Compiling typenum v1.19.0
#17 45.09    Compiling heapless v0.8.0
#17 45.09    Compiling serde_core v1.0.228
#17 45.12    Compiling byteorder v1.5.0
#17 45.19    Compiling cpufeatures v0.2.17
#17 45.24    Compiling jiff v0.2.18
#17 45.25    Compiling serde v1.0.228
#17 45.27    Compiling rustix v1.1.3
#17 45.32    Compiling hash32 v0.3.1
#17 45.33    Compiling generic-array v0.14.7
#17 45.34    Compiling pin-project-lite v0.2.16
#17 45.36    Compiling linux-raw-sys v0.11.0
#17 45.39    Compiling getrandom v0.3.4
#17 45.40    Compiling futures-core v0.3.31
#17 45.45    Compiling aho-corasick v1.1.4
#17 45.51    Compiling winnow v0.7.14
#17 45.55    Compiling unicode-normalization v0.1.25
#17 45.56    Compiling hashbrown v0.16.1
#17 45.60    Compiling futures-sink v0.3.31
#17 45.68    Compiling adler2 v2.0.1
#17 45.69    Compiling crossbeam-channel v0.5.15
#17 45.72    Compiling shlex v1.3.0
#17 45.95    Compiling percent-encoding v2.3.2
#17 45.99    Compiling find-msvc-tools v0.1.7
#17 46.07    Compiling syn v2.0.114
#17 46.08    Compiling simd-adler32 v0.3.8
#17 46.17    Compiling gix-utils v0.3.1
#17 46.18    Compiling cc v1.2.52
#17 46.23    Compiling faster-hex v0.10.0
#17 46.24    Compiling miniz_oxide v0.8.9
#17 46.25    Compiling tracing-core v0.1.36
#17 46.29    Compiling litemap v0.8.1
#17 46.47    Compiling memmap2 v0.9.9
#17 46.57    Compiling socket2 v0.6.1
#17 46.71    Compiling parking_lot v0.12.5
#17 46.74    Compiling mio v1.1.1
#17 46.75    Compiling indexmap v2.13.0
#17 46.78    Compiling writeable v0.6.2
#17 46.79    Compiling zeroize v1.8.2
#17 46.97    Compiling prodash v30.0.1
#17 47.01    Compiling http v1.4.0
#17 47.17    Compiling crypto-common v0.1.7
#17 47.21    Compiling block-buffer v0.10.4
#17 47.26    Compiling slab v0.4.11
#17 47.34    Compiling digest v0.10.7
#17 47.36    Compiling tokio v1.49.0
#17 47.49    Compiling regex-automata v0.4.13
#17 47.52    Compiling libz-rs-sys v0.5.5
#17 47.76    Compiling sha1 v0.10.6
#17 47.78    Compiling icu_normalizer_data v2.1.1
#17 47.79    Compiling fnv v1.0.7
#17 47.85    Compiling icu_properties_data v2.1.2
#17 47.86    Compiling pin-utils v0.1.0
#17 47.91    Compiling rustls-pki-types v1.13.2
#17 47.95    Compiling sha1-checked v0.10.0
#17 47.96    Compiling ring v0.17.14
#17 48.05    Compiling getrandom v0.2.16
#17 48.07    Compiling unicode-bom v2.0.3
#17 48.13    Compiling http-body v1.0.1
#17 48.24    Compiling futures-io v0.3.31
#17 48.29    Compiling untrusted v0.9.0
#17 48.30    Compiling httparse v1.10.1
#17 48.31    Compiling futures-task v0.3.31
#17 48.33    Compiling tower-service v0.3.3
#17 48.39    Compiling try-lock v0.2.5
#17 48.39    Compiling atomic-waker v1.1.2
#17 48.45    Compiling rustls v0.23.36
#17 48.46    Compiling static_assertions v1.1.0
#17 48.48    Compiling futures-util v0.3.31
#17 48.50    Compiling shell-words v1.1.1
#17 48.52    Compiling kstring v2.0.2
#17 48.57    Compiling want v0.3.1
#17 48.57    Compiling flate2 v1.1.5
#17 48.60    Compiling gix-sec v0.12.2
#17 48.72    Compiling form_urlencoded v1.2.2
#17 48.77    Compiling tempfile v3.24.0
#17 48.78    Compiling futures-channel v0.3.31
#17 48.90    Compiling compression-core v0.4.31
#17 48.99    Compiling utf8_iter v1.0.4
#17 49.03    Compiling log v0.4.29
#17 49.06    Compiling subtle v2.6.1
#17 49.09    Compiling sync_wrapper v1.0.2
#17 49.14    Compiling encoding_rs v0.8.35
#17 49.17    Compiling ipnet v2.11.0
#17 49.17    Compiling openssl-probe v0.2.0
#17 49.22    Compiling compression-codecs v0.4.36
#17 49.32    Compiling rustversion v1.0.22
#17 49.35    Compiling tower-layer v0.3.3
#17 49.48    Compiling base64 v0.22.1
#17 49.54    Compiling autocfg v1.5.0
#17 49.62    Compiling rustls-native-certs v0.8.3
#17 49.67    Compiling semver v1.0.27
#17 49.74    Compiling http-body-util v0.1.3
#17 49.78    Compiling ryu v1.0.22
#17 50.02    Compiling iri-string v0.7.10
#17 50.14    Compiling zmij v1.0.12
#17 50.16    Compiling filetime v0.2.26
#17 50.18    Compiling serde_json v1.0.149
#17 50.22    Compiling arrayvec v0.7.6
#17 50.31    Compiling mime v0.3.17
#17 50.44    Compiling crossbeam-epoch v0.9.18
#17 50.50    Compiling uluru v3.1.0
#17 50.61    Compiling syn v1.0.109
#17 50.62    Compiling rayon-core v1.13.0
#17 50.69    Compiling arc-swap v1.8.0
#17 50.70    Compiling object v0.37.3
#17 50.74    Compiling utf8parse v0.2.2
#17 50.78    Compiling clru v0.6.2
#17 50.80    Compiling anstyle-parse v0.2.7
#17 50.87    Compiling crossbeam-deque v0.8.6
#17 50.93    Compiling io-close v0.3.7
#17 50.96    Compiling camino v1.2.2
#17 50.97    Compiling foldhash v0.1.5
#17 51.02    Compiling eyre v0.6.12
#17 51.03    Compiling anstyle-query v1.1.5
#17 51.04    Compiling gimli v0.32.3
#17 51.06    Compiling owo-colors v4.2.3
#17 51.09    Compiling anstyle v1.0.13
#17 51.10    Compiling is_terminal_polyfill v1.70.2
#17 51.12    Compiling colorchoice v1.0.4
#17 51.19    Compiling hashbrown v0.15.5
#17 51.23    Compiling synstructure v0.13.2
#17 51.32    Compiling anstream v0.6.21
#17 51.40    Compiling fs-err v2.11.0
#17 51.44    Compiling fs-err v3.2.2
#17 51.55    Compiling toml_datetime v0.7.5+spec-1.1.0
#17 51.56    Compiling serde_spanned v1.0.4
#17 51.74    Compiling toml_parser v1.0.6+spec-1.1.0
#17 52.07    Compiling wasmparser v0.207.0
#17 52.11    Compiling clap_lex v0.7.6
#17 52.16    Compiling rustc-demangle v0.1.26
#17 52.17    Compiling unicode-xid v0.2.6
#17 52.26    Compiling powerfmt v0.2.0
#17 52.55    Compiling topological-sort v0.2.2
#17 52.61    Compiling binfarce v0.2.1
#17 52.71    Compiling fixedbitset v0.5.7
#17 53.32    Compiling bstr v1.12.1
#17 53.35    Compiling regex v1.12.2
#17 53.54    Compiling thiserror-impl v2.0.17
#17 53.59    Compiling zerofrom-derive v0.1.6
#17 53.92    Compiling serde_derive v1.0.228
#17 54.03    Compiling yoke-derive v0.8.1
#17 54.20    Compiling zerovec-derive v0.11.2
#17 54.29    Compiling displaydoc v0.2.5
#17 55.06    Compiling tracing-attributes v0.1.31
#17 55.12    Compiling gix-validate v0.10.1
#17 55.13    Compiling gix-date v0.10.7
#17 55.17    Compiling zerofrom v0.1.6
#17 55.24    Compiling gix-chunk v0.4.12
#17 55.32    Compiling yoke v0.8.1
#17 55.53    Compiling gix-path v0.10.22
#17 55.54    Compiling gix-actor v0.35.6
#17 55.57    Compiling gix-quote v0.6.1
#17 55.63    Compiling zerovec v0.11.5
#17 55.67    Compiling zerotrie v0.2.3
#17 55.70    Compiling tokio-util v0.7.18
#17 55.75    Compiling tower v0.5.2
#17 55.88    Compiling gix-features v0.44.1
#17 55.98    Compiling gix-config-value v0.15.3
#17 56.01    Compiling gix-command v0.6.5
#17 56.04    Compiling async-compression v0.4.37
#17 56.17    Compiling gix-bitmap v0.2.15
#17 56.20    Compiling gix-packetline v0.19.3
#17 56.22    Compiling gix-packetline-blocking v0.19.3
#17 56.37    Compiling maybe-async v0.2.10
#17 56.48    Compiling gix-hash v0.20.1
#17 56.52    Compiling gix-fs v0.17.0
#17 56.53    Compiling tinystr v0.8.2
#17 56.61    Compiling potential_utf v0.1.4
#17 56.65    Compiling tracing v0.1.44
#17 56.72    Compiling icu_locale_core v2.1.1
#17 56.75    Compiling icu_collections v2.1.1
#17 56.76    Compiling gix-glob v0.22.1
#17 56.77    Compiling gix-url v0.33.2
#17 56.78    Compiling tower-http v0.6.8
#17 57.03    Compiling gix-hashtable v0.10.0
#17 57.10    Compiling gix-tempfile v19.0.1
#17 57.11    Compiling gix-object v0.51.1
#17 57.15    Compiling gix-commitgraph v0.30.1
#17 57.29    Compiling h2 v0.4.13
#17 57.30    Compiling gix-attributes v0.28.1
#17 57.33    Compiling gix-prompt v0.11.2
#17 57.40    Compiling gix-lock v19.0.0
#17 57.64    Compiling gix-credentials v0.31.1
#17 57.74    Compiling gix-ignore v0.17.1
#17 57.77    Compiling gix-shallow v0.6.0
#17 57.81    Compiling addr2line v0.25.1
#17 57.97    Compiling icu_provider v2.1.1
#17 58.19    Compiling gix-pathspec v0.13.0
#17 58.30    Compiling strsim v0.11.1
#17 58.35    Compiling icu_normalizer v2.1.1
#17 58.40    Compiling icu_properties v2.1.2
#17 58.43    Compiling toml_writer v1.0.6+spec-1.1.0
#17 58.47    Compiling lazy_static v1.5.0
#17 58.51    Compiling indenter v0.3.4
#17 58.51    Compiling either v1.15.0
#17 58.55    Compiling heck v0.5.0
#17 58.59    Compiling toml_write v0.1.2
#17 58.67    Compiling serde_urlencoded v0.7.1
#17 58.69    Compiling serde_spanned v0.6.9
#17 58.72    Compiling toml_datetime v0.6.11
#17 58.77    Compiling clap_derive v4.5.49
#17 58.82    Compiling gix-revwalk v0.22.0
#17 58.84    Compiling gix-ref v0.54.1
#17 58.85    Compiling gix-pack v0.61.1
#17 59.05    Compiling gix-filter v0.21.0
#17 59.16    Compiling gix-traverse v0.48.0
#17 59.17    Compiling gix-revision v0.36.1
#17 59.48    Compiling gix-negotiate v0.22.0
#17 59.60    Compiling gix-diff v0.54.1
#17 59.94    Compiling idna_adapter v1.2.1
#17 60.05    Compiling idna v1.1.0
#17 60.13    Compiling gix-refspec v0.32.0
#17 60.13    Compiling gix-index v0.42.1
#17 60.54    Compiling toml_edit v0.22.27
#17 60.55    Compiling gix-config v0.47.1
#17 60.81    Compiling url v2.5.8
#17 60.84    Compiling gix-discover v0.42.0
#17 60.86    Compiling rayon v1.11.0
#17 61.01    Compiling gix-odb v0.71.1
#17 61.02    Compiling auditable-serde v0.9.0
#17 62.26    Compiling rustls-webpki v0.103.8
#17 62.39    Compiling hyper v1.8.1
#17 62.44    Compiling gix-worktree v0.43.1
#17 62.63    Compiling gix-submodule v0.21.0
#17 62.70    Compiling toml v0.9.11+spec-1.1.0
#17 62.98    Compiling gix-worktree-state v0.21.0
#17 63.87    Compiling clap_builder v4.5.54
#17 63.96    Compiling sharded-slab v0.1.7
#17 64.10    Compiling backtrace v0.3.76
#17 64.37    Compiling hyper-util v0.1.19
#17 64.57    Compiling auditable-extract v0.3.5
#17 64.64    Compiling synstructure v0.12.6
#17 64.79    Compiling petgraph v0.8.3
#17 64.86    Compiling matchers v0.2.0
#17 65.02    Compiling deranged v0.5.5
#17 65.95    Compiling tracing-log v0.2.0
#17 66.05    Compiling smol_str v0.3.5
#17 66.28    Compiling toml-span v0.6.0
#17 66.44    Compiling thread_local v1.1.9
#17 66.49    Compiling home v0.5.12
#17 66.67    Compiling nu-ansi-term v0.50.3
#17 66.77    Compiling num-conv v0.1.0
#17 66.85    Compiling twox-hash v2.1.2
#17 66.89    Compiling time-core v0.1.6
#17 66.91    Compiling ident_case v1.0.1
#17 66.97    Compiling rustc-stable-hash v0.1.2
#17 66.98    Compiling color-eyre v0.6.5
#17 67.00    Compiling abscissa_derive v0.8.2
#17 67.04    Compiling time v0.3.44
#17 67.04    Compiling tracing-subscriber v0.3.22
#17 67.40    Compiling auditable-info v0.10.0
#17 67.51    Compiling toml v0.8.23
#17 67.67    Compiling secrecy v0.10.3
#17 67.70    Compiling cvss v2.2.0
#17 67.82    Compiling platforms v3.7.0
#17 68.17    Compiling cargo-lock v11.0.0
#17 68.42    Compiling clap v4.5.54
#17 68.47    Compiling quitters v0.1.0
#17 68.50    Compiling wait-timeout v0.2.1
#17 68.88    Compiling canonical-path v2.0.2
#17 68.97    Compiling termcolor v1.4.1
#17 69.10    Compiling tokio-rustls v0.26.4
#17 69.13    Compiling display-error-chain v0.2.2
#17 69.50    Compiling hyper-rustls v0.27.7
#17 69.53    Compiling abscissa_core v0.8.2
#17 70.34    Compiling reqwest v0.12.28
#17 73.04    Compiling gix-transport v0.49.1
#17 73.97    Compiling gix-protocol v0.52.1
#17 75.02    Compiling gix v0.74.1
#17 78.08    Compiling tame-index v0.24.1
#17 79.33    Compiling rustsec v0.31.0
#17 82.64    Compiling cargo-audit v0.22.0
#17 90.19     Finished `release` profile [optimized] target(s) in 56.52s
#17 90.36   Installing /root/.cargo/bin/cargo-audit
#17 90.36    Installed package `cargo-audit v0.22.0` (executable `cargo-audit`)
#17 DONE 91.3s

#18 [backend 14/20] RUN apt-get update && apt-get install -y --no-install-recommends     llvm     clang     llvm-dev     lld     libstdc++-13-dev     make     cmake     automake     autoconf     libtool     libglib2.0-dev     libpixman-1-dev     python3-setuptools     && rm -rf /var/lib/apt/lists/*
#18 1.233 Get:1 http://deb.debian.org/debian trixie InRelease [140 kB]
#18 1.280 Get:2 http://deb.debian.org/debian trixie-updates InRelease [47.3 kB]
#18 1.296 Get:3 https://deb.nodesource.com/node_20.x nodistro InRelease [12.1 kB]
#18 1.302 Get:4 http://deb.debian.org/debian-security trixie-security InRelease [43.4 kB]
#18 1.325 Get:5 http://deb.debian.org/debian trixie/main amd64 Packages [9670 kB]
#18 1.335 Get:6 https://deb.nodesource.com/node_20.x nodistro/main amd64 Packages [13.2 kB]
#18 1.375 Get:7 https://download.docker.com/linux/debian trixie InRelease [32.5 kB]
#18 1.421 Get:8 https://download.docker.com/linux/debian trixie/stable amd64 Packages [23.9 kB]
#18 2.412 Get:9 http://deb.debian.org/debian trixie-updates/main amd64 Packages [5412 B]
#18 2.428 Get:10 http://deb.debian.org/debian-security trixie-security/main amd64 Packages [94.5 kB]
#18 3.273 Fetched 10.1 MB in 2s (4811 kB/s)
#18 3.273 Reading package lists...
#18 3.907 W: https://deb.nodesource.com/node_20.x/dists/nodistro/InRelease: Policy will reject signature within a year, see --audit for details
#18 3.915 Reading package lists...
#18 4.520 Building dependency tree...
#18 4.670 Reading state information...
#18 4.863 make is already the newest version (4.4.1-2).
#18 4.863 make set to manually installed.
#18 4.863 The following additional packages will be installed:
#18 4.863   autotools-dev cmake-data file gcc-13-base girepository-tools libarchive13t64
#18 4.863   libblkid-dev libelf1t64 libgcc-13-dev libgio-2.0-dev libgio-2.0-dev-bin
#18 4.864   libgirepository-2.0-0 libglib2.0-bin libglib2.0-data libglib2.0-dev-bin
#18 4.864   libjsoncpp26 libmagic-mgc libmagic1t64 libmount-dev libncurses-dev
#18 4.864   libncurses6 libpcre2-16-0 libpcre2-32-0 libpcre2-dev libpcre2-posix3 libpfm4
#18 4.864   libpkgconf3 librhash1 libselinux1-dev libsepol-dev libsysprof-capture-4-dev
#18 4.864   libxml2-dev libz3-dev lld-19 llvm-19 llvm-19-dev llvm-19-runtime
#18 4.865   llvm-19-tools llvm-runtime m4 native-architecture pkgconf pkgconf-bin
#18 4.865   python3-autocommand python3-inflect python3-jaraco.context
#18 4.865   python3-jaraco.functools python3-jaraco.text python3-more-itertools
#18 4.865   python3-packaging python3-pkg-resources python3-typeguard
#18 4.866   python3-typing-extensions python3-zipp uuid-dev zlib1g-dev
#18 4.867 Suggested packages:
#18 4.867   autoconf-archive gnu-standards autoconf-doc gettext cmake-doc cmake-format
#18 4.867   elpa-cmake-mode ninja-build lrzip gir1.2-glib-2.0-dev libglib2.0-doc
#18 4.867   libgdk-pixbuf2.0-bin libxml2-utils ncurses-doc libstdc++-13-doc libtool-doc
#18 4.867   gfortran | fortran95-compiler gcj-jdk llvm-19-doc m4-doc
#18 4.867   python-setuptools-doc
#18 4.867 Recommended packages:
#18 4.867   libgpm2 libltdl-dev binfmt-support | systemd
#18 5.271 The following NEW packages will be installed:
#18 5.271   autoconf automake autotools-dev clang cmake cmake-data file gcc-13-base
#18 5.271   girepository-tools libarchive13t64 libblkid-dev libelf1t64 libgcc-13-dev
#18 5.271   libgio-2.0-dev libgio-2.0-dev-bin libgirepository-2.0-0 libglib2.0-bin
#18 5.271   libglib2.0-data libglib2.0-dev libglib2.0-dev-bin libjsoncpp26 libmagic-mgc
#18 5.271   libmagic1t64 libmount-dev libncurses-dev libncurses6 libpcre2-16-0
#18 5.271   libpcre2-32-0 libpcre2-dev libpcre2-posix3 libpfm4 libpixman-1-dev
#18 5.272   libpkgconf3 librhash1 libselinux1-dev libsepol-dev libstdc++-13-dev
#18 5.272   libsysprof-capture-4-dev libtool libxml2-dev libz3-dev lld lld-19 llvm
#18 5.272   llvm-19 llvm-19-dev llvm-19-runtime llvm-19-tools llvm-dev llvm-runtime m4
#18 5.272   native-architecture pkgconf pkgconf-bin python3-autocommand python3-inflect
#18 5.272   python3-jaraco.context python3-jaraco.functools python3-jaraco.text
#18 5.272   python3-more-itertools python3-packaging python3-pkg-resources
#18 5.272   python3-setuptools python3-typeguard python3-typing-extensions python3-zipp
#18 5.272   uuid-dev zlib1g-dev
#18 5.332 0 upgraded, 68 newly installed, 0 to remove and 3 not upgraded.
#18 5.332 Need to get 95.0 MB of archives.
#18 5.332 After this operation, 606 MB of additional disk space will be used.
#18 5.332 Get:1 http://deb.debian.org/debian trixie/main amd64 libmagic-mgc amd64 1:5.46-5 [338 kB]
#18 5.392 Get:2 http://deb.debian.org/debian trixie/main amd64 libmagic1t64 amd64 1:5.46-5 [109 kB]
#18 5.400 Get:3 http://deb.debian.org/debian trixie/main amd64 file amd64 1:5.46-5 [43.6 kB]
#18 5.421 Get:4 http://deb.debian.org/debian trixie/main amd64 m4 amd64 1.4.19-8 [294 kB]
#18 5.449 Get:5 http://deb.debian.org/debian trixie/main amd64 autoconf all 2.72-3.1 [494 kB]
#18 5.521 Get:6 http://deb.debian.org/debian trixie/main amd64 autotools-dev all 20240727.1 [60.2 kB]
#18 5.528 Get:7 http://deb.debian.org/debian trixie/main amd64 automake all 1:1.17-4 [862 kB]
#18 5.619 Get:8 http://deb.debian.org/debian trixie/main amd64 clang amd64 1:19.0-63 [6244 B]
#18 5.620 Get:9 http://deb.debian.org/debian trixie/main amd64 cmake-data all 3.31.6-2 [2268 kB]
#18 5.876 Get:10 http://deb.debian.org/debian trixie/main amd64 libarchive13t64 amd64 3.7.4-4 [349 kB]
#18 5.927 Get:11 http://deb.debian.org/debian trixie/main amd64 libjsoncpp26 amd64 1.9.6-3 [81.7 kB]
#18 5.939 Get:12 http://deb.debian.org/debian trixie/main amd64 librhash1 amd64 1.4.5-1 [132 kB]
#18 5.954 Get:13 http://deb.debian.org/debian trixie/main amd64 cmake amd64 3.31.6-2 [12.0 MB]
#18 7.992 Get:14 http://deb.debian.org/debian trixie/main amd64 gcc-13-base amd64 13.3.0-16 [49.7 kB]
#18 7.997 Get:15 http://deb.debian.org/debian trixie/main amd64 native-architecture all 0.2.6 [2264 B]
#18 7.999 Get:16 http://deb.debian.org/debian trixie/main amd64 libgirepository-2.0-0 amd64 2.84.4-3~deb13u2 [144 kB]
#18 8.041 Get:17 http://deb.debian.org/debian trixie/main amd64 girepository-tools amd64 2.84.4-3~deb13u2 [151 kB]
#18 8.082 Get:18 http://deb.debian.org/debian trixie/main amd64 uuid-dev amd64 2.41-5 [48.8 kB]
#18 8.095 Get:19 http://deb.debian.org/debian trixie/main amd64 libblkid-dev amd64 2.41-5 [208 kB]
#18 8.134 Get:20 http://deb.debian.org/debian trixie/main amd64 libelf1t64 amd64 0.192-4 [189 kB]
#18 8.159 Get:21 http://deb.debian.org/debian trixie/main amd64 libgcc-13-dev amd64 13.3.0-16 [2543 kB]
#18 8.510 Get:22 http://deb.debian.org/debian trixie/main amd64 libsepol-dev amd64 3.8.1-1 [373 kB]
#18 8.584 Get:23 http://deb.debian.org/debian trixie/main amd64 libpcre2-16-0 amd64 10.46-1~deb13u1 [281 kB]
#18 8.617 Get:24 http://deb.debian.org/debian trixie/main amd64 libpcre2-32-0 amd64 10.46-1~deb13u1 [268 kB]
#18 8.642 Get:25 http://deb.debian.org/debian trixie/main amd64 libpcre2-posix3 amd64 10.46-1~deb13u1 [63.9 kB]
#18 8.651 Get:26 http://deb.debian.org/debian trixie/main amd64 libpcre2-dev amd64 10.46-1~deb13u1 [853 kB]
#18 8.763 Get:27 http://deb.debian.org/debian trixie/main amd64 libselinux1-dev amd64 3.8.1-1 [169 kB]
#18 9.058 Get:28 http://deb.debian.org/debian trixie/main amd64 libmount-dev amd64 2.41-5 [30.5 kB]
#18 9.075 Get:29 http://deb.debian.org/debian trixie/main amd64 libsysprof-capture-4-dev amd64 48.0-2 [49.9 kB]
#18 9.092 Get:30 http://deb.debian.org/debian trixie/main amd64 libpkgconf3 amd64 1.8.1-4 [36.4 kB]
#18 9.098 Get:31 http://deb.debian.org/debian trixie/main amd64 pkgconf-bin amd64 1.8.1-4 [30.2 kB]
#18 9.099 Get:32 http://deb.debian.org/debian trixie/main amd64 pkgconf amd64 1.8.1-4 [26.2 kB]
#18 9.100 Get:33 http://deb.debian.org/debian trixie/main amd64 zlib1g-dev amd64 1:1.3.dfsg+really1.3.1-1+b1 [920 kB]
#18 9.219 Get:34 http://deb.debian.org/debian trixie/main amd64 libgio-2.0-dev amd64 2.84.4-3~deb13u2 [1689 kB]
#18 9.418 Get:35 http://deb.debian.org/debian trixie/main amd64 python3-packaging all 25.0-1 [56.6 kB]
#18 9.424 Get:36 http://deb.debian.org/debian trixie/main amd64 libgio-2.0-dev-bin amd64 2.84.4-3~deb13u2 [167 kB]
#18 9.441 Get:37 http://deb.debian.org/debian trixie/main amd64 libglib2.0-data all 2.84.4-3~deb13u2 [1286 kB]
#18 9.618 Get:38 http://deb.debian.org/debian trixie/main amd64 libglib2.0-bin amd64 2.84.4-3~deb13u2 [131 kB]
#18 9.655 Get:39 http://deb.debian.org/debian trixie/main amd64 libglib2.0-dev-bin amd64 2.84.4-3~deb13u2 [55.3 kB]
#18 9.663 Get:40 http://deb.debian.org/debian trixie/main amd64 libglib2.0-dev amd64 2.84.4-3~deb13u2 [56.1 kB]
#18 9.676 Get:41 http://deb.debian.org/debian trixie/main amd64 libncurses6 amd64 6.5+20250216-2 [105 kB]
#18 9.686 Get:42 http://deb.debian.org/debian trixie/main amd64 libncurses-dev amd64 6.5+20250216-2 [353 kB]
#18 9.728 Get:43 http://deb.debian.org/debian trixie/main amd64 libpfm4 amd64 4.13.0+git99-gc5587f9-1 [371 kB]
#18 9.769 Get:44 http://deb.debian.org/debian trixie/main amd64 libpixman-1-dev amd64 0.44.0-3 [11.4 kB]
#18 9.784 Get:45 http://deb.debian.org/debian trixie/main amd64 libstdc++-13-dev amd64 13.3.0-16 [2588 kB]
#18 10.07 Get:46 http://deb.debian.org/debian trixie/main amd64 libtool all 2.5.4-4 [539 kB]
#18 10.16 Get:47 http://deb.debian.org/debian trixie/main amd64 libxml2-dev amd64 2.12.7+dfsg+really2.9.14-2.1+deb13u2 [794 kB]
#18 10.25 Get:48 http://deb.debian.org/debian trixie/main amd64 libz3-dev amd64 4.13.3-1 [107 kB]
#18 10.26 Get:49 http://deb.debian.org/debian trixie/main amd64 lld-19 amd64 1:19.1.7-3+b1 [1375 kB]
#18 10.41 Get:50 http://deb.debian.org/debian trixie/main amd64 lld amd64 1:19.0-63 [5896 B]
#18 10.43 Get:51 http://deb.debian.org/debian trixie/main amd64 llvm-19-runtime amd64 1:19.1.7-3+b1 [551 kB]
#18 10.49 Get:52 http://deb.debian.org/debian trixie/main amd64 llvm-runtime amd64 1:19.0-63 [5904 B]
#18 10.49 Get:53 http://deb.debian.org/debian trixie/main amd64 llvm-19 amd64 1:19.1.7-3+b1 [16.4 MB]
#18 13.22 Get:54 http://deb.debian.org/debian trixie/main amd64 llvm amd64 1:19.0-63 [8328 B]
#18 13.22 Get:55 http://deb.debian.org/debian trixie/main amd64 llvm-19-tools amd64 1:19.1.7-3+b1 [511 kB]
#18 13.30 Get:56 http://deb.debian.org/debian trixie/main amd64 llvm-19-dev amd64 1:19.1.7-3+b1 [43.1 MB]
#18 18.14 Get:57 http://deb.debian.org/debian trixie/main amd64 llvm-dev amd64 1:19.0-63 [6152 B]
#18 18.14 Get:58 http://deb.debian.org/debian trixie/main amd64 python3-autocommand all 2.2.2-3 [13.6 kB]
#18 18.14 Get:59 http://deb.debian.org/debian trixie/main amd64 python3-more-itertools all 10.7.0-1 [67.4 kB]
#18 18.15 Get:60 http://deb.debian.org/debian trixie/main amd64 python3-typing-extensions all 4.13.2-1 [90.5 kB]
#18 18.18 Get:61 http://deb.debian.org/debian trixie/main amd64 python3-typeguard all 4.4.2-1 [37.3 kB]
#18 18.19 Get:62 http://deb.debian.org/debian trixie/main amd64 python3-inflect all 7.3.1-2 [32.4 kB]
#18 18.19 Get:63 http://deb.debian.org/debian trixie/main amd64 python3-jaraco.functools all 4.1.0-1 [12.0 kB]
#18 18.21 Get:64 http://deb.debian.org/debian trixie/main amd64 python3-pkg-resources all 78.1.1-0.1 [224 kB]
#18 18.23 Get:65 http://deb.debian.org/debian trixie/main amd64 python3-jaraco.text all 4.0.0-1 [11.4 kB]
#18 18.23 Get:66 http://deb.debian.org/debian trixie/main amd64 python3-zipp all 3.21.0-1 [10.6 kB]
#18 18.23 Get:67 http://deb.debian.org/debian trixie/main amd64 python3-setuptools all 78.1.1-0.1 [738 kB]
#18 18.31 Get:68 http://deb.debian.org/debian trixie/main amd64 python3-jaraco.context all 6.0.1-1 [8276 B]
#18 18.49 debconf: unable to initialize frontend: Dialog
#18 18.49 debconf: (TERM is not set, so the dialog frontend is not usable.)
#18 18.49 debconf: falling back to frontend: Readline
#18 18.49 debconf: unable to initialize frontend: Readline
#18 18.49 debconf: (This frontend requires a controlling tty.)
#18 18.49 debconf: falling back to frontend: Teletype
#18 18.50 debconf: unable to initialize frontend: Teletype
#18 18.50 debconf: (This frontend requires a controlling tty.)
#18 18.50 debconf: falling back to frontend: Noninteractive
#18 19.92 Fetched 95.0 MB in 13s (7291 kB/s)
#18 19.97 Selecting previously unselected package libmagic-mgc.
#18 19.97 (Reading database ... 
(Reading database ... 5%
(Reading database ... 10%
(Reading database ... 15%
(Reading database ... 20%
(Reading database ... 25%
(Reading database ... 30%
(Reading database ... 35%
(Reading database ... 40%
(Reading database ... 45%
(Reading database ... 50%
(Reading database ... 55%
(Reading database ... 60%
(Reading database ... 65%
(Reading database ... 70%
(Reading database ... 75%
(Reading database ... 80%
(Reading database ... 85%
(Reading database ... 90%
(Reading database ... 95%
(Reading database ... 100%
(Reading database ... 31255 files and directories currently installed.)
#18 19.99 Preparing to unpack .../00-libmagic-mgc_1%3a5.46-5_amd64.deb ...
#18 20.01 Unpacking libmagic-mgc (1:5.46-5) ...
#18 20.15 Selecting previously unselected package libmagic1t64:amd64.
#18 20.16 Preparing to unpack .../01-libmagic1t64_1%3a5.46-5_amd64.deb ...
#18 20.19 Unpacking libmagic1t64:amd64 (1:5.46-5) ...
#18 20.28 Selecting previously unselected package file.
#18 20.28 Preparing to unpack .../02-file_1%3a5.46-5_amd64.deb ...
#18 20.29 Unpacking file (1:5.46-5) ...
#18 20.39 Selecting previously unselected package m4.
#18 20.39 Preparing to unpack .../03-m4_1.4.19-8_amd64.deb ...
#18 20.41 Unpacking m4 (1.4.19-8) ...
#18 20.51 Selecting previously unselected package autoconf.
#18 20.52 Preparing to unpack .../04-autoconf_2.72-3.1_all.deb ...
#18 20.53 Unpacking autoconf (2.72-3.1) ...
#18 20.63 Selecting previously unselected package autotools-dev.
#18 20.63 Preparing to unpack .../05-autotools-dev_20240727.1_all.deb ...
#18 20.65 Unpacking autotools-dev (20240727.1) ...
#18 20.77 Selecting previously unselected package automake.
#18 20.77 Preparing to unpack .../06-automake_1%3a1.17-4_all.deb ...
#18 20.78 Unpacking automake (1:1.17-4) ...
#18 20.92 Selecting previously unselected package clang.
#18 20.92 Preparing to unpack .../07-clang_1%3a19.0-63_amd64.deb ...
#18 20.94 Unpacking clang (1:19.0-63) ...
#18 21.07 Selecting previously unselected package cmake-data.
#18 21.07 Preparing to unpack .../08-cmake-data_3.31.6-2_all.deb ...
#18 21.10 Unpacking cmake-data (3.31.6-2) ...
#18 21.55 Selecting previously unselected package libarchive13t64:amd64.
#18 21.55 Preparing to unpack .../09-libarchive13t64_3.7.4-4_amd64.deb ...
#18 21.57 Unpacking libarchive13t64:amd64 (3.7.4-4) ...
#18 21.68 Selecting previously unselected package libjsoncpp26:amd64.
#18 21.68 Preparing to unpack .../10-libjsoncpp26_1.9.6-3_amd64.deb ...
#18 21.70 Unpacking libjsoncpp26:amd64 (1.9.6-3) ...
#18 21.81 Selecting previously unselected package librhash1:amd64.
#18 21.81 Preparing to unpack .../11-librhash1_1.4.5-1_amd64.deb ...
#18 21.83 Unpacking librhash1:amd64 (1.4.5-1) ...
#18 21.92 Selecting previously unselected package cmake.
#18 21.92 Preparing to unpack .../12-cmake_3.31.6-2_amd64.deb ...
#18 21.94 Unpacking cmake (3.31.6-2) ...
#18 22.33 Selecting previously unselected package gcc-13-base:amd64.
#18 22.34 Preparing to unpack .../13-gcc-13-base_13.3.0-16_amd64.deb ...
#18 22.35 Unpacking gcc-13-base:amd64 (13.3.0-16) ...
#18 22.44 Selecting previously unselected package native-architecture.
#18 22.44 Preparing to unpack .../14-native-architecture_0.2.6_all.deb ...
#18 22.46 Unpacking native-architecture (0.2.6) ...
#18 22.57 Selecting previously unselected package libgirepository-2.0-0:amd64.
#18 22.58 Preparing to unpack .../15-libgirepository-2.0-0_2.84.4-3~deb13u2_amd64.deb ...
#18 22.59 Unpacking libgirepository-2.0-0:amd64 (2.84.4-3~deb13u2) ...
#18 22.68 Selecting previously unselected package girepository-tools:amd64.
#18 22.68 Preparing to unpack .../16-girepository-tools_2.84.4-3~deb13u2_amd64.deb ...
#18 22.70 Unpacking girepository-tools:amd64 (2.84.4-3~deb13u2) ...
#18 22.78 Selecting previously unselected package uuid-dev:amd64.
#18 22.78 Preparing to unpack .../17-uuid-dev_2.41-5_amd64.deb ...
#18 22.80 Unpacking uuid-dev:amd64 (2.41-5) ...
#18 22.88 Selecting previously unselected package libblkid-dev:amd64.
#18 22.88 Preparing to unpack .../18-libblkid-dev_2.41-5_amd64.deb ...
#18 22.89 Unpacking libblkid-dev:amd64 (2.41-5) ...
#18 23.00 Selecting previously unselected package libelf1t64:amd64.
#18 23.00 Preparing to unpack .../19-libelf1t64_0.192-4_amd64.deb ...
#18 23.02 Unpacking libelf1t64:amd64 (0.192-4) ...
#18 23.10 Selecting previously unselected package libgcc-13-dev:amd64.
#18 23.10 Preparing to unpack .../20-libgcc-13-dev_13.3.0-16_amd64.deb ...
#18 23.12 Unpacking libgcc-13-dev:amd64 (13.3.0-16) ...
#18 23.29 Selecting previously unselected package libsepol-dev:amd64.
#18 23.29 Preparing to unpack .../21-libsepol-dev_3.8.1-1_amd64.deb ...
#18 23.30 Unpacking libsepol-dev:amd64 (3.8.1-1) ...
#18 23.42 Selecting previously unselected package libpcre2-16-0:amd64.
#18 23.42 Preparing to unpack .../22-libpcre2-16-0_10.46-1~deb13u1_amd64.deb ...
#18 23.44 Unpacking libpcre2-16-0:amd64 (10.46-1~deb13u1) ...
#18 23.54 Selecting previously unselected package libpcre2-32-0:amd64.
#18 23.55 Preparing to unpack .../23-libpcre2-32-0_10.46-1~deb13u1_amd64.deb ...
#18 23.56 Unpacking libpcre2-32-0:amd64 (10.46-1~deb13u1) ...
#18 23.67 Selecting previously unselected package libpcre2-posix3:amd64.
#18 23.67 Preparing to unpack .../24-libpcre2-posix3_10.46-1~deb13u1_amd64.deb ...
#18 23.68 Unpacking libpcre2-posix3:amd64 (10.46-1~deb13u1) ...
#18 23.76 Selecting previously unselected package libpcre2-dev:amd64.
#18 23.77 Preparing to unpack .../25-libpcre2-dev_10.46-1~deb13u1_amd64.deb ...
#18 23.78 Unpacking libpcre2-dev:amd64 (10.46-1~deb13u1) ...
#18 23.89 Selecting previously unselected package libselinux1-dev:amd64.
#18 23.89 Preparing to unpack .../26-libselinux1-dev_3.8.1-1_amd64.deb ...
#18 23.91 Unpacking libselinux1-dev:amd64 (3.8.1-1) ...
#18 24.01 Selecting previously unselected package libmount-dev:amd64.
#18 24.01 Preparing to unpack .../27-libmount-dev_2.41-5_amd64.deb ...
#18 24.03 Unpacking libmount-dev:amd64 (2.41-5) ...
#18 24.10 Selecting previously unselected package libsysprof-capture-4-dev:amd64.
#18 24.11 Preparing to unpack .../28-libsysprof-capture-4-dev_48.0-2_amd64.deb ...
#18 24.12 Unpacking libsysprof-capture-4-dev:amd64 (48.0-2) ...
#18 24.22 Selecting previously unselected package libpkgconf3:amd64.
#18 24.22 Preparing to unpack .../29-libpkgconf3_1.8.1-4_amd64.deb ...
#18 24.25 Unpacking libpkgconf3:amd64 (1.8.1-4) ...
#18 24.34 Selecting previously unselected package pkgconf-bin.
#18 24.34 Preparing to unpack .../30-pkgconf-bin_1.8.1-4_amd64.deb ...
#18 24.35 Unpacking pkgconf-bin (1.8.1-4) ...
#18 24.58 Selecting previously unselected package pkgconf:amd64.
#18 24.58 Preparing to unpack .../31-pkgconf_1.8.1-4_amd64.deb ...
#18 24.63 Unpacking pkgconf:amd64 (1.8.1-4) ...
#18 24.76 Selecting previously unselected package zlib1g-dev:amd64.
#18 24.76 Preparing to unpack .../32-zlib1g-dev_1%3a1.3.dfsg+really1.3.1-1+b1_amd64.deb ...
#18 24.77 Unpacking zlib1g-dev:amd64 (1:1.3.dfsg+really1.3.1-1+b1) ...
#18 24.86 Selecting previously unselected package libgio-2.0-dev:amd64.
#18 24.86 Preparing to unpack .../33-libgio-2.0-dev_2.84.4-3~deb13u2_amd64.deb ...
#18 24.88 Unpacking libgio-2.0-dev:amd64 (2.84.4-3~deb13u2) ...
#18 25.07 Selecting previously unselected package python3-packaging.
#18 25.07 Preparing to unpack .../34-python3-packaging_25.0-1_all.deb ...
#18 25.09 Unpacking python3-packaging (25.0-1) ...
#18 25.18 Selecting previously unselected package libgio-2.0-dev-bin.
#18 25.19 Preparing to unpack .../35-libgio-2.0-dev-bin_2.84.4-3~deb13u2_amd64.deb ...
#18 25.20 Unpacking libgio-2.0-dev-bin (2.84.4-3~deb13u2) ...
#18 25.29 Selecting previously unselected package libglib2.0-data.
#18 25.29 Preparing to unpack .../36-libglib2.0-data_2.84.4-3~deb13u2_all.deb ...
#18 25.30 Unpacking libglib2.0-data (2.84.4-3~deb13u2) ...
#18 25.44 Selecting previously unselected package libglib2.0-bin.
#18 25.44 Preparing to unpack .../37-libglib2.0-bin_2.84.4-3~deb13u2_amd64.deb ...
#18 25.45 Unpacking libglib2.0-bin (2.84.4-3~deb13u2) ...
#18 25.54 Selecting previously unselected package libglib2.0-dev-bin.
#18 25.54 Preparing to unpack .../38-libglib2.0-dev-bin_2.84.4-3~deb13u2_amd64.deb ...
#18 25.55 Unpacking libglib2.0-dev-bin (2.84.4-3~deb13u2) ...
#18 25.64 Selecting previously unselected package libglib2.0-dev:amd64.
#18 25.65 Preparing to unpack .../39-libglib2.0-dev_2.84.4-3~deb13u2_amd64.deb ...
#18 25.66 Unpacking libglib2.0-dev:amd64 (2.84.4-3~deb13u2) ...
#18 25.78 Selecting previously unselected package libncurses6:amd64.
#18 25.78 Preparing to unpack .../40-libncurses6_6.5+20250216-2_amd64.deb ...
#18 25.79 Unpacking libncurses6:amd64 (6.5+20250216-2) ...
#18 25.89 Selecting previously unselected package libncurses-dev:amd64.
#18 25.89 Preparing to unpack .../41-libncurses-dev_6.5+20250216-2_amd64.deb ...
#18 25.90 Unpacking libncurses-dev:amd64 (6.5+20250216-2) ...
#18 26.03 Selecting previously unselected package libpfm4:amd64.
#18 26.03 Preparing to unpack .../42-libpfm4_4.13.0+git99-gc5587f9-1_amd64.deb ...
#18 26.05 Unpacking libpfm4:amd64 (4.13.0+git99-gc5587f9-1) ...
#18 26.16 Selecting previously unselected package libpixman-1-dev:amd64.
#18 26.16 Preparing to unpack .../43-libpixman-1-dev_0.44.0-3_amd64.deb ...
#18 26.18 Unpacking libpixman-1-dev:amd64 (0.44.0-3) ...
#18 26.28 Selecting previously unselected package libstdc++-13-dev:amd64.
#18 26.28 Preparing to unpack .../44-libstdc++-13-dev_13.3.0-16_amd64.deb ...
#18 26.30 Unpacking libstdc++-13-dev:amd64 (13.3.0-16) ...
#18 26.54 Selecting previously unselected package libtool.
#18 26.55 Preparing to unpack .../45-libtool_2.5.4-4_all.deb ...
#18 26.57 Unpacking libtool (2.5.4-4) ...
#18 26.69 Selecting previously unselected package libxml2-dev:amd64.
#18 26.69 Preparing to unpack .../46-libxml2-dev_2.12.7+dfsg+really2.9.14-2.1+deb13u2_amd64.deb ...
#18 26.71 Unpacking libxml2-dev:amd64 (2.12.7+dfsg+really2.9.14-2.1+deb13u2) ...
#18 26.86 Selecting previously unselected package libz3-dev:amd64.
#18 26.86 Preparing to unpack .../47-libz3-dev_4.13.3-1_amd64.deb ...
#18 26.88 Unpacking libz3-dev:amd64 (4.13.3-1) ...
#18 26.99 Selecting previously unselected package lld-19.
#18 26.99 Preparing to unpack .../48-lld-19_1%3a19.1.7-3+b1_amd64.deb ...
#18 27.01 Unpacking lld-19 (1:19.1.7-3+b1) ...
#18 27.16 Selecting previously unselected package lld:amd64.
#18 27.16 Preparing to unpack .../49-lld_1%3a19.0-63_amd64.deb ...
#18 27.17 Unpacking lld:amd64 (1:19.0-63) ...
#18 27.29 Selecting previously unselected package llvm-19-runtime.
#18 27.29 Preparing to unpack .../50-llvm-19-runtime_1%3a19.1.7-3+b1_amd64.deb ...
#18 27.30 Unpacking llvm-19-runtime (1:19.1.7-3+b1) ...
#18 27.42 Selecting previously unselected package llvm-runtime:amd64.
#18 27.42 Preparing to unpack .../51-llvm-runtime_1%3a19.0-63_amd64.deb ...
#18 27.43 Unpacking llvm-runtime:amd64 (1:19.0-63) ...
#18 27.53 Selecting previously unselected package llvm-19.
#18 27.53 Preparing to unpack .../52-llvm-19_1%3a19.1.7-3+b1_amd64.deb ...
#18 27.56 Unpacking llvm-19 (1:19.1.7-3+b1) ...
#18 28.08 Selecting previously unselected package llvm.
#18 28.08 Preparing to unpack .../53-llvm_1%3a19.0-63_amd64.deb ...
#18 28.10 Unpacking llvm (1:19.0-63) ...
#18 28.24 Selecting previously unselected package llvm-19-tools.
#18 28.24 Preparing to unpack .../54-llvm-19-tools_1%3a19.1.7-3+b1_amd64.deb ...
#18 28.25 Unpacking llvm-19-tools (1:19.1.7-3+b1) ...
#18 28.46 Selecting previously unselected package llvm-19-dev.
#18 28.47 Preparing to unpack .../55-llvm-19-dev_1%3a19.1.7-3+b1_amd64.deb ...
#18 28.48 Unpacking llvm-19-dev (1:19.1.7-3+b1) ...
#18 29.71 Selecting previously unselected package llvm-dev.
#18 29.71 Preparing to unpack .../56-llvm-dev_1%3a19.0-63_amd64.deb ...
#18 29.73 Unpacking llvm-dev (1:19.0-63) ...
#18 29.86 Selecting previously unselected package python3-autocommand.
#18 29.87 Preparing to unpack .../57-python3-autocommand_2.2.2-3_all.deb ...
#18 29.88 Unpacking python3-autocommand (2.2.2-3) ...
#18 29.98 Selecting previously unselected package python3-more-itertools.
#18 29.99 Preparing to unpack .../58-python3-more-itertools_10.7.0-1_all.deb ...
#18 30.00 Unpacking python3-more-itertools (10.7.0-1) ...
#18 30.11 Selecting previously unselected package python3-typing-extensions.
#18 30.11 Preparing to unpack .../59-python3-typing-extensions_4.13.2-1_all.deb ...
#18 30.13 Unpacking python3-typing-extensions (4.13.2-1) ...
#18 30.24 Selecting previously unselected package python3-typeguard.
#18 30.24 Preparing to unpack .../60-python3-typeguard_4.4.2-1_all.deb ...
#18 30.25 Unpacking python3-typeguard (4.4.2-1) ...
#18 30.35 Selecting previously unselected package python3-inflect.
#18 30.36 Preparing to unpack .../61-python3-inflect_7.3.1-2_all.deb ...
#18 30.37 Unpacking python3-inflect (7.3.1-2) ...
#18 30.47 Selecting previously unselected package python3-jaraco.functools.
#18 30.47 Preparing to unpack .../62-python3-jaraco.functools_4.1.0-1_all.deb ...
#18 30.49 Unpacking python3-jaraco.functools (4.1.0-1) ...
#18 30.59 Selecting previously unselected package python3-pkg-resources.
#18 30.59 Preparing to unpack .../63-python3-pkg-resources_78.1.1-0.1_all.deb ...
#18 30.61 Unpacking python3-pkg-resources (78.1.1-0.1) ...
#18 30.73 Selecting previously unselected package python3-jaraco.text.
#18 30.73 Preparing to unpack .../64-python3-jaraco.text_4.0.0-1_all.deb ...
#18 30.74 Unpacking python3-jaraco.text (4.0.0-1) ...
#18 30.84 Selecting previously unselected package python3-zipp.
#18 30.84 Preparing to unpack .../65-python3-zipp_3.21.0-1_all.deb ...
#18 30.86 Unpacking python3-zipp (3.21.0-1) ...
#18 30.96 Selecting previously unselected package python3-setuptools.
#18 30.96 Preparing to unpack .../66-python3-setuptools_78.1.1-0.1_all.deb ...
#18 30.98 Unpacking python3-setuptools (78.1.1-0.1) ...
#18 31.34 Selecting previously unselected package python3-jaraco.context.
#18 31.34 Preparing to unpack .../67-python3-jaraco.context_6.0.1-1_all.deb ...
#18 31.41 Unpacking python3-jaraco.context (6.0.1-1) ...
#18 31.51 Setting up python3-more-itertools (10.7.0-1) ...
#18 31.66 Setting up libz3-dev:amd64 (4.13.3-1) ...
#18 31.71 Setting up libpixman-1-dev:amd64 (0.44.0-3) ...
#18 31.75 Setting up native-architecture (0.2.6) ...
#18 31.80 Setting up python3-jaraco.functools (4.1.0-1) ...
#18 31.91 Setting up python3-jaraco.context (6.0.1-1) ...
#18 32.02 Setting up libmagic-mgc (1:5.46-5) ...
#18 32.07 Setting up libgirepository-2.0-0:amd64 (2.84.4-3~deb13u2) ...
#18 32.11 Setting up libmagic1t64:amd64 (1:5.46-5) ...
#18 32.18 Setting up m4 (1.4.19-8) ...
#18 32.23 Setting up file (1:5.46-5) ...
#18 32.28 Setting up python3-zipp (3.21.0-1) ...
#18 32.41 Setting up python3-autocommand (2.2.2-3) ...
#18 32.52 Setting up libpcre2-16-0:amd64 (10.46-1~deb13u1) ...
#18 32.57 Setting up libelf1t64:amd64 (0.192-4) ...
#18 32.62 Setting up libsysprof-capture-4-dev:amd64 (48.0-2) ...
#18 32.67 Setting up autotools-dev (20240727.1) ...
#18 32.71 Setting up libxml2-dev:amd64 (2.12.7+dfsg+really2.9.14-2.1+deb13u2) ...
#18 32.76 Setting up libpcre2-32-0:amd64 (10.46-1~deb13u1) ...
#18 32.80 Setting up libglib2.0-data (2.84.4-3~deb13u2) ...
#18 32.84 Setting up python3-packaging (25.0-1) ...
#18 32.98 Setting up libpkgconf3:amd64 (1.8.1-4) ...
#18 33.02 Setting up libpfm4:amd64 (4.13.0+git99-gc5587f9-1) ...
#18 33.06 Setting up gcc-13-base:amd64 (13.3.0-16) ...
#18 33.10 Setting up libjsoncpp26:amd64 (1.9.6-3) ...
#18 33.15 Setting up uuid-dev:amd64 (2.41-5) ...
#18 33.19 Setting up clang (1:19.0-63) ...
#18 33.28 Setting up libncurses6:amd64 (6.5+20250216-2) ...
#18 33.32 Setting up libsepol-dev:amd64 (3.8.1-1) ...
#18 33.37 Setting up python3-typing-extensions (4.13.2-1) ...
#18 33.50 Setting up pkgconf-bin (1.8.1-4) ...
#18 33.55 Setting up autoconf (2.72-3.1) ...
#18 33.61 Setting up zlib1g-dev:amd64 (1:1.3.dfsg+really1.3.1-1+b1) ...
#18 33.65 Setting up libpcre2-posix3:amd64 (10.46-1~deb13u1) ...
#18 33.70 Setting up libgcc-13-dev:amd64 (13.3.0-16) ...
#18 33.74 Setting up cmake-data (3.31.6-2) ...
#18 33.79 Setting up librhash1:amd64 (1.4.5-1) ...
#18 33.84 Setting up llvm-19-runtime (1:19.1.7-3+b1) ...
#18 33.88 Setting up lld-19 (1:19.1.7-3+b1) ...
#18 33.93 Setting up llvm-19-tools (1:19.1.7-3+b1) ...
#18 33.97 Setting up libarchive13t64:amd64 (3.7.4-4) ...
#18 34.01 Setting up libstdc++-13-dev:amd64 (13.3.0-16) ...
#18 34.06 Setting up automake (1:1.17-4) ...
#18 34.09 update-alternatives: using /usr/bin/automake-1.17 to provide /usr/bin/automake (automake) in auto mode
#18 34.09 update-alternatives: warning: skip creation of /usr/share/man/man1/automake.1.gz because associated file /usr/share/man/man1/automake-1.17.1.gz (of link group automake) doesn't exist
#18 34.09 update-alternatives: warning: skip creation of /usr/share/man/man1/aclocal.1.gz because associated file /usr/share/man/man1/aclocal-1.17.1.gz (of link group automake) doesn't exist
#18 34.11 Setting up libblkid-dev:amd64 (2.41-5) ...
#18 34.15 Setting up libgio-2.0-dev-bin (2.84.4-3~deb13u2) ...
#18 34.36 Setting up libncurses-dev:amd64 (6.5+20250216-2) ...
#18 34.40 Setting up girepository-tools:amd64 (2.84.4-3~deb13u2) ...
#18 34.44 Setting up libpcre2-dev:amd64 (10.46-1~deb13u1) ...
#18 34.49 Setting up libtool (2.5.4-4) ...
#18 34.53 Setting up libselinux1-dev:amd64 (3.8.1-1) ...
#18 34.58 Setting up lld:amd64 (1:19.0-63) ...
#18 34.62 Setting up python3-typeguard (4.4.2-1) ...
#18 34.75 Setting up libglib2.0-bin (2.84.4-3~deb13u2) ...
#18 34.79 Setting up pkgconf:amd64 (1.8.1-4) ...
#18 34.86 Setting up python3-inflect (7.3.1-2) ...
#18 34.99 Setting up python3-jaraco.text (4.0.0-1) ...
#18 35.10 Setting up llvm-runtime:amd64 (1:19.0-63) ...
#18 35.14 Setting up cmake (3.31.6-2) ...
#18 35.19 Setting up llvm-19 (1:19.1.7-3+b1) ...
#18 35.23 Setting up libmount-dev:amd64 (2.41-5) ...
#18 35.27 Setting up python3-pkg-resources (78.1.1-0.1) ...
#18 35.44 Setting up libglib2.0-dev-bin (2.84.4-3~deb13u2) ...
#18 35.49 Setting up libgio-2.0-dev:amd64 (2.84.4-3~deb13u2) ...
#18 35.53 Setting up python3-setuptools (78.1.1-0.1) ...
#18 36.03 Setting up llvm (1:19.0-63) ...
#18 36.07 Setting up llvm-19-dev (1:19.1.7-3+b1) ...
#18 36.12 Setting up llvm-dev (1:19.0-63) ...
#18 36.16 Processing triggers for libc-bin (2.41-12+deb13u1) ...
#18 36.22 Processing triggers for libglib2.0-0t64:amd64 (2.84.4-3~deb13u2) ...
#18 36.25 No schema files found: doing nothing.
#18 36.26 Setting up libglib2.0-dev:amd64 (2.84.4-3~deb13u2) ...
#18 DONE 36.9s

#19 [backend 15/20] RUN git clone --depth 1 --branch v4.10c https://github.com/AFLplusplus/AFLplusplus.git /opt/AFLplusplus     && cd /opt/AFLplusplus     && make distrib     && make install     && cd /     && rm -rf /opt/AFLplusplus/.git
#19 0.401 Cloning into '/opt/AFLplusplus'...
#19 1.436 Note: switching to '775861ea94d00672c9e868db329073afd699b994'.
#19 1.436 
#19 1.436 You are in 'detached HEAD' state. You can look around, make experimental
#19 1.436 changes and commit them, and you can discard any commits you make in this
#19 1.436 state without impacting any branches by switching back to a branch.
#19 1.436 
#19 1.436 If you want to create a new branch to retain commits you create, you may
#19 1.436 do so (now or later) by using -c with the switch command. Example:
#19 1.436 
#19 1.436   git switch -c <new-branch-name>
#19 1.436 
#19 1.436 Or undo this operation with:
#19 1.436 
#19 1.436   git switch -
#19 1.436 
#19 1.436 Turn off this advice by setting config variable advice.detachedHead to false
#19 1.436 
#19 1.513 [*] Compiling AFL++ for OS Linux on ARCH x86_64
#19 1.865 [*] Checking for the default compiler cc...
#19 1.866 [*] Testing the PATH environment variable...
#19 1.868 [*] Checking for the ability to compile x86 code...
#19 1.895 [+] shmat seems to be working.
#19 1.897 [+] Python 3.11.14 support seems to be working.
#19 1.899 [+] Everything seems to be working, ready to compile. (cc (Debian 14.2.0-19) 14.2.0)
#19 1.900 cc -O2 -Wno-error=format-truncation -Wno-format-truncation  -g -Wno-pointer-sign -Wno-variadic-macros -Wall -Wextra -Wno-pointer-arith -fPIC -I include/ -DAFL_PATH=\"/usr/local/lib/afl\" -DBIN_PATH=\"/usr/local/bin\" -DDOC_PATH=\"/usr/local/share/doc/afl\" -flto -c src/afl-common.c -o src/afl-common.o
#19 1.982 cc -O2 -Wno-error=format-truncation -Wno-format-truncation  -g -Wno-pointer-sign -Wno-variadic-macros -Wall -Wextra -Wno-pointer-arith -fPIC -I include/ -DAFL_PATH=\"/usr/local/lib/afl\" -DBIN_PATH=\"/usr/local/bin\" -DDOC_PATH=\"/usr/local/share/doc/afl\" -flto -c src/afl-sharedmem.c -o src/afl-sharedmem.o
#19 2.017 cc -O2 -Wno-error=format-truncation -Wno-format-truncation  -g -Wno-pointer-sign -Wno-variadic-macros -Wall -Wextra -Wno-pointer-arith -fPIC -I include/ -DAFL_PATH=\"/usr/local/lib/afl\" -DBIN_PATH=\"/usr/local/bin\" -DDOC_PATH=\"/usr/local/share/doc/afl\" -flto -c src/afl-forkserver.c -o src/afl-forkserver.o
#19 2.083 cc -O2 -Wno-error=format-truncation -Wno-format-truncation  -g -Wno-pointer-sign -Wno-variadic-macros -Wall -Wextra -Wno-pointer-arith -fPIC -I include/ -DAFL_PATH=\"/usr/local/lib/afl\" -DBIN_PATH=\"/usr/local/bin\" -DDOC_PATH=\"/usr/local/share/doc/afl\" -Wno-error=format-truncation -Wno-format-truncation -Iinclude -c src/afl-performance.c -o src/afl-performance.o
#19 2.232 cc -O2 -Wno-error=format-truncation -Wno-format-truncation  -g -Wno-pointer-sign -Wno-variadic-macros -Wall -Wextra -Wno-pointer-arith -fPIC -I include/ -DAFL_PATH=\"/usr/local/lib/afl\" -DBIN_PATH=\"/usr/local/bin\" -DDOC_PATH=\"/usr/local/share/doc/afl\"  -flto src/afl-fuzz-bitmap.c src/afl-fuzz-cmplog.c src/afl-fuzz-extras.c src/afl-fuzz-init.c src/afl-fuzz-mutators.c src/afl-fuzz-one.c src/afl-fuzz-python.c src/afl-fuzz-queue.c src/afl-fuzz-redqueen.c src/afl-fuzz-run.c src/afl-fuzz-skipdet.c src/afl-fuzz-state.c src/afl-fuzz-stats.c src/afl-fuzz-statsd.c src/afl-fuzz.c src/afl-common.o src/afl-sharedmem.o src/afl-forkserver.o src/afl-performance.o -o afl-fuzz -DUSE_PYTHON -I/usr/local/include/python3.11 -I/usr/local/include/python3.11 -ldl -lrt -lm -lpython3.11 -ldl  -lm   -L/usr/local/lib -lpython3.11 -ldl  -lm  -DPYTHON_VERSION="\"Python 3.11.14\"" -ldl -lrt -lm -lm
#19 4.041 lto-wrapper: warning: using serial compilation of 6 LTRANS jobs
#19 4.041 lto-wrapper: note: see the ÔÇÿ-fltoÔÇÖ option documentation for more information
#19 8.956 cc -O2 -Wno-error=format-truncation -Wno-format-truncation  -g -Wno-pointer-sign -Wno-variadic-macros -Wall -Wextra -Wno-pointer-arith -fPIC -I include/ -DAFL_PATH=\"/usr/local/lib/afl\" -DBIN_PATH=\"/usr/local/bin\" -DDOC_PATH=\"/usr/local/share/doc/afl\"  -flto src/afl-showmap.c src/afl-fuzz-mutators.c src/afl-fuzz-python.c src/afl-common.o src/afl-sharedmem.o src/afl-forkserver.o src/afl-performance.o -o afl-showmap -DUSE_PYTHON -I/usr/local/include/python3.11 -I/usr/local/include/python3.11 -ldl -lrt -lm -lpython3.11 -ldl  -lm   -L/usr/local/lib -lpython3.11 -ldl  -lm  -DPYTHON_VERSION="\"Python 3.11.14\"" -ldl -lrt -lm
#19 10.04 cc -O2 -Wno-error=format-truncation -Wno-format-truncation  -g -Wno-pointer-sign -Wno-variadic-macros -Wall -Wextra -Wno-pointer-arith -fPIC -I include/ -DAFL_PATH=\"/usr/local/lib/afl\" -DBIN_PATH=\"/usr/local/bin\" -DDOC_PATH=\"/usr/local/share/doc/afl\"  -flto src/afl-tmin.c src/afl-common.o src/afl-sharedmem.o src/afl-forkserver.o src/afl-performance.o -o afl-tmin -ldl -lrt -lm
#19 10.68 cc -O2 -Wno-error=format-truncation -Wno-format-truncation  -g -Wno-pointer-sign -Wno-variadic-macros -Wall -Wextra -Wno-pointer-arith -fPIC -I include/ -DAFL_PATH=\"/usr/local/lib/afl\" -DBIN_PATH=\"/usr/local/bin\" -DDOC_PATH=\"/usr/local/share/doc/afl\"  -flto src/afl-gotcpu.c src/afl-common.o -o afl-gotcpu -ldl -lrt -lm
#19 10.78 cc -O2 -Wno-error=format-truncation -Wno-format-truncation  -g -Wno-pointer-sign -Wno-variadic-macros -Wall -Wextra -Wno-pointer-arith -fPIC -I include/ -DAFL_PATH=\"/usr/local/lib/afl\" -DBIN_PATH=\"/usr/local/bin\" -DDOC_PATH=\"/usr/local/share/doc/afl\"  -flto src/afl-analyze.c src/afl-common.o src/afl-sharedmem.o src/afl-performance.o src/afl-forkserver.o -o afl-analyze -ldl -lrt -lm
#19 11.40 cc -O2 -Wno-error=format-truncation -Wno-format-truncation  -g -Wno-pointer-sign -Wno-variadic-macros -Wall -Wextra -Wno-pointer-arith -fPIC -I include/ -DAFL_PATH=\"/usr/local/lib/afl\" -DBIN_PATH=\"/usr/local/bin\" -DDOC_PATH=\"/usr/local/share/doc/afl\" src/afl-as.c -o afl-as -ldl -lrt -lm
#19 11.54 make -j -f GNUmakefile.llvm
#19 11.54 make[1]: Entering directory '/opt/AFLplusplus'
#19 11.55 GNUmakefile.llvm:70: you are using an in-development llvm version - this might break llvm_mode!
#19 11.56 [+] llvm_mode detected llvm 10+, enabling neverZero implementation and c++14
#19 11.56 [+] llvm_mode detected llvm 16+, enabling c++17
#19 11.56 [+] llvm_mode detected llvm 12+, enabling afl-lto LTO implementation
#19 12.12 [+] shmat seems to be working.
#19 12.15 [*] Checking for working 'llvm-config'...
#19 12.15 /usr/lib/llvm-19/bin/clang -O3 -funroll-loops -fPIC -Wall -g -Wno-cast-qual -Wno-variadic-macros -Wno-pointer-sign -I ./include/ -I ./instrumentation/ -DAFL_PATH=\"/usr/local/lib/afl\" -DBIN_PATH=\"/usr/local/bin\" -DLLVM_BINDIR=\"/usr/lib/llvm-19/bin\" -DVERSION=\"++4.10c\" -DLLVM_LIBDIR=\"/usr/lib/llvm-19/lib\" -DLLVM_VERSION=\"19.1.7\" -DAFL_CLANG_FLTO=\"-flto=full\" -DAFL_REAL_LD=\"/usr/lib/llvm-19/bin/ld.lld\" -DAFL_CLANG_LDPATH=\"1\" -DAFL_CLANG_FUSELD=\"1\" -DCLANG_BIN=\"/usr/lib/llvm-19/bin/clang\" -DCLANGPP_BIN=\"/usr/lib/llvm-19/bin/clang++\" -DUSE_BINDIR=1 -Wno-unused-function -fdebug-prefix-map="/opt/AFLplusplus=llvm_mode" -Wno-deprecated  -c src/afl-common.c -o instrumentation/afl-common.o 
#19 12.15 [*] Checking for working '/usr/lib/llvm-19/bin/clang'...
#19 12.16 [*] Checking for matching versions of '/usr/lib/llvm-19/bin/clang' and 'llvm-config'
#19 12.16 /usr/lib/llvm-19/bin/clang -I/usr/lib/llvm-19/include -I./../include -Wall -g -Wno-cast-qual -Wno-variadic-macros -Wno-pointer-sign -I ./include/ -I ./instrumentation/ -DAFL_PATH=\"/usr/local/lib/afl\" -DBIN_PATH=\"/usr/local/bin\" -DLLVM_BINDIR=\"/usr/lib/llvm-19/bin\" -DVERSION=\"++4.10c\" -DLLVM_LIBDIR=\"/usr/lib/llvm-19/lib\" -DLLVM_VERSION=\"19.1.7\" -DAFL_CLANG_FLTO=\"-flto=full\" -DAFL_REAL_LD=\"/usr/lib/llvm-19/bin/ld.lld\" -DAFL_CLANG_LDPATH=\"1\" -DAFL_CLANG_FUSELD=\"1\" -DCLANG_BIN=\"/usr/lib/llvm-19/bin/clang\" -DCLANGPP_BIN=\"/usr/lib/llvm-19/bin/clang++\" -DUSE_BINDIR=1 -Wno-unused-function -fdebug-prefix-map="/opt/AFLplusplus=llvm_mode" -Wno-deprecated  -O3 -Wno-unused-result -fPIC -c instrumentation/afl-compiler-rt.o.c -o afl-compiler-rt.o
#19 12.16 [*] We have llvm-config version 19.1.7 with a clang version 19.1.7, good.
#19 12.16 [*] Checking for './afl-showmap'...
#19 12.17 [+] All set and ready to build.
#19 12.17 [*] Building 32-bit variant of the runtime (-m32)... [*] Building 64-bit variant of the runtime (-m64)... /usr/lib/llvm-19/bin/clang++ -O3 -funroll-loops -fPIC -Wall -g -Wno-cast-qual -Wno-variadic-macros -Wno-pointer-sign -I ./include/ -I ./instrumentation/ -DAFL_PATH=\"/usr/local/lib/afl\" -DBIN_PATH=\"/usr/local/bin\" -DLLVM_BINDIR=\"/usr/lib/llvm-19/bin\" -DVERSION=\"++4.10c\" -DLLVM_LIBDIR=\"/usr/lib/llvm-19/lib\" -DLLVM_VERSION=\"19.1.7\" -DAFL_CLANG_FLTO=\"-flto=full\" -DAFL_REAL_LD=\"/usr/lib/llvm-19/bin/ld.lld\" -DAFL_CLANG_LDPATH=\"1\" -DAFL_CLANG_FUSELD=\"1\" -DCLANG_BIN=\"/usr/lib/llvm-19/bin/clang\" -DCLANGPP_BIN=\"/usr/lib/llvm-19/bin/clang++\" -DUSE_BINDIR=1 -Wno-unused-function -fdebug-prefix-map="/opt/AFLplusplus=llvm_mode" -Wno-deprecated  `llvm-config --cxxflags` -fno-rtti -fPIC -std=c++17 -c instrumentation/afl-llvm-common.cc -o instrumentation/afl-llvm-common.o 
#19 12.18 /usr/lib/llvm-19/bin/clang -O3 -funroll-loops -fPIC -Wall -g -Wno-cast-qual -Wno-variadic-macros -Wno-pointer-sign -I ./include/ -I ./instrumentation/ -DAFL_PATH=\"/usr/local/lib/afl\" -DBIN_PATH=\"/usr/local/bin\" -DLLVM_BINDIR=\"/usr/lib/llvm-19/bin\" -DVERSION=\"++4.10c\" -DLLVM_LIBDIR=\"/usr/lib/llvm-19/lib\" -DLLVM_VERSION=\"19.1.7\" -DAFL_CLANG_FLTO=\"-flto=full\" -DAFL_REAL_LD=\"/usr/lib/llvm-19/bin/ld.lld\" -DAFL_CLANG_LDPATH=\"1\" -DAFL_CLANG_FUSELD=\"1\" -DCLANG_BIN=\"/usr/lib/llvm-19/bin/clang\" -DCLANGPP_BIN=\"/usr/lib/llvm-19/bin/clang++\" -DUSE_BINDIR=1 -Wno-unused-function -fdebug-prefix-map="/opt/AFLplusplus=llvm_mode" -Wno-deprecated  src/afl-ld-lto.c -o afl-ld-lto
#19 12.22 failed (that's fine)
#19 12.48 /usr/lib/llvm-19/bin/clang -I/usr/lib/llvm-19/include -I./../include -O3 -funroll-loops -fPIC -Wall -g -Wno-cast-qual -Wno-variadic-macros -Wno-pointer-sign -I ./include/ -I ./instrumentation/ -DAFL_PATH=\"/usr/local/lib/afl\" -DBIN_PATH=\"/usr/local/bin\" -DLLVM_BINDIR=\"/usr/lib/llvm-19/bin\" -DVERSION=\"++4.10c\" -DLLVM_LIBDIR=\"/usr/lib/llvm-19/lib\" -DLLVM_VERSION=\"19.1.7\" -DAFL_CLANG_FLTO=\"-flto=full\" -DAFL_REAL_LD=\"/usr/lib/llvm-19/bin/ld.lld\" -DAFL_CLANG_LDPATH=\"1\" -DAFL_CLANG_FUSELD=\"1\" -DCLANG_BIN=\"/usr/lib/llvm-19/bin/clang\" -DCLANGPP_BIN=\"/usr/lib/llvm-19/bin/clang++\" -DUSE_BINDIR=1 -Wno-unused-function -fdebug-prefix-map="/opt/AFLplusplus=llvm_mode" -Wno-deprecated  src/afl-cc.c instrumentation/afl-common.o -o afl-cc -DLLVM_MINOR=7 -DLLVM_MAJOR=19  -DCFLAGS_OPT=\"\" -lm
#19 12.50 success!
#19 14.04 instrumentation/afl-llvm-common.cc:94:22: error: no member named 'startswith' in 'llvm::StringRef'; did you mean 'starts_with'?
#19 14.04    94 |     if (F->getName().startswith(ignoreListFunc)) { return true; }
#19 14.04       |                      ^~~~~~~~~~
#19 14.04       |                      starts_with
#19 14.04 /usr/lib/llvm-19/include/llvm/ADT/StringRef.h:250:24: note: 'starts_with' declared here
#19 14.04   250 |     [[nodiscard]] bool starts_with(StringRef Prefix) const {
#19 14.04       |                        ^
#19 14.37 1 error generated.
#19 14.38 make[1]: *** [GNUmakefile.llvm:420: instrumentation/afl-llvm-common.o] Error 1
#19 14.38 make[1]: *** Waiting for unfinished jobs....
#19 18.88 make[1]: Leaving directory '/opt/AFLplusplus'
#19 18.88 make: [GNUmakefile:338: llvm] Error 2 (ignored)
#19 18.88 make -f GNUmakefile.gcc_plugin
#19 18.88 make[1]: Entering directory '/opt/AFLplusplus'
#19 18.92 [+] shmat seems to be working.
#19 18.93 [*] Checking for working 'cc'...
#19 18.93 [*] Checking for gcc plugin development header files...
#19 18.93 [-] Oops, can't find gcc header files. Be sure to install 'gcc-X-plugin-dev'.
#19 18.93 make[1]: *** [GNUmakefile.gcc_plugin:127: test_deps] Error 1
#19 18.93 make[1]: Leaving directory '/opt/AFLplusplus'
#19 18.93 make: [GNUmakefile:344: gcc_plugin] Error 2 (ignored)
#19 18.93 [*] Testing the CC wrapper afl-cc and its instrumentation output...
#19 20.98 ASAN_OPTIONS=detect_leaks=0 ./afl-showmap -q -m none -o .test-instr0 ./test-instr < /dev/null
#19 23.00 [1;93m[!] [1;97mWARNING: [0mMistyped AFL environment variable: AFL_VERSION=4.10c[0m
#19 23.00 Did you mean AFL_AS?
#19 23.00 Did you mean AFL_CC?
#19 23.00 echo 1 | ASAN_OPTIONS=detect_leaks=0 ./afl-showmap -m none -q -o .test-instr1 ./test-instr
#19 25.02 [1;93m[!] [1;97mWARNING: [0mMistyped AFL environment variable: AFL_VERSION=4.10c[0m
#19 25.02 Did you mean AFL_AS?
#19 25.02 Did you mean AFL_CC?
#19 25.03 
#19 25.03 [+] All right, the instrumentation of afl-cc seems to be working!
#19 25.04 [+] Main compiler 'afl-cc' successfully built!
#19 25.04 [-] LLVM mode for 'afl-cc'  failed to build, likely you either don't have llvm installed, or you need to set LLVM_CONFIG, to point to e.g. llvm-config-11. See instrumentation/README.llvm.md how to do this. Highly recommended!
#19 25.04 [-] LLVM LTO mode for 'afl-cc'  failed to build, this would need LLVM 11+, see instrumentation/README.lto.md how to build it
#19 25.04 [-] gcc_plugin for 'afl-cc'  failed to build, unless you really need it that is fine - or read instrumentation/README.gcc_plugin.md how to build it
#19 25.04 [+] All done! Be sure to review the README.md - it's pretty short and useful.
#19 25.04 make -C utils/aflpp_driver
#19 25.04 make[1]: Entering directory '/opt/AFLplusplus/utils/aflpp_driver'
#19 25.05 /usr/lib/llvm-19/bin/clang -I. -I../../include -O3 -funroll-loops -g -fPIC -c aflpp_driver.c
#19 25.16 'libAFLDriver.a' -> '../../libAFLDriver.a'
#19 25.16 /usr/lib/llvm-19/bin/clang -O3 -funroll-loops -g -fPIC -O0 -funroll-loops -c aflpp_qemu_driver.c
#19 25.21 'libAFLQemuDriver.a' -> '../../libAFLQemuDriver.a'
#19 25.21 Note: Optional aflpp_qemu_driver_hook.o not built.
#19 25.21 Note: Optional aflpp_qemu_driver_hook.so not built.
#19 25.21 make[1]: Leaving directory '/opt/AFLplusplus/utils/aflpp_driver'
#19 25.21 
#19 25.21 
#19 25.21 Build Summary:
#19 25.21 [+] afl-fuzz and supporting tools successfully built
#19 25.21 [-] LLVM mode could not be built, please install at least llvm-11 and clang-11 or newer, see docs/INSTALL.md
#19 25.21 [-] LLVM mode could not be built, please install at least llvm-13 and clang-13 or newer, see docs/INSTALL.md
#19 25.21 [-] LLVM LTO mode could not be built, it is optional, if you want it, please install LLVM and LLD 11+. More information at instrumentation/README.lto.md on how to build it
#19 25.21 [-] gcc_mode could not be built, it is optional, install gcc-VERSION-plugin-dev to enable this
#19 25.21 
#19 25.21 make -j -f GNUmakefile.llvm
#19 25.21 make[1]: Entering directory '/opt/AFLplusplus'
#19 25.23 GNUmakefile.llvm:70: you are using an in-development llvm version - this might break llvm_mode!
#19 25.23 [+] llvm_mode detected llvm 10+, enabling neverZero implementation and c++14
#19 25.23 [+] llvm_mode detected llvm 16+, enabling c++17
#19 25.24 [+] llvm_mode detected llvm 12+, enabling afl-lto LTO implementation
#19 25.63 [+] shmat seems to be working.
#19 25.66 [*] Checking for working 'llvm-config'...
#19 25.66 [*] Checking for working '/usr/lib/llvm-19/bin/clang'...
#19 25.66 [*] Building 32-bit variant of the runtime (-m32)... /usr/lib/llvm-19/bin/clang++ -O3 -funroll-loops -fPIC -Wall -g -Wno-cast-qual -Wno-variadic-macros -Wno-pointer-sign -I ./include/ -I ./instrumentation/ -DAFL_PATH=\"/usr/local/lib/afl\" -DBIN_PATH=\"/usr/local/bin\" -DLLVM_BINDIR=\"/usr/lib/llvm-19/bin\" -DVERSION=\"++4.10c\" -DLLVM_LIBDIR=\"/usr/lib/llvm-19/lib\" -DLLVM_VERSION=\"19.1.7\" -DAFL_CLANG_FLTO=\"-flto=full\" -DAFL_REAL_LD=\"/usr/lib/llvm-19/bin/ld.lld\" -DAFL_CLANG_LDPATH=\"1\" -DAFL_CLANG_FUSELD=\"1\" -DCLANG_BIN=\"/usr/lib/llvm-19/bin/clang\" -DCLANGPP_BIN=\"/usr/lib/llvm-19/bin/clang++\" -DUSE_BINDIR=1 -Wno-unused-function -fdebug-prefix-map="/opt/AFLplusplus=llvm_mode" -Wno-deprecated  `llvm-config --cxxflags` -fno-rtti -fPIC -std=c++17 -c instrumentation/afl-llvm-common.cc -o instrumentation/afl-llvm-common.o 
#19 25.66 [*] Checking for matching versions of '/usr/lib/llvm-19/bin/clang' and 'llvm-config'
#19 25.67 [*] We have llvm-config version 19.1.7 with a clang version 19.1.7, good.
#19 25.67 [*] Checking for './afl-showmap'...
#19 25.67 [+] All set and ready to build.
#19 25.70 failed (that's fine)
#19 27.33 instrumentation/afl-llvm-common.cc:94:22: error: no member named 'startswith' in 'llvm::StringRef'; did you mean 'starts_with'?
#19 27.33    94 |     if (F->getName().startswith(ignoreListFunc)) { return true; }
#19 27.33       |                      ^~~~~~~~~~
#19 27.33       |                      starts_with
#19 27.33 /usr/lib/llvm-19/include/llvm/ADT/StringRef.h:250:24: note: 'starts_with' declared here
#19 27.33   250 |     [[nodiscard]] bool starts_with(StringRef Prefix) const {
#19 27.33       |                        ^
#19 27.61 1 error generated.
#19 27.62 make[1]: *** [GNUmakefile.llvm:420: instrumentation/afl-llvm-common.o] Error 1
#19 27.62 make[1]: Leaving directory '/opt/AFLplusplus'
#19 27.62 make: [GNUmakefile:644: distrib] Error 2 (ignored)
#19 27.62 make -f GNUmakefile.gcc_plugin
#19 27.62 make[1]: Entering directory '/opt/AFLplusplus'
#19 27.65 [+] shmat seems to be working.
#19 27.66 [*] Checking for working 'cc'...
#19 27.66 [*] Checking for gcc plugin development header files...
#19 27.66 [-] Oops, can't find gcc header files. Be sure to install 'gcc-X-plugin-dev'.
#19 27.66 make[1]: *** [GNUmakefile.gcc_plugin:127: test_deps] Error 1
#19 27.66 make[1]: Leaving directory '/opt/AFLplusplus'
#19 27.66 make: [GNUmakefile:645: distrib] Error 2 (ignored)
#19 27.66 make -C utils/libdislocator
#19 27.66 make[1]: Entering directory '/opt/AFLplusplus/utils/libdislocator'
#19 27.66 cc -O3 -funroll-loops -D_FORTIFY_SOURCE=2 -I ../../include/ -Wall -g -Wno-pointer-sign    -shared -fPIC libdislocator.so.c -o libdislocator.so 
#19 27.80 cp -fv libdislocator.so ../../
#19 27.80 'libdislocator.so' -> '../../libdislocator.so'
#19 27.80 make[1]: Leaving directory '/opt/AFLplusplus/utils/libdislocator'
#19 27.80 make -C utils/libtokencap
#19 27.80 make[1]: Entering directory '/opt/AFLplusplus/utils/libtokencap'
#19 27.80 cc -O3 -funroll-loops -D_FORTIFY_SOURCE=2 -I ../../include/ -Wall -g -Wno-pointer-sign  -shared -fPIC libtokencap.so.c -o libtokencap.so "-ldl"
#19 28.10 cp -f libtokencap.so ../../
#19 28.11 make[1]: Leaving directory '/opt/AFLplusplus/utils/libtokencap'
#19 28.11 make -C utils/afl_network_proxy
#19 28.11 make[1]: Entering directory '/opt/AFLplusplus/utils/afl_network_proxy'
#19 28.12 cc -Wno-pointer-sign -I../../include -o afl-network-client afl-network-client.c 
#19 28.16 cc -Wno-pointer-sign -I../../include -o afl-network-server afl-network-server.c ../../src/afl-forkserver.c ../../src/afl-sharedmem.c ../../src/afl-common.c -DAFL_PATH=\"/usr/local/lib/afl\" -DBIN_PATH=\"/usr/local/bin\" 
#19 28.41 make[1]: Leaving directory '/opt/AFLplusplus/utils/afl_network_proxy'
#19 28.41 make -C utils/socket_fuzzing
#19 28.41 make[1]: Entering directory '/opt/AFLplusplus/utils/socket_fuzzing'
#19 28.42 socketfuzz32 build failure (that's fine)
#19 28.46 make[1]: Leaving directory '/opt/AFLplusplus/utils/socket_fuzzing'
#19 28.46 make -C utils/argv_fuzzing
#19 28.46 make[1]: Entering directory '/opt/AFLplusplus/utils/argv_fuzzing'
#19 28.48 argvfuzz32 build failure (that's fine)
#19 28.52 ../../afl-cc -g -o argv_fuzz_persistent_demo argv_fuzz_persistent_demo.c
#19 30.53 argv_fuzz_persistent_demo.c:10:1: warning: data definition has no type or storage class
#19 30.53    10 | __AFL_FUZZ_INIT();
#19 30.53       | ^~~~~~~~~~~~~~~
#19 30.53 argv_fuzz_persistent_demo.c:10:1: error: type defaults to ÔÇÿintÔÇÖ in declaration of ÔÇÿ__AFL_FUZZ_INITÔÇÖ [-Wimplicit-int]
#19 30.53 argv_fuzz_persistent_demo.c: In function ÔÇÿmainÔÇÖ:
#19 30.53 argv_fuzz_persistent_demo.c:23:24: error: ÔÇÿ__AFL_FUZZ_TESTCASE_BUFÔÇÖ undeclared (first use in this function)
#19 30.53    23 |   unsigned char *buf = __AFL_FUZZ_TESTCASE_BUF;
#19 30.53       |                        ^~~~~~~~~~~~~~~~~~~~~~~
#19 30.53 argv_fuzz_persistent_demo.c:23:24: note: each undeclared identifier is reported only once for each function it appears in
#19 30.53 argv_fuzz_persistent_demo.c:28:10: error: implicit declaration of function ÔÇÿ__AFL_LOOPÔÇÖ [-Wimplicit-function-declaration]
#19 30.53    28 |   while (__AFL_LOOP(100000)) {
#19 30.53       |          ^~~~~~~~~~
#19 30.54 argv_fuzz_persistent_demo.c:30:15: error: ÔÇÿ__AFL_FUZZ_TESTCASE_LENÔÇÖ undeclared (first use in this function)
#19 30.54    30 |     int len = __AFL_FUZZ_TESTCASE_LEN;
#19 30.54       |               ^~~~~~~~~~~~~~~~~~~~~~~
#19 30.54 make[1]: *** [Makefile:58: argv_fuzz_persistent_demo] Error 1
#19 30.54 make[1]: Leaving directory '/opt/AFLplusplus/utils/argv_fuzzing'
#19 30.54 make: [GNUmakefile:650: distrib] Error 2 (ignored)
#19 30.54 # -make -C utils/plot_ui
#19 30.54 make -C frida_mode
#19 30.54 make[1]: Entering directory '/opt/AFLplusplus/frida_mode'
#19 30.56 mkdir -p /opt/AFLplusplus/frida_mode/build/
#19 30.56 mkdir -p /opt/AFLplusplus/frida_mode/build/frida/
#19 30.56 wget -qO /opt/AFLplusplus/frida_mode/build/frida/frida-gumjs-devkit-16.0.11-linux-x86_64.tar.xz "https://github.com/frida/frida/releases/download/16.0.11/frida-gumjs-devkit-16.0.11-linux-x86_64.tar.xz" || curl -L -o /opt/AFLplusplus/frida_mode/build/frida/frida-gumjs-devkit-16.0.11-linux-x86_64.tar.xz "https://github.com/frida/frida/releases/download/16.0.11/frida-gumjs-devkit-16.0.11-linux-x86_64.tar.xz"
#19 33.53 tar Jxvfm /opt/AFLplusplus/frida_mode/build/frida/frida-gumjs-devkit-16.0.11-linux-x86_64.tar.xz -C /opt/AFLplusplus/frida_mode/build/frida/
#19 33.54 ./
#19 33.54 ./frida-gumjs-example.c
#19 33.54 ./frida-gumjs.h
#19 33.55 ./libfrida-gumjs.a
#19 33.91 mkdir -p /opt/AFLplusplus/frida_mode/build/obj/
#19 33.91 cc -fPIC -D_GNU_SOURCE -D_FORTIFY_SOURCE=2 -g -O3 -funroll-loops -ffunction-sections  -Wno-pointer-arith -I /opt/AFLplusplus/frida_mode/../include -I /opt/AFLplusplus/frida_mode/build/frida/ -I /opt/AFLplusplus/frida_mode/include/ -c /opt/AFLplusplus/frida_mode/src/asan/asan.c -o /opt/AFLplusplus/frida_mode/build/obj/asan.o
#19 34.04 cc -fPIC -D_GNU_SOURCE -D_FORTIFY_SOURCE=2 -g -O3 -funroll-loops -ffunction-sections  -Wno-pointer-arith -I /opt/AFLplusplus/frida_mode/../include -I /opt/AFLplusplus/frida_mode/build/frida/ -I /opt/AFLplusplus/frida_mode/include/ -c /opt/AFLplusplus/frida_mode/src/asan/asan_arm32.c -o /opt/AFLplusplus/frida_mode/build/obj/asan_arm32.o
#19 34.14 cc -fPIC -D_GNU_SOURCE -D_FORTIFY_SOURCE=2 -g -O3 -funroll-loops -ffunction-sections  -Wno-pointer-arith -I /opt/AFLplusplus/frida_mode/../include -I /opt/AFLplusplus/frida_mode/build/frida/ -I /opt/AFLplusplus/frida_mode/include/ -c /opt/AFLplusplus/frida_mode/src/asan/asan_arm64.c -o /opt/AFLplusplus/frida_mode/build/obj/asan_arm64.o
#19 34.24 cc -fPIC -D_GNU_SOURCE -D_FORTIFY_SOURCE=2 -g -O3 -funroll-loops -ffunction-sections  -Wno-pointer-arith -I /opt/AFLplusplus/frida_mode/../include -I /opt/AFLplusplus/frida_mode/build/frida/ -I /opt/AFLplusplus/frida_mode/include/ -c /opt/AFLplusplus/frida_mode/src/asan/asan_x64.c -o /opt/AFLplusplus/frida_mode/build/obj/asan_x64.o
#19 34.40 cc -fPIC -D_GNU_SOURCE -D_FORTIFY_SOURCE=2 -g -O3 -funroll-loops -ffunction-sections  -Wno-pointer-arith -I /opt/AFLplusplus/frida_mode/../include -I /opt/AFLplusplus/frida_mode/build/frida/ -I /opt/AFLplusplus/frida_mode/include/ -c /opt/AFLplusplus/frida_mode/src/asan/asan_x86.c -o /opt/AFLplusplus/frida_mode/build/obj/asan_x86.o
#19 34.50 cc -fPIC -D_GNU_SOURCE -D_FORTIFY_SOURCE=2 -g -O3 -funroll-loops -ffunction-sections  -Wno-pointer-arith -I /opt/AFLplusplus/frida_mode/../include -I /opt/AFLplusplus/frida_mode/build/frida/ -I /opt/AFLplusplus/frida_mode/include/ -c /opt/AFLplusplus/frida_mode/src/cmplog/cmplog.c -o /opt/AFLplusplus/frida_mode/build/obj/cmplog.o
#19 34.63 cc -fPIC -D_GNU_SOURCE -D_FORTIFY_SOURCE=2 -g -O3 -funroll-loops -ffunction-sections  -Wno-pointer-arith -I /opt/AFLplusplus/frida_mode/../include -I /opt/AFLplusplus/frida_mode/build/frida/ -I /opt/AFLplusplus/frida_mode/include/ -c /opt/AFLplusplus/frida_mode/src/cmplog/cmplog_arm32.c -o /opt/AFLplusplus/frida_mode/build/obj/cmplog_arm32.o
#19 34.73 cc -fPIC -D_GNU_SOURCE -D_FORTIFY_SOURCE=2 -g -O3 -funroll-loops -ffunction-sections  -Wno-pointer-arith -I /opt/AFLplusplus/frida_mode/../include -I /opt/AFLplusplus/frida_mode/build/frida/ -I /opt/AFLplusplus/frida_mode/include/ -c /opt/AFLplusplus/frida_mode/src/cmplog/cmplog_arm64.c -o /opt/AFLplusplus/frida_mode/build/obj/cmplog_arm64.o
#19 34.83 cc -fPIC -D_GNU_SOURCE -D_FORTIFY_SOURCE=2 -g -O3 -funroll-loops -ffunction-sections  -Wno-pointer-arith -I /opt/AFLplusplus/frida_mode/../include -I /opt/AFLplusplus/frida_mode/build/frida/ -I /opt/AFLplusplus/frida_mode/include/ -c /opt/AFLplusplus/frida_mode/src/cmplog/cmplog_x64.c -o /opt/AFLplusplus/frida_mode/build/obj/cmplog_x64.o
#19 34.97 cc -fPIC -D_GNU_SOURCE -D_FORTIFY_SOURCE=2 -g -O3 -funroll-loops -ffunction-sections  -Wno-pointer-arith -I /opt/AFLplusplus/frida_mode/../include -I /opt/AFLplusplus/frida_mode/build/frida/ -I /opt/AFLplusplus/frida_mode/include/ -c /opt/AFLplusplus/frida_mode/src/cmplog/cmplog_x86.c -o /opt/AFLplusplus/frida_mode/build/obj/cmplog_x86.o
#19 35.07 cc -fPIC -D_GNU_SOURCE -D_FORTIFY_SOURCE=2 -g -O3 -funroll-loops -ffunction-sections  -Wno-pointer-arith -I /opt/AFLplusplus/frida_mode/../include -I /opt/AFLplusplus/frida_mode/build/frida/ -I /opt/AFLplusplus/frida_mode/include/ -c /opt/AFLplusplus/frida_mode/src/ctx/ctx_arm32.c -o /opt/AFLplusplus/frida_mode/build/obj/ctx_arm32.o
#19 35.17 cc -fPIC -D_GNU_SOURCE -D_FORTIFY_SOURCE=2 -g -O3 -funroll-loops -ffunction-sections  -Wno-pointer-arith -I /opt/AFLplusplus/frida_mode/../include -I /opt/AFLplusplus/frida_mode/build/frida/ -I /opt/AFLplusplus/frida_mode/include/ -c /opt/AFLplusplus/frida_mode/src/ctx/ctx_arm64.c -o /opt/AFLplusplus/frida_mode/build/obj/ctx_arm64.o
#19 35.27 cc -fPIC -D_GNU_SOURCE -D_FORTIFY_SOURCE=2 -g -O3 -funroll-loops -ffunction-sections  -Wno-pointer-arith -I /opt/AFLplusplus/frida_mode/../include -I /opt/AFLplusplus/frida_mode/build/frida/ -I /opt/AFLplusplus/frida_mode/include/ -c /opt/AFLplusplus/frida_mode/src/ctx/ctx_x64.c -o /opt/AFLplusplus/frida_mode/build/obj/ctx_x64.o
#19 35.40 cc -fPIC -D_GNU_SOURCE -D_FORTIFY_SOURCE=2 -g -O3 -funroll-loops -ffunction-sections  -Wno-pointer-arith -I /opt/AFLplusplus/frida_mode/../include -I /opt/AFLplusplus/frida_mode/build/frida/ -I /opt/AFLplusplus/frida_mode/include/ -c /opt/AFLplusplus/frida_mode/src/ctx/ctx_x86.c -o /opt/AFLplusplus/frida_mode/build/obj/ctx_x86.o
#19 35.49 cc -fPIC -D_GNU_SOURCE -D_FORTIFY_SOURCE=2 -g -O3 -funroll-loops -ffunction-sections  -Wno-pointer-arith -I /opt/AFLplusplus/frida_mode/../include -I /opt/AFLplusplus/frida_mode/build/frida/ -I /opt/AFLplusplus/frida_mode/include/ -c /opt/AFLplusplus/frida_mode/src/instrument/instrument.c -o /opt/AFLplusplus/frida_mode/build/obj/instrument.o
#19 35.65 cc -fPIC -D_GNU_SOURCE -D_FORTIFY_SOURCE=2 -g -O3 -funroll-loops -ffunction-sections  -Wno-pointer-arith -I /opt/AFLplusplus/frida_mode/../include -I /opt/AFLplusplus/frida_mode/build/frida/ -I /opt/AFLplusplus/frida_mode/include/ -c /opt/AFLplusplus/frida_mode/src/instrument/instrument_arm32.c -o /opt/AFLplusplus/frida_mode/build/obj/instrument_arm32.o
#19 35.75 cc -fPIC -D_GNU_SOURCE -D_FORTIFY_SOURCE=2 -g -O3 -funroll-loops -ffunction-sections  -Wno-pointer-arith -I /opt/AFLplusplus/frida_mode/../include -I /opt/AFLplusplus/frida_mode/build/frida/ -I /opt/AFLplusplus/frida_mode/include/ -c /opt/AFLplusplus/frida_mode/src/instrument/instrument_arm64.c -o /opt/AFLplusplus/frida_mode/build/obj/instrument_arm64.o
#19 35.85 cc -fPIC -D_GNU_SOURCE -D_FORTIFY_SOURCE=2 -g -O3 -funroll-loops -ffunction-sections  -Wno-pointer-arith -I /opt/AFLplusplus/frida_mode/../include -I /opt/AFLplusplus/frida_mode/build/frida/ -I /opt/AFLplusplus/frida_mode/include/ -c /opt/AFLplusplus/frida_mode/src/instrument/instrument_coverage.c -o /opt/AFLplusplus/frida_mode/build/obj/instrument_coverage.o
#19 36.10 cc -fPIC -D_GNU_SOURCE -D_FORTIFY_SOURCE=2 -g -O3 -funroll-loops -ffunction-sections  -Wno-pointer-arith -I /opt/AFLplusplus/frida_mode/../include -I /opt/AFLplusplus/frida_mode/build/frida/ -I /opt/AFLplusplus/frida_mode/include/ -c /opt/AFLplusplus/frida_mode/src/instrument/instrument_debug.c -o /opt/AFLplusplus/frida_mode/build/obj/instrument_debug.o
#19 36.24 cc -fPIC -D_GNU_SOURCE -D_FORTIFY_SOURCE=2 -g -O3 -funroll-loops -ffunction-sections  -Wno-pointer-arith -I /opt/AFLplusplus/frida_mode/../include -I /opt/AFLplusplus/frida_mode/build/frida/ -I /opt/AFLplusplus/frida_mode/include/ -c /opt/AFLplusplus/frida_mode/src/instrument/instrument_x64.c -o /opt/AFLplusplus/frida_mode/build/obj/instrument_x64.o
#19 36.40 cc -fPIC -D_GNU_SOURCE -D_FORTIFY_SOURCE=2 -g -O3 -funroll-loops -ffunction-sections  -Wno-pointer-arith -I /opt/AFLplusplus/frida_mode/../include -I /opt/AFLplusplus/frida_mode/build/frida/ -I /opt/AFLplusplus/frida_mode/include/ -c /opt/AFLplusplus/frida_mode/src/instrument/instrument_x64_cache.c -o /opt/AFLplusplus/frida_mode/build/obj/instrument_x64_cache.o
#19 36.58 cc -fPIC -D_GNU_SOURCE -D_FORTIFY_SOURCE=2 -g -O3 -funroll-loops -ffunction-sections  -Wno-pointer-arith -I /opt/AFLplusplus/frida_mode/../include -I /opt/AFLplusplus/frida_mode/build/frida/ -I /opt/AFLplusplus/frida_mode/include/ -c /opt/AFLplusplus/frida_mode/src/instrument/instrument_x86.c -o /opt/AFLplusplus/frida_mode/build/obj/instrument_x86.o
#19 36.68 cc -fPIC -D_GNU_SOURCE -D_FORTIFY_SOURCE=2 -g -O3 -funroll-loops -ffunction-sections  -Wno-pointer-arith -I /opt/AFLplusplus/frida_mode/../include -I /opt/AFLplusplus/frida_mode/build/frida/ -I /opt/AFLplusplus/frida_mode/include/ -c /opt/AFLplusplus/frida_mode/src/js/js.c -o /opt/AFLplusplus/frida_mode/build/obj/js.o
#19 36.81 cc -fPIC -D_GNU_SOURCE -D_FORTIFY_SOURCE=2 -g -O3 -funroll-loops -ffunction-sections  -Wno-pointer-arith -I /opt/AFLplusplus/frida_mode/../include -I /opt/AFLplusplus/frida_mode/build/frida/ -I /opt/AFLplusplus/frida_mode/include/ -c /opt/AFLplusplus/frida_mode/src/js/js_api.c -o /opt/AFLplusplus/frida_mode/build/obj/js_api.o
#19 36.95 cc -fPIC -D_GNU_SOURCE -D_FORTIFY_SOURCE=2 -g -O3 -funroll-loops -ffunction-sections  -Wno-pointer-arith -I /opt/AFLplusplus/frida_mode/../include -I /opt/AFLplusplus/frida_mode/build/frida/ -I /opt/AFLplusplus/frida_mode/include/ -c /opt/AFLplusplus/frida_mode/src/lib/lib.c -o /opt/AFLplusplus/frida_mode/build/obj/lib.o
#19 37.09 cc -fPIC -D_GNU_SOURCE -D_FORTIFY_SOURCE=2 -g -O3 -funroll-loops -ffunction-sections  -Wno-pointer-arith -I /opt/AFLplusplus/frida_mode/../include -I /opt/AFLplusplus/frida_mode/build/frida/ -I /opt/AFLplusplus/frida_mode/include/ -c /opt/AFLplusplus/frida_mode/src/lib/lib_apple.c -o /opt/AFLplusplus/frida_mode/build/obj/lib_apple.o
#19 37.10 cc -fPIC -D_GNU_SOURCE -D_FORTIFY_SOURCE=2 -g -O3 -funroll-loops -ffunction-sections  -Wno-pointer-arith -I /opt/AFLplusplus/frida_mode/../include -I /opt/AFLplusplus/frida_mode/build/frida/ -I /opt/AFLplusplus/frida_mode/include/ -c /opt/AFLplusplus/frida_mode/src/persistent/persistent.c -o /opt/AFLplusplus/frida_mode/build/obj/persistent.o
#19 37.22 cc -fPIC -D_GNU_SOURCE -D_FORTIFY_SOURCE=2 -g -O3 -funroll-loops -ffunction-sections  -Wno-pointer-arith -I /opt/AFLplusplus/frida_mode/../include -I /opt/AFLplusplus/frida_mode/build/frida/ -I /opt/AFLplusplus/frida_mode/include/ -c /opt/AFLplusplus/frida_mode/src/persistent/persistent_arm32.c -o /opt/AFLplusplus/frida_mode/build/obj/persistent_arm32.o
#19 37.32 cc -fPIC -D_GNU_SOURCE -D_FORTIFY_SOURCE=2 -g -O3 -funroll-loops -ffunction-sections  -Wno-pointer-arith -I /opt/AFLplusplus/frida_mode/../include -I /opt/AFLplusplus/frida_mode/build/frida/ -I /opt/AFLplusplus/frida_mode/include/ -c /opt/AFLplusplus/frida_mode/src/persistent/persistent_arm64.c -o /opt/AFLplusplus/frida_mode/build/obj/persistent_arm64.o
#19 37.42 cc -fPIC -D_GNU_SOURCE -D_FORTIFY_SOURCE=2 -g -O3 -funroll-loops -ffunction-sections  -Wno-pointer-arith -I /opt/AFLplusplus/frida_mode/../include -I /opt/AFLplusplus/frida_mode/build/frida/ -I /opt/AFLplusplus/frida_mode/include/ -c /opt/AFLplusplus/frida_mode/src/persistent/persistent_x64.c -o /opt/AFLplusplus/frida_mode/build/obj/persistent_x64.o
#19 37.55 cc -fPIC -D_GNU_SOURCE -D_FORTIFY_SOURCE=2 -g -O3 -funroll-loops -ffunction-sections  -Wno-pointer-arith -I /opt/AFLplusplus/frida_mode/../include -I /opt/AFLplusplus/frida_mode/build/frida/ -I /opt/AFLplusplus/frida_mode/include/ -c /opt/AFLplusplus/frida_mode/src/persistent/persistent_x86.c -o /opt/AFLplusplus/frida_mode/build/obj/persistent_x86.o
#19 37.64 cc -fPIC -D_GNU_SOURCE -D_FORTIFY_SOURCE=2 -g -O3 -funroll-loops -ffunction-sections  -Wno-pointer-arith -I /opt/AFLplusplus/frida_mode/../include -I /opt/AFLplusplus/frida_mode/build/frida/ -I /opt/AFLplusplus/frida_mode/include/ -c /opt/AFLplusplus/frida_mode/src/seccomp/seccomp.c -o /opt/AFLplusplus/frida_mode/build/obj/seccomp.o
#19 37.75 cc -fPIC -D_GNU_SOURCE -D_FORTIFY_SOURCE=2 -g -O3 -funroll-loops -ffunction-sections  -Wno-pointer-arith -I /opt/AFLplusplus/frida_mode/../include -I /opt/AFLplusplus/frida_mode/build/frida/ -I /opt/AFLplusplus/frida_mode/include/ -c /opt/AFLplusplus/frida_mode/src/seccomp/seccomp_atomic.c -o /opt/AFLplusplus/frida_mode/build/obj/seccomp_atomic.o
#19 37.86 cc -fPIC -D_GNU_SOURCE -D_FORTIFY_SOURCE=2 -g -O3 -funroll-loops -ffunction-sections  -Wno-pointer-arith -I /opt/AFLplusplus/frida_mode/../include -I /opt/AFLplusplus/frida_mode/build/frida/ -I /opt/AFLplusplus/frida_mode/include/ -c /opt/AFLplusplus/frida_mode/src/seccomp/seccomp_callback.c -o /opt/AFLplusplus/frida_mode/build/obj/seccomp_callback.o
#19 37.98 cc -fPIC -D_GNU_SOURCE -D_FORTIFY_SOURCE=2 -g -O3 -funroll-loops -ffunction-sections  -Wno-pointer-arith -I /opt/AFLplusplus/frida_mode/../include -I /opt/AFLplusplus/frida_mode/build/frida/ -I /opt/AFLplusplus/frida_mode/include/ -c /opt/AFLplusplus/frida_mode/src/seccomp/seccomp_child.c -o /opt/AFLplusplus/frida_mode/build/obj/seccomp_child.o
#19 38.09 cc -fPIC -D_GNU_SOURCE -D_FORTIFY_SOURCE=2 -g -O3 -funroll-loops -ffunction-sections  -Wno-pointer-arith -I /opt/AFLplusplus/frida_mode/../include -I /opt/AFLplusplus/frida_mode/build/frida/ -I /opt/AFLplusplus/frida_mode/include/ -c /opt/AFLplusplus/frida_mode/src/seccomp/seccomp_event.c -o /opt/AFLplusplus/frida_mode/build/obj/seccomp_event.o
#19 38.21 cc -fPIC -D_GNU_SOURCE -D_FORTIFY_SOURCE=2 -g -O3 -funroll-loops -ffunction-sections  -Wno-pointer-arith -I /opt/AFLplusplus/frida_mode/../include -I /opt/AFLplusplus/frida_mode/build/frida/ -I /opt/AFLplusplus/frida_mode/include/ -c /opt/AFLplusplus/frida_mode/src/seccomp/seccomp_filter.c -o /opt/AFLplusplus/frida_mode/build/obj/seccomp_filter.o
#19 38.34 cc -fPIC -D_GNU_SOURCE -D_FORTIFY_SOURCE=2 -g -O3 -funroll-loops -ffunction-sections  -Wno-pointer-arith -I /opt/AFLplusplus/frida_mode/../include -I /opt/AFLplusplus/frida_mode/build/frida/ -I /opt/AFLplusplus/frida_mode/include/ -c /opt/AFLplusplus/frida_mode/src/seccomp/seccomp_print.c -o /opt/AFLplusplus/frida_mode/build/obj/seccomp_print.o
#19 38.44 cc -fPIC -D_GNU_SOURCE -D_FORTIFY_SOURCE=2 -g -O3 -funroll-loops -ffunction-sections  -Wno-pointer-arith -I /opt/AFLplusplus/frida_mode/../include -I /opt/AFLplusplus/frida_mode/build/frida/ -I /opt/AFLplusplus/frida_mode/include/ -c /opt/AFLplusplus/frida_mode/src/seccomp/seccomp_socket.c -o /opt/AFLplusplus/frida_mode/build/obj/seccomp_socket.o
#19 38.56 cc -fPIC -D_GNU_SOURCE -D_FORTIFY_SOURCE=2 -g -O3 -funroll-loops -ffunction-sections  -Wno-pointer-arith -I /opt/AFLplusplus/frida_mode/../include -I /opt/AFLplusplus/frida_mode/build/frida/ -I /opt/AFLplusplus/frida_mode/include/ -c /opt/AFLplusplus/frida_mode/src/seccomp/seccomp_syscall.c -o /opt/AFLplusplus/frida_mode/build/obj/seccomp_syscall.o
#19 38.68 cc -fPIC -D_GNU_SOURCE -D_FORTIFY_SOURCE=2 -g -O3 -funroll-loops -ffunction-sections  -Wno-pointer-arith -I /opt/AFLplusplus/frida_mode/../include -I /opt/AFLplusplus/frida_mode/build/frida/ -I /opt/AFLplusplus/frida_mode/include/ -c /opt/AFLplusplus/frida_mode/src/stats/stats.c -o /opt/AFLplusplus/frida_mode/build/obj/stats.o
#19 38.84 cc -fPIC -D_GNU_SOURCE -D_FORTIFY_SOURCE=2 -g -O3 -funroll-loops -ffunction-sections  -Wno-pointer-arith -I /opt/AFLplusplus/frida_mode/../include -I /opt/AFLplusplus/frida_mode/build/frida/ -I /opt/AFLplusplus/frida_mode/include/ -c /opt/AFLplusplus/frida_mode/src/stats/stats_arm32.c -o /opt/AFLplusplus/frida_mode/build/obj/stats_arm32.o
#19 38.94 cc -fPIC -D_GNU_SOURCE -D_FORTIFY_SOURCE=2 -g -O3 -funroll-loops -ffunction-sections  -Wno-pointer-arith -I /opt/AFLplusplus/frida_mode/../include -I /opt/AFLplusplus/frida_mode/build/frida/ -I /opt/AFLplusplus/frida_mode/include/ -c /opt/AFLplusplus/frida_mode/src/stats/stats_arm64.c -o /opt/AFLplusplus/frida_mode/build/obj/stats_arm64.o
#19 39.04 cc -fPIC -D_GNU_SOURCE -D_FORTIFY_SOURCE=2 -g -O3 -funroll-loops -ffunction-sections  -Wno-pointer-arith -I /opt/AFLplusplus/frida_mode/../include -I /opt/AFLplusplus/frida_mode/build/frida/ -I /opt/AFLplusplus/frida_mode/include/ -c /opt/AFLplusplus/frida_mode/src/stats/stats_x86_64.c -o /opt/AFLplusplus/frida_mode/build/obj/stats_x86_64.o
#19 39.21 cc -fPIC -D_GNU_SOURCE -D_FORTIFY_SOURCE=2 -g -O3 -funroll-loops -ffunction-sections  -Wno-pointer-arith -I /opt/AFLplusplus/frida_mode/../include -I /opt/AFLplusplus/frida_mode/build/frida/ -I /opt/AFLplusplus/frida_mode/include/ -c /opt/AFLplusplus/frida_mode/src/entry.c -o /opt/AFLplusplus/frida_mode/build/obj/entry.o
#19 39.33 cc -fPIC -D_GNU_SOURCE -D_FORTIFY_SOURCE=2 -g -O3 -funroll-loops -ffunction-sections  -Wno-pointer-arith -I /opt/AFLplusplus/frida_mode/../include -I /opt/AFLplusplus/frida_mode/build/frida/ -I /opt/AFLplusplus/frida_mode/include/ -c /opt/AFLplusplus/frida_mode/src/intercept.c -o /opt/AFLplusplus/frida_mode/build/obj/intercept.o
#19 39.43 cc -fPIC -D_GNU_SOURCE -D_FORTIFY_SOURCE=2 -g -O3 -funroll-loops -ffunction-sections  -Wno-pointer-arith -I /opt/AFLplusplus/frida_mode/../include -I /opt/AFLplusplus/frida_mode/build/frida/ -I /opt/AFLplusplus/frida_mode/include/ -c /opt/AFLplusplus/frida_mode/src/main.c -o /opt/AFLplusplus/frida_mode/build/obj/main.o
#19 39.60 cc -fPIC -D_GNU_SOURCE -D_FORTIFY_SOURCE=2 -g -O3 -funroll-loops -ffunction-sections  -Wno-pointer-arith -I /opt/AFLplusplus/frida_mode/../include -I /opt/AFLplusplus/frida_mode/build/frida/ -I /opt/AFLplusplus/frida_mode/include/ -c /opt/AFLplusplus/frida_mode/src/module.c -o /opt/AFLplusplus/frida_mode/build/obj/module.o
#19 39.73 cc -fPIC -D_GNU_SOURCE -D_FORTIFY_SOURCE=2 -g -O3 -funroll-loops -ffunction-sections  -Wno-pointer-arith -I /opt/AFLplusplus/frida_mode/../include -I /opt/AFLplusplus/frida_mode/build/frida/ -I /opt/AFLplusplus/frida_mode/include/ -c /opt/AFLplusplus/frida_mode/src/output.c -o /opt/AFLplusplus/frida_mode/build/obj/output.o
#19 39.85 cc -fPIC -D_GNU_SOURCE -D_FORTIFY_SOURCE=2 -g -O3 -funroll-loops -ffunction-sections  -Wno-pointer-arith -I /opt/AFLplusplus/frida_mode/../include -I /opt/AFLplusplus/frida_mode/build/frida/ -I /opt/AFLplusplus/frida_mode/include/ -c /opt/AFLplusplus/frida_mode/src/prefetch.c -o /opt/AFLplusplus/frida_mode/build/obj/prefetch.o
#19 39.98 cc -fPIC -D_GNU_SOURCE -D_FORTIFY_SOURCE=2 -g -O3 -funroll-loops -ffunction-sections  -Wno-pointer-arith -I /opt/AFLplusplus/frida_mode/../include -I /opt/AFLplusplus/frida_mode/build/frida/ -I /opt/AFLplusplus/frida_mode/include/ -c /opt/AFLplusplus/frida_mode/src/ranges.c -o /opt/AFLplusplus/frida_mode/build/obj/ranges.o
#19 40.20 cc -fPIC -D_GNU_SOURCE -D_FORTIFY_SOURCE=2 -g -O3 -funroll-loops -ffunction-sections  -Wno-pointer-arith -I /opt/AFLplusplus/frida_mode/../include -I /opt/AFLplusplus/frida_mode/build/frida/ -I /opt/AFLplusplus/frida_mode/include/ -c /opt/AFLplusplus/frida_mode/src/shm.c -o /opt/AFLplusplus/frida_mode/build/obj/shm.o
#19 40.31 cc -fPIC -D_GNU_SOURCE -D_FORTIFY_SOURCE=2 -g -O3 -funroll-loops -ffunction-sections  -Wno-pointer-arith -I /opt/AFLplusplus/frida_mode/../include -I /opt/AFLplusplus/frida_mode/build/frida/ -I /opt/AFLplusplus/frida_mode/include/ -c /opt/AFLplusplus/frida_mode/src/stalker.c -o /opt/AFLplusplus/frida_mode/build/obj/stalker.o
#19 40.45 cc -fPIC -D_GNU_SOURCE -D_FORTIFY_SOURCE=2 -g -O3 -funroll-loops -ffunction-sections  -Wno-pointer-arith -I /opt/AFLplusplus/frida_mode/../include -I /opt/AFLplusplus/frida_mode/build/frida/ -I /opt/AFLplusplus/frida_mode/include/ -c /opt/AFLplusplus/frida_mode/src/util.c -o /opt/AFLplusplus/frida_mode/build/obj/util.o
#19 40.58 cc -D_GNU_SOURCE -o /opt/AFLplusplus/frida_mode/build/bin2c /opt/AFLplusplus/frida_mode/util/bin2c.c
#19 40.61 cd /opt/AFLplusplus/frida_mode/src/js/ && /opt/AFLplusplus/frida_mode/build/bin2c api_js /opt/AFLplusplus/frida_mode/src/js/api.js /opt/AFLplusplus/frida_mode/build/api.c
#19 40.61 bin2c:
#19 40.61 	name: api_js
#19 40.61 	input: /opt/AFLplusplus/frida_mode/src/js/api.js
#19 40.61 	output: /opt/AFLplusplus/frida_mode/build/api.c
#19 40.63 cc \
#19 40.63 	-fPIC -D_GNU_SOURCE -D_FORTIFY_SOURCE=2 -g -O3 -funroll-loops -ffunction-sections  -Wno-pointer-arith \
#19 40.63 	-I /opt/AFLplusplus/frida_mode/../include \
#19 40.63 	-I /opt/AFLplusplus/frida_mode/build/frida/ \
#19 40.63 	-I /opt/AFLplusplus/frida_mode/include/ \
#19 40.63 	-c /opt/AFLplusplus/frida_mode/build/api.c \
#19 40.63 	-o /opt/AFLplusplus/frida_mode/build/api.o
#19 40.64 cc \
#19 40.64 	-fPIC -D_GNU_SOURCE -D_FORTIFY_SOURCE=2 -g -O3 -funroll-loops -ffunction-sections  -Wno-pointer-arith \
#19 40.64 	-Wno-unused-parameter -Wno-sign-compare -Wno-unused-function -Wno-unused-result -Wno-int-to-pointer-cast -Wno-pointer-sign \
#19 40.64 	-I /opt/AFLplusplus/frida_mode/../ \
#19 40.64 	-I /opt/AFLplusplus/frida_mode/../include \
#19 40.64 	-o /opt/AFLplusplus/frida_mode/build/obj/afl-compiler-rt.o \
#19 40.64 	-c /opt/AFLplusplus/frida_mode/../instrumentation/afl-compiler-rt.o.c
#19 40.68 /opt/AFLplusplus/frida_mode/../instrumentation/afl-compiler-rt.o.c:1461:1: warning: constructor priorities from 0 to 100 are reserved for the implementation [-Wprio-ctor-dtor]
#19 40.68  1461 | __attribute__((constructor(EARLY_FS_PRIO))) void __early_forkserver(void) {
#19 40.68       | ^~~~~~~~~~~~~
#19 40.68 /opt/AFLplusplus/frida_mode/../instrumentation/afl-compiler-rt.o.c:1469:1: warning: constructor priorities from 0 to 100 are reserved for the implementation [-Wprio-ctor-dtor]
#19 40.68  1469 | __attribute__((constructor(CTOR_PRIO))) void __afl_auto_early(void) {
#19 40.68       | ^~~~~~~~~~~~~
#19 40.68 /opt/AFLplusplus/frida_mode/../instrumentation/afl-compiler-rt.o.c:1484:1: warning: constructor priorities from 0 to 100 are reserved for the implementation [-Wprio-ctor-dtor]
#19 40.68  1484 | __attribute__((constructor(1))) void __afl_auto_second(void) {
#19 40.68       | ^~~~~~~~~~~~~
#19 40.68 /opt/AFLplusplus/frida_mode/../instrumentation/afl-compiler-rt.o.c:1529:1: warning: constructor priorities from 0 to 100 are reserved for the implementation [-Wprio-ctor-dtor]
#19 40.68  1529 | __attribute__((constructor(0))) void __afl_auto_first(void) {
#19 40.68       | ^~~~~~~~~~~~~
#19 41.04 cc \
#19 41.04 	-fPIC -D_GNU_SOURCE -D_FORTIFY_SOURCE=2 -g -O3 -funroll-loops -ffunction-sections  -Wno-pointer-arith \
#19 41.04 	-Wno-unused-parameter -Wno-sign-compare -Wno-unused-function -Wno-unused-result -Wno-int-to-pointer-cast -Wno-pointer-sign \
#19 41.04 	-I /opt/AFLplusplus/frida_mode/../ \
#19 41.04 	-I /opt/AFLplusplus/frida_mode/../include \
#19 41.04 	-o /opt/AFLplusplus/frida_mode/build/obj/afl-performance.o \
#19 41.04 	-c /opt/AFLplusplus/frida_mode/../src/afl-performance.c
#19 41.22 g++ \
#19 41.22 	/opt/AFLplusplus/frida_mode/build/obj/asan.o /opt/AFLplusplus/frida_mode/build/obj/asan_arm32.o /opt/AFLplusplus/frida_mode/build/obj/asan_arm64.o /opt/AFLplusplus/frida_mode/build/obj/asan_x64.o /opt/AFLplusplus/frida_mode/build/obj/asan_x86.o /opt/AFLplusplus/frida_mode/build/obj/cmplog.o /opt/AFLplusplus/frida_mode/build/obj/cmplog_arm32.o /opt/AFLplusplus/frida_mode/build/obj/cmplog_arm64.o /opt/AFLplusplus/frida_mode/build/obj/cmplog_x64.o /opt/AFLplusplus/frida_mode/build/obj/cmplog_x86.o /opt/AFLplusplus/frida_mode/build/obj/ctx_arm32.o /opt/AFLplusplus/frida_mode/build/obj/ctx_arm64.o /opt/AFLplusplus/frida_mode/build/obj/ctx_x64.o /opt/AFLplusplus/frida_mode/build/obj/ctx_x86.o /opt/AFLplusplus/frida_mode/build/obj/instrument.o /opt/AFLplusplus/frida_mode/build/obj/instrument_arm32.o /opt/AFLplusplus/frida_mode/build/obj/instrument_arm64.o /opt/AFLplusplus/frida_mode/build/obj/instrument_coverage.o /opt/AFLplusplus/frida_mode/build/obj/instrument_debug.o /opt/AFLplusplus/frida_mode/build/obj/instrument_x64.o /opt/AFLplusplus/frida_mode/build/obj/instrument_x64_cache.o /opt/AFLplusplus/frida_mode/build/obj/instrument_x86.o /opt/AFLplusplus/frida_mode/build/obj/js.o /opt/AFLplusplus/frida_mode/build/obj/js_api.o /opt/AFLplusplus/frida_mode/build/obj/lib.o /opt/AFLplusplus/frida_mode/build/obj/lib_apple.o /opt/AFLplusplus/frida_mode/build/obj/persistent.o /opt/AFLplusplus/frida_mode/build/obj/persistent_arm32.o /opt/AFLplusplus/frida_mode/build/obj/persistent_arm64.o /opt/AFLplusplus/frida_mode/build/obj/persistent_x64.o /opt/AFLplusplus/frida_mode/build/obj/persistent_x86.o /opt/AFLplusplus/frida_mode/build/obj/seccomp.o /opt/AFLplusplus/frida_mode/build/obj/seccomp_atomic.o /opt/AFLplusplus/frida_mode/build/obj/seccomp_callback.o /opt/AFLplusplus/frida_mode/build/obj/seccomp_child.o /opt/AFLplusplus/frida_mode/build/obj/seccomp_event.o /opt/AFLplusplus/frida_mode/build/obj/seccomp_filter.o /opt/AFLplusplus/frida_mode/build/obj/seccomp_print.o /opt/AFLplusplus/frida_mode/build/obj/seccomp_socket.o /opt/AFLplusplus/frida_mode/build/obj/seccomp_syscall.o /opt/AFLplusplus/frida_mode/build/obj/stats.o /opt/AFLplusplus/frida_mode/build/obj/stats_arm32.o /opt/AFLplusplus/frida_mode/build/obj/stats_arm64.o /opt/AFLplusplus/frida_mode/build/obj/stats_x86_64.o /opt/AFLplusplus/frida_mode/build/obj/entry.o /opt/AFLplusplus/frida_mode/build/obj/intercept.o /opt/AFLplusplus/frida_mode/build/obj/main.o /opt/AFLplusplus/frida_mode/build/obj/module.o /opt/AFLplusplus/frida_mode/build/obj/output.o /opt/AFLplusplus/frida_mode/build/obj/prefetch.o /opt/AFLplusplus/frida_mode/build/obj/ranges.o /opt/AFLplusplus/frida_mode/build/obj/shm.o /opt/AFLplusplus/frida_mode/build/obj/stalker.o /opt/AFLplusplus/frida_mode/build/obj/util.o \
#19 41.22 	/opt/AFLplusplus/frida_mode/build/api.o \
#19 41.22 	/opt/AFLplusplus/frida_mode/build/frida/libfrida-gumjs.a \
#19 41.22 	/opt/AFLplusplus/frida_mode/build/obj/afl-compiler-rt.o \
#19 41.22 	/opt/AFLplusplus/frida_mode/build/obj/afl-performance.o \
#19 41.22 	 \
#19 41.22 	-shared -lpthread -lresolv -z noexecstack -Wl,--gc-sections -Wl,--exclude-libs,ALL -ldl \
#19 41.22 	-Wl,--version-script=/opt/AFLplusplus/frida_mode/frida.map \
#19 41.22 	-o /opt/AFLplusplus/frida_mode/build/afl-frida-trace.so \
#19 41.22 
#19 42.22 cp -v /opt/AFLplusplus/frida_mode/build/afl-frida-trace.so /opt/AFLplusplus/frida_mode/../
#19 42.24 '/opt/AFLplusplus/frida_mode/build/afl-frida-trace.so' -> '/opt/AFLplusplus/frida_mode/../afl-frida-trace.so'
#19 42.24 ar \
#19 42.24 	-rcs \
#19 42.24 	/opt/AFLplusplus/frida_mode/build/libafl-frida-trace.a \
#19 42.24 	/opt/AFLplusplus/frida_mode/build/obj/asan.o /opt/AFLplusplus/frida_mode/build/obj/asan_arm32.o /opt/AFLplusplus/frida_mode/build/obj/asan_arm64.o /opt/AFLplusplus/frida_mode/build/obj/asan_x64.o /opt/AFLplusplus/frida_mode/build/obj/asan_x86.o /opt/AFLplusplus/frida_mode/build/obj/cmplog.o /opt/AFLplusplus/frida_mode/build/obj/cmplog_arm32.o /opt/AFLplusplus/frida_mode/build/obj/cmplog_arm64.o /opt/AFLplusplus/frida_mode/build/obj/cmplog_x64.o /opt/AFLplusplus/frida_mode/build/obj/cmplog_x86.o /opt/AFLplusplus/frida_mode/build/obj/ctx_arm32.o /opt/AFLplusplus/frida_mode/build/obj/ctx_arm64.o /opt/AFLplusplus/frida_mode/build/obj/ctx_x64.o /opt/AFLplusplus/frida_mode/build/obj/ctx_x86.o /opt/AFLplusplus/frida_mode/build/obj/instrument.o /opt/AFLplusplus/frida_mode/build/obj/instrument_arm32.o /opt/AFLplusplus/frida_mode/build/obj/instrument_arm64.o /opt/AFLplusplus/frida_mode/build/obj/instrument_coverage.o /opt/AFLplusplus/frida_mode/build/obj/instrument_debug.o /opt/AFLplusplus/frida_mode/build/obj/instrument_x64.o /opt/AFLplusplus/frida_mode/build/obj/instrument_x64_cache.o /opt/AFLplusplus/frida_mode/build/obj/instrument_x86.o /opt/AFLplusplus/frida_mode/build/obj/js.o /opt/AFLplusplus/frida_mode/build/obj/js_api.o /opt/AFLplusplus/frida_mode/build/obj/lib.o /opt/AFLplusplus/frida_mode/build/obj/lib_apple.o /opt/AFLplusplus/frida_mode/build/obj/persistent.o /opt/AFLplusplus/frida_mode/build/obj/persistent_arm32.o /opt/AFLplusplus/frida_mode/build/obj/persistent_arm64.o /opt/AFLplusplus/frida_mode/build/obj/persistent_x64.o /opt/AFLplusplus/frida_mode/build/obj/persistent_x86.o /opt/AFLplusplus/frida_mode/build/obj/seccomp.o /opt/AFLplusplus/frida_mode/build/obj/seccomp_atomic.o /opt/AFLplusplus/frida_mode/build/obj/seccomp_callback.o /opt/AFLplusplus/frida_mode/build/obj/seccomp_child.o /opt/AFLplusplus/frida_mode/build/obj/seccomp_event.o /opt/AFLplusplus/frida_mode/build/obj/seccomp_filter.o /opt/AFLplusplus/frida_mode/build/obj/seccomp_print.o /opt/AFLplusplus/frida_mode/build/obj/seccomp_socket.o /opt/AFLplusplus/frida_mode/build/obj/seccomp_syscall.o /opt/AFLplusplus/frida_mode/build/obj/stats.o /opt/AFLplusplus/frida_mode/build/obj/stats_arm32.o /opt/AFLplusplus/frida_mode/build/obj/stats_arm64.o /opt/AFLplusplus/frida_mode/build/obj/stats_x86_64.o /opt/AFLplusplus/frida_mode/build/obj/entry.o /opt/AFLplusplus/frida_mode/build/obj/intercept.o /opt/AFLplusplus/frida_mode/build/obj/main.o /opt/AFLplusplus/frida_mode/build/obj/module.o /opt/AFLplusplus/frida_mode/build/obj/output.o /opt/AFLplusplus/frida_mode/build/obj/prefetch.o /opt/AFLplusplus/frida_mode/build/obj/ranges.o /opt/AFLplusplus/frida_mode/build/obj/shm.o /opt/AFLplusplus/frida_mode/build/obj/stalker.o /opt/AFLplusplus/frida_mode/build/obj/util.o \
#19 42.24 	/opt/AFLplusplus/frida_mode/build/api.o \
#19 42.24 	/opt/AFLplusplus/frida_mode/build/obj/afl-compiler-rt.o \
#19 42.24 	/opt/AFLplusplus/frida_mode/build/obj/afl-performance.o \
#19 42.24 
#19 42.26 cc -fPIC -D_GNU_SOURCE -D_FORTIFY_SOURCE=2 -g -O3 -funroll-loops -ffunction-sections  -Wno-pointer-arith -shared -lpthread -lresolv -z noexecstack -Wl,--gc-sections -Wl,--exclude-libs,ALL -ldl -I /opt/AFLplusplus/frida_mode/build/frida/ /opt/AFLplusplus/frida_mode/hook/frida_hook.c -o /opt/AFLplusplus/frida_mode/build/frida_hook.so
#19 42.38 cc -fPIC -D_GNU_SOURCE -D_FORTIFY_SOURCE=2 -g -O3 -funroll-loops -ffunction-sections  -Wno-pointer-arith -shared -lpthread -lresolv -z noexecstack -Wl,--gc-sections -Wl,--exclude-libs,ALL -ldl /opt/AFLplusplus/frida_mode/hook/qemu_hook.c -o /opt/AFLplusplus/frida_mode/build/qemu_hook.so
#19 42.41 cc \
#19 42.41 	-fPIC -D_GNU_SOURCE -D_FORTIFY_SOURCE=2 -g -O3 -funroll-loops -ffunction-sections  -Wno-pointer-arith \
#19 42.41 	-Werror \
#19 42.41 	-Wall \
#19 42.41 	-Wextra \
#19 42.41 	-Wpointer-arith \
#19 42.41 	-z noexecstack \
#19 42.41 	-Wl,--gc-sections \
#19 42.41 	-Wl,--exclude-libs,ALL \
#19 42.41 	-ldl \
#19 42.41 	-lrt \
#19 42.41 	/opt/AFLplusplus/frida_mode/addr/addr.c -o /opt/AFLplusplus/frida_mode/build/addr
#19 42.45 make[1]: Leaving directory '/opt/AFLplusplus/frida_mode'
#19 42.45 cd nyx_mode && ./build_nyx_support.sh
#19 42.45 =================================================
#19 42.45            Nyx build script
#19 42.45 =================================================
#19 42.45 
#19 42.45 [*] Performing basic sanity checks...
#19 42.51 [*] Making sure all Nyx is checked out
#19 42.54 Submodule 'coresight_mode/coresight-trace' (https://github.com/RICSecLab/coresight-trace.git) registered for path '../coresight_mode/coresight-trace'
#19 42.54 Submodule 'coresight_mode/patchelf' (https://github.com/NixOS/patchelf.git) registered for path '../coresight_mode/patchelf'
#19 42.54 Submodule 'custom_mutators/gramatron/json-c' (https://github.com/json-c/json-c) registered for path '../custom_mutators/gramatron/json-c'
#19 42.54 Submodule 'custom_mutators/grammar_mutator' (https://github.com/AFLplusplus/Grammar-Mutator) registered for path '../custom_mutators/grammar_mutator/grammar_mutator'
#19 42.54 Submodule 'nyx_mode/QEMU-Nyx' (https://github.com/nyx-fuzz/QEMU-Nyx) registered for path 'QEMU-Nyx'
#19 42.54 Submodule 'nyx_mode/libnyx' (https://github.com/nyx-fuzz/libnyx.git) registered for path 'libnyx'
#19 42.54 Submodule 'nyx_mode/packer' (https://github.com/nyx-fuzz/packer.git) registered for path 'packer'
#19 42.54 Submodule 'qemu_mode/qemuafl' (https://github.com/AFLplusplus/qemuafl) registered for path '../qemu_mode/qemuafl'
#19 42.54 Submodule 'unicorn_mode/unicornafl' (https://github.com/AFLplusplus/unicornafl) registered for path '../unicorn_mode/unicornafl'
#19 42.54 [*] initializing QEMU-Nyx submodule
#19 85.93 Submodule path 'QEMU-Nyx': checked out 'e5e1c4c21ff9c4dc80e6409d4eab47146c6024cd'
#19 85.93 [*] initializing packer submodule
#19 89.26 Submodule path 'packer': checked out 'bcf3e248b660764f48af54232a3388389a2dfc22'
#19 89.26 [*] initializing libnyx submodule
#19 89.76 Submodule path 'libnyx': checked out '6833d236dfe785a8a23d8c8d79e74c99fa635004'
#19 89.76 [*] Checking out e5e1c4c21ff9c4dc80e6409d4eab47146c6024cd
#19 90.12 HEAD is now at e5e1c4c21f update libxdc submodule
#19 90.12 [*] Checking out bcf3e24
#19 90.44 HEAD is now at bcf3e24 Merge pull request #28 from schumilo/main
#19 90.44 [*] Checking out 6833d23
#19 90.70 HEAD is now at 6833d23 Merge pull request #25 from NoRelect/fix/remove-hardcoded-values
#19 90.70 [*] checking packer init.cpio.gz ...
#19 90.70 Error: cpio is not installed.
#19 90.70 make: [GNUmakefile:653: distrib] Error 1 (ignored)
#19 90.70 cd qemu_mode && sh ./build_qemu_support.sh
#19 90.70 =================================================
#19 90.70            QemuAFL build script
#19 90.70 =================================================
#19 90.70 
#19 90.70 [*] Performing basic sanity checks...
#19 90.70 [+] All checks passed!
#19 90.70 [*] Making sure qemuafl is checked out
#19 90.73 [*] initializing qemuafl submodule
#19 141.3 Submodule path 'qemuafl': checked out 'e63c9af1937c13163cd1bc8bc276101441cbe70a'
#19 141.3 [+] Got qemuafl.
#19 141.3 [*] Checking out e63c9af193
#19 141.9 You are not currently on a branch.
#19 141.9 Please specify which branch you want to merge with.
#19 141.9 See git-pull(1) for details.
#19 141.9 
#19 141.9     git pull <remote> <branch>
#19 141.9 
#19 142.0 HEAD is now at e63c9af193 Merge pull request #56 from JRomainG/master
#19 142.0 [*] Making sure imported headers matches
#19 142.0 [*] Configuring QEMU for ...
#19 142.0 Building for CPU target x86_64
#19 142.1 Using './build' as the directory for build output
#19 142.4 
#19 142.4 ERROR: Cannot find Ninja
#19 142.4 
#19 142.4 make: [GNUmakefile:654: distrib] Error 1 (ignored)
#19 142.4 cd unicorn_mode && unset CFLAGS && sh ./build_unicorn_support.sh
#19 142.4 =================================================
#19 142.4 UnicornAFL build script
#19 142.4 =================================================
#19 142.4 
#19 142.4 [*] Performing basic sanity checks...
#19 142.5 [+] All checks passed!
#19 142.5 [*] Making sure unicornafl is checked out
#19 142.5 [*] initializing unicornafl submodule
#19 144.4 Submodule path 'unicornafl': checked out '63aab0f752ba1d40a1c4de6988a78cd1e6dcc1c7'
#19 144.4 Synchronizing submodule url for 'unicornafl'
#19 144.4 [+] Got unicornafl.
#19 144.4 [*] Checking out 63aab0f
#19 144.7 You are not currently on a branch.
#19 144.7 Please specify which branch you want to merge with.
#19 144.7 See git-pull(1) for details.
#19 144.7 
#19 144.7     git pull <remote> <branch>
#19 144.7 
#19 144.7 HEAD is now at 63aab0f7 Fix: Unicorn build paths in top-level Makefile and Rust bindings' build.rs (#23)
#19 144.7 [*] making sure AFL++ header files match
#19 144.7 [*] Configuring Unicorn build...
#19 144.7 [+] Configuration complete.
#19 144.7 [*] Attempting to build unicornafl (fingers crossed!)...
#19 144.7 make[1]: Entering directory '/opt/AFLplusplus/unicorn_mode/unicornafl'
#19 144.7 rm -rf build
#19 144.7 rm -rf ./unicorn/build
#19 144.7 make[1]: Leaving directory '/opt/AFLplusplus/unicorn_mode/unicornafl'
#19 144.7 make[1]: Entering directory '/opt/AFLplusplus/unicorn_mode/unicornafl'
#19 144.7 mkdir build
#19 144.7 git submodule update --init --recursive
#19 144.7 Submodule 'unicorn' (https://github.com/unicorn-engine/unicorn) registered for path 'unicorn'
#19 144.7 Cloning into '/opt/AFLplusplus/unicorn_mode/unicornafl/unicorn'...
#19 244.6 Submodule path 'unicorn': checked out '6ae0c97226553557b268319370b58ce649cd9c83'
#19 244.6 Submodule 'docs/Unicorn_Engine_Documentation' (https://github.com/kabeor/Unicorn-Engine-Documentation) registered for path 'unicorn/docs/Unicorn_Engine_Documentation'
#19 244.6 Cloning into '/opt/AFLplusplus/unicorn_mode/unicornafl/unicorn/docs/Unicorn_Engine_Documentation'...
#19 245.3 Submodule path 'unicorn/docs/Unicorn_Engine_Documentation': checked out 'db5434ad4e40c6657766aa6a54eafd92af38192e'
#19 245.3 cmake -S unicorn/ -B build/unicorn -D BUILD_SHARED_LIBS=no
#19 245.3 CMake Deprecation Warning at CMakeLists.txt:4 (cmake_minimum_required):
#19 245.3   Compatibility with CMake < 3.10 will be removed from a future version of
#19 245.3   CMake.
#19 245.3 
#19 245.3   Update the VERSION argument <min> value.  Or, use the <min>...<max> syntax
#19 245.3   to tell CMake that the project requires at least <min> but has been updated
#19 245.3   to work with policies introduced by <max> or earlier.
#19 245.3 
#19 245.3 
#19 245.4 -- The C compiler identification is GNU 14.2.0
#19 245.4 -- Detecting C compiler ABI info
#19 245.5 -- Detecting C compiler ABI info - done
#19 245.5 -- Check for working C compiler: /usr/bin/cc - skipped
#19 245.5 -- Detecting C compile features
#19 245.5 -- Detecting C compile features - done
#19 247.4 Install prefix    /usr/local
#19 247.4 binary directory  /usr/local/bin
#19 247.4 library directory /usr/local/lib
#19 247.4 libexec directory /usr/local/libexec
#19 247.4 include directory /usr/local/include
#19 247.4 config directory  /usr/local/etc
#19 247.4 local state directory   /usr/local/var
#19 247.4 ELF interp prefix /usr/gnemul/qemu-%M
#19 247.4 Build directory   /opt/AFLplusplus/unicorn_mode/unicornafl/build/unicorn
#19 247.4 Source path       /opt/AFLplusplus/unicorn_mode/unicornafl/unicorn/qemu
#19 247.4 GIT binary        git
#19 247.4 GIT submodules    
#19 247.4 C compiler        /usr/bin/cc
#19 247.4 Host C compiler   cc
#19 247.4 C++ compiler      c++
#19 247.4 Objective-C compiler clang
#19 247.4 ARFLAGS           rv
#19 247.4 CFLAGS            -g 
#19 247.4 QEMU_CFLAGS       -fPIE -DPIE -m64 -mcx16 -D_GNU_SOURCE -D_FILE_OFFSET_BITS=64 -D_LARGEFILE_SOURCE -Wstrict-prototypes -Wredundant-decls -Wall -Wundef -Wwrite-strings -Wmissing-prototypes -fno-strict-aliasing -fno-common -fwrapv -std=gnu99  -DUNICORN_HAS_X86 -DUNICORN_HAS_ARM -DUNICORN_HAS_ARM64 -DUNICORN_HAS_M68K -DUNICORN_HAS_MIPS -DUNICORN_HAS_MIPSEL -DUNICORN_HAS_MIPS64 -DUNICORN_HAS_MIPS64EL -DUNICORN_HAS_SPARC -DUNICORN_HAS_PPC -DUNICORN_HAS_RISCV -DUNICORN_HAS_S390X -DUNICORN_HAS_TRICORE -fPIC -Wexpansion-to-defined -Wendif-labels -Wno-shift-negative-value -Wno-missing-include-dirs -Wempty-body -Wnested-externs -Wformat-security -Wformat-y2k -Winit-self -Wignored-qualifiers -Wold-style-declaration -Wold-style-definition -Wtype-limits -fstack-protector-strong
#19 247.4 QEMU_LDFLAGS      -Wl,--warn-common -Wl,-z,relro -Wl,-z,now -pie -m64  -DUNICORN_HAS_X86 -DUNICORN_HAS_ARM -DUNICORN_HAS_ARM64 -DUNICORN_HAS_M68K -DUNICORN_HAS_MIPS -DUNICORN_HAS_MIPSEL -DUNICORN_HAS_MIPS64 -DUNICORN_HAS_MIPS64EL -DUNICORN_HAS_SPARC -DUNICORN_HAS_PPC -DUNICORN_HAS_RISCV -DUNICORN_HAS_S390X -DUNICORN_HAS_TRICORE -fPIC -fstack-protector-strong
#19 247.4 make              make
#19 247.4 install           install
#19 247.4 host CPU          x86_64
#19 247.4 host big endian   no
#19 247.4 target list       x86_64-softmmu  arm-softmmu  aarch64-softmmu  m68k-softmmu  mips-softmmu  mipsel-softmmu  mips64-softmmu  mips64el-softmmu  sparc-softmmu  sparc64-softmmu  ppc-softmmu  ppc64-softmmu  riscv32-softmmu  riscv64-softmmu  s390x-softmmu  tricore-softmmu   
#19 247.4 strip binaries    yes
#19 247.4 static build      no
#19 247.4 mingw32 support   no
#19 247.4 PIE               yes
#19 247.4 TCG support       yes
#19 247.4 malloc trim support yes
#19 247.4 membarrier        no
#19 247.4 madvise           yes
#19 247.4 posix_madvise     yes
#19 247.4 posix_memalign    yes
#19 247.4 debug stack usage no
#19 247.4 tcmalloc support  no
#19 247.4 jemalloc support  no
#19 247.4 avx2 optimization yes
#19 247.4 avx512f optimization no
#19 247.6 -- Configuring done (2.2s)
#19 247.7 -- Generating done (0.1s)
#19 247.7 -- Build files have been written to: /opt/AFLplusplus/unicorn_mode/unicornafl/build/unicorn
#19 247.7 make -C ./build/unicorn -j8
#19 247.7 make[2]: Entering directory '/opt/AFLplusplus/unicorn_mode/unicornafl/build/unicorn'
#19 247.7 [  0%] Building C object CMakeFiles/unicorn-common.dir/list.c.o
#19 247.7 [  0%] Building C object CMakeFiles/unicorn-common.dir/glib_compat/garray.c.o
#19 247.7 [  0%] Building C object CMakeFiles/unicorn-common.dir/glib_compat/glib_compat.c.o
#19 247.7 [  0%] Building C object CMakeFiles/unicorn-common.dir/glib_compat/gtestutils.c.o
#19 247.7 [  0%] Building C object CMakeFiles/unicorn-common.dir/glib_compat/grand.c.o
#19 247.7 [  0%] Building C object CMakeFiles/unicorn-common.dir/glib_compat/glist.c.o
#19 247.7 [  1%] Building C object CMakeFiles/unicorn-common.dir/glib_compat/gmem.c.o
#19 247.7 [  1%] Building C object CMakeFiles/unicorn-common.dir/glib_compat/gtree.c.o
#19 247.8 [  1%] Building C object CMakeFiles/unicorn-common.dir/glib_compat/gpattern.c.o
#19 247.8 [  1%] Building C object CMakeFiles/unicorn-common.dir/glib_compat/gslice.c.o
#19 247.8 [  1%] Building C object CMakeFiles/unicorn-common.dir/qemu/util/bitops.c.o
#19 247.8 [  2%] Building C object CMakeFiles/unicorn-common.dir/qemu/util/bitmap.c.o
#19 247.8 [  2%] Building C object CMakeFiles/unicorn-common.dir/qemu/util/crc32c.c.o
#19 247.8 [  2%] Building C object CMakeFiles/unicorn-common.dir/qemu/util/cutils.c.o
#19 247.8 [  2%] Building C object CMakeFiles/unicorn-common.dir/qemu/util/getauxval.c.o
#19 247.8 [  2%] Building C object CMakeFiles/unicorn-common.dir/qemu/util/guest-random.c.o
#19 247.8 [  3%] Building C object CMakeFiles/unicorn-common.dir/qemu/util/osdep.c.o
#19 247.8 [  3%] Building C object CMakeFiles/unicorn-common.dir/qemu/util/host-utils.c.o
#19 247.8 [  3%] Building C object CMakeFiles/unicorn-common.dir/qemu/util/qdist.c.o
#19 247.8 [  3%] Building C object CMakeFiles/unicorn-common.dir/qemu/util/qemu-timer.c.o
#19 247.9 [  3%] Building C object CMakeFiles/unicorn-common.dir/qemu/util/qemu-timer-common.c.o
#19 247.9 [  3%] Building C object CMakeFiles/unicorn-common.dir/qemu/util/range.c.o
#19 247.9 [  4%] Building C object CMakeFiles/unicorn-common.dir/qemu/util/pagesize.c.o
#19 247.9 [  4%] Building C object CMakeFiles/unicorn-common.dir/qemu/util/cacheinfo.c.o
#19 247.9 [  4%] Building C object CMakeFiles/unicorn-common.dir/qemu/util/qht.c.o
#19 247.9 [  4%] Building C object CMakeFiles/unicorn-common.dir/qemu/crypto/aes.c.o
#19 247.9 [  4%] Building C object CMakeFiles/unicorn-common.dir/qemu/util/oslib-posix.c.o
#19 247.9 [  4%] Building C object CMakeFiles/unicorn-common.dir/qemu/util/qemu-thread-posix.c.o
#19 248.0 [  4%] Linking C static library libunicorn-common.a
#19 248.0 [  4%] Built target unicorn-common
#19 248.1 [  4%] Building C object CMakeFiles/arm-softmmu.dir/qemu/exec.c.o
#19 248.1 [  4%] Building C object CMakeFiles/m68k-softmmu.dir/qemu/exec.c.o
#19 248.1 [  4%] Building C object CMakeFiles/aarch64-softmmu.dir/qemu/exec.c.o
#19 248.1 [  4%] Building C object CMakeFiles/x86_64-softmmu.dir/qemu/exec.c.o
#19 248.1 [  4%] Building C object CMakeFiles/mipsel-softmmu.dir/qemu/exec.c.o
#19 248.1 [  4%] Building C object CMakeFiles/mips64-softmmu.dir/qemu/exec.c.o
#19 248.1 [  4%] Building C object CMakeFiles/mips-softmmu.dir/qemu/exec.c.o
#19 248.1 [  4%] Building C object CMakeFiles/mips64el-softmmu.dir/qemu/exec.c.o
#19 248.3 [  5%] Building C object CMakeFiles/x86_64-softmmu.dir/qemu/exec-vary.c.o
#19 248.3 [  6%] Building C object CMakeFiles/mips64-softmmu.dir/qemu/exec-vary.c.o
#19 248.3 [  6%] Building C object CMakeFiles/arm-softmmu.dir/qemu/exec-vary.c.o
#19 248.3 [  7%] Building C object CMakeFiles/mipsel-softmmu.dir/qemu/exec-vary.c.o
#19 248.3 [  8%] Building C object CMakeFiles/mips-softmmu.dir/qemu/exec-vary.c.o
#19 248.3 [  8%] Building C object CMakeFiles/m68k-softmmu.dir/qemu/exec-vary.c.o
#19 248.3 [  9%] Building C object CMakeFiles/mips64el-softmmu.dir/qemu/exec-vary.c.o
#19 248.3 [  9%] Building C object CMakeFiles/aarch64-softmmu.dir/qemu/exec-vary.c.o
#19 248.3 [  9%] Building C object CMakeFiles/mips64-softmmu.dir/qemu/softmmu/cpus.c.o
#19 248.4 [  9%] Building C object CMakeFiles/mipsel-softmmu.dir/qemu/softmmu/cpus.c.o
#19 248.4 [  9%] Building C object CMakeFiles/m68k-softmmu.dir/qemu/softmmu/cpus.c.o
#19 248.4 [  9%] Building C object CMakeFiles/arm-softmmu.dir/qemu/softmmu/cpus.c.o
#19 248.4 [  9%] Building C object CMakeFiles/mips64el-softmmu.dir/qemu/softmmu/cpus.c.o
#19 248.4 [  9%] Building C object CMakeFiles/x86_64-softmmu.dir/qemu/softmmu/cpus.c.o
#19 248.4 [  9%] Building C object CMakeFiles/mips-softmmu.dir/qemu/softmmu/cpus.c.o
#19 248.4 [  9%] Building C object CMakeFiles/aarch64-softmmu.dir/qemu/softmmu/cpus.c.o
#19 248.4 [  9%] Building C object CMakeFiles/m68k-softmmu.dir/qemu/softmmu/ioport.c.o
#19 248.4 [  9%] Building C object CMakeFiles/mips64-softmmu.dir/qemu/softmmu/ioport.c.o
#19 248.4 [  9%] Building C object CMakeFiles/arm-softmmu.dir/qemu/softmmu/ioport.c.o
#19 248.4 [  9%] Building C object CMakeFiles/mips64el-softmmu.dir/qemu/softmmu/ioport.c.o
#19 248.4 [  9%] Building C object CMakeFiles/mipsel-softmmu.dir/qemu/softmmu/ioport.c.o
#19 248.4 [  9%] Building C object CMakeFiles/x86_64-softmmu.dir/qemu/softmmu/ioport.c.o
#19 248.5 [  9%] Building C object CMakeFiles/mips-softmmu.dir/qemu/softmmu/ioport.c.o
#19 248.5 [  9%] Building C object CMakeFiles/aarch64-softmmu.dir/qemu/softmmu/ioport.c.o
#19 248.5 [  9%] Building C object CMakeFiles/mips64-softmmu.dir/qemu/softmmu/memory.c.o
#19 248.5 [  9%] Building C object CMakeFiles/m68k-softmmu.dir/qemu/softmmu/memory.c.o
#19 248.5 [  9%] Building C object CMakeFiles/mips64el-softmmu.dir/qemu/softmmu/memory.c.o
#19 248.5 [  9%] Building C object CMakeFiles/x86_64-softmmu.dir/qemu/softmmu/memory.c.o
#19 248.5 [  9%] Building C object CMakeFiles/mipsel-softmmu.dir/qemu/softmmu/memory.c.o
#19 248.5 [ 10%] Building C object CMakeFiles/arm-softmmu.dir/qemu/softmmu/memory.c.o
#19 248.5 [ 10%] Building C object CMakeFiles/mips-softmmu.dir/qemu/softmmu/memory.c.o
#19 248.6 [ 10%] Building C object CMakeFiles/aarch64-softmmu.dir/qemu/softmmu/memory.c.o
#19 248.7 [ 10%] Building C object CMakeFiles/mips64el-softmmu.dir/qemu/softmmu/memory_mapping.c.o
#19 248.7 [ 10%] Building C object CMakeFiles/m68k-softmmu.dir/qemu/softmmu/memory_mapping.c.o
#19 248.7 [ 10%] Building C object CMakeFiles/mips64-softmmu.dir/qemu/softmmu/memory_mapping.c.o
#19 248.7 [ 10%] Building C object CMakeFiles/mipsel-softmmu.dir/qemu/softmmu/memory_mapping.c.o
#19 248.7 [ 10%] Building C object CMakeFiles/mips-softmmu.dir/qemu/softmmu/memory_mapping.c.o
#19 248.7 [ 10%] Building C object CMakeFiles/x86_64-softmmu.dir/qemu/softmmu/memory_mapping.c.o
#19 248.7 [ 10%] Building C object CMakeFiles/arm-softmmu.dir/qemu/softmmu/memory_mapping.c.o
#19 248.7 [ 10%] Building C object CMakeFiles/aarch64-softmmu.dir/qemu/softmmu/memory_mapping.c.o
#19 248.7 [ 10%] Building C object CMakeFiles/mips64el-softmmu.dir/qemu/fpu/softfloat.c.o
#19 248.7 [ 11%] Building C object CMakeFiles/m68k-softmmu.dir/qemu/fpu/softfloat.c.o
#19 248.7 [ 11%] Building C object CMakeFiles/mips64-softmmu.dir/qemu/fpu/softfloat.c.o
#19 248.8 [ 11%] Building C object CMakeFiles/x86_64-softmmu.dir/qemu/fpu/softfloat.c.o
#19 248.8 [ 11%] Building C object CMakeFiles/mipsel-softmmu.dir/qemu/fpu/softfloat.c.o
#19 248.8 [ 11%] Building C object CMakeFiles/mips-softmmu.dir/qemu/fpu/softfloat.c.o
#19 248.8 [ 11%] Building C object CMakeFiles/arm-softmmu.dir/qemu/fpu/softfloat.c.o
#19 248.8 [ 12%] Building C object CMakeFiles/aarch64-softmmu.dir/qemu/fpu/softfloat.c.o
#19 249.2 [ 12%] Building C object CMakeFiles/m68k-softmmu.dir/qemu/tcg/optimize.c.o
#19 249.2 [ 12%] Building C object CMakeFiles/mips64el-softmmu.dir/qemu/tcg/optimize.c.o
#19 249.2 [ 12%] Building C object CMakeFiles/mipsel-softmmu.dir/qemu/tcg/optimize.c.o
#19 249.2 [ 12%] Building C object CMakeFiles/mips-softmmu.dir/qemu/tcg/optimize.c.o
#19 249.3 [ 12%] Building C object CMakeFiles/x86_64-softmmu.dir/qemu/tcg/optimize.c.o
#19 249.3 [ 12%] Building C object CMakeFiles/mips64-softmmu.dir/qemu/tcg/optimize.c.o
#19 249.3 [ 12%] Building C object CMakeFiles/arm-softmmu.dir/qemu/tcg/optimize.c.o
#19 249.3 [ 12%] Building C object CMakeFiles/aarch64-softmmu.dir/qemu/tcg/optimize.c.o
#19 249.4 [ 12%] Building C object CMakeFiles/m68k-softmmu.dir/qemu/tcg/tcg.c.o
#19 249.5 [ 13%] Building C object CMakeFiles/x86_64-softmmu.dir/qemu/tcg/tcg.c.o
#19 249.5 [ 14%] Building C object CMakeFiles/mipsel-softmmu.dir/qemu/tcg/tcg.c.o
#19 249.5 [ 15%] Building C object CMakeFiles/mips-softmmu.dir/qemu/tcg/tcg.c.o
#19 249.5 [ 15%] Building C object CMakeFiles/arm-softmmu.dir/qemu/tcg/tcg.c.o
#19 249.5 [ 16%] Building C object CMakeFiles/mips64el-softmmu.dir/qemu/tcg/tcg.c.o
#19 249.6 [ 17%] Building C object CMakeFiles/mips64-softmmu.dir/qemu/tcg/tcg.c.o
#19 249.6 [ 17%] Building C object CMakeFiles/aarch64-softmmu.dir/qemu/tcg/tcg.c.o
#19 249.8 [ 17%] Building C object CMakeFiles/m68k-softmmu.dir/qemu/tcg/tcg-op.c.o
#19 249.9 [ 17%] Building C object CMakeFiles/x86_64-softmmu.dir/qemu/tcg/tcg-op.c.o
#19 250.0 [ 17%] Building C object CMakeFiles/arm-softmmu.dir/qemu/tcg/tcg-op.c.o
#19 250.0 [ 17%] Building C object CMakeFiles/mipsel-softmmu.dir/qemu/tcg/tcg-op.c.o
#19 250.0 [ 17%] Building C object CMakeFiles/mips-softmmu.dir/qemu/tcg/tcg-op.c.o
#19 250.1 [ 17%] Building C object CMakeFiles/mips64el-softmmu.dir/qemu/tcg/tcg-op.c.o
#19 250.1 [ 17%] Building C object CMakeFiles/mips64-softmmu.dir/qemu/tcg/tcg-op.c.o
#19 250.2 [ 17%] Building C object CMakeFiles/m68k-softmmu.dir/qemu/tcg/tcg-op-gvec.c.o
#19 250.3 [ 17%] Building C object CMakeFiles/x86_64-softmmu.dir/qemu/tcg/tcg-op-gvec.c.o
#19 250.3 [ 17%] Building C object CMakeFiles/aarch64-softmmu.dir/qemu/tcg/tcg-op.c.o
#19 250.4 [ 18%] Building C object CMakeFiles/arm-softmmu.dir/qemu/tcg/tcg-op-gvec.c.o
#19 250.4 [ 18%] Building C object CMakeFiles/mipsel-softmmu.dir/qemu/tcg/tcg-op-gvec.c.o
#19 250.5 [ 18%] Building C object CMakeFiles/mips-softmmu.dir/qemu/tcg/tcg-op-gvec.c.o
#19 250.5 [ 18%] Building C object CMakeFiles/mips64el-softmmu.dir/qemu/tcg/tcg-op-gvec.c.o
#19 250.5 [ 18%] Building C object CMakeFiles/m68k-softmmu.dir/qemu/tcg/tcg-op-vec.c.o
#19 250.5 [ 18%] Building C object CMakeFiles/mips64-softmmu.dir/qemu/tcg/tcg-op-gvec.c.o
#19 250.7 [ 18%] Building C object CMakeFiles/m68k-softmmu.dir/qemu/accel/tcg/cpu-exec.c.o
#19 250.7 [ 18%] Building C object CMakeFiles/x86_64-softmmu.dir/qemu/tcg/tcg-op-vec.c.o
#19 250.7 [ 19%] Building C object CMakeFiles/m68k-softmmu.dir/qemu/accel/tcg/cpu-exec-common.c.o
#19 250.8 [ 19%] Building C object CMakeFiles/arm-softmmu.dir/qemu/tcg/tcg-op-vec.c.o
#19 250.8 [ 19%] Building C object CMakeFiles/m68k-softmmu.dir/qemu/accel/tcg/cputlb.c.o
#19 250.8 [ 19%] Building C object CMakeFiles/aarch64-softmmu.dir/qemu/tcg/tcg-op-gvec.c.o
#19 250.8 [ 19%] Building C object CMakeFiles/mipsel-softmmu.dir/qemu/tcg/tcg-op-vec.c.o
#19 250.8 [ 19%] Building C object CMakeFiles/mips-softmmu.dir/qemu/tcg/tcg-op-vec.c.o
#19 250.9 [ 19%] Building C object CMakeFiles/mips64el-softmmu.dir/qemu/tcg/tcg-op-vec.c.o
#19 250.9 [ 19%] Building C object CMakeFiles/x86_64-softmmu.dir/qemu/accel/tcg/cpu-exec.c.o
#19 251.0 [ 19%] Building C object CMakeFiles/mips64-softmmu.dir/qemu/tcg/tcg-op-vec.c.o
#19 251.0 [ 19%] Building C object CMakeFiles/x86_64-softmmu.dir/qemu/accel/tcg/cpu-exec-common.c.o
#19 251.0 [ 19%] Building C object CMakeFiles/arm-softmmu.dir/qemu/accel/tcg/cpu-exec.c.o
#19 251.1 [ 19%] Building C object CMakeFiles/mipsel-softmmu.dir/qemu/accel/tcg/cpu-exec.c.o
#19 251.1 [ 20%] Building C object CMakeFiles/x86_64-softmmu.dir/qemu/accel/tcg/cputlb.c.o
#19 251.1 [ 20%] Building C object CMakeFiles/mips-softmmu.dir/qemu/accel/tcg/cpu-exec.c.o
#19 251.1 [ 20%] Building C object CMakeFiles/arm-softmmu.dir/qemu/accel/tcg/cpu-exec-common.c.o
#19 251.1 [ 20%] Building C object CMakeFiles/mips64el-softmmu.dir/qemu/accel/tcg/cpu-exec.c.o
#19 251.2 [ 20%] Building C object CMakeFiles/mipsel-softmmu.dir/qemu/accel/tcg/cpu-exec-common.c.o
#19 251.2 [ 20%] Building C object CMakeFiles/m68k-softmmu.dir/qemu/accel/tcg/tcg-all.c.o
#19 251.2 [ 20%] Building C object CMakeFiles/mips-softmmu.dir/qemu/accel/tcg/cpu-exec-common.c.o
#19 251.2 [ 20%] Building C object CMakeFiles/arm-softmmu.dir/qemu/accel/tcg/cputlb.c.o
#19 251.2 [ 21%] Building C object CMakeFiles/mipsel-softmmu.dir/qemu/accel/tcg/cputlb.c.o
#19 251.2 [ 21%] Building C object CMakeFiles/mips64el-softmmu.dir/qemu/accel/tcg/cpu-exec-common.c.o
#19 251.3 [ 21%] Building C object CMakeFiles/m68k-softmmu.dir/qemu/accel/tcg/tcg-runtime.c.o
#19 251.3 [ 21%] Building C object CMakeFiles/mips-softmmu.dir/qemu/accel/tcg/cputlb.c.o
#19 251.3 [ 21%] Building C object CMakeFiles/mips64-softmmu.dir/qemu/accel/tcg/cpu-exec.c.o
#19 251.3 [ 22%] Building C object CMakeFiles/mips64el-softmmu.dir/qemu/accel/tcg/cputlb.c.o
#19 251.4 [ 22%] Building C object CMakeFiles/m68k-softmmu.dir/qemu/accel/tcg/tcg-runtime-gvec.c.o
#19 251.4 [ 22%] Building C object CMakeFiles/aarch64-softmmu.dir/qemu/tcg/tcg-op-vec.c.o
#19 251.4 [ 22%] Building C object CMakeFiles/mips64-softmmu.dir/qemu/accel/tcg/cpu-exec-common.c.o
#19 251.5 [ 22%] Building C object CMakeFiles/x86_64-softmmu.dir/qemu/accel/tcg/tcg-all.c.o
#19 251.5 [ 23%] Building C object CMakeFiles/mips64-softmmu.dir/qemu/accel/tcg/cputlb.c.o
#19 251.6 [ 23%] Building C object CMakeFiles/m68k-softmmu.dir/qemu/accel/tcg/translate-all.c.o
#19 251.6 [ 23%] Building C object CMakeFiles/x86_64-softmmu.dir/qemu/accel/tcg/tcg-runtime.c.o
#19 251.6 [ 23%] Building C object CMakeFiles/mipsel-softmmu.dir/qemu/accel/tcg/tcg-all.c.o
#19 251.6 [ 23%] Building C object CMakeFiles/arm-softmmu.dir/qemu/accel/tcg/tcg-all.c.o
#19 251.7 [ 24%] Building C object CMakeFiles/mips-softmmu.dir/qemu/accel/tcg/tcg-all.c.o
#19 251.7 [ 24%] Building C object CMakeFiles/aarch64-softmmu.dir/qemu/accel/tcg/cpu-exec.c.o
#19 251.7 [ 25%] Building C object CMakeFiles/m68k-softmmu.dir/qemu/accel/tcg/translator.c.o
#19 251.7 [ 25%] Building C object CMakeFiles/mips64el-softmmu.dir/qemu/accel/tcg/tcg-all.c.o
#19 251.7 [ 25%] Building C object CMakeFiles/x86_64-softmmu.dir/qemu/accel/tcg/tcg-runtime-gvec.c.o
#19 251.7 [ 25%] Building C object CMakeFiles/mipsel-softmmu.dir/qemu/accel/tcg/tcg-runtime.c.o
#19 251.7 [ 25%] Building C object CMakeFiles/arm-softmmu.dir/qemu/accel/tcg/tcg-runtime.c.o
#19 251.8 [ 25%] Building C object CMakeFiles/mips-softmmu.dir/qemu/accel/tcg/tcg-runtime.c.o
#19 251.8 [ 25%] Building C object CMakeFiles/mips64el-softmmu.dir/qemu/accel/tcg/tcg-runtime.c.o
#19 251.8 [ 26%] Building C object CMakeFiles/aarch64-softmmu.dir/qemu/accel/tcg/cpu-exec-common.c.o
#19 251.8 [ 26%] Building C object CMakeFiles/m68k-softmmu.dir/qemu/softmmu/unicorn_vtlb.c.o
#19 251.9 [ 26%] Building C object CMakeFiles/mipsel-softmmu.dir/qemu/accel/tcg/tcg-runtime-gvec.c.o
#19 251.9 [ 27%] Building C object CMakeFiles/arm-softmmu.dir/qemu/accel/tcg/tcg-runtime-gvec.c.o
#19 251.9 [ 27%] Building C object CMakeFiles/mips64-softmmu.dir/qemu/accel/tcg/tcg-all.c.o
#19 251.9 [ 27%] Building C object CMakeFiles/mips-softmmu.dir/qemu/accel/tcg/tcg-runtime-gvec.c.o
#19 251.9 [ 27%] Building C object CMakeFiles/x86_64-softmmu.dir/qemu/accel/tcg/translate-all.c.o
#19 251.9 [ 27%] Building C object CMakeFiles/aarch64-softmmu.dir/qemu/accel/tcg/cputlb.c.o
#19 251.9 [ 27%] Building C object CMakeFiles/mips64el-softmmu.dir/qemu/accel/tcg/tcg-runtime-gvec.c.o
#19 251.9 [ 27%] Building C object CMakeFiles/m68k-softmmu.dir/qemu/target/m68k/cpu.c.o
#19 252.0 [ 27%] Building C object CMakeFiles/mips64-softmmu.dir/qemu/accel/tcg/tcg-runtime.c.o
#19 252.0 [ 27%] Building C object CMakeFiles/m68k-softmmu.dir/qemu/target/m68k/fpu_helper.c.o
#19 252.0 [ 27%] Building C object CMakeFiles/x86_64-softmmu.dir/qemu/accel/tcg/translator.c.o
#19 252.0 [ 27%] Building C object CMakeFiles/arm-softmmu.dir/qemu/accel/tcg/translate-all.c.o
#19 252.1 [ 27%] Building C object CMakeFiles/mipsel-softmmu.dir/qemu/accel/tcg/translate-all.c.o
#19 252.1 [ 27%] Building C object CMakeFiles/mips-softmmu.dir/qemu/accel/tcg/translate-all.c.o
#19 252.1 [ 27%] Building C object CMakeFiles/mips64-softmmu.dir/qemu/accel/tcg/tcg-runtime-gvec.c.o
#19 252.1 [ 27%] Building C object CMakeFiles/mips64el-softmmu.dir/qemu/accel/tcg/translate-all.c.o
#19 252.2 [ 27%] Building C object CMakeFiles/m68k-softmmu.dir/qemu/target/m68k/helper.c.o
#19 252.2 [ 27%] Building C object CMakeFiles/arm-softmmu.dir/qemu/accel/tcg/translator.c.o
#19 252.2 [ 27%] Building C object CMakeFiles/mipsel-softmmu.dir/qemu/accel/tcg/translator.c.o
#19 252.2 [ 27%] Building C object CMakeFiles/mips-softmmu.dir/qemu/accel/tcg/translator.c.o
#19 252.2 [ 27%] Building C object CMakeFiles/x86_64-softmmu.dir/qemu/softmmu/unicorn_vtlb.c.o
#19 252.3 [ 27%] Building C object CMakeFiles/mips64el-softmmu.dir/qemu/accel/tcg/translator.c.o
#19 252.3 [ 27%] Building C object CMakeFiles/mips64-softmmu.dir/qemu/accel/tcg/translate-all.c.o
#19 252.3 [ 27%] Building C object CMakeFiles/m68k-softmmu.dir/qemu/target/m68k/op_helper.c.o
#19 252.3 [ 27%] Building C object CMakeFiles/aarch64-softmmu.dir/qemu/accel/tcg/tcg-all.c.o
#19 252.4 [ 28%] Building C object CMakeFiles/x86_64-softmmu.dir/qemu/hw/i386/x86.c.o
#19 252.4 [ 28%] Building C object CMakeFiles/x86_64-softmmu.dir/qemu/target/i386/arch_memory_mapping.c.o
#19 252.4 [ 28%] Building C object CMakeFiles/aarch64-softmmu.dir/qemu/accel/tcg/tcg-runtime.c.o
#19 252.4 [ 28%] Building C object CMakeFiles/arm-softmmu.dir/qemu/softmmu/unicorn_vtlb.c.o
#19 252.5 [ 28%] Building C object CMakeFiles/mips64-softmmu.dir/qemu/accel/tcg/translator.c.o
#19 252.5 [ 28%] Building C object CMakeFiles/m68k-softmmu.dir/qemu/target/m68k/softfloat.c.o
#19 252.5 [ 28%] Building C object CMakeFiles/mipsel-softmmu.dir/qemu/softmmu/unicorn_vtlb.c.o
#19 252.5 [ 28%] Building C object CMakeFiles/mips-softmmu.dir/qemu/softmmu/unicorn_vtlb.c.o
#19 252.5 [ 28%] Building C object CMakeFiles/x86_64-softmmu.dir/qemu/target/i386/bpt_helper.c.o
#19 252.5 [ 28%] Building C object CMakeFiles/mips64el-softmmu.dir/qemu/softmmu/unicorn_vtlb.c.o
#19 252.5 [ 28%] Building C object CMakeFiles/arm-softmmu.dir/qemu/target/arm/cpu.c.o
#19 252.6 [ 29%] Building C object CMakeFiles/mipsel-softmmu.dir/qemu/target/mips/cp0_helper.c.o
#19 252.6 [ 29%] Building C object CMakeFiles/aarch64-softmmu.dir/qemu/accel/tcg/tcg-runtime-gvec.c.o
#19 252.6 [ 30%] Building C object CMakeFiles/mips-softmmu.dir/qemu/target/mips/cp0_helper.c.o
#19 252.6 [ 31%] Building C object CMakeFiles/mips64el-softmmu.dir/qemu/target/mips/cp0_helper.c.o
#19 252.6 [ 31%] Building C object CMakeFiles/x86_64-softmmu.dir/qemu/target/i386/cc_helper.c.o
#19 252.6 [ 32%] Building C object CMakeFiles/m68k-softmmu.dir/qemu/target/m68k/translate.c.o
#19 252.7 [ 32%] Building C object CMakeFiles/arm-softmmu.dir/qemu/target/arm/crypto_helper.c.o
#19 252.7 [ 32%] Building C object CMakeFiles/mips64-softmmu.dir/qemu/softmmu/unicorn_vtlb.c.o
#19 252.7 [ 32%] Building C object CMakeFiles/mipsel-softmmu.dir/qemu/target/mips/cp0_timer.c.o
#19 252.8 [ 32%] Building C object CMakeFiles/mips-softmmu.dir/qemu/target/mips/cp0_timer.c.o
#19 252.8 [ 32%] Building C object CMakeFiles/x86_64-softmmu.dir/qemu/target/i386/cpu.c.o
#19 252.8 [ 32%] Building C object CMakeFiles/aarch64-softmmu.dir/qemu/accel/tcg/translate-all.c.o
#19 252.8 [ 33%] Building C object CMakeFiles/mips64-softmmu.dir/qemu/target/mips/cp0_helper.c.o
#19 252.8 [ 33%] Building C object CMakeFiles/mipsel-softmmu.dir/qemu/target/mips/cpu.c.o
#19 252.8 [ 33%] Building C object CMakeFiles/mips64el-softmmu.dir/qemu/target/mips/cp0_timer.c.o
#19 252.8 [ 34%] Building C object CMakeFiles/arm-softmmu.dir/qemu/target/arm/debug_helper.c.o
#19 252.9 [ 34%] Building C object CMakeFiles/mips-softmmu.dir/qemu/target/mips/cpu.c.o
#19 252.9 [ 34%] Building C object CMakeFiles/mips64el-softmmu.dir/qemu/target/mips/cpu.c.o
#19 252.9 [ 34%] Building C object CMakeFiles/mipsel-softmmu.dir/qemu/target/mips/dsp_helper.c.o
#19 252.9 [ 34%] Building C object CMakeFiles/mips-softmmu.dir/qemu/target/mips/dsp_helper.c.o
#19 253.0 [ 34%] Building C object CMakeFiles/arm-softmmu.dir/qemu/target/arm/helper.c.o
#19 253.0 [ 34%] Building C object CMakeFiles/x86_64-softmmu.dir/qemu/target/i386/excp_helper.c.o
#19 253.0 [ 35%] Building C object CMakeFiles/aarch64-softmmu.dir/qemu/accel/tcg/translator.c.o
#19 253.0 [ 35%] Building C object CMakeFiles/mips64el-softmmu.dir/qemu/target/mips/dsp_helper.c.o
#19 253.0 [ 35%] Building C object CMakeFiles/mips64-softmmu.dir/qemu/target/mips/cp0_timer.c.o
#19 253.1 [ 35%] Building C object CMakeFiles/mips64-softmmu.dir/qemu/target/mips/cpu.c.o
#19 253.1 [ 36%] Building C object CMakeFiles/x86_64-softmmu.dir/qemu/target/i386/fpu_helper.c.o
#19 253.1 [ 36%] Building C object CMakeFiles/mipsel-softmmu.dir/qemu/target/mips/fpu_helper.c.o
#19 253.2 [ 36%] Building C object CMakeFiles/mips64-softmmu.dir/qemu/target/mips/dsp_helper.c.o
#19 253.2 [ 36%] Building C object CMakeFiles/mips-softmmu.dir/qemu/target/mips/fpu_helper.c.o
#19 253.2 [ 36%] Building C object CMakeFiles/m68k-softmmu.dir/qemu/target/m68k/unicorn.c.o
#19 253.3 [ 36%] Linking C static library libm68k-softmmu.a
#19 253.3 [ 36%] Building C object CMakeFiles/aarch64-softmmu.dir/qemu/softmmu/unicorn_vtlb.c.o
#19 253.3 [ 36%] Building C object CMakeFiles/mips64el-softmmu.dir/qemu/target/mips/fpu_helper.c.o
#19 253.4 [ 36%] Built target m68k-softmmu
#19 253.4 [ 36%] Building C object CMakeFiles/aarch64-softmmu.dir/qemu/target/arm/cpu64.c.o
#19 253.4 [ 36%] Building C object CMakeFiles/aarch64-softmmu.dir/qemu/target/arm/cpu.c.o
#19 253.5 [ 36%] Building C object CMakeFiles/mipsel-softmmu.dir/qemu/target/mips/helper.c.o
#19 253.5 [ 37%] Building C object CMakeFiles/mipsel-softmmu.dir/qemu/target/mips/lmi_helper.c.o
#19 253.5 [ 37%] Building C object CMakeFiles/arm-softmmu.dir/qemu/target/arm/iwmmxt_helper.c.o
#19 253.5 [ 37%] Building C object CMakeFiles/mips-softmmu.dir/qemu/target/mips/helper.c.o
#19 253.6 [ 37%] Building C object CMakeFiles/mips64-softmmu.dir/qemu/target/mips/fpu_helper.c.o
#19 253.6 [ 37%] Building C object CMakeFiles/aarch64-softmmu.dir/qemu/target/arm/crypto_helper.c.o
#19 253.7 [ 37%] Building C object CMakeFiles/aarch64-softmmu.dir/qemu/target/arm/debug_helper.c.o
#19 253.7 [ 37%] Building C object CMakeFiles/x86_64-softmmu.dir/qemu/target/i386/helper.c.o
#19 253.7 [ 37%] Building C object CMakeFiles/mipsel-softmmu.dir/qemu/target/mips/msa_helper.c.o
#19 253.7 [ 37%] Building C object CMakeFiles/mips-softmmu.dir/qemu/target/mips/lmi_helper.c.o
#19 253.7 [ 37%] Building C object CMakeFiles/mips64el-softmmu.dir/qemu/target/mips/helper.c.o
#19 253.8 [ 38%] Building C object CMakeFiles/sparc-softmmu.dir/qemu/exec.c.o
#19 253.8 [ 38%] Building C object CMakeFiles/x86_64-softmmu.dir/qemu/target/i386/int_helper.c.o
#19 253.8 [ 38%] Building C object CMakeFiles/arm-softmmu.dir/qemu/target/arm/m_helper.c.o
#19 253.8 [ 39%] Building C object CMakeFiles/mips-softmmu.dir/qemu/target/mips/msa_helper.c.o
#19 253.8 [ 39%] Building C object CMakeFiles/aarch64-softmmu.dir/qemu/target/arm/helper-a64.c.o
#19 253.9 [ 40%] Building C object CMakeFiles/mips64el-softmmu.dir/qemu/target/mips/lmi_helper.c.o
#19 253.9 [ 40%] Building C object CMakeFiles/x86_64-softmmu.dir/qemu/target/i386/machine.c.o
#19 254.0 [ 40%] Building C object CMakeFiles/mips64-softmmu.dir/qemu/target/mips/helper.c.o
#19 254.0 [ 40%] Building C object CMakeFiles/arm-softmmu.dir/qemu/target/arm/neon_helper.c.o
#19 254.0 [ 40%] Building C object CMakeFiles/x86_64-softmmu.dir/qemu/target/i386/mem_helper.c.o
#19 254.1 [ 40%] Building C object CMakeFiles/mips64el-softmmu.dir/qemu/target/mips/msa_helper.c.o
#19 254.1 [ 40%] Building C object CMakeFiles/sparc-softmmu.dir/qemu/exec-vary.c.o
#19 254.1 [ 41%] Building C object CMakeFiles/aarch64-softmmu.dir/qemu/target/arm/helper.c.o
#19 254.1 [ 41%] Building C object CMakeFiles/mips64-softmmu.dir/qemu/target/mips/lmi_helper.c.o
#19 254.2 [ 41%] Building C object CMakeFiles/sparc-softmmu.dir/qemu/softmmu/cpus.c.o
#19 254.2 [ 41%] Building C object CMakeFiles/x86_64-softmmu.dir/qemu/target/i386/misc_helper.c.o
#19 254.2 [ 41%] Building C object CMakeFiles/sparc-softmmu.dir/qemu/softmmu/ioport.c.o
#19 254.3 [ 42%] Building C object CMakeFiles/mips64-softmmu.dir/qemu/target/mips/msa_helper.c.o
#19 254.3 [ 42%] Building C object CMakeFiles/x86_64-softmmu.dir/qemu/target/i386/mpx_helper.c.o
#19 254.3 [ 42%] Building C object CMakeFiles/arm-softmmu.dir/qemu/target/arm/op_helper.c.o
#19 254.3 [ 42%] Building C object CMakeFiles/sparc-softmmu.dir/qemu/softmmu/memory.c.o
#19 254.4 [ 43%] Building C object CMakeFiles/x86_64-softmmu.dir/qemu/target/i386/seg_helper.c.o
#19 254.5 [ 43%] Building C object CMakeFiles/arm-softmmu.dir/qemu/target/arm/psci.c.o
#19 254.5 [ 43%] Building C object CMakeFiles/sparc-softmmu.dir/qemu/softmmu/memory_mapping.c.o
#19 254.6 [ 43%] Building C object CMakeFiles/mipsel-softmmu.dir/qemu/target/mips/op_helper.c.o
#19 254.6 [ 44%] Building C object CMakeFiles/arm-softmmu.dir/qemu/target/arm/tlb_helper.c.o
#19 254.6 [ 45%] Building C object CMakeFiles/sparc-softmmu.dir/qemu/fpu/softfloat.c.o
#19 254.6 [ 45%] Building C object CMakeFiles/x86_64-softmmu.dir/qemu/target/i386/smm_helper.c.o
#19 254.7 [ 45%] Building C object CMakeFiles/aarch64-softmmu.dir/qemu/target/arm/iwmmxt_helper.c.o
#19 254.7 [ 45%] Building C object CMakeFiles/mips-softmmu.dir/qemu/target/mips/op_helper.c.o
#19 254.7 [ 45%] Building C object CMakeFiles/mipsel-softmmu.dir/qemu/target/mips/translate.c.o
#19 254.7 [ 45%] Building C object CMakeFiles/arm-softmmu.dir/qemu/target/arm/translate.c.o
#19 254.8 [ 45%] Building C object CMakeFiles/x86_64-softmmu.dir/qemu/target/i386/svm_helper.c.o
#19 254.9 [ 45%] Building C object CMakeFiles/mips64el-softmmu.dir/qemu/target/mips/op_helper.c.o
#19 254.9 [ 45%] Building C object CMakeFiles/mips-softmmu.dir/qemu/target/mips/translate.c.o
#19 254.9 [ 45%] Building C object CMakeFiles/x86_64-softmmu.dir/qemu/target/i386/translate.c.o
#19 255.0 [ 45%] Building C object CMakeFiles/aarch64-softmmu.dir/qemu/target/arm/m_helper.c.o
#19 255.1 [ 45%] Building C object CMakeFiles/mips64el-softmmu.dir/qemu/target/mips/translate.c.o
#19 255.2 [ 45%] Building C object CMakeFiles/aarch64-softmmu.dir/qemu/target/arm/neon_helper.c.o
#19 255.2 [ 45%] Building C object CMakeFiles/mips64-softmmu.dir/qemu/target/mips/op_helper.c.o
#19 255.2 [ 45%] Building C object CMakeFiles/sparc-softmmu.dir/qemu/tcg/optimize.c.o
#19 255.4 [ 45%] Building C object CMakeFiles/mips64-softmmu.dir/qemu/target/mips/translate.c.o
#19 255.5 [ 45%] Building C object CMakeFiles/sparc-softmmu.dir/qemu/tcg/tcg.c.o
#19 255.5 [ 45%] Building C object CMakeFiles/aarch64-softmmu.dir/qemu/target/arm/op_helper.c.o
#19 255.7 [ 45%] Building C object CMakeFiles/aarch64-softmmu.dir/qemu/target/arm/pauth_helper.c.o
#19 256.0 [ 46%] Building C object CMakeFiles/aarch64-softmmu.dir/qemu/target/arm/psci.c.o
#19 256.0 [ 46%] Building C object CMakeFiles/x86_64-softmmu.dir/qemu/target/i386/xsave_helper.c.o
#19 256.1 [ 46%] Building C object CMakeFiles/sparc-softmmu.dir/qemu/tcg/tcg-op.c.o
#19 256.1 [ 46%] Building C object CMakeFiles/aarch64-softmmu.dir/qemu/target/arm/sve_helper.c.o
#19 256.1 [ 46%] Building C object CMakeFiles/x86_64-softmmu.dir/qemu/target/i386/unicorn.c.o
#19 256.3 [ 47%] Linking C static library libx86_64-softmmu.a
#19 256.5 [ 47%] Built target x86_64-softmmu
#19 256.5 [ 47%] Building C object CMakeFiles/aarch64-softmmu.dir/qemu/target/arm/tlb_helper.c.o
#19 256.5 [ 47%] Building C object CMakeFiles/sparc-softmmu.dir/qemu/tcg/tcg-op-gvec.c.o
#19 256.6 [ 47%] Building C object CMakeFiles/arm-softmmu.dir/qemu/target/arm/vec_helper.c.o
#19 256.6 [ 47%] Building C object CMakeFiles/aarch64-softmmu.dir/qemu/target/arm/translate-a64.c.o
#19 256.7 [ 47%] Building C object CMakeFiles/mipsel-softmmu.dir/qemu/target/mips/unicorn.c.o
#19 256.8 [ 47%] Building C object CMakeFiles/arm-softmmu.dir/qemu/target/arm/vfp_helper.c.o
#19 256.8 [ 47%] Building C object CMakeFiles/mips-softmmu.dir/qemu/target/mips/unicorn.c.o
#19 256.8 [ 47%] Linking C static library libmipsel-softmmu.a
#19 256.9 [ 47%] Building C object CMakeFiles/sparc-softmmu.dir/qemu/tcg/tcg-op-vec.c.o
#19 256.9 [ 47%] Built target mipsel-softmmu
#19 256.9 [ 47%] Linking C static library libmips-softmmu.a
#19 256.9 [ 47%] Building C object CMakeFiles/sparc64-softmmu.dir/qemu/exec.c.o
#19 257.0 [ 47%] Building C object CMakeFiles/arm-softmmu.dir/qemu/target/arm/unicorn_arm.c.o
#19 257.0 [ 47%] Built target mips-softmmu
#19 257.0 [ 48%] Building C object CMakeFiles/sparc64-softmmu.dir/qemu/exec-vary.c.o
#19 257.1 [ 48%] Building C object CMakeFiles/sparc-softmmu.dir/qemu/accel/tcg/cpu-exec.c.o
#19 257.1 [ 48%] Building C object CMakeFiles/mips64el-softmmu.dir/qemu/target/mips/unicorn.c.o
#19 257.1 [ 48%] Building C object CMakeFiles/sparc64-softmmu.dir/qemu/softmmu/cpus.c.o
#19 257.1 [ 48%] Linking C static library libarm-softmmu.a
#19 257.2 [ 49%] Building C object CMakeFiles/sparc-softmmu.dir/qemu/accel/tcg/cpu-exec-common.c.o
#19 257.2 [ 49%] Building C object CMakeFiles/aarch64-softmmu.dir/qemu/target/arm/translate.c.o
#19 257.2 [ 49%] Building C object CMakeFiles/sparc64-softmmu.dir/qemu/softmmu/ioport.c.o
#19 257.2 [ 49%] Linking C static library libmips64el-softmmu.a
#19 257.2 [ 49%] Built target arm-softmmu
#19 257.2 [ 49%] Building C object CMakeFiles/aarch64-softmmu.dir/qemu/target/arm/translate-sve.c.o
#19 257.3 [ 49%] Building C object CMakeFiles/sparc-softmmu.dir/qemu/accel/tcg/cputlb.c.o
#19 257.3 [ 49%] Building C object CMakeFiles/sparc64-softmmu.dir/qemu/softmmu/memory.c.o
#19 257.3 [ 49%] Building C object CMakeFiles/sparc-softmmu.dir/qemu/accel/tcg/tcg-all.c.o
#19 257.3 [ 49%] Built target mips64el-softmmu
#19 257.3 [ 49%] Building C object CMakeFiles/ppc-softmmu.dir/qemu/exec.c.o
#19 257.4 [ 50%] Building C object CMakeFiles/ppc-softmmu.dir/qemu/exec-vary.c.o
#19 257.4 [ 50%] Building C object CMakeFiles/mips64-softmmu.dir/qemu/target/mips/unicorn.c.o
#19 257.4 [ 50%] Building C object CMakeFiles/sparc64-softmmu.dir/qemu/softmmu/memory_mapping.c.o
#19 257.5 [ 50%] Building C object CMakeFiles/sparc64-softmmu.dir/qemu/fpu/softfloat.c.o
#19 257.5 [ 50%] Linking C static library libmips64-softmmu.a
#19 257.5 [ 50%] Building C object CMakeFiles/sparc-softmmu.dir/qemu/accel/tcg/tcg-runtime.c.o
#19 257.6 [ 50%] Building C object CMakeFiles/ppc-softmmu.dir/qemu/softmmu/cpus.c.o
#19 257.6 [ 50%] Built target mips64-softmmu
#19 257.6 [ 50%] Building C object CMakeFiles/ppc-softmmu.dir/qemu/softmmu/ioport.c.o
#19 257.7 [ 50%] Building C object CMakeFiles/sparc-softmmu.dir/qemu/accel/tcg/tcg-runtime-gvec.c.o
#19 257.7 [ 50%] Building C object CMakeFiles/sparc-softmmu.dir/qemu/accel/tcg/translate-all.c.o
#19 257.7 [ 51%] Building C object CMakeFiles/sparc64-softmmu.dir/qemu/tcg/optimize.c.o
#19 257.7 [ 51%] Building C object CMakeFiles/ppc-softmmu.dir/qemu/softmmu/memory.c.o
#19 257.8 [ 51%] Building C object CMakeFiles/aarch64-softmmu.dir/qemu/target/arm/vec_helper.c.o
#19 257.8 [ 52%] Building C object CMakeFiles/aarch64-softmmu.dir/qemu/target/arm/vfp_helper.c.o
#19 257.9 [ 53%] Building C object CMakeFiles/sparc-softmmu.dir/qemu/accel/tcg/translator.c.o
#19 257.9 [ 53%] Building C object CMakeFiles/ppc-softmmu.dir/qemu/softmmu/memory_mapping.c.o
#19 257.9 [ 53%] Building C object CMakeFiles/sparc-softmmu.dir/qemu/softmmu/unicorn_vtlb.c.o
#19 258.0 [ 53%] Building C object CMakeFiles/ppc-softmmu.dir/qemu/fpu/softfloat.c.o
#19 258.0 [ 53%] Building C object CMakeFiles/ppc-softmmu.dir/qemu/tcg/optimize.c.o
#19 258.0 [ 53%] Building C object CMakeFiles/sparc-softmmu.dir/qemu/target/sparc/cc_helper.c.o
#19 258.1 [ 53%] Building C object CMakeFiles/sparc64-softmmu.dir/qemu/tcg/tcg.c.o
#19 258.1 [ 53%] Building C object CMakeFiles/aarch64-softmmu.dir/qemu/target/arm/unicorn_aarch64.c.o
#19 258.1 [ 53%] Building C object CMakeFiles/sparc-softmmu.dir/qemu/target/sparc/cpu.c.o
#19 258.1 [ 53%] Building C object CMakeFiles/sparc-softmmu.dir/qemu/target/sparc/fop_helper.c.o
#19 258.2 [ 54%] Building C object CMakeFiles/ppc-softmmu.dir/qemu/tcg/tcg.c.o
#19 258.2 [ 54%] Building C object CMakeFiles/sparc64-softmmu.dir/qemu/tcg/tcg-op.c.o
#19 258.2 [ 54%] Building C object CMakeFiles/sparc-softmmu.dir/qemu/target/sparc/helper.c.o
#19 258.3 [ 54%] Building C object CMakeFiles/sparc64-softmmu.dir/qemu/tcg/tcg-op-gvec.c.o
#19 258.3 [ 54%] Building C object CMakeFiles/sparc-softmmu.dir/qemu/target/sparc/int32_helper.c.o
#19 258.4 [ 55%] Building C object CMakeFiles/sparc-softmmu.dir/qemu/target/sparc/ldst_helper.c.o
#19 258.6 [ 55%] Building C object CMakeFiles/sparc-softmmu.dir/qemu/target/sparc/mmu_helper.c.o
#19 258.6 [ 55%] Building C object CMakeFiles/sparc-softmmu.dir/qemu/target/sparc/win_helper.c.o
#19 258.6 [ 55%] Building C object CMakeFiles/sparc-softmmu.dir/qemu/target/sparc/translate.c.o
#19 258.6 [ 55%] Building C object CMakeFiles/sparc-softmmu.dir/qemu/target/sparc/unicorn.c.o
#19 258.7 [ 55%] Building C object CMakeFiles/ppc-softmmu.dir/qemu/tcg/tcg-op.c.o
#19 258.7 [ 55%] Building C object CMakeFiles/ppc-softmmu.dir/qemu/tcg/tcg-op-gvec.c.o
#19 258.7 [ 55%] Building C object CMakeFiles/sparc64-softmmu.dir/qemu/tcg/tcg-op-vec.c.o
#19 258.8 [ 55%] Building C object CMakeFiles/ppc-softmmu.dir/qemu/tcg/tcg-op-vec.c.o
#19 258.8 [ 55%] Building C object CMakeFiles/ppc-softmmu.dir/qemu/accel/tcg/cpu-exec.c.o
#19 258.8 [ 55%] Building C object CMakeFiles/sparc64-softmmu.dir/qemu/accel/tcg/cpu-exec.c.o
#19 258.9 [ 55%] Building C object CMakeFiles/ppc-softmmu.dir/qemu/accel/tcg/cpu-exec-common.c.o
#19 258.9 [ 56%] Building C object CMakeFiles/ppc-softmmu.dir/qemu/accel/tcg/cputlb.c.o
#19 258.9 [ 56%] Linking C static library libsparc-softmmu.a
#19 258.9 [ 56%] Building C object CMakeFiles/sparc64-softmmu.dir/qemu/accel/tcg/cpu-exec-common.c.o
#19 259.0 [ 57%] Building C object CMakeFiles/sparc64-softmmu.dir/qemu/accel/tcg/cputlb.c.o
#19 259.0 [ 57%] Building C object CMakeFiles/sparc64-softmmu.dir/qemu/accel/tcg/tcg-all.c.o
#19 259.0 [ 57%] Built target sparc-softmmu
#19 259.0 [ 57%] Building C object CMakeFiles/ppc-softmmu.dir/qemu/accel/tcg/tcg-all.c.o
#19 259.0 [ 57%] Building C object CMakeFiles/sparc64-softmmu.dir/qemu/accel/tcg/tcg-runtime.c.o
#19 259.1 [ 57%] Linking C static library libaarch64-softmmu.a
#19 259.1 [ 57%] Building C object CMakeFiles/ppc-softmmu.dir/qemu/accel/tcg/tcg-runtime.c.o
#19 259.1 [ 57%] Building C object CMakeFiles/sparc64-softmmu.dir/qemu/accel/tcg/tcg-runtime-gvec.c.o
#19 259.2 [ 57%] Building C object CMakeFiles/sparc64-softmmu.dir/qemu/accel/tcg/translate-all.c.o
#19 259.2 [ 57%] Building C object CMakeFiles/sparc64-softmmu.dir/qemu/accel/tcg/translator.c.o
#19 259.2 [ 58%] Building C object CMakeFiles/sparc64-softmmu.dir/qemu/softmmu/unicorn_vtlb.c.o
#19 259.2 [ 58%] Built target aarch64-softmmu
#19 259.2 [ 58%] Building C object CMakeFiles/sparc64-softmmu.dir/qemu/target/sparc/cc_helper.c.o
#19 259.3 [ 58%] Building C object CMakeFiles/sparc64-softmmu.dir/qemu/target/sparc/cpu.c.o
#19 259.3 [ 58%] Building C object CMakeFiles/ppc-softmmu.dir/qemu/accel/tcg/tcg-runtime-gvec.c.o
#19 259.4 [ 58%] Building C object CMakeFiles/sparc64-softmmu.dir/qemu/target/sparc/fop_helper.c.o
#19 259.4 [ 58%] Building C object CMakeFiles/sparc64-softmmu.dir/qemu/target/sparc/helper.c.o
#19 259.4 [ 58%] Building C object CMakeFiles/sparc64-softmmu.dir/qemu/target/sparc/int64_helper.c.o
#19 259.4 [ 58%] Building C object CMakeFiles/ppc-softmmu.dir/qemu/accel/tcg/translate-all.c.o
#19 259.4 [ 58%] Building C object CMakeFiles/ppc-softmmu.dir/qemu/accel/tcg/translator.c.o
#19 259.4 [ 58%] Building C object CMakeFiles/ppc-softmmu.dir/qemu/softmmu/unicorn_vtlb.c.o
#19 259.5 [ 59%] Building C object CMakeFiles/ppc-softmmu.dir/qemu/hw/ppc/ppc.c.o
#19 259.5 [ 59%] Building C object CMakeFiles/ppc-softmmu.dir/qemu/hw/ppc/ppc_booke.c.o
#19 259.5 [ 59%] Building C object CMakeFiles/sparc64-softmmu.dir/qemu/target/sparc/ldst_helper.c.o
#19 259.5 [ 60%] Building C object CMakeFiles/sparc64-softmmu.dir/qemu/target/sparc/mmu_helper.c.o
#19 259.5 [ 60%] Building C object CMakeFiles/ppc-softmmu.dir/qemu/libdecnumber/decContext.c.o
#19 259.5 [ 60%] Building C object CMakeFiles/sparc64-softmmu.dir/qemu/target/sparc/translate.c.o
#19 259.5 [ 60%] Building C object CMakeFiles/ppc-softmmu.dir/qemu/libdecnumber/decNumber.c.o
#19 259.6 [ 60%] Building C object CMakeFiles/ppc-softmmu.dir/qemu/libdecnumber/dpd/decimal128.c.o
#19 259.6 [ 61%] Building C object CMakeFiles/ppc-softmmu.dir/qemu/libdecnumber/dpd/decimal64.c.o
#19 259.6 [ 61%] Building C object CMakeFiles/ppc-softmmu.dir/qemu/libdecnumber/dpd/decimal32.c.o
#19 259.6 [ 61%] Building C object CMakeFiles/ppc64-softmmu.dir/qemu/exec.c.o
#19 259.6 [ 61%] Building C object CMakeFiles/ppc64-softmmu.dir/qemu/exec-vary.c.o
#19 259.6 [ 61%] Building C object CMakeFiles/ppc64-softmmu.dir/qemu/softmmu/cpus.c.o
#19 259.6 [ 61%] Building C object CMakeFiles/ppc64-softmmu.dir/qemu/softmmu/ioport.c.o
#19 259.6 [ 61%] Building C object CMakeFiles/ppc-softmmu.dir/qemu/target/ppc/cpu.c.o
#19 259.7 [ 61%] Building C object CMakeFiles/ppc-softmmu.dir/qemu/target/ppc/cpu-models.c.o
#19 259.7 [ 62%] Building C object CMakeFiles/ppc64-softmmu.dir/qemu/softmmu/memory.c.o
#19 259.7 [ 62%] Building C object CMakeFiles/ppc64-softmmu.dir/qemu/softmmu/memory_mapping.c.o
#19 259.7 [ 62%] Building C object CMakeFiles/ppc-softmmu.dir/qemu/target/ppc/dfp_helper.c.o
#19 259.7 [ 62%] Building C object CMakeFiles/ppc-softmmu.dir/qemu/target/ppc/excp_helper.c.o
#19 259.7 [ 62%] Building C object CMakeFiles/sparc64-softmmu.dir/qemu/target/sparc/vis_helper.c.o
#19 259.8 [ 62%] Building C object CMakeFiles/ppc64-softmmu.dir/qemu/fpu/softfloat.c.o
#19 259.8 [ 62%] Building C object CMakeFiles/ppc64-softmmu.dir/qemu/tcg/optimize.c.o
#19 259.8 [ 62%] Building C object CMakeFiles/ppc-softmmu.dir/qemu/target/ppc/fpu_helper.c.o
#19 259.8 [ 62%] Building C object CMakeFiles/ppc-softmmu.dir/qemu/target/ppc/int_helper.c.o
#19 259.9 [ 62%] Building C object CMakeFiles/ppc64-softmmu.dir/qemu/tcg/tcg.c.o
#19 259.9 [ 62%] Building C object CMakeFiles/ppc64-softmmu.dir/qemu/tcg/tcg-op.c.o
#19 259.9 [ 62%] Building C object CMakeFiles/ppc64-softmmu.dir/qemu/tcg/tcg-op-gvec.c.o
#19 260.0 [ 62%] Building C object CMakeFiles/sparc64-softmmu.dir/qemu/target/sparc/win_helper.c.o
#19 260.1 [ 62%] Building C object CMakeFiles/sparc64-softmmu.dir/qemu/target/sparc/unicorn64.c.o
#19 260.1 [ 63%] Building C object CMakeFiles/ppc64-softmmu.dir/qemu/tcg/tcg-op-vec.c.o
#19 260.2 [ 63%] Linking C static library libsparc64-softmmu.a
#19 260.2 [ 64%] Building C object CMakeFiles/ppc-softmmu.dir/qemu/target/ppc/machine.c.o
#19 260.2 [ 64%] Building C object CMakeFiles/ppc-softmmu.dir/qemu/target/ppc/mem_helper.c.o
#19 260.2 [ 64%] Building C object CMakeFiles/ppc-softmmu.dir/qemu/target/ppc/misc_helper.c.o
#19 260.3 [ 64%] Built target sparc64-softmmu
#19 260.3 [ 64%] Building C object CMakeFiles/ppc-softmmu.dir/qemu/target/ppc/mmu-hash32.c.o
#19 260.3 [ 64%] Building C object CMakeFiles/ppc64-softmmu.dir/qemu/accel/tcg/cpu-exec.c.o
#19 260.3 [ 64%] Building C object CMakeFiles/ppc64-softmmu.dir/qemu/accel/tcg/cpu-exec-common.c.o
#19 260.3 [ 64%] Building C object CMakeFiles/ppc-softmmu.dir/qemu/target/ppc/mmu_helper.c.o
#19 260.3 [ 64%] Building C object CMakeFiles/ppc64-softmmu.dir/qemu/accel/tcg/cputlb.c.o
#19 260.3 [ 64%] Building C object CMakeFiles/ppc-softmmu.dir/qemu/target/ppc/timebase_helper.c.o
#19 260.4 [ 64%] Building C object CMakeFiles/ppc64-softmmu.dir/qemu/accel/tcg/tcg-all.c.o
#19 260.4 [ 65%] Building C object CMakeFiles/ppc-softmmu.dir/qemu/target/ppc/translate.c.o
#19 260.4 [ 65%] Building C object CMakeFiles/ppc64-softmmu.dir/qemu/accel/tcg/tcg-runtime.c.o
#19 260.4 [ 65%] Building C object CMakeFiles/ppc-softmmu.dir/qemu/target/ppc/unicorn.c.o
#19 260.4 [ 66%] Building C object CMakeFiles/ppc64-softmmu.dir/qemu/accel/tcg/tcg-runtime-gvec.c.o
#19 260.4 [ 66%] Building C object CMakeFiles/ppc64-softmmu.dir/qemu/accel/tcg/translate-all.c.o
#19 260.5 [ 66%] Building C object CMakeFiles/ppc64-softmmu.dir/qemu/accel/tcg/translator.c.o
#19 260.5 [ 66%] Building C object CMakeFiles/ppc64-softmmu.dir/qemu/softmmu/unicorn_vtlb.c.o
#19 260.5 [ 66%] Building C object CMakeFiles/ppc64-softmmu.dir/qemu/hw/ppc/ppc.c.o
#19 260.5 [ 66%] Building C object CMakeFiles/ppc64-softmmu.dir/qemu/hw/ppc/ppc_booke.c.o
#19 260.6 [ 66%] Building C object CMakeFiles/ppc64-softmmu.dir/qemu/libdecnumber/decContext.c.o
#19 260.6 [ 67%] Building C object CMakeFiles/ppc64-softmmu.dir/qemu/libdecnumber/decNumber.c.o
#19 260.6 [ 67%] Building C object CMakeFiles/ppc64-softmmu.dir/qemu/libdecnumber/dpd/decimal128.c.o
#19 260.6 [ 67%] Building C object CMakeFiles/riscv32-softmmu.dir/qemu/exec.c.o
#19 260.6 [ 67%] Building C object CMakeFiles/riscv32-softmmu.dir/qemu/exec-vary.c.o
#19 260.7 [ 67%] Building C object CMakeFiles/riscv32-softmmu.dir/qemu/softmmu/cpus.c.o
#19 260.7 [ 67%] Building C object CMakeFiles/ppc64-softmmu.dir/qemu/libdecnumber/dpd/decimal32.c.o
#19 260.7 [ 68%] Building C object CMakeFiles/riscv32-softmmu.dir/qemu/softmmu/ioport.c.o
#19 260.7 [ 68%] Building C object CMakeFiles/ppc64-softmmu.dir/qemu/libdecnumber/dpd/decimal64.c.o
#19 260.7 [ 68%] Building C object CMakeFiles/riscv32-softmmu.dir/qemu/softmmu/memory.c.o
#19 260.7 [ 68%] Building C object CMakeFiles/riscv32-softmmu.dir/qemu/softmmu/memory_mapping.c.o
#19 260.7 [ 68%] Building C object CMakeFiles/ppc64-softmmu.dir/qemu/target/ppc/compat.c.o
#19 260.7 [ 68%] Building C object CMakeFiles/ppc64-softmmu.dir/qemu/target/ppc/cpu.c.o
#19 260.8 [ 69%] Building C object CMakeFiles/ppc64-softmmu.dir/qemu/target/ppc/cpu-models.c.o
#19 260.8 [ 69%] Building C object CMakeFiles/riscv32-softmmu.dir/qemu/fpu/softfloat.c.o
#19 260.8 [ 69%] Building C object CMakeFiles/ppc64-softmmu.dir/qemu/target/ppc/dfp_helper.c.o
#19 260.8 [ 69%] Building C object CMakeFiles/riscv32-softmmu.dir/qemu/tcg/tcg.c.o
#19 260.8 [ 69%] Building C object CMakeFiles/riscv32-softmmu.dir/qemu/tcg/optimize.c.o
#19 260.9 [ 69%] Building C object CMakeFiles/ppc64-softmmu.dir/qemu/target/ppc/excp_helper.c.o
#19 260.9 [ 69%] Building C object CMakeFiles/riscv32-softmmu.dir/qemu/tcg/tcg-op.c.o
#19 260.9 [ 69%] Building C object CMakeFiles/ppc64-softmmu.dir/qemu/target/ppc/fpu_helper.c.o
#19 260.9 /opt/AFLplusplus/unicorn_mode/unicornafl/unicorn/qemu/target/ppc/excp_helper.c:1067:6: warning: conflicting types for ÔÇÿhelper_pminsnÔÇÖ due to enum/integer mismatch; have ÔÇÿvoid(CPUPPCState *, powerpc_pm_insn_t)ÔÇÖ [-Wenum-int-mismatch]
#19 260.9  1067 | void helper_pminsn(CPUPPCState *env, powerpc_pm_insn_t insn)
#19 260.9       |      ^~~~~~~~~~~~~
#19 260.9 In file included from /opt/AFLplusplus/unicorn_mode/unicornafl/unicorn/qemu/include/qemu/osdep.h:37,
#19 260.9                  from /opt/AFLplusplus/unicorn_mode/unicornafl/unicorn/qemu/target/ppc/excp_helper.c:19:
#19 260.9 /opt/AFLplusplus/unicorn_mode/unicornafl/unicorn/qemu/include/exec/helper-head.h:21:27: note: previous declaration of ÔÇÿhelper_pminsnÔÇÖ with type ÔÇÿvoid(CPUArchState *, uint32_t)ÔÇÖ {aka ÔÇÿvoid(CPUPPCState *, unsigned int)ÔÇÖ}
#19 260.9    21 | #define HELPER(name) glue(helper_, name)
#19 260.9       |                           ^~~~~~~
#19 260.9 /opt/AFLplusplus/unicorn_mode/unicornafl/unicorn/qemu/include/qemu/compiler.h:13:21: note: in definition of macro ÔÇÿxglueÔÇÖ
#19 260.9    13 | #define xglue(x, y) x ## y
#19 260.9       |                     ^
#19 260.9 /opt/AFLplusplus/unicorn_mode/unicornafl/unicorn/qemu/include/exec/helper-head.h:21:22: note: in expansion of macro ÔÇÿglueÔÇÖ
#19 260.9    21 | #define HELPER(name) glue(helper_, name)
#19 260.9       |                      ^~~~
#19 260.9 /opt/AFLplusplus/unicorn_mode/unicornafl/unicorn/qemu/include/exec/helper-proto.h:16:15: note: in expansion of macro ÔÇÿHELPERÔÇÖ
#19 260.9    16 | dh_ctype(ret) HELPER(name) (dh_ctype(t1), dh_ctype(t2));
#19 260.9       |               ^~~~~~
#19 260.9 /opt/AFLplusplus/unicorn_mode/unicornafl/unicorn/qemu/include/exec/helper-head.h:142:5: note: in expansion of macro ÔÇÿDEF_HELPER_FLAGS_2ÔÇÖ
#19 260.9   142 |     DEF_HELPER_FLAGS_2(name, 0, ret, t1, t2)
#19 260.9       |     ^~~~~~~~~~~~~~~~~~
#19 260.9 /opt/AFLplusplus/unicorn_mode/unicornafl/unicorn/qemu/target/ppc/helper.h:19:1: note: in expansion of macro ÔÇÿDEF_HELPER_2ÔÇÖ
#19 260.9    19 | DEF_HELPER_2(pminsn, void, env, i32)
#19 260.9       | ^~~~~~~~~~~~
#19 261.0 [ 69%] Building C object CMakeFiles/ppc64-softmmu.dir/qemu/target/ppc/int_helper.c.o
#19 261.0 [ 70%] Building C object CMakeFiles/riscv32-softmmu.dir/qemu/tcg/tcg-op-gvec.c.o
#19 261.0 [ 70%] Building C object CMakeFiles/ppc64-softmmu.dir/qemu/target/ppc/machine.c.o
#19 261.0 [ 70%] Building C object CMakeFiles/riscv32-softmmu.dir/qemu/tcg/tcg-op-vec.c.o
#19 261.2 [ 70%] Building C object CMakeFiles/riscv32-softmmu.dir/qemu/accel/tcg/cpu-exec.c.o
#19 261.2 [ 70%] Building C object CMakeFiles/ppc64-softmmu.dir/qemu/target/ppc/mem_helper.c.o
#19 261.2 [ 70%] Building C object CMakeFiles/riscv32-softmmu.dir/qemu/accel/tcg/cpu-exec-common.c.o
#19 261.3 [ 70%] Building C object CMakeFiles/riscv32-softmmu.dir/qemu/accel/tcg/cputlb.c.o
#19 261.3 [ 70%] Building C object CMakeFiles/riscv32-softmmu.dir/qemu/accel/tcg/tcg-all.c.o
#19 261.3 [ 71%] Building C object CMakeFiles/ppc64-softmmu.dir/qemu/target/ppc/misc_helper.c.o
#19 261.3 [ 71%] Building C object CMakeFiles/ppc64-softmmu.dir/qemu/target/ppc/mmu-book3s-v3.c.o
#19 261.3 [ 72%] Building C object CMakeFiles/riscv32-softmmu.dir/qemu/accel/tcg/tcg-runtime.c.o
#19 261.4 [ 72%] Building C object CMakeFiles/ppc64-softmmu.dir/qemu/target/ppc/mmu-hash32.c.o
#19 261.4 [ 72%] Building C object CMakeFiles/ppc64-softmmu.dir/qemu/target/ppc/mmu-hash64.c.o
#19 261.4 [ 72%] Building C object CMakeFiles/ppc64-softmmu.dir/qemu/target/ppc/mmu_helper.c.o
#19 261.4 [ 72%] Building C object CMakeFiles/ppc64-softmmu.dir/qemu/target/ppc/mmu-radix64.c.o
#19 261.4 [ 73%] Building C object CMakeFiles/ppc64-softmmu.dir/qemu/target/ppc/timebase_helper.c.o
#19 261.4 [ 73%] Building C object CMakeFiles/riscv32-softmmu.dir/qemu/accel/tcg/tcg-runtime-gvec.c.o
#19 261.5 [ 73%] Building C object CMakeFiles/ppc64-softmmu.dir/qemu/target/ppc/translate.c.o
#19 261.5 [ 73%] Building C object CMakeFiles/riscv32-softmmu.dir/qemu/accel/tcg/translate-all.c.o
#19 261.5 [ 73%] Building C object CMakeFiles/ppc64-softmmu.dir/qemu/target/ppc/unicorn.c.o
#19 261.5 [ 73%] Building C object CMakeFiles/riscv64-softmmu.dir/qemu/exec.c.o
#19 261.6 [ 73%] Building C object CMakeFiles/riscv64-softmmu.dir/qemu/exec-vary.c.o
#19 261.6 [ 73%] Building C object CMakeFiles/s390x-softmmu.dir/qemu/exec.c.o
#19 261.6 [ 73%] Building C object CMakeFiles/s390x-softmmu.dir/qemu/exec-vary.c.o
#19 261.6 [ 74%] Building C object CMakeFiles/s390x-softmmu.dir/qemu/softmmu/cpus.c.o
#19 261.6 [ 74%] Building C object CMakeFiles/riscv32-softmmu.dir/qemu/accel/tcg/translator.c.o
#19 261.7 [ 74%] Building C object CMakeFiles/s390x-softmmu.dir/qemu/softmmu/ioport.c.o
#19 261.7 [ 74%] Building C object CMakeFiles/s390x-softmmu.dir/qemu/softmmu/memory.c.o
#19 261.7 [ 74%] Building C object CMakeFiles/riscv64-softmmu.dir/qemu/softmmu/cpus.c.o
#19 261.7 [ 74%] Building C object CMakeFiles/s390x-softmmu.dir/qemu/softmmu/memory_mapping.c.o
#19 261.7 [ 74%] Building C object CMakeFiles/riscv64-softmmu.dir/qemu/softmmu/ioport.c.o
#19 261.8 [ 74%] Building C object CMakeFiles/riscv32-softmmu.dir/qemu/softmmu/unicorn_vtlb.c.o
#19 261.8 [ 74%] Building C object CMakeFiles/s390x-softmmu.dir/qemu/fpu/softfloat.c.o
#19 261.8 [ 74%] Building C object CMakeFiles/riscv64-softmmu.dir/qemu/softmmu/memory.c.o
#19 261.8 [ 74%] Building C object CMakeFiles/s390x-softmmu.dir/qemu/tcg/optimize.c.o
#19 261.9 [ 74%] Building C object CMakeFiles/riscv64-softmmu.dir/qemu/softmmu/memory_mapping.c.o
#19 261.9 [ 74%] Building C object CMakeFiles/s390x-softmmu.dir/qemu/tcg/tcg.c.o
#19 261.9 [ 74%] Building C object CMakeFiles/riscv32-softmmu.dir/qemu/target/riscv/cpu.c.o
#19 261.9 [ 75%] Building C object CMakeFiles/riscv64-softmmu.dir/qemu/fpu/softfloat.c.o
#19 262.0 [ 75%] Building C object CMakeFiles/riscv32-softmmu.dir/qemu/target/riscv/cpu_helper.c.o
#19 262.0 [ 76%] Building C object CMakeFiles/s390x-softmmu.dir/qemu/tcg/tcg-op.c.o
#19 262.0 [ 77%] Building C object CMakeFiles/riscv32-softmmu.dir/qemu/target/riscv/csr.c.o
#19 262.1 [ 77%] Building C object CMakeFiles/s390x-softmmu.dir/qemu/tcg/tcg-op-gvec.c.o
#19 262.2 [ 77%] Building C object CMakeFiles/riscv32-softmmu.dir/qemu/target/riscv/fpu_helper.c.o
#19 262.3 [ 77%] Building C object CMakeFiles/riscv32-softmmu.dir/qemu/target/riscv/op_helper.c.o
#19 262.4 [ 77%] Building C object CMakeFiles/riscv64-softmmu.dir/qemu/tcg/optimize.c.o
#19 262.4 [ 77%] Building C object CMakeFiles/s390x-softmmu.dir/qemu/tcg/tcg-op-vec.c.o
#19 262.4 [ 77%] Building C object CMakeFiles/riscv32-softmmu.dir/qemu/target/riscv/pmp.c.o
#19 262.4 [ 77%] Building C object CMakeFiles/riscv32-softmmu.dir/qemu/target/riscv/translate.c.o
#19 262.4 [ 77%] Building C object CMakeFiles/riscv32-softmmu.dir/qemu/target/riscv/unicorn.c.o
#19 262.5 [ 77%] Building C object CMakeFiles/riscv64-softmmu.dir/qemu/tcg/tcg.c.o
#19 262.5 [ 77%] Building C object CMakeFiles/riscv64-softmmu.dir/qemu/tcg/tcg-op.c.o
#19 262.5 [ 77%] Building C object CMakeFiles/riscv64-softmmu.dir/qemu/tcg/tcg-op-gvec.c.o
#19 262.6 [ 77%] Building C object CMakeFiles/s390x-softmmu.dir/qemu/accel/tcg/cpu-exec.c.o
#19 262.6 [ 77%] Building C object CMakeFiles/riscv64-softmmu.dir/qemu/tcg/tcg-op-vec.c.o
#19 262.6 [ 77%] Linking C static library libppc-softmmu.a
#19 262.7 [ 77%] Built target ppc-softmmu
#19 262.7 [ 77%] Building C object CMakeFiles/s390x-softmmu.dir/qemu/accel/tcg/cpu-exec-common.c.o
#19 262.7 [ 77%] Building C object CMakeFiles/tricore-softmmu.dir/qemu/exec.c.o
#19 262.7 [ 77%] Building C object CMakeFiles/riscv64-softmmu.dir/qemu/accel/tcg/cpu-exec.c.o
#19 262.7 [ 78%] Linking C static library libriscv32-softmmu.a
#19 262.8 [ 78%] Building C object CMakeFiles/s390x-softmmu.dir/qemu/accel/tcg/cputlb.c.o
#19 262.8 [ 79%] Building C object CMakeFiles/riscv64-softmmu.dir/qemu/accel/tcg/cpu-exec-common.c.o
#19 262.8 [ 79%] Building C object CMakeFiles/riscv64-softmmu.dir/qemu/accel/tcg/cputlb.c.o
#19 262.8 [ 79%] Built target riscv32-softmmu
#19 262.8 [ 80%] Building C object CMakeFiles/s390x-softmmu.dir/qemu/accel/tcg/tcg-all.c.o
#19 262.9 [ 80%] Building C object CMakeFiles/riscv64-softmmu.dir/qemu/accel/tcg/tcg-all.c.o
#19 262.9 [ 80%] Building C object CMakeFiles/s390x-softmmu.dir/qemu/accel/tcg/tcg-runtime.c.o
#19 262.9 [ 80%] Building C object CMakeFiles/s390x-softmmu.dir/qemu/accel/tcg/tcg-runtime-gvec.c.o
#19 262.9 [ 80%] Building C object CMakeFiles/tricore-softmmu.dir/qemu/exec-vary.c.o
#19 262.9 [ 80%] Building C object CMakeFiles/s390x-softmmu.dir/qemu/accel/tcg/translate-all.c.o
#19 262.9 [ 80%] Building C object CMakeFiles/riscv64-softmmu.dir/qemu/accel/tcg/tcg-runtime.c.o
#19 263.0 [ 80%] Building C object CMakeFiles/tricore-softmmu.dir/qemu/softmmu/cpus.c.o
#19 263.0 [ 80%] Building C object CMakeFiles/s390x-softmmu.dir/qemu/accel/tcg/translator.c.o
#19 263.0 [ 80%] Building C object CMakeFiles/riscv64-softmmu.dir/qemu/accel/tcg/tcg-runtime-gvec.c.o
#19 263.1 [ 80%] Building C object CMakeFiles/s390x-softmmu.dir/qemu/softmmu/unicorn_vtlb.c.o
#19 263.1 [ 80%] Building C object CMakeFiles/s390x-softmmu.dir/qemu/hw/s390x/s390-skeys.c.o
#19 263.1 [ 81%] Building C object CMakeFiles/tricore-softmmu.dir/qemu/softmmu/ioport.c.o
#19 263.1 [ 81%] Building C object CMakeFiles/tricore-softmmu.dir/qemu/softmmu/memory.c.o
#19 263.1 [ 82%] Building C object CMakeFiles/s390x-softmmu.dir/qemu/target/s390x/cc_helper.c.o
#19 263.1 [ 82%] Building C object CMakeFiles/s390x-softmmu.dir/qemu/target/s390x/cpu.c.o
#19 263.2 [ 82%] Building C object CMakeFiles/s390x-softmmu.dir/qemu/target/s390x/cpu_features.c.o
#19 263.2 [ 82%] Building C object CMakeFiles/s390x-softmmu.dir/qemu/target/s390x/cpu_models.c.o
#19 263.2 [ 82%] Building C object CMakeFiles/s390x-softmmu.dir/qemu/target/s390x/crypto_helper.c.o
#19 263.2 [ 82%] Building C object CMakeFiles/riscv64-softmmu.dir/qemu/accel/tcg/translate-all.c.o
#19 263.2 [ 83%] Building C object CMakeFiles/riscv64-softmmu.dir/qemu/accel/tcg/translator.c.o
#19 263.2 [ 83%] Building C object CMakeFiles/tricore-softmmu.dir/qemu/softmmu/memory_mapping.c.o
#19 263.2 [ 83%] Building C object CMakeFiles/tricore-softmmu.dir/qemu/fpu/softfloat.c.o
#19 263.3 [ 83%] Building C object CMakeFiles/s390x-softmmu.dir/qemu/target/s390x/excp_helper.c.o
#19 263.3 [ 83%] Building C object CMakeFiles/s390x-softmmu.dir/qemu/target/s390x/fpu_helper.c.o
#19 263.3 [ 83%] Building C object CMakeFiles/tricore-softmmu.dir/qemu/tcg/optimize.c.o
#19 263.3 [ 83%] Building C object CMakeFiles/tricore-softmmu.dir/qemu/tcg/tcg.c.o
#19 263.4 [ 84%] Building C object CMakeFiles/tricore-softmmu.dir/qemu/tcg/tcg-op.c.o
#19 263.4 [ 84%] Building C object CMakeFiles/riscv64-softmmu.dir/qemu/softmmu/unicorn_vtlb.c.o
#19 263.4 [ 85%] Building C object CMakeFiles/s390x-softmmu.dir/qemu/target/s390x/helper.c.o
#19 263.4 [ 85%] Building C object CMakeFiles/riscv64-softmmu.dir/qemu/target/riscv/cpu.c.o
#19 263.4 [ 85%] Building C object CMakeFiles/s390x-softmmu.dir/qemu/target/s390x/interrupt.c.o
#19 263.5 [ 85%] Building C object CMakeFiles/s390x-softmmu.dir/qemu/target/s390x/int_helper.c.o
#19 263.5 [ 85%] Building C object CMakeFiles/tricore-softmmu.dir/qemu/tcg/tcg-op-gvec.c.o
#19 263.5 [ 85%] Building C object CMakeFiles/riscv64-softmmu.dir/qemu/target/riscv/cpu_helper.c.o
#19 263.5 [ 85%] Building C object CMakeFiles/s390x-softmmu.dir/qemu/target/s390x/ioinst.c.o
#19 263.6 [ 85%] Building C object CMakeFiles/s390x-softmmu.dir/qemu/target/s390x/mem_helper.c.o
#19 263.6 [ 85%] Building C object CMakeFiles/riscv64-softmmu.dir/qemu/target/riscv/csr.c.o
#19 263.7 [ 85%] Building C object CMakeFiles/riscv64-softmmu.dir/qemu/target/riscv/fpu_helper.c.o
#19 263.7 [ 85%] Building C object CMakeFiles/tricore-softmmu.dir/qemu/tcg/tcg-op-vec.c.o
#19 263.7 [ 85%] Building C object CMakeFiles/tricore-softmmu.dir/qemu/accel/tcg/cpu-exec.c.o
#19 263.7 [ 85%] Building C object CMakeFiles/riscv64-softmmu.dir/qemu/target/riscv/op_helper.c.o
#19 263.8 [ 86%] Building C object CMakeFiles/riscv64-softmmu.dir/qemu/target/riscv/pmp.c.o
#19 263.8 [ 86%] Building C object CMakeFiles/tricore-softmmu.dir/qemu/accel/tcg/cpu-exec-common.c.o
#19 263.8 [ 86%] Building C object CMakeFiles/s390x-softmmu.dir/qemu/target/s390x/misc_helper.c.o
#19 263.8 [ 86%] Building C object CMakeFiles/tricore-softmmu.dir/qemu/accel/tcg/cputlb.c.o
#19 263.8 [ 87%] Building C object CMakeFiles/s390x-softmmu.dir/qemu/target/s390x/mmu_helper.c.o
#19 263.8 [ 87%] Building C object CMakeFiles/s390x-softmmu.dir/qemu/target/s390x/sigp.c.o
#19 263.8 [ 87%] Building C object CMakeFiles/riscv64-softmmu.dir/qemu/target/riscv/translate.c.o
#19 263.9 [ 87%] Building C object CMakeFiles/tricore-softmmu.dir/qemu/accel/tcg/tcg-all.c.o
#19 263.9 [ 87%] Linking C static library libppc64-softmmu.a
#19 263.9 [ 87%] Building C object CMakeFiles/riscv64-softmmu.dir/qemu/target/riscv/unicorn.c.o
#19 263.9 [ 87%] Building C object CMakeFiles/s390x-softmmu.dir/qemu/target/s390x/tcg-stub.c.o
#19 263.9 [ 87%] Building C object CMakeFiles/s390x-softmmu.dir/qemu/target/s390x/translate.c.o
#19 263.9 [ 87%] Building C object CMakeFiles/s390x-softmmu.dir/qemu/target/s390x/vec_fpu_helper.c.o
#19 263.9 [ 88%] Building C object CMakeFiles/tricore-softmmu.dir/qemu/accel/tcg/tcg-runtime.c.o
#19 264.0 [ 88%] Building C object CMakeFiles/s390x-softmmu.dir/qemu/target/s390x/vec_helper.c.o
#19 264.0 [ 88%] Built target ppc64-softmmu
#19 264.0 [ 88%] Building C object CMakeFiles/s390x-softmmu.dir/qemu/target/s390x/vec_int_helper.c.o
#19 264.0 [ 88%] Building C object CMakeFiles/tricore-softmmu.dir/qemu/accel/tcg/tcg-runtime-gvec.c.o
#19 264.0 [ 88%] Building C object CMakeFiles/tricore-softmmu.dir/qemu/accel/tcg/translate-all.c.o
#19 264.1 [ 89%] Building C object CMakeFiles/s390x-softmmu.dir/qemu/target/s390x/vec_string_helper.c.o
#19 264.1 [ 89%] Building C object CMakeFiles/s390x-softmmu.dir/qemu/target/s390x/unicorn.c.o
#19 264.1 [ 89%] Building C object CMakeFiles/tricore-softmmu.dir/qemu/accel/tcg/translator.c.o
#19 264.2 [ 89%] Building C object CMakeFiles/tricore-softmmu.dir/qemu/softmmu/unicorn_vtlb.c.o
#19 264.2 [ 89%] Building C object CMakeFiles/tricore-softmmu.dir/qemu/target/tricore/cpu.c.o
#19 264.2 [ 89%] Building C object CMakeFiles/tricore-softmmu.dir/qemu/target/tricore/fpu_helper.c.o
#19 264.2 [ 90%] Building C object CMakeFiles/tricore-softmmu.dir/qemu/target/tricore/helper.c.o
#19 264.2 [ 90%] Building C object CMakeFiles/tricore-softmmu.dir/qemu/target/tricore/op_helper.c.o
#19 264.2 [ 90%] Building C object CMakeFiles/tricore-softmmu.dir/qemu/target/tricore/translate.c.o
#19 264.2 [ 90%] Linking C static library libriscv64-softmmu.a
#19 264.3 [ 90%] Building C object CMakeFiles/tricore-softmmu.dir/qemu/target/tricore/unicorn.c.o
#19 264.3 [ 90%] Built target riscv64-softmmu
#19 264.8 [ 90%] Linking C static library libs390x-softmmu.a
#19 264.8 [ 90%] Built target s390x-softmmu
#19 264.8 [ 90%] Linking C static library libtricore-softmmu.a
#19 264.9 [ 90%] Built target tricore-softmmu
#19 264.9 [ 90%] Building C object CMakeFiles/unicorn.dir/uc.c.o
#19 264.9 [ 90%] Building C object CMakeFiles/unicorn.dir/qemu/hw/core/cpu.c.o
#19 264.9 [ 91%] Building C object CMakeFiles/unicorn.dir/qemu/softmmu/vl.c.o
#19 265.1 [ 91%] Linking C static library libunicorn-static.a
#19 265.1 [ 91%] Built target unicorn
#19 265.1 [ 91%] Building C object CMakeFiles/shellcode.dir/samples/shellcode.c.o
#19 265.1 [ 91%] Building C object CMakeFiles/mem_apis.dir/samples/mem_apis.c.o
#19 265.1 [ 91%] Building C object CMakeFiles/sample_batch_reg.dir/samples/sample_batch_reg.c.o
#19 265.1 [ 91%] Building C object CMakeFiles/sample_x86.dir/samples/sample_x86.c.o
#19 265.1 [ 92%] Bundling unicorn_archive
#19 265.1 [ 92%] Building C object CMakeFiles/sample_arm.dir/samples/sample_arm.c.o
#19 265.1 [ 92%] Building C object CMakeFiles/sample_mmu.dir/samples/sample_mmu.c.o
#19 265.1 [ 92%] Building C object CMakeFiles/sample_x86_32_gdt_and_seg_regs.dir/samples/sample_x86_32_gdt_and_seg_regs.c.o
#19 265.2 [ 92%] Linking C executable sample_batch_reg
#19 265.2 [ 92%] Linking C executable mem_apis
#19 265.2 [ 92%] Linking C executable shellcode
#19 265.2 [ 92%] Linking C executable sample_arm
#19 265.2 [ 92%] Linking C executable sample_x86_32_gdt_and_seg_regs
#19 265.2 [ 92%] Linking C executable sample_mmu
#19 265.2 [ 92%] Linking C executable sample_x86
#19 265.4 [ 92%] Built target bundling_target
#19 265.4 [ 92%] Building C object CMakeFiles/sample_arm64.dir/samples/sample_arm64.c.o
#19 265.5 [ 93%] Linking C executable sample_arm64
#19 265.6 [ 93%] Built target sample_batch_reg
#19 265.6 [ 93%] Built target sample_x86_32_gdt_and_seg_regs
#19 265.6 [ 93%] Built target sample_arm
#19 265.6 [ 93%] Built target mem_apis
#19 265.6 [ 93%] Built target shellcode
#19 265.6 [ 94%] Building C object CMakeFiles/sample_mips.dir/samples/sample_mips.c.o
#19 265.6 [ 94%] Building C object CMakeFiles/sample_m68k.dir/samples/sample_m68k.c.o
#19 265.6 [ 94%] Building C object CMakeFiles/sample_sparc.dir/samples/sample_sparc.c.o
#19 265.6 [ 94%] Built target sample_mmu
#19 265.6 [ 94%] Building C object CMakeFiles/sample_ppc.dir/samples/sample_ppc.c.o
#19 265.6 [ 94%] Built target sample_x86
#19 265.6 [ 94%] Building C object CMakeFiles/sample_riscv.dir/samples/sample_riscv.c.o
#19 265.7 [ 94%] Building C object CMakeFiles/sample_s390x.dir/samples/sample_s390x.c.o
#19 265.7 [ 94%] Building C object CMakeFiles/sample_tricore.dir/samples/sample_tricore.c.o
#19 265.7 [ 94%] Linking C executable sample_m68k
#19 265.7 [ 94%] Linking C executable sample_sparc
#19 265.7 [ 94%] Linking C executable sample_ppc
#19 265.7 [ 94%] Linking C executable sample_mips
#19 265.7 [ 95%] Linking C executable sample_riscv
#19 265.7 [ 95%] Linking C executable sample_s390x
#19 265.7 [ 96%] Linking C executable sample_tricore
#19 265.9 [ 96%] Built target sample_arm64
#19 265.9 [ 96%] Building C object CMakeFiles/sample_ctl.dir/samples/sample_ctl.c.o
#19 266.0 [ 96%] Linking C executable sample_ctl
#19 266.0 [ 96%] Built target sample_m68k
#19 266.1 [ 96%] Built target sample_sparc
#19 266.1 [ 96%] Built target sample_mips
#19 266.1 [ 96%] Building C object CMakeFiles/test_x86.dir/tests/unit/test_x86.c.o
#19 266.1 [ 96%] Built target sample_ppc
#19 266.1 [ 96%] Built target sample_s390x
#19 266.1 [ 97%] Building C object CMakeFiles/test_arm.dir/tests/unit/test_arm.c.o
#19 266.1 [ 97%] Built target sample_riscv
#19 266.1 [ 97%] Building C object CMakeFiles/test_arm64.dir/tests/unit/test_arm64.c.o
#19 266.1 [ 97%] Built target sample_tricore
#19 266.1 [ 97%] Building C object CMakeFiles/test_m68k.dir/tests/unit/test_m68k.c.o
#19 266.1 [ 97%] Building C object CMakeFiles/test_mips.dir/tests/unit/test_mips.c.o
#19 266.1 [ 97%] Building C object CMakeFiles/test_sparc.dir/tests/unit/test_sparc.c.o
#19 266.1 [ 97%] Building C object CMakeFiles/test_ppc.dir/tests/unit/test_ppc.c.o
#19 266.2 [ 97%] Linking C executable test_mips
#19 266.2 [ 98%] Linking C executable test_m68k
#19 266.2 [ 98%] Linking C executable test_sparc
#19 266.2 [ 98%] Linking C executable test_ppc
#19 266.2 [ 98%] Linking C executable test_arm64
#19 266.2 [ 98%] Built target test_sparc
#19 266.3 [ 98%] Linking C executable test_arm
#19 266.3 [ 99%] Building C object CMakeFiles/test_riscv.dir/tests/unit/test_riscv.c.o
#19 266.3 [ 99%] Linking C executable test_x86
#19 266.4 [ 99%] Built target sample_ctl
#19 266.4 [ 99%] Building C object CMakeFiles/test_s390x.dir/tests/unit/test_s390x.c.o
#19 266.5 [ 99%] Linking C executable test_riscv
#19 266.5 [ 99%] Linking C executable test_s390x
#19 266.6 [ 99%] Built target test_m68k
#19 266.6 [ 99%] Built target test_ppc
#19 266.6 [ 99%] Built target test_mips
#19 266.6 [100%] Building C object CMakeFiles/test_tricore.dir/tests/unit/test_tricore.c.o
#19 266.6 [100%] Building C object CMakeFiles/test_mem.dir/tests/unit/test_mem.c.o
#19 266.6 [100%] Building C object CMakeFiles/test_ctl.dir/tests/unit/test_ctl.c.o
#19 266.6 [100%] Built target test_arm64
#19 266.7 [100%] Built target test_arm
#19 266.7 [100%] Built target test_x86
#19 266.7 [100%] Linking C executable test_tricore
#19 266.7 [100%] Linking C executable test_ctl
#19 266.7 [100%] Built target test_tricore
#19 266.7 [100%] Linking C executable test_mem
#19 266.8 [100%] Built target test_riscv
#19 266.9 [100%] Built target test_s390x
#19 267.0 [100%] Built target test_ctl
#19 267.0 [100%] Built target test_mem
#19 267.0 make[2]: Leaving directory '/opt/AFLplusplus/unicorn_mode/unicornafl/build/unicorn'
#19 267.0 cd ./build && cmake .. -D BUILD_SHARED_LIBS=no
#19 267.1 -- The C compiler identification is GNU 14.2.0
#19 267.1 -- The CXX compiler identification is GNU 14.2.0
#19 267.1 -- Detecting C compiler ABI info
#19 267.2 -- Detecting C compiler ABI info - done
#19 267.2 -- Check for working C compiler: /usr/bin/cc - skipped
#19 267.2 -- Detecting C compile features
#19 267.2 -- Detecting C compile features - done
#19 267.2 -- Detecting CXX compiler ABI info
#19 267.3 -- Detecting CXX compiler ABI info - done
#19 267.3 -- Check for working CXX compiler: /usr/bin/c++ - skipped
#19 267.3 -- Detecting CXX compile features
#19 267.3 -- Detecting CXX compile features - done
#19 267.3 -- Found PkgConfig: /usr/bin/pkg-config (found version "1.8.1")
#19 267.3 -- Checking for module 'unicorn>=2.0.0'
#19 267.3 --   Package 'unicorn', required by 'virtual:world', not found
#19 267.3 CMake Deprecation Warning at unicorn/CMakeLists.txt:4 (cmake_minimum_required):
#19 267.3   Compatibility with CMake < 3.10 will be removed from a future version of
#19 267.3   CMake.
#19 267.3 
#19 267.3   Update the VERSION argument <min> value.  Or, use the <min>...<max> syntax
#19 267.3   to tell CMake that the project requires at least <min> but has been updated
#19 267.3   to work with policies introduced by <max> or earlier.
#19 267.3 
#19 267.3 
#19 269.2 Install prefix    /usr/local
#19 269.2 binary directory  /usr/local/bin
#19 269.2 library directory /usr/local/lib
#19 269.2 libexec directory /usr/local/libexec
#19 269.2 include directory /usr/local/include
#19 269.2 config directory  /usr/local/etc
#19 269.2 local state directory   /usr/local/var
#19 269.2 ELF interp prefix /usr/gnemul/qemu-%M
#19 269.2 Build directory   /opt/AFLplusplus/unicorn_mode/unicornafl/build
#19 269.2 Source path       /opt/AFLplusplus/unicorn_mode/unicornafl/unicorn/qemu
#19 269.2 GIT binary        git
#19 269.2 GIT submodules    
#19 269.2 C compiler        /usr/bin/cc
#19 269.2 Host C compiler   cc
#19 269.2 C++ compiler      /usr/bin/c++
#19 269.2 Objective-C compiler clang
#19 269.2 ARFLAGS           rv
#19 269.2 CFLAGS            -g 
#19 269.2 QEMU_CFLAGS       -fPIE -DPIE -m64 -mcx16 -D_GNU_SOURCE -D_FILE_OFFSET_BITS=64 -D_LARGEFILE_SOURCE -Wstrict-prototypes -Wredundant-decls -Wall -Wundef -Wwrite-strings -Wmissing-prototypes -fno-strict-aliasing -fno-common -fwrapv -std=gnu99  -DUNICORN_HAS_X86 -DUNICORN_HAS_ARM -DUNICORN_HAS_ARM64 -DUNICORN_HAS_M68K -DUNICORN_HAS_MIPS -DUNICORN_HAS_MIPSEL -DUNICORN_HAS_MIPS64 -DUNICORN_HAS_MIPS64EL -DUNICORN_HAS_SPARC -DUNICORN_HAS_PPC -DUNICORN_HAS_RISCV -DUNICORN_HAS_S390X -DUNICORN_HAS_TRICORE -fPIC -Wexpansion-to-defined -Wendif-labels -Wno-shift-negative-value -Wno-missing-include-dirs -Wempty-body -Wnested-externs -Wformat-security -Wformat-y2k -Winit-self -Wignored-qualifiers -Wold-style-declaration -Wold-style-definition -Wtype-limits -fstack-protector-strong
#19 269.2 QEMU_LDFLAGS      -Wl,--warn-common -Wl,-z,relro -Wl,-z,now -pie -m64  -DUNICORN_HAS_X86 -DUNICORN_HAS_ARM -DUNICORN_HAS_ARM64 -DUNICORN_HAS_M68K -DUNICORN_HAS_MIPS -DUNICORN_HAS_MIPSEL -DUNICORN_HAS_MIPS64 -DUNICORN_HAS_MIPS64EL -DUNICORN_HAS_SPARC -DUNICORN_HAS_PPC -DUNICORN_HAS_RISCV -DUNICORN_HAS_S390X -DUNICORN_HAS_TRICORE -fPIC -fstack-protector-strong
#19 269.2 make              make
#19 269.2 install           install
#19 269.2 host CPU          x86_64
#19 269.2 host big endian   no
#19 269.2 target list       x86_64-softmmu  arm-softmmu  aarch64-softmmu  m68k-softmmu  mips-softmmu  mipsel-softmmu  mips64-softmmu  mips64el-softmmu  sparc-softmmu  sparc64-softmmu  ppc-softmmu  ppc64-softmmu  riscv32-softmmu  riscv64-softmmu  s390x-softmmu  tricore-softmmu   
#19 269.2 strip binaries    yes
#19 269.2 static build      no
#19 269.2 mingw32 support   no
#19 269.2 PIE               yes
#19 269.2 TCG support       yes
#19 269.2 malloc trim support yes
#19 269.2 membarrier        no
#19 269.2 madvise           yes
#19 269.2 posix_madvise     yes
#19 269.2 posix_memalign    yes
#19 269.2 debug stack usage no
#19 269.2 tcmalloc support  no
#19 269.2 jemalloc support  no
#19 269.2 avx2 optimization yes
#19 269.2 avx512f optimization no
#19 269.3 -- Configuring done (2.3s)
#19 269.4 -- Generating done (0.1s)
#19 269.4 -- Build files have been written to: /opt/AFLplusplus/unicorn_mode/unicornafl/build
#19 269.4 make -C ./build -j8
#19 269.4 make[2]: Entering directory '/opt/AFLplusplus/unicorn_mode/unicornafl/build'
#19 269.5 [  0%] Building C object unicorn/CMakeFiles/unicorn-common.dir/glib_compat/glib_compat.c.o
#19 269.5 [  0%] Building C object unicorn/CMakeFiles/unicorn-common.dir/glib_compat/gtestutils.c.o
#19 269.5 [  0%] Building C object unicorn/CMakeFiles/unicorn-common.dir/list.c.o
#19 269.5 [  0%] Building C object unicorn/CMakeFiles/unicorn-common.dir/glib_compat/garray.c.o
#19 269.5 [  1%] Building C object unicorn/CMakeFiles/unicorn-common.dir/glib_compat/gtree.c.o
#19 269.5 [  1%] Building C object unicorn/CMakeFiles/unicorn-common.dir/glib_compat/grand.c.o
#19 269.5 [  1%] Building C object unicorn/CMakeFiles/unicorn-common.dir/glib_compat/glist.c.o
#19 269.5 [  1%] Building C object unicorn/CMakeFiles/unicorn-common.dir/glib_compat/gmem.c.o
#19 269.5 [  1%] Building C object unicorn/CMakeFiles/unicorn-common.dir/glib_compat/gpattern.c.o
#19 269.5 [  1%] Building C object unicorn/CMakeFiles/unicorn-common.dir/glib_compat/gslice.c.o
#19 269.5 [  1%] Building C object unicorn/CMakeFiles/unicorn-common.dir/qemu/util/bitmap.c.o
#19 269.5 [  2%] Building C object unicorn/CMakeFiles/unicorn-common.dir/qemu/util/bitops.c.o
#19 269.5 [  2%] Building C object unicorn/CMakeFiles/unicorn-common.dir/qemu/util/crc32c.c.o
#19 269.5 [  2%] Building C object unicorn/CMakeFiles/unicorn-common.dir/qemu/util/getauxval.c.o
#19 269.5 [  2%] Building C object unicorn/CMakeFiles/unicorn-common.dir/qemu/util/cutils.c.o
#19 269.5 [  2%] Building C object unicorn/CMakeFiles/unicorn-common.dir/qemu/util/guest-random.c.o
#19 269.5 [  2%] Building C object unicorn/CMakeFiles/unicorn-common.dir/qemu/util/host-utils.c.o
#19 269.5 [  3%] Building C object unicorn/CMakeFiles/unicorn-common.dir/qemu/util/osdep.c.o
#19 269.6 [  3%] Building C object unicorn/CMakeFiles/unicorn-common.dir/qemu/util/qdist.c.o
#19 269.6 [  3%] Building C object unicorn/CMakeFiles/unicorn-common.dir/qemu/util/qemu-timer.c.o
#19 269.6 [  3%] Building C object unicorn/CMakeFiles/unicorn-common.dir/qemu/util/qemu-timer-common.c.o
#19 269.6 [  3%] Building C object unicorn/CMakeFiles/unicorn-common.dir/qemu/util/qht.c.o
#19 269.6 [  3%] Building C object unicorn/CMakeFiles/unicorn-common.dir/qemu/util/range.c.o
#19 269.6 [  4%] Building C object unicorn/CMakeFiles/unicorn-common.dir/qemu/util/pagesize.c.o
#19 269.6 [  4%] Building C object unicorn/CMakeFiles/unicorn-common.dir/qemu/crypto/aes.c.o
#19 269.6 [  4%] Building C object unicorn/CMakeFiles/unicorn-common.dir/qemu/util/cacheinfo.c.o
#19 269.6 [  4%] Building C object unicorn/CMakeFiles/unicorn-common.dir/qemu/util/oslib-posix.c.o
#19 269.6 [  4%] Building C object unicorn/CMakeFiles/unicorn-common.dir/qemu/util/qemu-thread-posix.c.o
#19 269.7 [  4%] Linking C static library libunicorn-common.a
#19 269.7 [  4%] Built target unicorn-common
#19 269.8 [  4%] Building C object unicorn/CMakeFiles/riscv32-softmmu.dir/qemu/exec.c.o
#19 269.8 [  4%] Building C object unicorn/CMakeFiles/riscv64-softmmu.dir/qemu/exec.c.o
#19 269.8 [  4%] Building C object unicorn/CMakeFiles/tricore-softmmu.dir/qemu/exec.c.o
#19 269.8 [  5%] Building C object unicorn/CMakeFiles/arm-softmmu.dir/qemu/exec.c.o
#19 269.8 [  5%] Building C object unicorn/CMakeFiles/x86_64-softmmu.dir/qemu/exec.c.o
#19 269.8 [  6%] Building C object unicorn/CMakeFiles/ppc64-softmmu.dir/qemu/exec.c.o
#19 269.8 [  6%] Building C object unicorn/CMakeFiles/aarch64-softmmu.dir/qemu/exec.c.o
#19 269.8 [  6%] Building C object unicorn/CMakeFiles/s390x-softmmu.dir/qemu/exec.c.o
#19 270.0 [  7%] Building C object unicorn/CMakeFiles/tricore-softmmu.dir/qemu/exec-vary.c.o
#19 270.0 [  7%] Building C object unicorn/CMakeFiles/riscv64-softmmu.dir/qemu/exec-vary.c.o
#19 270.0 [  7%] Building C object unicorn/CMakeFiles/arm-softmmu.dir/qemu/exec-vary.c.o
#19 270.0 [  7%] Building C object unicorn/CMakeFiles/riscv32-softmmu.dir/qemu/exec-vary.c.o
#19 270.0 [  7%] Building C object unicorn/CMakeFiles/ppc64-softmmu.dir/qemu/exec-vary.c.o
#19 270.0 [  7%] Building C object unicorn/CMakeFiles/aarch64-softmmu.dir/qemu/exec-vary.c.o
#19 270.0 [  7%] Building C object unicorn/CMakeFiles/x86_64-softmmu.dir/qemu/exec-vary.c.o
#19 270.0 [  7%] Building C object unicorn/CMakeFiles/s390x-softmmu.dir/qemu/exec-vary.c.o
#19 270.1 [  7%] Building C object unicorn/CMakeFiles/tricore-softmmu.dir/qemu/softmmu/cpus.c.o
#19 270.1 [  8%] Building C object unicorn/CMakeFiles/riscv64-softmmu.dir/qemu/softmmu/cpus.c.o
#19 270.1 [  9%] Building C object unicorn/CMakeFiles/riscv32-softmmu.dir/qemu/softmmu/cpus.c.o
#19 270.1 [  9%] Building C object unicorn/CMakeFiles/aarch64-softmmu.dir/qemu/softmmu/cpus.c.o
#19 270.1 [  9%] Building C object unicorn/CMakeFiles/arm-softmmu.dir/qemu/softmmu/cpus.c.o
#19 270.1 [  9%] Building C object unicorn/CMakeFiles/ppc64-softmmu.dir/qemu/softmmu/cpus.c.o
#19 270.1 [  9%] Building C object unicorn/CMakeFiles/x86_64-softmmu.dir/qemu/softmmu/cpus.c.o
#19 270.1 [ 10%] Building C object unicorn/CMakeFiles/s390x-softmmu.dir/qemu/softmmu/cpus.c.o
#19 270.1 [ 10%] Building C object unicorn/CMakeFiles/riscv64-softmmu.dir/qemu/softmmu/ioport.c.o
#19 270.1 [ 10%] Building C object unicorn/CMakeFiles/tricore-softmmu.dir/qemu/softmmu/ioport.c.o
#19 270.2 [ 10%] Building C object unicorn/CMakeFiles/riscv32-softmmu.dir/qemu/softmmu/ioport.c.o
#19 270.2 [ 10%] Building C object unicorn/CMakeFiles/arm-softmmu.dir/qemu/softmmu/ioport.c.o
#19 270.2 [ 10%] Building C object unicorn/CMakeFiles/aarch64-softmmu.dir/qemu/softmmu/ioport.c.o
#19 270.2 [ 10%] Building C object unicorn/CMakeFiles/x86_64-softmmu.dir/qemu/softmmu/ioport.c.o
#19 270.2 [ 10%] Building C object unicorn/CMakeFiles/ppc64-softmmu.dir/qemu/softmmu/ioport.c.o
#19 270.2 [ 10%] Building C object unicorn/CMakeFiles/s390x-softmmu.dir/qemu/softmmu/ioport.c.o
#19 270.2 [ 10%] Building C object unicorn/CMakeFiles/riscv64-softmmu.dir/qemu/softmmu/memory.c.o
#19 270.2 [ 10%] Building C object unicorn/CMakeFiles/tricore-softmmu.dir/qemu/softmmu/memory.c.o
#19 270.3 [ 10%] Building C object unicorn/CMakeFiles/riscv32-softmmu.dir/qemu/softmmu/memory.c.o
#19 270.3 [ 11%] Building C object unicorn/CMakeFiles/x86_64-softmmu.dir/qemu/softmmu/memory.c.o
#19 270.3 [ 11%] Building C object unicorn/CMakeFiles/arm-softmmu.dir/qemu/softmmu/memory.c.o
#19 270.3 [ 11%] Building C object unicorn/CMakeFiles/ppc64-softmmu.dir/qemu/softmmu/memory.c.o
#19 270.3 [ 11%] Building C object unicorn/CMakeFiles/s390x-softmmu.dir/qemu/softmmu/memory.c.o
#19 270.3 [ 11%] Building C object unicorn/CMakeFiles/aarch64-softmmu.dir/qemu/softmmu/memory.c.o
#19 270.4 [ 11%] Building C object unicorn/CMakeFiles/tricore-softmmu.dir/qemu/softmmu/memory_mapping.c.o
#19 270.4 [ 11%] Building C object unicorn/CMakeFiles/riscv64-softmmu.dir/qemu/softmmu/memory_mapping.c.o
#19 270.4 [ 11%] Building C object unicorn/CMakeFiles/riscv32-softmmu.dir/qemu/softmmu/memory_mapping.c.o
#19 270.4 [ 11%] Building C object unicorn/CMakeFiles/ppc64-softmmu.dir/qemu/softmmu/memory_mapping.c.o
#19 270.4 [ 11%] Building C object unicorn/CMakeFiles/x86_64-softmmu.dir/qemu/softmmu/memory_mapping.c.o
#19 270.4 [ 11%] Building C object unicorn/CMakeFiles/arm-softmmu.dir/qemu/softmmu/memory_mapping.c.o
#19 270.4 [ 11%] Building C object unicorn/CMakeFiles/s390x-softmmu.dir/qemu/softmmu/memory_mapping.c.o
#19 270.5 [ 11%] Building C object unicorn/CMakeFiles/aarch64-softmmu.dir/qemu/softmmu/memory_mapping.c.o
#19 270.5 [ 11%] Building C object unicorn/CMakeFiles/tricore-softmmu.dir/qemu/fpu/softfloat.c.o
#19 270.5 [ 11%] Building C object unicorn/CMakeFiles/riscv64-softmmu.dir/qemu/fpu/softfloat.c.o
#19 270.5 [ 11%] Building C object unicorn/CMakeFiles/riscv32-softmmu.dir/qemu/fpu/softfloat.c.o
#19 270.5 [ 11%] Building C object unicorn/CMakeFiles/x86_64-softmmu.dir/qemu/fpu/softfloat.c.o
#19 270.5 [ 12%] Building C object unicorn/CMakeFiles/ppc64-softmmu.dir/qemu/fpu/softfloat.c.o
#19 270.5 [ 12%] Building C object unicorn/CMakeFiles/s390x-softmmu.dir/qemu/fpu/softfloat.c.o
#19 270.5 [ 13%] Building C object unicorn/CMakeFiles/arm-softmmu.dir/qemu/fpu/softfloat.c.o
#19 270.5 [ 14%] Building C object unicorn/CMakeFiles/aarch64-softmmu.dir/qemu/fpu/softfloat.c.o
#19 271.0 [ 15%] Building C object unicorn/CMakeFiles/tricore-softmmu.dir/qemu/tcg/optimize.c.o
#19 271.0 [ 15%] Building C object unicorn/CMakeFiles/riscv32-softmmu.dir/qemu/tcg/optimize.c.o
#19 271.0 [ 15%] Building C object unicorn/CMakeFiles/ppc64-softmmu.dir/qemu/tcg/optimize.c.o
#19 271.0 [ 15%] Building C object unicorn/CMakeFiles/riscv64-softmmu.dir/qemu/tcg/optimize.c.o
#19 271.0 [ 15%] Building C object unicorn/CMakeFiles/x86_64-softmmu.dir/qemu/tcg/optimize.c.o
#19 271.0 [ 15%] Building C object unicorn/CMakeFiles/arm-softmmu.dir/qemu/tcg/optimize.c.o
#19 271.1 [ 15%] Building C object unicorn/CMakeFiles/s390x-softmmu.dir/qemu/tcg/optimize.c.o
#19 271.1 [ 15%] Building C object unicorn/CMakeFiles/aarch64-softmmu.dir/qemu/tcg/optimize.c.o
#19 271.1 [ 15%] Building C object unicorn/CMakeFiles/tricore-softmmu.dir/qemu/tcg/tcg.c.o
#19 271.2 [ 16%] Building C object unicorn/CMakeFiles/riscv64-softmmu.dir/qemu/tcg/tcg.c.o
#19 271.2 [ 17%] Building C object unicorn/CMakeFiles/riscv32-softmmu.dir/qemu/tcg/tcg.c.o
#19 271.3 [ 17%] Building C object unicorn/CMakeFiles/x86_64-softmmu.dir/qemu/tcg/tcg.c.o
#19 271.3 [ 17%] Building C object unicorn/CMakeFiles/ppc64-softmmu.dir/qemu/tcg/tcg.c.o
#19 271.3 [ 17%] Building C object unicorn/CMakeFiles/arm-softmmu.dir/qemu/tcg/tcg.c.o
#19 271.3 [ 18%] Building C object unicorn/CMakeFiles/s390x-softmmu.dir/qemu/tcg/tcg.c.o
#19 271.4 [ 18%] Building C object unicorn/CMakeFiles/aarch64-softmmu.dir/qemu/tcg/tcg.c.o
#19 271.6 [ 18%] Building C object unicorn/CMakeFiles/tricore-softmmu.dir/qemu/tcg/tcg-op.c.o
#19 271.6 [ 18%] Building C object unicorn/CMakeFiles/riscv32-softmmu.dir/qemu/tcg/tcg-op.c.o
#19 271.6 [ 18%] Building C object unicorn/CMakeFiles/riscv64-softmmu.dir/qemu/tcg/tcg-op.c.o
#19 271.8 [ 18%] Building C object unicorn/CMakeFiles/s390x-softmmu.dir/qemu/tcg/tcg-op.c.o
#19 271.8 [ 18%] Building C object unicorn/CMakeFiles/ppc64-softmmu.dir/qemu/tcg/tcg-op.c.o
#19 271.8 [ 18%] Building C object unicorn/CMakeFiles/x86_64-softmmu.dir/qemu/tcg/tcg-op.c.o
#19 271.8 [ 18%] Building C object unicorn/CMakeFiles/arm-softmmu.dir/qemu/tcg/tcg-op.c.o
#19 272.0 [ 18%] Building C object unicorn/CMakeFiles/tricore-softmmu.dir/qemu/tcg/tcg-op-gvec.c.o
#19 272.0 [ 18%] Building C object unicorn/CMakeFiles/riscv32-softmmu.dir/qemu/tcg/tcg-op-gvec.c.o
#19 272.0 [ 18%] Building C object unicorn/CMakeFiles/riscv64-softmmu.dir/qemu/tcg/tcg-op-gvec.c.o
#19 272.1 [ 18%] Building C object unicorn/CMakeFiles/s390x-softmmu.dir/qemu/tcg/tcg-op-gvec.c.o
#19 272.2 [ 18%] Building C object unicorn/CMakeFiles/ppc64-softmmu.dir/qemu/tcg/tcg-op-gvec.c.o
#19 272.2 [ 18%] Building C object unicorn/CMakeFiles/aarch64-softmmu.dir/qemu/tcg/tcg-op.c.o
#19 272.2 [ 19%] Building C object unicorn/CMakeFiles/x86_64-softmmu.dir/qemu/tcg/tcg-op-gvec.c.o
#19 272.2 [ 19%] Building C object unicorn/CMakeFiles/arm-softmmu.dir/qemu/tcg/tcg-op-gvec.c.o
#19 272.3 [ 19%] Building C object unicorn/CMakeFiles/riscv32-softmmu.dir/qemu/tcg/tcg-op-vec.c.o
#19 272.3 [ 19%] Building C object unicorn/CMakeFiles/riscv64-softmmu.dir/qemu/tcg/tcg-op-vec.c.o
#19 272.4 [ 19%] Building C object unicorn/CMakeFiles/tricore-softmmu.dir/qemu/tcg/tcg-op-vec.c.o
#19 272.5 [ 19%] Building C object unicorn/CMakeFiles/riscv64-softmmu.dir/qemu/accel/tcg/cpu-exec.c.o
#19 272.5 [ 19%] Building C object unicorn/CMakeFiles/riscv32-softmmu.dir/qemu/accel/tcg/cpu-exec.c.o
#19 272.5 [ 19%] Building C object unicorn/CMakeFiles/tricore-softmmu.dir/qemu/accel/tcg/cpu-exec.c.o
#19 272.5 [ 19%] Building C object unicorn/CMakeFiles/s390x-softmmu.dir/qemu/tcg/tcg-op-vec.c.o
#19 272.6 [ 19%] Building C object unicorn/CMakeFiles/ppc64-softmmu.dir/qemu/tcg/tcg-op-vec.c.o
#19 272.6 [ 19%] Building C object unicorn/CMakeFiles/riscv64-softmmu.dir/qemu/accel/tcg/cpu-exec-common.c.o
#19 272.6 [ 19%] Building C object unicorn/CMakeFiles/riscv32-softmmu.dir/qemu/accel/tcg/cpu-exec-common.c.o
#19 272.6 [ 19%] Building C object unicorn/CMakeFiles/x86_64-softmmu.dir/qemu/tcg/tcg-op-vec.c.o
#19 272.6 [ 20%] Building C object unicorn/CMakeFiles/tricore-softmmu.dir/qemu/accel/tcg/cpu-exec-common.c.o
#19 272.6 [ 20%] Building C object unicorn/CMakeFiles/arm-softmmu.dir/qemu/tcg/tcg-op-vec.c.o
#19 272.7 [ 21%] Building C object unicorn/CMakeFiles/riscv32-softmmu.dir/qemu/accel/tcg/cputlb.c.o
#19 272.7 [ 22%] Building C object unicorn/CMakeFiles/riscv64-softmmu.dir/qemu/accel/tcg/cputlb.c.o
#19 272.7 [ 22%] Building C object unicorn/CMakeFiles/tricore-softmmu.dir/qemu/accel/tcg/cputlb.c.o
#19 272.7 [ 22%] Building C object unicorn/CMakeFiles/aarch64-softmmu.dir/qemu/tcg/tcg-op-gvec.c.o
#19 272.8 [ 22%] Building C object unicorn/CMakeFiles/s390x-softmmu.dir/qemu/accel/tcg/cpu-exec.c.o
#19 272.8 [ 23%] Building C object unicorn/CMakeFiles/ppc64-softmmu.dir/qemu/accel/tcg/cpu-exec.c.o
#19 272.8 [ 23%] Building C object unicorn/CMakeFiles/x86_64-softmmu.dir/qemu/accel/tcg/cpu-exec.c.o
#19 272.9 [ 23%] Building C object unicorn/CMakeFiles/s390x-softmmu.dir/qemu/accel/tcg/cpu-exec-common.c.o
#19 272.9 [ 24%] Building C object unicorn/CMakeFiles/arm-softmmu.dir/qemu/accel/tcg/cpu-exec.c.o
#19 272.9 [ 24%] Building C object unicorn/CMakeFiles/ppc64-softmmu.dir/qemu/accel/tcg/cpu-exec-common.c.o
#19 273.0 [ 25%] Building C object unicorn/CMakeFiles/s390x-softmmu.dir/qemu/accel/tcg/cputlb.c.o
#19 273.0 [ 25%] Building C object unicorn/CMakeFiles/x86_64-softmmu.dir/qemu/accel/tcg/cpu-exec-common.c.o
#19 273.0 [ 25%] Building C object unicorn/CMakeFiles/ppc64-softmmu.dir/qemu/accel/tcg/cputlb.c.o
#19 273.0 [ 25%] Building C object unicorn/CMakeFiles/arm-softmmu.dir/qemu/accel/tcg/cpu-exec-common.c.o
#19 273.0 [ 25%] Building C object unicorn/CMakeFiles/x86_64-softmmu.dir/qemu/accel/tcg/cputlb.c.o
#19 273.1 [ 25%] Building C object unicorn/CMakeFiles/riscv32-softmmu.dir/qemu/accel/tcg/tcg-all.c.o
#19 273.1 [ 25%] Building C object unicorn/CMakeFiles/riscv64-softmmu.dir/qemu/accel/tcg/tcg-all.c.o
#19 273.1 [ 25%] Building C object unicorn/CMakeFiles/tricore-softmmu.dir/qemu/accel/tcg/tcg-all.c.o
#19 273.1 [ 25%] Building C object unicorn/CMakeFiles/arm-softmmu.dir/qemu/accel/tcg/cputlb.c.o
#19 273.2 [ 25%] Building C object unicorn/CMakeFiles/riscv64-softmmu.dir/qemu/accel/tcg/tcg-runtime.c.o
#19 273.2 [ 25%] Building C object unicorn/CMakeFiles/riscv32-softmmu.dir/qemu/accel/tcg/tcg-runtime.c.o
#19 273.2 [ 25%] Building C object unicorn/CMakeFiles/tricore-softmmu.dir/qemu/accel/tcg/tcg-runtime.c.o
#19 273.2 [ 25%] Building C object unicorn/CMakeFiles/riscv64-softmmu.dir/qemu/accel/tcg/tcg-runtime-gvec.c.o
#19 273.3 [ 25%] Building C object unicorn/CMakeFiles/aarch64-softmmu.dir/qemu/tcg/tcg-op-vec.c.o
#19 273.3 [ 25%] Building C object unicorn/CMakeFiles/tricore-softmmu.dir/qemu/accel/tcg/tcg-runtime-gvec.c.o
#19 273.3 [ 25%] Building C object unicorn/CMakeFiles/riscv32-softmmu.dir/qemu/accel/tcg/tcg-runtime-gvec.c.o
#19 273.3 [ 25%] Building C object unicorn/CMakeFiles/s390x-softmmu.dir/qemu/accel/tcg/tcg-all.c.o
#19 273.4 [ 25%] Building C object unicorn/CMakeFiles/ppc64-softmmu.dir/qemu/accel/tcg/tcg-all.c.o
#19 273.4 [ 25%] Building C object unicorn/CMakeFiles/s390x-softmmu.dir/qemu/accel/tcg/tcg-runtime.c.o
#19 273.4 [ 25%] Building C object unicorn/CMakeFiles/riscv64-softmmu.dir/qemu/accel/tcg/translate-all.c.o
#19 273.4 [ 25%] Building C object unicorn/CMakeFiles/tricore-softmmu.dir/qemu/accel/tcg/translate-all.c.o
#19 273.4 [ 25%] Building C object unicorn/CMakeFiles/x86_64-softmmu.dir/qemu/accel/tcg/tcg-all.c.o
#19 273.5 [ 25%] Building C object unicorn/CMakeFiles/riscv32-softmmu.dir/qemu/accel/tcg/translate-all.c.o
#19 273.5 [ 25%] Building C object unicorn/CMakeFiles/ppc64-softmmu.dir/qemu/accel/tcg/tcg-runtime.c.o
#19 273.5 [ 25%] Building C object unicorn/CMakeFiles/s390x-softmmu.dir/qemu/accel/tcg/tcg-runtime-gvec.c.o
#19 273.5 [ 25%] Building C object unicorn/CMakeFiles/arm-softmmu.dir/qemu/accel/tcg/tcg-all.c.o
#19 273.5 [ 26%] Building C object unicorn/CMakeFiles/x86_64-softmmu.dir/qemu/accel/tcg/tcg-runtime.c.o
#19 273.6 [ 26%] Building C object unicorn/CMakeFiles/riscv64-softmmu.dir/qemu/accel/tcg/translator.c.o
#19 273.6 [ 26%] Building C object unicorn/CMakeFiles/ppc64-softmmu.dir/qemu/accel/tcg/tcg-runtime-gvec.c.o
#19 273.6 [ 27%] Building C object unicorn/CMakeFiles/tricore-softmmu.dir/qemu/accel/tcg/translator.c.o
#19 273.6 [ 27%] Building C object unicorn/CMakeFiles/riscv32-softmmu.dir/qemu/accel/tcg/translator.c.o
#19 273.6 [ 28%] Building C object unicorn/CMakeFiles/aarch64-softmmu.dir/qemu/accel/tcg/cpu-exec.c.o
#19 273.6 [ 28%] Building C object unicorn/CMakeFiles/arm-softmmu.dir/qemu/accel/tcg/tcg-runtime.c.o
#19 273.6 [ 28%] Building C object unicorn/CMakeFiles/x86_64-softmmu.dir/qemu/accel/tcg/tcg-runtime-gvec.c.o
#19 273.7 [ 28%] Building C object unicorn/CMakeFiles/s390x-softmmu.dir/qemu/accel/tcg/translate-all.c.o
#19 273.7 [ 29%] Building C object unicorn/CMakeFiles/riscv64-softmmu.dir/qemu/softmmu/unicorn_vtlb.c.o
#19 273.7 [ 29%] Building C object unicorn/CMakeFiles/arm-softmmu.dir/qemu/accel/tcg/tcg-runtime-gvec.c.o
#19 273.7 [ 29%] Building C object unicorn/CMakeFiles/aarch64-softmmu.dir/qemu/accel/tcg/cpu-exec-common.c.o
#19 273.7 [ 29%] Building C object unicorn/CMakeFiles/tricore-softmmu.dir/qemu/softmmu/unicorn_vtlb.c.o
#19 273.8 [ 30%] Building C object unicorn/CMakeFiles/riscv32-softmmu.dir/qemu/softmmu/unicorn_vtlb.c.o
#19 273.8 [ 31%] Building C object unicorn/CMakeFiles/ppc64-softmmu.dir/qemu/accel/tcg/translate-all.c.o
#19 273.8 [ 31%] Building C object unicorn/CMakeFiles/riscv64-softmmu.dir/qemu/target/riscv/cpu.c.o
#19 273.8 [ 31%] Building C object unicorn/CMakeFiles/tricore-softmmu.dir/qemu/target/tricore/cpu.c.o
#19 273.8 [ 31%] Building C object unicorn/CMakeFiles/aarch64-softmmu.dir/qemu/accel/tcg/cputlb.c.o
#19 273.8 [ 31%] Building C object unicorn/CMakeFiles/s390x-softmmu.dir/qemu/accel/tcg/translator.c.o
#19 273.8 [ 31%] Building C object unicorn/CMakeFiles/riscv32-softmmu.dir/qemu/target/riscv/cpu.c.o
#19 273.8 [ 31%] Building C object unicorn/CMakeFiles/x86_64-softmmu.dir/qemu/accel/tcg/translate-all.c.o
#19 273.9 [ 31%] Building C object unicorn/CMakeFiles/riscv64-softmmu.dir/qemu/target/riscv/cpu_helper.c.o
#19 273.9 [ 32%] Building C object unicorn/CMakeFiles/arm-softmmu.dir/qemu/accel/tcg/translate-all.c.o
#19 273.9 [ 32%] Building C object unicorn/CMakeFiles/tricore-softmmu.dir/qemu/target/tricore/fpu_helper.c.o
#19 273.9 [ 32%] Building C object unicorn/CMakeFiles/ppc64-softmmu.dir/qemu/accel/tcg/translator.c.o
#19 273.9 [ 32%] Building C object unicorn/CMakeFiles/riscv32-softmmu.dir/qemu/target/riscv/cpu_helper.c.o
#19 274.0 [ 32%] Building C object unicorn/CMakeFiles/x86_64-softmmu.dir/qemu/accel/tcg/translator.c.o
#19 274.0 [ 33%] Building C object unicorn/CMakeFiles/s390x-softmmu.dir/qemu/softmmu/unicorn_vtlb.c.o
#19 274.0 [ 33%] Building C object unicorn/CMakeFiles/tricore-softmmu.dir/qemu/target/tricore/helper.c.o
#19 274.0 [ 33%] Building C object unicorn/CMakeFiles/riscv64-softmmu.dir/qemu/target/riscv/csr.c.o
#19 274.1 [ 33%] Building C object unicorn/CMakeFiles/arm-softmmu.dir/qemu/accel/tcg/translator.c.o
#19 274.1 [ 33%] Building C object unicorn/CMakeFiles/s390x-softmmu.dir/qemu/hw/s390x/s390-skeys.c.o
#19 274.1 [ 33%] Building C object unicorn/CMakeFiles/riscv32-softmmu.dir/qemu/target/riscv/csr.c.o
#19 274.1 [ 33%] Building C object unicorn/CMakeFiles/tricore-softmmu.dir/qemu/target/tricore/op_helper.c.o
#19 274.1 [ 33%] Building C object unicorn/CMakeFiles/ppc64-softmmu.dir/qemu/softmmu/unicorn_vtlb.c.o
#19 274.1 [ 33%] Building C object unicorn/CMakeFiles/riscv64-softmmu.dir/qemu/target/riscv/fpu_helper.c.o
#19 274.2 [ 33%] Building C object unicorn/CMakeFiles/s390x-softmmu.dir/qemu/target/s390x/cc_helper.c.o
#19 274.2 [ 33%] Building C object unicorn/CMakeFiles/x86_64-softmmu.dir/qemu/softmmu/unicorn_vtlb.c.o
#19 274.2 [ 33%] Building C object unicorn/CMakeFiles/riscv32-softmmu.dir/qemu/target/riscv/fpu_helper.c.o
#19 274.2 [ 33%] Building C object unicorn/CMakeFiles/ppc64-softmmu.dir/qemu/hw/ppc/ppc.c.o
#19 274.2 [ 33%] Building C object unicorn/CMakeFiles/aarch64-softmmu.dir/qemu/accel/tcg/tcg-all.c.o
#19 274.3 [ 33%] Building C object unicorn/CMakeFiles/riscv64-softmmu.dir/qemu/target/riscv/op_helper.c.o
#19 274.3 [ 33%] Building C object unicorn/CMakeFiles/arm-softmmu.dir/qemu/softmmu/unicorn_vtlb.c.o
#19 274.3 [ 33%] Building C object unicorn/CMakeFiles/s390x-softmmu.dir/qemu/target/s390x/cpu.c.o
#19 274.3 [ 33%] Building C object unicorn/CMakeFiles/x86_64-softmmu.dir/qemu/hw/i386/x86.c.o
#19 274.3 [ 34%] Building C object unicorn/CMakeFiles/tricore-softmmu.dir/qemu/target/tricore/translate.c.o
#19 274.3 [ 34%] Building C object unicorn/CMakeFiles/aarch64-softmmu.dir/qemu/accel/tcg/tcg-runtime.c.o
#19 274.3 [ 34%] Building C object unicorn/CMakeFiles/ppc64-softmmu.dir/qemu/hw/ppc/ppc_booke.c.o
#19 274.3 [ 34%] Building C object unicorn/CMakeFiles/riscv32-softmmu.dir/qemu/target/riscv/op_helper.c.o
#19 274.4 [ 35%] Building C object unicorn/CMakeFiles/riscv64-softmmu.dir/qemu/target/riscv/pmp.c.o
#19 274.4 [ 35%] Building C object unicorn/CMakeFiles/arm-softmmu.dir/qemu/target/arm/cpu.c.o
#19 274.4 [ 36%] Building C object unicorn/CMakeFiles/x86_64-softmmu.dir/qemu/target/i386/arch_memory_mapping.c.o
#19 274.4 [ 36%] Building C object unicorn/CMakeFiles/s390x-softmmu.dir/qemu/target/s390x/cpu_features.c.o
#19 274.4 [ 36%] Building C object unicorn/CMakeFiles/ppc64-softmmu.dir/qemu/libdecnumber/decContext.c.o
#19 274.4 [ 37%] Building C object unicorn/CMakeFiles/riscv32-softmmu.dir/qemu/target/riscv/pmp.c.o
#19 274.4 [ 37%] Building C object unicorn/CMakeFiles/riscv64-softmmu.dir/qemu/target/riscv/translate.c.o
#19 274.4 [ 37%] Building C object unicorn/CMakeFiles/s390x-softmmu.dir/qemu/target/s390x/cpu_models.c.o
#19 274.5 [ 37%] Building C object unicorn/CMakeFiles/aarch64-softmmu.dir/qemu/accel/tcg/tcg-runtime-gvec.c.o
#19 274.5 [ 37%] Building C object unicorn/CMakeFiles/x86_64-softmmu.dir/qemu/target/i386/bpt_helper.c.o
#19 274.5 [ 37%] Building C object unicorn/CMakeFiles/ppc64-softmmu.dir/qemu/libdecnumber/decNumber.c.o
#19 274.5 [ 37%] Building C object unicorn/CMakeFiles/riscv32-softmmu.dir/qemu/target/riscv/translate.c.o
#19 274.5 [ 37%] Building C object unicorn/CMakeFiles/arm-softmmu.dir/qemu/target/arm/crypto_helper.c.o
#19 274.6 [ 38%] Building C object unicorn/CMakeFiles/s390x-softmmu.dir/qemu/target/s390x/crypto_helper.c.o
#19 274.6 [ 38%] Building C object unicorn/CMakeFiles/x86_64-softmmu.dir/qemu/target/i386/cc_helper.c.o
#19 274.6 [ 38%] Building C object unicorn/CMakeFiles/s390x-softmmu.dir/qemu/target/s390x/excp_helper.c.o
#19 274.7 [ 39%] Building C object unicorn/CMakeFiles/aarch64-softmmu.dir/qemu/accel/tcg/translate-all.c.o
#19 274.7 [ 39%] Building C object unicorn/CMakeFiles/arm-softmmu.dir/qemu/target/arm/debug_helper.c.o
#19 274.7 [ 39%] Building C object unicorn/CMakeFiles/x86_64-softmmu.dir/qemu/target/i386/cpu.c.o
#19 274.8 [ 39%] Building C object unicorn/CMakeFiles/s390x-softmmu.dir/qemu/target/s390x/fpu_helper.c.o
#19 274.8 [ 40%] Building C object unicorn/CMakeFiles/arm-softmmu.dir/qemu/target/arm/helper.c.o
#19 274.8 [ 40%] Building C object unicorn/CMakeFiles/riscv64-softmmu.dir/qemu/target/riscv/unicorn.c.o
#19 274.8 [ 40%] Building C object unicorn/CMakeFiles/aarch64-softmmu.dir/qemu/accel/tcg/translator.c.o
#19 274.8 [ 41%] Building C object unicorn/CMakeFiles/ppc64-softmmu.dir/qemu/libdecnumber/dpd/decimal128.c.o
#19 274.9 [ 41%] Building C object unicorn/CMakeFiles/riscv32-softmmu.dir/qemu/target/riscv/unicorn.c.o
#19 274.9 [ 41%] Building C object unicorn/CMakeFiles/x86_64-softmmu.dir/qemu/target/i386/excp_helper.c.o
#19 274.9 [ 41%] Building C object unicorn/CMakeFiles/ppc64-softmmu.dir/qemu/libdecnumber/dpd/decimal32.c.o
#19 274.9 [ 41%] Linking C static library libriscv64-softmmu.a
#19 274.9 [ 41%] Building C object unicorn/CMakeFiles/s390x-softmmu.dir/qemu/target/s390x/helper.c.o
#19 275.0 [ 41%] Building C object unicorn/CMakeFiles/ppc64-softmmu.dir/qemu/libdecnumber/dpd/decimal64.c.o
#19 275.0 [ 41%] Linking C static library libriscv32-softmmu.a
#19 275.0 [ 41%] Built target riscv64-softmmu
#19 275.0 [ 41%] Building C object unicorn/CMakeFiles/x86_64-softmmu.dir/qemu/target/i386/fpu_helper.c.o
#19 275.0 [ 41%] Building C object unicorn/CMakeFiles/arm-softmmu.dir/qemu/target/arm/iwmmxt_helper.c.o
#19 275.0 [ 41%] Building C object unicorn/CMakeFiles/s390x-softmmu.dir/qemu/target/s390x/interrupt.c.o
#19 275.1 [ 41%] Building C object unicorn/CMakeFiles/ppc64-softmmu.dir/qemu/target/ppc/compat.c.o
#19 275.1 [ 41%] Built target riscv32-softmmu
#19 275.1 [ 41%] Building C object unicorn/CMakeFiles/tricore-softmmu.dir/qemu/target/tricore/unicorn.c.o
#19 275.1 [ 41%] Building C object unicorn/CMakeFiles/s390x-softmmu.dir/qemu/target/s390x/int_helper.c.o
#19 275.1 [ 41%] Building C object unicorn/CMakeFiles/m68k-softmmu.dir/qemu/exec.c.o
#19 275.2 [ 41%] Building C object unicorn/CMakeFiles/aarch64-softmmu.dir/qemu/softmmu/unicorn_vtlb.c.o
#19 275.2 [ 41%] Building C object unicorn/CMakeFiles/ppc64-softmmu.dir/qemu/target/ppc/cpu.c.o
#19 275.2 [ 42%] Building C object unicorn/CMakeFiles/s390x-softmmu.dir/qemu/target/s390x/ioinst.c.o
#19 275.2 [ 42%] Linking C static library libtricore-softmmu.a
#19 275.2 [ 42%] Building C object unicorn/CMakeFiles/ppc64-softmmu.dir/qemu/target/ppc/cpu-models.c.o
#19 275.3 [ 42%] Building C object unicorn/CMakeFiles/aarch64-softmmu.dir/qemu/target/arm/cpu64.c.o
#19 275.3 [ 42%] Building C object unicorn/CMakeFiles/arm-softmmu.dir/qemu/target/arm/m_helper.c.o
#19 275.3 [ 42%] Building C object unicorn/CMakeFiles/s390x-softmmu.dir/qemu/target/s390x/mem_helper.c.o
#19 275.3 [ 43%] Building C object unicorn/CMakeFiles/ppc64-softmmu.dir/qemu/target/ppc/dfp_helper.c.o
#19 275.3 [ 43%] Built target tricore-softmmu
#19 275.3 [ 43%] Building C object unicorn/CMakeFiles/aarch64-softmmu.dir/qemu/target/arm/cpu.c.o
#19 275.4 [ 43%] Building C object unicorn/CMakeFiles/aarch64-softmmu.dir/qemu/target/arm/crypto_helper.c.o
#19 275.4 [ 43%] Building C object unicorn/CMakeFiles/m68k-softmmu.dir/qemu/exec-vary.c.o
#19 275.4 [ 44%] Building C object unicorn/CMakeFiles/aarch64-softmmu.dir/qemu/target/arm/debug_helper.c.o
#19 275.5 [ 44%] Building C object unicorn/CMakeFiles/m68k-softmmu.dir/qemu/softmmu/cpus.c.o
#19 275.5 [ 44%] Building C object unicorn/CMakeFiles/arm-softmmu.dir/qemu/target/arm/neon_helper.c.o
#19 275.5 [ 44%] Building C object unicorn/CMakeFiles/aarch64-softmmu.dir/qemu/target/arm/helper-a64.c.o
#19 275.5 [ 44%] Building C object unicorn/CMakeFiles/ppc64-softmmu.dir/qemu/target/ppc/excp_helper.c.o
#19 275.5 [ 44%] Building C object unicorn/CMakeFiles/ppc64-softmmu.dir/qemu/target/ppc/fpu_helper.c.o
#19 275.5 [ 44%] Building C object unicorn/CMakeFiles/aarch64-softmmu.dir/qemu/target/arm/helper.c.o
#19 275.5 [ 44%] Building C object unicorn/CMakeFiles/m68k-softmmu.dir/qemu/softmmu/ioport.c.o
#19 275.5 [ 44%] Building C object unicorn/CMakeFiles/s390x-softmmu.dir/qemu/target/s390x/misc_helper.c.o
#19 275.6 [ 45%] Building C object unicorn/CMakeFiles/x86_64-softmmu.dir/qemu/target/i386/helper.c.o
#19 275.6 /opt/AFLplusplus/unicorn_mode/unicornafl/unicorn/qemu/target/ppc/excp_helper.c:1067:6: warning: conflicting types for ÔÇÿhelper_pminsnÔÇÖ due to enum/integer mismatch; have ÔÇÿvoid(CPUPPCState *, powerpc_pm_insn_t)ÔÇÖ [-Wenum-int-mismatch]
#19 275.6  1067 | void helper_pminsn(CPUPPCState *env, powerpc_pm_insn_t insn)
#19 275.6       |      ^~~~~~~~~~~~~
#19 275.6 In file included from /opt/AFLplusplus/unicorn_mode/unicornafl/unicorn/qemu/include/qemu/osdep.h:37,
#19 275.6                  from /opt/AFLplusplus/unicorn_mode/unicornafl/unicorn/qemu/target/ppc/excp_helper.c:19:
#19 275.6 /opt/AFLplusplus/unicorn_mode/unicornafl/unicorn/qemu/include/exec/helper-head.h:21:27: note: previous declaration of ÔÇÿhelper_pminsnÔÇÖ with type ÔÇÿvoid(CPUArchState *, uint32_t)ÔÇÖ {aka ÔÇÿvoid(CPUPPCState *, unsigned int)ÔÇÖ}
#19 275.6    21 | #define HELPER(name) glue(helper_, name)
#19 275.6       |                           ^~~~~~~
#19 275.6 /opt/AFLplusplus/unicorn_mode/unicornafl/unicorn/qemu/include/qemu/compiler.h:13:21: note: in definition of macro ÔÇÿxglueÔÇÖ
#19 275.6    13 | #define xglue(x, y) x ## y
#19 275.6       |                     ^
#19 275.6 /opt/AFLplusplus/unicorn_mode/unicornafl/unicorn/qemu/include/exec/helper-head.h:21:22: note: in expansion of macro ÔÇÿglueÔÇÖ
#19 275.6    21 | #define HELPER(name) glue(helper_, name)
#19 275.6       |                      ^~~~
#19 275.6 /opt/AFLplusplus/unicorn_mode/unicornafl/unicorn/qemu/include/exec/helper-proto.h:16:15: note: in expansion of macro ÔÇÿHELPERÔÇÖ
#19 275.6    16 | dh_ctype(ret) HELPER(name) (dh_ctype(t1), dh_ctype(t2));
#19 275.6       |               ^~~~~~
#19 275.6 /opt/AFLplusplus/unicorn_mode/unicornafl/unicorn/qemu/include/exec/helper-head.h:142:5: note: in expansion of macro ÔÇÿDEF_HELPER_FLAGS_2ÔÇÖ
#19 275.6   142 |     DEF_HELPER_FLAGS_2(name, 0, ret, t1, t2)
#19 275.6       |     ^~~~~~~~~~~~~~~~~~
#19 275.6 /opt/AFLplusplus/unicorn_mode/unicornafl/unicorn/qemu/target/ppc/helper.h:19:1: note: in expansion of macro ÔÇÿDEF_HELPER_2ÔÇÖ
#19 275.6    19 | DEF_HELPER_2(pminsn, void, env, i32)
#19 275.6       | ^~~~~~~~~~~~
#19 275.6 [ 45%] Building C object unicorn/CMakeFiles/m68k-softmmu.dir/qemu/softmmu/memory.c.o
#19 275.6 [ 46%] Building C object unicorn/CMakeFiles/m68k-softmmu.dir/qemu/softmmu/memory_mapping.c.o
#19 275.7 [ 46%] Building C object unicorn/CMakeFiles/x86_64-softmmu.dir/qemu/target/i386/int_helper.c.o
#19 275.7 [ 46%] Building C object unicorn/CMakeFiles/s390x-softmmu.dir/qemu/target/s390x/mmu_helper.c.o
#19 275.7 [ 46%] Building C object unicorn/CMakeFiles/ppc64-softmmu.dir/qemu/target/ppc/int_helper.c.o
#19 275.7 [ 46%] Building C object unicorn/CMakeFiles/s390x-softmmu.dir/qemu/target/s390x/sigp.c.o
#19 275.8 [ 46%] Building C object unicorn/CMakeFiles/arm-softmmu.dir/qemu/target/arm/op_helper.c.o
#19 275.8 [ 46%] Building C object unicorn/CMakeFiles/s390x-softmmu.dir/qemu/target/s390x/tcg-stub.c.o
#19 275.8 [ 46%] Building C object unicorn/CMakeFiles/m68k-softmmu.dir/qemu/fpu/softfloat.c.o
#19 275.8 [ 46%] Building C object unicorn/CMakeFiles/x86_64-softmmu.dir/qemu/target/i386/machine.c.o
#19 275.8 [ 46%] Building C object unicorn/CMakeFiles/x86_64-softmmu.dir/qemu/target/i386/mem_helper.c.o
#19 275.9 [ 47%] Building C object unicorn/CMakeFiles/s390x-softmmu.dir/qemu/target/s390x/translate.c.o
#19 275.9 [ 47%] Building C object unicorn/CMakeFiles/x86_64-softmmu.dir/qemu/target/i386/misc_helper.c.o
#19 275.9 [ 47%] Building C object unicorn/CMakeFiles/arm-softmmu.dir/qemu/target/arm/psci.c.o
#19 275.9 [ 47%] Building C object unicorn/CMakeFiles/m68k-softmmu.dir/qemu/tcg/optimize.c.o
#19 276.0 [ 47%] Building C object unicorn/CMakeFiles/ppc64-softmmu.dir/qemu/target/ppc/machine.c.o
#19 276.0 [ 47%] Building C object unicorn/CMakeFiles/x86_64-softmmu.dir/qemu/target/i386/mpx_helper.c.o
#19 276.0 [ 48%] Building C object unicorn/CMakeFiles/arm-softmmu.dir/qemu/target/arm/tlb_helper.c.o
#19 276.0 [ 49%] Building C object unicorn/CMakeFiles/x86_64-softmmu.dir/qemu/target/i386/seg_helper.c.o
#19 276.1 [ 49%] Building C object unicorn/CMakeFiles/ppc64-softmmu.dir/qemu/target/ppc/mem_helper.c.o
#19 276.1 [ 49%] Building C object unicorn/CMakeFiles/m68k-softmmu.dir/qemu/tcg/tcg.c.o
#19 276.1 [ 49%] Building C object unicorn/CMakeFiles/s390x-softmmu.dir/qemu/target/s390x/vec_fpu_helper.c.o
#19 276.1 [ 49%] Building C object unicorn/CMakeFiles/aarch64-softmmu.dir/qemu/target/arm/iwmmxt_helper.c.o
#19 276.1 [ 49%] Building C object unicorn/CMakeFiles/arm-softmmu.dir/qemu/target/arm/translate.c.o
#19 276.2 [ 50%] Building C object unicorn/CMakeFiles/ppc64-softmmu.dir/qemu/target/ppc/misc_helper.c.o
#19 276.2 [ 50%] Building C object unicorn/CMakeFiles/x86_64-softmmu.dir/qemu/target/i386/smm_helper.c.o
#19 276.3 [ 50%] Building C object unicorn/CMakeFiles/x86_64-softmmu.dir/qemu/target/i386/svm_helper.c.o
#19 276.3 [ 50%] Building C object unicorn/CMakeFiles/ppc64-softmmu.dir/qemu/target/ppc/mmu-book3s-v3.c.o
#19 276.3 [ 50%] Building C object unicorn/CMakeFiles/ppc64-softmmu.dir/qemu/target/ppc/mmu-hash32.c.o
#19 276.4 [ 50%] Building C object unicorn/CMakeFiles/aarch64-softmmu.dir/qemu/target/arm/m_helper.c.o
#19 276.4 [ 50%] Building C object unicorn/CMakeFiles/aarch64-softmmu.dir/qemu/target/arm/neon_helper.c.o
#19 276.4 [ 50%] Building C object unicorn/CMakeFiles/x86_64-softmmu.dir/qemu/target/i386/translate.c.o
#19 276.4 [ 51%] Building C object unicorn/CMakeFiles/aarch64-softmmu.dir/qemu/target/arm/op_helper.c.o
#19 276.5 [ 51%] Building C object unicorn/CMakeFiles/ppc64-softmmu.dir/qemu/target/ppc/mmu-hash64.c.o
#19 276.6 [ 51%] Building C object unicorn/CMakeFiles/aarch64-softmmu.dir/qemu/target/arm/pauth_helper.c.o
#19 276.6 [ 51%] Building C object unicorn/CMakeFiles/m68k-softmmu.dir/qemu/tcg/tcg-op.c.o
#19 276.6 [ 51%] Building C object unicorn/CMakeFiles/ppc64-softmmu.dir/qemu/target/ppc/mmu_helper.c.o
#19 276.7 [ 52%] Building C object unicorn/CMakeFiles/mips-softmmu.dir/qemu/exec.c.o
#19 276.7 [ 52%] Building C object unicorn/CMakeFiles/aarch64-softmmu.dir/qemu/target/arm/psci.c.o
#19 276.7 [ 52%] Building C object unicorn/CMakeFiles/mips-softmmu.dir/qemu/exec-vary.c.o
#19 276.8 [ 52%] Building C object unicorn/CMakeFiles/mips-softmmu.dir/qemu/softmmu/cpus.c.o
#19 276.8 [ 52%] Building C object unicorn/CMakeFiles/ppc64-softmmu.dir/qemu/target/ppc/mmu-radix64.c.o
#19 276.8 [ 52%] Building C object unicorn/CMakeFiles/aarch64-softmmu.dir/qemu/target/arm/sve_helper.c.o
#19 276.9 [ 52%] Building C object unicorn/CMakeFiles/aarch64-softmmu.dir/qemu/target/arm/tlb_helper.c.o
#19 276.9 [ 52%] Building C object unicorn/CMakeFiles/mips-softmmu.dir/qemu/softmmu/ioport.c.o
#19 276.9 [ 52%] Building C object unicorn/CMakeFiles/s390x-softmmu.dir/qemu/target/s390x/vec_helper.c.o
#19 276.9 [ 53%] Building C object unicorn/CMakeFiles/ppc64-softmmu.dir/qemu/target/ppc/timebase_helper.c.o
#19 276.9 [ 53%] Building C object unicorn/CMakeFiles/m68k-softmmu.dir/qemu/tcg/tcg-op-gvec.c.o
#19 277.0 [ 53%] Building C object unicorn/CMakeFiles/mips-softmmu.dir/qemu/softmmu/memory.c.o
#19 277.0 [ 53%] Building C object unicorn/CMakeFiles/mips-softmmu.dir/qemu/softmmu/memory_mapping.c.o
#19 277.0 [ 53%] Building C object unicorn/CMakeFiles/s390x-softmmu.dir/qemu/target/s390x/vec_int_helper.c.o
#19 277.0 [ 53%] Building C object unicorn/CMakeFiles/ppc64-softmmu.dir/qemu/target/ppc/translate.c.o
#19 277.1 [ 53%] Building C object unicorn/CMakeFiles/ppc64-softmmu.dir/qemu/target/ppc/unicorn.c.o
#19 277.2 [ 54%] Building C object unicorn/CMakeFiles/mips-softmmu.dir/qemu/fpu/softfloat.c.o
#19 277.2 [ 54%] Building C object unicorn/CMakeFiles/s390x-softmmu.dir/qemu/target/s390x/unicorn.c.o
#19 277.2 [ 54%] Building C object unicorn/CMakeFiles/s390x-softmmu.dir/qemu/target/s390x/vec_string_helper.c.o
#19 277.3 [ 54%] Building C object unicorn/CMakeFiles/aarch64-softmmu.dir/qemu/target/arm/translate-a64.c.o
#19 277.3 [ 55%] Building C object unicorn/CMakeFiles/m68k-softmmu.dir/qemu/tcg/tcg-op-vec.c.o
#19 277.3 [ 55%] Building C object unicorn/CMakeFiles/x86_64-softmmu.dir/qemu/target/i386/xsave_helper.c.o
#19 277.3 [ 56%] Linking C static library libs390x-softmmu.a
#19 277.4 [ 56%] Building C object unicorn/CMakeFiles/x86_64-softmmu.dir/qemu/target/i386/unicorn.c.o
#19 277.4 [ 56%] Built target s390x-softmmu
#19 277.5 [ 56%] Building C object unicorn/CMakeFiles/m68k-softmmu.dir/qemu/accel/tcg/cpu-exec.c.o
#19 277.5 [ 56%] Building C object unicorn/CMakeFiles/mipsel-softmmu.dir/qemu/exec.c.o
#19 277.5 [ 57%] Linking C static library libx86_64-softmmu.a
#19 277.6 [ 57%] Building C object unicorn/CMakeFiles/m68k-softmmu.dir/qemu/accel/tcg/cpu-exec-common.c.o
#19 277.6 [ 57%] Building C object unicorn/CMakeFiles/arm-softmmu.dir/qemu/target/arm/vec_helper.c.o
#19 277.6 [ 57%] Built target x86_64-softmmu
#19 277.6 [ 57%] Building C object unicorn/CMakeFiles/mipsel-softmmu.dir/qemu/exec-vary.c.o
#19 277.6 [ 57%] Building C object unicorn/CMakeFiles/m68k-softmmu.dir/qemu/accel/tcg/cputlb.c.o
#19 277.7 [ 57%] Building C object unicorn/CMakeFiles/mips-softmmu.dir/qemu/tcg/optimize.c.o
#19 277.7 [ 57%] Building C object unicorn/CMakeFiles/mips-softmmu.dir/qemu/tcg/tcg.c.o
#19 277.7 [ 57%] Building C object unicorn/CMakeFiles/mipsel-softmmu.dir/qemu/softmmu/cpus.c.o
#19 277.8 [ 57%] Building C object unicorn/CMakeFiles/mipsel-softmmu.dir/qemu/softmmu/ioport.c.o
#19 277.8 [ 57%] Building C object unicorn/CMakeFiles/arm-softmmu.dir/qemu/target/arm/vfp_helper.c.o
#19 277.9 [ 58%] Building C object unicorn/CMakeFiles/mipsel-softmmu.dir/qemu/softmmu/memory.c.o
#19 277.9 [ 59%] Building C object unicorn/CMakeFiles/aarch64-softmmu.dir/qemu/target/arm/translate.c.o
#19 278.0 [ 59%] Building C object unicorn/CMakeFiles/mips-softmmu.dir/qemu/tcg/tcg-op.c.o
#19 278.0 [ 59%] Building C object unicorn/CMakeFiles/arm-softmmu.dir/qemu/target/arm/unicorn_arm.c.o
#19 278.0 [ 59%] Building C object unicorn/CMakeFiles/m68k-softmmu.dir/qemu/accel/tcg/tcg-all.c.o
#19 278.1 [ 59%] Building C object unicorn/CMakeFiles/mipsel-softmmu.dir/qemu/softmmu/memory_mapping.c.o
#19 278.1 [ 59%] Building C object unicorn/CMakeFiles/m68k-softmmu.dir/qemu/accel/tcg/tcg-runtime.c.o
#19 278.1 [ 59%] Building C object unicorn/CMakeFiles/mipsel-softmmu.dir/qemu/fpu/softfloat.c.o
#19 278.1 [ 59%] Linking C static library libarm-softmmu.a
#19 278.2 [ 60%] Building C object unicorn/CMakeFiles/m68k-softmmu.dir/qemu/accel/tcg/tcg-runtime-gvec.c.o
#19 278.2 [ 60%] Built target arm-softmmu
#19 278.3 [ 60%] Building C object unicorn/CMakeFiles/mips-softmmu.dir/qemu/tcg/tcg-op-gvec.c.o
#19 278.3 [ 60%] Building C object unicorn/CMakeFiles/mips-softmmu.dir/qemu/tcg/tcg-op-vec.c.o
#19 278.3 [ 61%] Building C object unicorn/CMakeFiles/mips-softmmu.dir/qemu/accel/tcg/cpu-exec.c.o
#19 278.4 [ 61%] Building C object unicorn/CMakeFiles/m68k-softmmu.dir/qemu/accel/tcg/translate-all.c.o
#19 278.5 [ 61%] Building C object unicorn/CMakeFiles/mips-softmmu.dir/qemu/accel/tcg/cpu-exec-common.c.o
#19 278.5 [ 61%] Building C object unicorn/CMakeFiles/mips64-softmmu.dir/qemu/exec.c.o
#19 278.5 [ 61%] Building C object unicorn/CMakeFiles/mips64-softmmu.dir/qemu/exec-vary.c.o
#19 278.5 [ 61%] Building C object unicorn/CMakeFiles/m68k-softmmu.dir/qemu/accel/tcg/translator.c.o
#19 278.5 [ 61%] Building C object unicorn/CMakeFiles/m68k-softmmu.dir/qemu/softmmu/unicorn_vtlb.c.o
#19 278.6 [ 61%] Building C object unicorn/CMakeFiles/m68k-softmmu.dir/qemu/target/m68k/cpu.c.o
#19 278.6 [ 61%] Building C object unicorn/CMakeFiles/m68k-softmmu.dir/qemu/target/m68k/fpu_helper.c.o
#19 278.7 [ 61%] Building C object unicorn/CMakeFiles/mips64-softmmu.dir/qemu/softmmu/cpus.c.o
#19 278.7 [ 61%] Building C object unicorn/CMakeFiles/mips-softmmu.dir/qemu/accel/tcg/cputlb.c.o
#19 278.7 [ 61%] Building C object unicorn/CMakeFiles/mipsel-softmmu.dir/qemu/tcg/optimize.c.o
#19 278.7 [ 61%] Building C object unicorn/CMakeFiles/mipsel-softmmu.dir/qemu/tcg/tcg.c.o
#19 278.7 [ 61%] Building C object unicorn/CMakeFiles/mips64el-softmmu.dir/qemu/exec.c.o
#19 278.7 [ 62%] Building C object unicorn/CMakeFiles/m68k-softmmu.dir/qemu/target/m68k/helper.c.o
#19 278.8 [ 63%] Building C object unicorn/CMakeFiles/mips64-softmmu.dir/qemu/softmmu/ioport.c.o
#19 278.8 [ 63%] Building C object unicorn/CMakeFiles/mips64-softmmu.dir/qemu/softmmu/memory.c.o
#19 278.9 [ 63%] Building C object unicorn/CMakeFiles/m68k-softmmu.dir/qemu/target/m68k/op_helper.c.o
#19 278.9 [ 64%] Building C object unicorn/CMakeFiles/mips64el-softmmu.dir/qemu/exec-vary.c.o
#19 279.0 [ 64%] Building C object unicorn/CMakeFiles/m68k-softmmu.dir/qemu/target/m68k/softfloat.c.o
#19 279.0 [ 64%] Building C object unicorn/CMakeFiles/mips64-softmmu.dir/qemu/softmmu/memory_mapping.c.o
#19 279.0 [ 64%] Building C object unicorn/CMakeFiles/m68k-softmmu.dir/qemu/target/m68k/translate.c.o
#19 279.0 [ 64%] Building C object unicorn/CMakeFiles/mips64el-softmmu.dir/qemu/softmmu/cpus.c.o
#19 279.1 [ 64%] Building C object unicorn/CMakeFiles/mips64-softmmu.dir/qemu/fpu/softfloat.c.o
#19 279.1 [ 64%] Building C object unicorn/CMakeFiles/mips-softmmu.dir/qemu/accel/tcg/tcg-all.c.o
#19 279.1 [ 64%] Building C object unicorn/CMakeFiles/mips64el-softmmu.dir/qemu/softmmu/ioport.c.o
#19 279.1 [ 64%] Building C object unicorn/CMakeFiles/mips64el-softmmu.dir/qemu/softmmu/memory.c.o
#19 279.2 [ 64%] Building C object unicorn/CMakeFiles/mips-softmmu.dir/qemu/accel/tcg/tcg-runtime.c.o
#19 279.2 [ 64%] Building C object unicorn/CMakeFiles/mips-softmmu.dir/qemu/accel/tcg/tcg-runtime-gvec.c.o
#19 279.3 [ 64%] Building C object unicorn/CMakeFiles/mips64el-softmmu.dir/qemu/softmmu/memory_mapping.c.o
#19 279.3 [ 64%] Building C object unicorn/CMakeFiles/mipsel-softmmu.dir/qemu/tcg/tcg-op.c.o
#19 279.3 [ 65%] Building C object unicorn/CMakeFiles/mips-softmmu.dir/qemu/accel/tcg/translate-all.c.o
#19 279.4 [ 65%] Building C object unicorn/CMakeFiles/mips64-softmmu.dir/qemu/tcg/optimize.c.o
#19 279.4 [ 65%] Building C object unicorn/CMakeFiles/mips64el-softmmu.dir/qemu/fpu/softfloat.c.o
#19 279.5 [ 65%] Building C object unicorn/CMakeFiles/mips-softmmu.dir/qemu/accel/tcg/translator.c.o
#19 279.5 [ 65%] Linking C static library libppc64-softmmu.a
#19 279.5 [ 65%] Building C object unicorn/CMakeFiles/aarch64-softmmu.dir/qemu/target/arm/translate-sve.c.o
#19 279.6 [ 65%] Building C object unicorn/CMakeFiles/m68k-softmmu.dir/qemu/target/m68k/unicorn.c.o
#19 279.6 [ 65%] Built target ppc64-softmmu
#19 279.6 [ 65%] Building C object unicorn/CMakeFiles/mips-softmmu.dir/qemu/softmmu/unicorn_vtlb.c.o
#19 279.6 [ 65%] Linking C static library libm68k-softmmu.a
#19 279.6 [ 65%] Building C object unicorn/CMakeFiles/mips-softmmu.dir/qemu/target/mips/cp0_helper.c.o
#19 279.7 [ 66%] Building C object unicorn/CMakeFiles/mips64-softmmu.dir/qemu/tcg/tcg.c.o
#19 279.7 [ 66%] Building C object unicorn/CMakeFiles/mips64-softmmu.dir/qemu/tcg/tcg-op.c.o
#19 279.7 [ 66%] Building C object unicorn/CMakeFiles/mips-softmmu.dir/qemu/target/mips/cp0_timer.c.o
#19 279.7 [ 66%] Built target m68k-softmmu
#19 279.7 [ 66%] Building C object unicorn/CMakeFiles/mips-softmmu.dir/qemu/target/mips/cpu.c.o
#19 279.7 [ 67%] Building C object unicorn/CMakeFiles/mipsel-softmmu.dir/qemu/tcg/tcg-op-gvec.c.o
#19 279.8 [ 67%] Building C object unicorn/CMakeFiles/mipsel-softmmu.dir/qemu/tcg/tcg-op-vec.c.o
#19 279.8 [ 67%] Building C object unicorn/CMakeFiles/mipsel-softmmu.dir/qemu/accel/tcg/cpu-exec.c.o
#19 279.8 [ 68%] Building C object unicorn/CMakeFiles/mips-softmmu.dir/qemu/target/mips/dsp_helper.c.o
#19 279.9 [ 69%] Building C object unicorn/CMakeFiles/mips64el-softmmu.dir/qemu/tcg/optimize.c.o
#19 280.0 [ 69%] Building C object unicorn/CMakeFiles/sparc-softmmu.dir/qemu/exec.c.o
#19 280.0 [ 69%] Building C object unicorn/CMakeFiles/mipsel-softmmu.dir/qemu/accel/tcg/cpu-exec-common.c.o
#19 280.1 [ 69%] Building C object unicorn/CMakeFiles/mips-softmmu.dir/qemu/target/mips/fpu_helper.c.o
#19 280.1 [ 69%] Building C object unicorn/CMakeFiles/mips-softmmu.dir/qemu/target/mips/helper.c.o
#19 280.1 [ 69%] Building C object unicorn/CMakeFiles/mips-softmmu.dir/qemu/target/mips/lmi_helper.c.o
#19 280.2 [ 69%] Building C object unicorn/CMakeFiles/sparc-softmmu.dir/qemu/exec-vary.c.o
#19 280.2 [ 69%] Building C object unicorn/CMakeFiles/mips64el-softmmu.dir/qemu/tcg/tcg.c.o
#19 280.2 [ 69%] Building C object unicorn/CMakeFiles/mipsel-softmmu.dir/qemu/accel/tcg/cputlb.c.o
#19 280.2 [ 69%] Building C object unicorn/CMakeFiles/mips64-softmmu.dir/qemu/tcg/tcg-op-gvec.c.o
#19 280.3 [ 69%] Building C object unicorn/CMakeFiles/mipsel-softmmu.dir/qemu/accel/tcg/tcg-all.c.o
#19 280.3 [ 69%] Building C object unicorn/CMakeFiles/sparc-softmmu.dir/qemu/softmmu/cpus.c.o
#19 280.3 [ 69%] Building C object unicorn/CMakeFiles/sparc64-softmmu.dir/qemu/exec.c.o
#19 280.3 [ 69%] Building C object unicorn/CMakeFiles/sparc64-softmmu.dir/qemu/exec-vary.c.o
#19 280.4 [ 69%] Building C object unicorn/CMakeFiles/sparc-softmmu.dir/qemu/softmmu/ioport.c.o
#19 280.4 [ 69%] Building C object unicorn/CMakeFiles/mips-softmmu.dir/qemu/target/mips/msa_helper.c.o
#19 280.4 [ 69%] Building C object unicorn/CMakeFiles/mips64el-softmmu.dir/qemu/tcg/tcg-op.c.o
#19 280.4 [ 69%] Building C object unicorn/CMakeFiles/sparc-softmmu.dir/qemu/softmmu/memory.c.o
#19 280.5 [ 69%] Building C object unicorn/CMakeFiles/sparc64-softmmu.dir/qemu/softmmu/cpus.c.o
#19 280.6 [ 70%] Building C object unicorn/CMakeFiles/sparc-softmmu.dir/qemu/softmmu/memory_mapping.c.o
#19 280.6 [ 71%] Building C object unicorn/CMakeFiles/mipsel-softmmu.dir/qemu/accel/tcg/tcg-runtime.c.o
#19 280.6 [ 71%] Building C object unicorn/CMakeFiles/sparc64-softmmu.dir/qemu/softmmu/ioport.c.o
#19 280.7 [ 71%] Building C object unicorn/CMakeFiles/sparc-softmmu.dir/qemu/fpu/softfloat.c.o
#19 280.7 [ 71%] Building C object unicorn/CMakeFiles/mips64-softmmu.dir/qemu/tcg/tcg-op-vec.c.o
#19 280.7 [ 72%] Building C object unicorn/CMakeFiles/sparc64-softmmu.dir/qemu/softmmu/memory.c.o
#19 280.7 [ 72%] Building C object unicorn/CMakeFiles/mipsel-softmmu.dir/qemu/accel/tcg/tcg-runtime-gvec.c.o
#19 280.8 [ 72%] Building C object unicorn/CMakeFiles/mipsel-softmmu.dir/qemu/accel/tcg/translate-all.c.o
#19 280.9 [ 72%] Building C object unicorn/CMakeFiles/mips64el-softmmu.dir/qemu/tcg/tcg-op-gvec.c.o
#19 280.9 [ 72%] Building C object unicorn/CMakeFiles/sparc64-softmmu.dir/qemu/softmmu/memory_mapping.c.o
#19 280.9 [ 72%] Building C object unicorn/CMakeFiles/mips-softmmu.dir/qemu/target/mips/op_helper.c.o
#19 280.9 [ 72%] Building C object unicorn/CMakeFiles/mipsel-softmmu.dir/qemu/accel/tcg/translator.c.o
#19 281.0 [ 72%] Building C object unicorn/CMakeFiles/mips64-softmmu.dir/qemu/accel/tcg/cpu-exec.c.o
#19 281.0 [ 72%] Building C object unicorn/CMakeFiles/aarch64-softmmu.dir/qemu/target/arm/vec_helper.c.o
#19 281.0 [ 72%] Building C object unicorn/CMakeFiles/sparc64-softmmu.dir/qemu/fpu/softfloat.c.o
#19 281.1 [ 73%] Building C object unicorn/CMakeFiles/mips-softmmu.dir/qemu/target/mips/translate.c.o
#19 281.1 [ 73%] Building C object unicorn/CMakeFiles/mips64-softmmu.dir/qemu/accel/tcg/cpu-exec-common.c.o
#19 281.2 [ 73%] Building C object unicorn/CMakeFiles/sparc64-softmmu.dir/qemu/tcg/optimize.c.o
#19 281.2 [ 73%] Building C object unicorn/CMakeFiles/mipsel-softmmu.dir/qemu/softmmu/unicorn_vtlb.c.o
#19 281.2 [ 73%] Building C object unicorn/CMakeFiles/mips64-softmmu.dir/qemu/accel/tcg/cputlb.c.o
#19 281.2 [ 73%] Building C object unicorn/CMakeFiles/aarch64-softmmu.dir/qemu/target/arm/vfp_helper.c.o
#19 281.2 [ 73%] Building C object unicorn/CMakeFiles/sparc-softmmu.dir/qemu/tcg/optimize.c.o
#19 281.3 [ 73%] Building C object unicorn/CMakeFiles/mipsel-softmmu.dir/qemu/target/mips/cp0_helper.c.o
#19 281.3 [ 73%] Building C object unicorn/CMakeFiles/mips64el-softmmu.dir/qemu/tcg/tcg-op-vec.c.o
#19 281.4 [ 73%] Building C object unicorn/CMakeFiles/mips64el-softmmu.dir/qemu/accel/tcg/cpu-exec.c.o
#19 281.4 [ 73%] Building C object unicorn/CMakeFiles/sparc-softmmu.dir/qemu/tcg/tcg.c.o
#19 281.4 [ 73%] Building C object unicorn/CMakeFiles/aarch64-softmmu.dir/qemu/target/arm/unicorn_aarch64.c.o
#19 281.4 [ 74%] Building C object unicorn/CMakeFiles/mipsel-softmmu.dir/qemu/target/mips/cp0_timer.c.o
#19 281.5 [ 74%] Building C object unicorn/CMakeFiles/mips64-softmmu.dir/qemu/accel/tcg/tcg-all.c.o
#19 281.5 [ 74%] Building C object unicorn/CMakeFiles/mipsel-softmmu.dir/qemu/target/mips/cpu.c.o
#19 281.5 [ 74%] Linking C static library libaarch64-softmmu.a
#19 281.5 [ 74%] Building C object unicorn/CMakeFiles/sparc64-softmmu.dir/qemu/tcg/tcg.c.o
#19 281.6 [ 74%] Building C object unicorn/CMakeFiles/sparc64-softmmu.dir/qemu/tcg/tcg-op.c.o
#19 281.6 [ 75%] Building C object unicorn/CMakeFiles/mips64-softmmu.dir/qemu/accel/tcg/tcg-runtime.c.o
#19 281.6 [ 75%] Building C object unicorn/CMakeFiles/mipsel-softmmu.dir/qemu/target/mips/dsp_helper.c.o
#19 281.6 [ 75%] Built target aarch64-softmmu
#19 281.6 [ 75%] Building C object unicorn/CMakeFiles/mipsel-softmmu.dir/qemu/target/mips/fpu_helper.c.o
#19 281.7 [ 76%] Building C object unicorn/CMakeFiles/mips64el-softmmu.dir/qemu/accel/tcg/cpu-exec-common.c.o
#19 281.7 [ 76%] Building C object unicorn/CMakeFiles/mips64-softmmu.dir/qemu/accel/tcg/tcg-runtime-gvec.c.o
#19 281.7 [ 76%] Building C object unicorn/CMakeFiles/mips64el-softmmu.dir/qemu/accel/tcg/cputlb.c.o
#19 281.8 [ 76%] Building C object unicorn/CMakeFiles/sparc-softmmu.dir/qemu/tcg/tcg-op.c.o
#19 281.8 [ 76%] Building C object unicorn/CMakeFiles/sparc-softmmu.dir/qemu/tcg/tcg-op-gvec.c.o
#19 281.9 [ 76%] Building C object unicorn/CMakeFiles/mips64-softmmu.dir/qemu/accel/tcg/translate-all.c.o
#19 281.9 [ 77%] Building C object unicorn/CMakeFiles/sparc64-softmmu.dir/qemu/tcg/tcg-op-gvec.c.o
#19 282.0 [ 77%] Building C object unicorn/CMakeFiles/mips-softmmu.dir/qemu/target/mips/unicorn.c.o
#19 282.0 [ 77%] Building C object unicorn/CMakeFiles/mipsel-softmmu.dir/qemu/target/mips/helper.c.o
#19 282.0 [ 77%] Building C object unicorn/CMakeFiles/mips64-softmmu.dir/qemu/accel/tcg/translator.c.o
#19 282.1 [ 77%] Building C object unicorn/CMakeFiles/mips64-softmmu.dir/qemu/softmmu/unicorn_vtlb.c.o
#19 282.1 [ 77%] Building C object unicorn/CMakeFiles/mipsel-softmmu.dir/qemu/target/mips/lmi_helper.c.o
#19 282.1 [ 78%] Building C object unicorn/CMakeFiles/mips64el-softmmu.dir/qemu/accel/tcg/tcg-all.c.o
#19 282.1 [ 78%] Building C object unicorn/CMakeFiles/mipsel-softmmu.dir/qemu/target/mips/msa_helper.c.o
#19 282.2 [ 78%] Building C object unicorn/CMakeFiles/sparc64-softmmu.dir/qemu/tcg/tcg-op-vec.c.o
#19 282.2 [ 79%] Building C object unicorn/CMakeFiles/sparc-softmmu.dir/qemu/tcg/tcg-op-vec.c.o
#19 282.2 [ 79%] Building C object unicorn/CMakeFiles/mips64el-softmmu.dir/qemu/accel/tcg/tcg-runtime.c.o
#19 282.3 [ 79%] Building C object unicorn/CMakeFiles/sparc64-softmmu.dir/qemu/accel/tcg/cpu-exec.c.o
#19 282.3 [ 79%] Building C object unicorn/CMakeFiles/sparc64-softmmu.dir/qemu/accel/tcg/cpu-exec-common.c.o
#19 282.3 [ 79%] Building C object unicorn/CMakeFiles/mips64-softmmu.dir/qemu/target/mips/cp0_helper.c.o
#19 282.3 [ 79%] Building C object unicorn/CMakeFiles/sparc-softmmu.dir/qemu/accel/tcg/cpu-exec.c.o
#19 282.3 [ 79%] Building C object unicorn/CMakeFiles/mips64el-softmmu.dir/qemu/accel/tcg/tcg-runtime-gvec.c.o
#19 282.4 [ 79%] Building C object unicorn/CMakeFiles/mips64el-softmmu.dir/qemu/accel/tcg/translate-all.c.o
#19 282.4 [ 79%] Building C object unicorn/CMakeFiles/ppc-softmmu.dir/qemu/exec.c.o
#19 282.4 [ 79%] Building C object unicorn/CMakeFiles/sparc64-softmmu.dir/qemu/accel/tcg/cputlb.c.o
#19 282.4 [ 79%] Building C object unicorn/CMakeFiles/sparc-softmmu.dir/qemu/accel/tcg/cpu-exec-common.c.o
#19 282.5 [ 80%] Building C object unicorn/CMakeFiles/mips64-softmmu.dir/qemu/target/mips/cp0_timer.c.o
#19 282.5 [ 80%] Building C object unicorn/CMakeFiles/mips64-softmmu.dir/qemu/target/mips/cpu.c.o
#19 282.5 [ 80%] Building C object unicorn/CMakeFiles/sparc-softmmu.dir/qemu/accel/tcg/cputlb.c.o
#19 282.5 [ 81%] Building C object unicorn/CMakeFiles/mips64el-softmmu.dir/qemu/accel/tcg/translator.c.o
#19 282.6 [ 81%] Building C object unicorn/CMakeFiles/mips64el-softmmu.dir/qemu/softmmu/unicorn_vtlb.c.o
#19 282.6 [ 81%] Building C object unicorn/CMakeFiles/mips64-softmmu.dir/qemu/target/mips/dsp_helper.c.o
#19 282.6 [ 82%] Building C object unicorn/CMakeFiles/ppc-softmmu.dir/qemu/exec-vary.c.o
#19 282.6 [ 82%] Building C object unicorn/CMakeFiles/mips64-softmmu.dir/qemu/target/mips/fpu_helper.c.o
#19 282.7 [ 82%] Building C object unicorn/CMakeFiles/ppc-softmmu.dir/qemu/softmmu/cpus.c.o
#19 282.7 [ 82%] Linking C static library libmips-softmmu.a
#19 282.8 [ 82%] Building C object unicorn/CMakeFiles/sparc64-softmmu.dir/qemu/accel/tcg/tcg-all.c.o
#19 282.8 [ 82%] Building C object unicorn/CMakeFiles/ppc-softmmu.dir/qemu/softmmu/ioport.c.o
#19 282.8 [ 82%] Building C object unicorn/CMakeFiles/mips64el-softmmu.dir/qemu/target/mips/cp0_helper.c.o
#19 282.8 [ 82%] Built target mips-softmmu
#19 282.8 [ 82%] Building C object unicorn/CMakeFiles/ppc-softmmu.dir/qemu/softmmu/memory.c.o
#19 282.8 [ 83%] Building C object unicorn/CMakeFiles/sparc64-softmmu.dir/qemu/accel/tcg/tcg-runtime.c.o
#19 282.8 [ 83%] Building C object unicorn/CMakeFiles/sparc64-softmmu.dir/qemu/accel/tcg/tcg-runtime-gvec.c.o
#19 282.9 [ 83%] Building C object unicorn/CMakeFiles/sparc64-softmmu.dir/qemu/accel/tcg/translate-all.c.o
#19 282.9 [ 83%] Building C object unicorn/CMakeFiles/sparc-softmmu.dir/qemu/accel/tcg/tcg-all.c.o
#19 282.9 [ 83%] Building C object unicorn/CMakeFiles/mipsel-softmmu.dir/qemu/target/mips/op_helper.c.o
#19 282.9 [ 83%] Building C object unicorn/CMakeFiles/mips64el-softmmu.dir/qemu/target/mips/cp0_timer.c.o
#19 283.0 [ 83%] Building C object unicorn/CMakeFiles/ppc-softmmu.dir/qemu/softmmu/memory_mapping.c.o
#19 283.0 [ 83%] Building C object unicorn/CMakeFiles/mips64-softmmu.dir/qemu/target/mips/helper.c.o
#19 283.0 [ 83%] Building C object unicorn/CMakeFiles/sparc-softmmu.dir/qemu/accel/tcg/tcg-runtime.c.o
#19 283.0 [ 83%] Building C object unicorn/CMakeFiles/mipsel-softmmu.dir/qemu/target/mips/translate.c.o
#19 283.0 [ 83%] Building C object unicorn/CMakeFiles/mips64el-softmmu.dir/qemu/target/mips/cpu.c.o
#19 283.0 [ 83%] Building C object unicorn/CMakeFiles/mips64el-softmmu.dir/qemu/target/mips/dsp_helper.c.o
#19 283.0 [ 83%] Building C object unicorn/CMakeFiles/ppc-softmmu.dir/qemu/fpu/softfloat.c.o
#19 283.1 [ 83%] Building C object unicorn/CMakeFiles/sparc64-softmmu.dir/qemu/accel/tcg/translator.c.o
#19 283.1 [ 84%] Building C object unicorn/CMakeFiles/sparc-softmmu.dir/qemu/accel/tcg/tcg-runtime-gvec.c.o
#19 283.1 [ 84%] Building C object unicorn/CMakeFiles/mips64-softmmu.dir/qemu/target/mips/lmi_helper.c.o
#19 283.1 [ 85%] Building C object unicorn/CMakeFiles/mips64-softmmu.dir/qemu/target/mips/msa_helper.c.o
#19 283.1 [ 86%] Building C object unicorn/CMakeFiles/mips64el-softmmu.dir/qemu/target/mips/fpu_helper.c.o
#19 283.2 [ 86%] Building C object unicorn/CMakeFiles/sparc64-softmmu.dir/qemu/softmmu/unicorn_vtlb.c.o
#19 283.2 [ 86%] Building C object unicorn/CMakeFiles/mips64-softmmu.dir/qemu/target/mips/op_helper.c.o
#19 283.3 [ 86%] Building C object unicorn/CMakeFiles/sparc-softmmu.dir/qemu/accel/tcg/translate-all.c.o
#19 283.3 [ 86%] Building C object unicorn/CMakeFiles/sparc64-softmmu.dir/qemu/target/sparc/cc_helper.c.o
#19 283.4 [ 87%] Building C object unicorn/CMakeFiles/sparc64-softmmu.dir/qemu/target/sparc/cpu.c.o
#19 283.4 [ 87%] Building C object unicorn/CMakeFiles/sparc64-softmmu.dir/qemu/target/sparc/fop_helper.c.o
#19 283.4 [ 87%] Building C object unicorn/CMakeFiles/sparc64-softmmu.dir/qemu/target/sparc/helper.c.o
#19 283.4 [ 87%] Building C object unicorn/CMakeFiles/sparc-softmmu.dir/qemu/accel/tcg/translator.c.o
#19 283.4 [ 87%] Building C object unicorn/CMakeFiles/mips64-softmmu.dir/qemu/target/mips/translate.c.o
#19 283.4 [ 87%] Building C object unicorn/CMakeFiles/mips64el-softmmu.dir/qemu/target/mips/helper.c.o
#19 283.5 [ 87%] Building C object unicorn/CMakeFiles/sparc64-softmmu.dir/qemu/target/sparc/int64_helper.c.o
#19 283.5 [ 87%] Building C object unicorn/CMakeFiles/sparc64-softmmu.dir/qemu/target/sparc/ldst_helper.c.o
#19 283.6 [ 88%] Building C object unicorn/CMakeFiles/ppc-softmmu.dir/qemu/tcg/optimize.c.o
#19 283.6 [ 88%] Building C object unicorn/CMakeFiles/sparc-softmmu.dir/qemu/softmmu/unicorn_vtlb.c.o
#19 283.6 [ 88%] Building C object unicorn/CMakeFiles/sparc-softmmu.dir/qemu/target/sparc/cc_helper.c.o
#19 283.6 [ 88%] Building C object unicorn/CMakeFiles/mips64el-softmmu.dir/qemu/target/mips/lmi_helper.c.o
#19 283.6 [ 88%] Building C object unicorn/CMakeFiles/sparc64-softmmu.dir/qemu/target/sparc/mmu_helper.c.o
#19 283.7 [ 88%] Building C object unicorn/CMakeFiles/mips64el-softmmu.dir/qemu/target/mips/msa_helper.c.o
#19 283.7 [ 88%] Building C object unicorn/CMakeFiles/sparc-softmmu.dir/qemu/target/sparc/cpu.c.o
#19 283.7 [ 89%] Building C object unicorn/CMakeFiles/sparc64-softmmu.dir/qemu/target/sparc/translate.c.o
#19 283.7 [ 89%] Building C object unicorn/CMakeFiles/sparc64-softmmu.dir/qemu/target/sparc/vis_helper.c.o
#19 283.8 [ 89%] Building C object unicorn/CMakeFiles/sparc-softmmu.dir/qemu/target/sparc/fop_helper.c.o
#19 283.8 [ 89%] Building C object unicorn/CMakeFiles/ppc-softmmu.dir/qemu/tcg/tcg.c.o
#19 283.8 [ 89%] Building C object unicorn/CMakeFiles/mips64el-softmmu.dir/qemu/target/mips/op_helper.c.o
#19 283.9 [ 89%] Building C object unicorn/CMakeFiles/ppc-softmmu.dir/qemu/tcg/tcg-op.c.o
#19 283.9 [ 90%] Building C object unicorn/CMakeFiles/sparc-softmmu.dir/qemu/target/sparc/helper.c.o
#19 284.0 [ 90%] Building C object unicorn/CMakeFiles/sparc-softmmu.dir/qemu/target/sparc/int32_helper.c.o
#19 284.0 [ 90%] Building C object unicorn/CMakeFiles/mips64el-softmmu.dir/qemu/target/mips/translate.c.o
#19 284.0 [ 90%] Building C object unicorn/CMakeFiles/sparc-softmmu.dir/qemu/target/sparc/ldst_helper.c.o
#19 284.1 [ 90%] Building C object unicorn/CMakeFiles/sparc64-softmmu.dir/qemu/target/sparc/win_helper.c.o
#19 284.1 [ 90%] Building C object unicorn/CMakeFiles/sparc-softmmu.dir/qemu/target/sparc/mmu_helper.c.o
#19 284.2 [ 90%] Building C object unicorn/CMakeFiles/sparc-softmmu.dir/qemu/target/sparc/translate.c.o
#19 284.2 [ 90%] Building C object unicorn/CMakeFiles/sparc64-softmmu.dir/qemu/target/sparc/unicorn64.c.o
#19 284.3 [ 90%] Building C object unicorn/CMakeFiles/ppc-softmmu.dir/qemu/tcg/tcg-op-gvec.c.o
#19 284.3 [ 90%] Building C object unicorn/CMakeFiles/ppc-softmmu.dir/qemu/tcg/tcg-op-vec.c.o
#19 284.3 [ 90%] Linking C static library libsparc64-softmmu.a
#19 284.4 [ 90%] Built target sparc64-softmmu
#19 284.4 [ 90%] Building C object unicorn/CMakeFiles/ppc-softmmu.dir/qemu/accel/tcg/cpu-exec.c.o
#19 284.4 [ 91%] Building C object unicorn/CMakeFiles/mips64el-softmmu.dir/qemu/target/mips/unicorn.c.o
#19 284.5 [ 92%] Building C object unicorn/CMakeFiles/ppc-softmmu.dir/qemu/accel/tcg/cpu-exec-common.c.o
#19 284.5 [ 92%] Building C object unicorn/CMakeFiles/sparc-softmmu.dir/qemu/target/sparc/win_helper.c.o
#19 284.6 [ 93%] Building C object unicorn/CMakeFiles/sparc-softmmu.dir/qemu/target/sparc/unicorn.c.o
#19 284.6 [ 93%] Building C object unicorn/CMakeFiles/ppc-softmmu.dir/qemu/accel/tcg/cputlb.c.o
#19 284.6 [ 93%] Building C object unicorn/CMakeFiles/mips64-softmmu.dir/qemu/target/mips/unicorn.c.o
#19 284.6 [ 93%] Building C object unicorn/CMakeFiles/ppc-softmmu.dir/qemu/accel/tcg/tcg-all.c.o
#19 284.6 [ 93%] Linking C static library libsparc-softmmu.a
#19 284.7 [ 93%] Building C object unicorn/CMakeFiles/mipsel-softmmu.dir/qemu/target/mips/unicorn.c.o
#19 284.7 [ 93%] Building C object unicorn/CMakeFiles/ppc-softmmu.dir/qemu/accel/tcg/tcg-runtime.c.o
#19 284.7 [ 93%] Building C object unicorn/CMakeFiles/ppc-softmmu.dir/qemu/accel/tcg/tcg-runtime-gvec.c.o
#19 284.7 [ 93%] Built target sparc-softmmu
#19 284.7 [ 93%] Building C object unicorn/CMakeFiles/ppc-softmmu.dir/qemu/accel/tcg/translate-all.c.o
#19 284.7 [ 94%] Building C object unicorn/CMakeFiles/ppc-softmmu.dir/qemu/accel/tcg/translator.c.o
#19 284.8 [ 94%] Linking C static library libmipsel-softmmu.a
#19 284.8 [ 94%] Building C object unicorn/CMakeFiles/ppc-softmmu.dir/qemu/softmmu/unicorn_vtlb.c.o
#19 284.8 [ 94%] Built target mipsel-softmmu
#19 284.9 [ 94%] Building C object unicorn/CMakeFiles/ppc-softmmu.dir/qemu/hw/ppc/ppc.c.o
#19 284.9 [ 94%] Building C object unicorn/CMakeFiles/ppc-softmmu.dir/qemu/hw/ppc/ppc_booke.c.o
#19 284.9 [ 94%] Building C object unicorn/CMakeFiles/ppc-softmmu.dir/qemu/libdecnumber/decContext.c.o
#19 284.9 [ 94%] Building C object unicorn/CMakeFiles/ppc-softmmu.dir/qemu/libdecnumber/decNumber.c.o
#19 285.0 [ 95%] Building C object unicorn/CMakeFiles/ppc-softmmu.dir/qemu/libdecnumber/dpd/decimal128.c.o
#19 285.0 [ 95%] Building C object unicorn/CMakeFiles/ppc-softmmu.dir/qemu/libdecnumber/dpd/decimal32.c.o
#19 285.0 [ 95%] Building C object unicorn/CMakeFiles/ppc-softmmu.dir/qemu/libdecnumber/dpd/decimal64.c.o
#19 285.0 [ 95%] Building C object unicorn/CMakeFiles/ppc-softmmu.dir/qemu/target/ppc/cpu-models.c.o
#19 285.0 [ 95%] Building C object unicorn/CMakeFiles/ppc-softmmu.dir/qemu/target/ppc/cpu.c.o
#19 285.0 [ 95%] Building C object unicorn/CMakeFiles/ppc-softmmu.dir/qemu/target/ppc/dfp_helper.c.o
#19 285.0 [ 96%] Building C object unicorn/CMakeFiles/ppc-softmmu.dir/qemu/target/ppc/excp_helper.c.o
#19 285.1 [ 96%] Building C object unicorn/CMakeFiles/ppc-softmmu.dir/qemu/target/ppc/fpu_helper.c.o
#19 285.1 [ 96%] Building C object unicorn/CMakeFiles/ppc-softmmu.dir/qemu/target/ppc/int_helper.c.o
#19 285.1 [ 96%] Building C object unicorn/CMakeFiles/ppc-softmmu.dir/qemu/target/ppc/machine.c.o
#19 285.1 [ 96%] Building C object unicorn/CMakeFiles/ppc-softmmu.dir/qemu/target/ppc/mem_helper.c.o
#19 285.2 [ 96%] Building C object unicorn/CMakeFiles/ppc-softmmu.dir/qemu/target/ppc/misc_helper.c.o
#19 285.2 [ 97%] Building C object unicorn/CMakeFiles/ppc-softmmu.dir/qemu/target/ppc/mmu-hash32.c.o
#19 285.2 [ 97%] Building C object unicorn/CMakeFiles/ppc-softmmu.dir/qemu/target/ppc/mmu_helper.c.o
#19 285.3 [ 97%] Linking C static library libmips64-softmmu.a
#19 285.3 [ 97%] Building C object unicorn/CMakeFiles/ppc-softmmu.dir/qemu/target/ppc/timebase_helper.c.o
#19 285.3 [ 97%] Building C object unicorn/CMakeFiles/ppc-softmmu.dir/qemu/target/ppc/translate.c.o
#19 285.3 [ 97%] Building C object unicorn/CMakeFiles/ppc-softmmu.dir/qemu/target/ppc/unicorn.c.o
#19 285.4 [ 97%] Built target mips64-softmmu
#19 285.7 [ 97%] Linking C static library libmips64el-softmmu.a
#19 285.8 [ 97%] Built target mips64el-softmmu
#19 287.0 [ 97%] Linking C static library libppc-softmmu.a
#19 287.1 [ 97%] Built target ppc-softmmu
#19 287.1 [ 97%] Building C object unicorn/CMakeFiles/unicorn.dir/qemu/softmmu/vl.c.o
#19 287.1 [ 97%] Building C object unicorn/CMakeFiles/unicorn.dir/uc.c.o
#19 287.1 [ 97%] Building C object unicorn/CMakeFiles/unicorn.dir/qemu/hw/core/cpu.c.o
#19 287.2 [ 98%] Linking C static library libunicorn-static.a
#19 287.2 [ 98%] Built target unicorn
#19 287.3 [100%] Bundling unicorn_archive
#19 287.3 [100%] Building CXX object CMakeFiles/unicornafl.dir/unicornafl.cpp.o
#19 287.4 [100%] Built target bundling_target
#19 287.5 [100%] Linking CXX static library libunicornafl.a
#19 287.5 [100%] Built target unicornafl
#19 287.5 make[2]: Leaving directory '/opt/AFLplusplus/unicorn_mode/unicornafl/build'
#19 287.5 make[1]: Leaving directory '/opt/AFLplusplus/unicorn_mode/unicornafl'
#19 287.5 [+] Build process successful!
#19 287.5 [*] Installing Unicorn python bindings...
#19 287.5 [*] Info: Installing python unicornafl using --user
#19 288.7 Processing /opt/AFLplusplus/unicorn_mode/unicornafl/unicorn/bindings/python
#19 288.7   Preparing metadata (setup.py): started
#19 289.3   Preparing metadata (setup.py): finished with status 'done'
#19 289.3 Building wheels for collected packages: unicorn
#19 289.3   Building wheel for unicorn (setup.py): started
#19 350.7   Building wheel for unicorn (setup.py): still running...
#19 354.4   Building wheel for unicorn (setup.py): finished with status 'done'
#19 354.4   Created wheel for unicorn: filename=unicorn-2.0.2-py2.py3-none-manylinux1_x86_64.whl size=16400631 sha256=061f426c82f56aebfb592f50f3d2e64d59c544812653ed2b7b9e2961fe2b8b6c
#19 354.4   Stored in directory: /tmp/pip-ephem-wheel-cache-vebjl6jh/wheels/0e/82/3b/3267beaa0519f608120d5c88cbd90612fbdb82beca62ea250b
#19 354.4 Successfully built unicorn
#19 354.4 Installing collected packages: unicorn
#19 354.6 Successfully installed unicorn-2.0.2
#19 354.6 WARNING: Running pip as the 'root' user can result in broken permissions and conflicting behaviour with the system package manager. It is recommended to use a virtual environment instead: https://pip.pypa.io/warnings/venv
#19 354.8 
#19 354.8 [notice] A new release of pip is available: 24.0 -> 25.3
#19 354.8 [notice] To update, run: pip install --upgrade pip
#19 354.9 [*] Installing Unicornafl python bindings...
#19 354.9 [*] Info: Installing python unicornafl using --user
#19 355.8 Processing /opt/AFLplusplus/unicorn_mode/unicornafl/bindings/python
#19 355.8   Preparing metadata (setup.py): started
#19 356.3   Preparing metadata (setup.py): finished with status 'done'
#19 356.5 Collecting unicorn>=2.0.1 (from unicornafl==2.1.0)
#19 356.5   Downloading unicorn-2.1.4-cp37-abi3-manylinux_2_17_x86_64.manylinux2014_x86_64.whl.metadata (4.2 kB)
#19 356.6 Downloading unicorn-2.1.4-cp37-abi3-manylinux_2_17_x86_64.manylinux2014_x86_64.whl (16.4 MB)
#19 358.5    ÔöüÔöüÔöüÔöüÔöüÔöüÔöüÔöüÔöüÔöüÔöüÔöüÔöüÔöüÔöüÔöüÔöüÔöüÔöüÔöüÔöüÔöüÔöüÔöüÔöüÔöüÔöüÔöüÔöüÔöüÔöüÔöüÔöüÔöüÔöüÔöüÔöüÔöüÔöüÔöü 16.4/16.4 MB 8.6 MB/s eta 0:00:00
#19 358.5 Building wheels for collected packages: unicornafl
#19 358.5   Building wheel for unicornafl (setup.py): started
#19 419.7   Building wheel for unicornafl (setup.py): still running...
#19 421.0   Building wheel for unicornafl (setup.py): finished with status 'done'
#19 421.0   Created wheel for unicornafl: filename=unicornafl-2.1.0-py3-none-manylinux1_x86_64.whl size=14626 sha256=8a3a5b0e5c8e6c25432a263a60283785e217c0ae69a832c628a3e31f0423ab67
#19 421.0   Stored in directory: /tmp/pip-ephem-wheel-cache-b7fo54u_/wheels/a7/52/92/5eb7de778dd5d06a7656a2e9f0d9b3ac54c81d671c77503c9e
#19 421.0 Successfully built unicornafl
#19 421.0 Installing collected packages: unicorn, unicornafl
#19 421.0   Attempting uninstall: unicorn
#19 421.0     Found existing installation: unicorn 2.0.2
#19 421.0     Uninstalling unicorn-2.0.2:
#19 421.0       Successfully uninstalled unicorn-2.0.2
#19 421.3 Successfully installed unicorn-2.1.4 unicornafl-2.1.0
#19 421.3 WARNING: Running pip as the 'root' user can result in broken permissions and conflicting behaviour with the system package manager. It is recommended to use a virtual environment instead: https://pip.pypa.io/warnings/venv
#19 421.4 
#19 421.4 [notice] A new release of pip is available: 24.0 -> 25.3
#19 421.4 [notice] To update, run: pip install --upgrade pip
#19 421.4 [*] If needed, you can (re)install the bindings in `./unicornafl/bindings/python` using `pip install --force .`
#19 421.4 [*] Unicornafl bindings installed successfully.
#19 421.4 [*] Testing unicornafl python functionality by running a sample test harness
#19 423.9 Showmap
#19 423.9 [-] Error: Unicorn mode doesn't seem to work!
#19 423.9 make: [GNUmakefile:655: distrib] Error 1 (ignored)
#19 423.9 [*] Compiling AFL++ for OS Linux on ARCH x86_64
#19 424.2 [*] Checking for the default compiler cc...
#19 424.2 [*] Testing the PATH environment variable...
#19 424.2 [*] Checking for the ability to compile x86 code...
#19 424.3 [+] shmat seems to be working.
#19 424.3 [+] Python 3.11.14 support seems to be working.
#19 424.3 [+] Everything seems to be working, ready to compile. (cc (Debian 14.2.0-19) 14.2.0)
#19 424.3 make -j -f GNUmakefile.llvm
#19 424.3 make[1]: Entering directory '/opt/AFLplusplus'
#19 424.3 GNUmakefile.llvm:70: you are using an in-development llvm version - this might break llvm_mode!
#19 424.3 [+] llvm_mode detected llvm 10+, enabling neverZero implementation and c++14
#19 424.3 [+] llvm_mode detected llvm 16+, enabling c++17
#19 424.3 [+] llvm_mode detected llvm 12+, enabling afl-lto LTO implementation
#19 424.7 [+] shmat seems to be working.
#19 424.7 [*] Checking for working 'llvm-config'...
#19 424.7 [*] Checking for working '/usr/lib/llvm-19/bin/clang'...
#19 424.7 [*] Checking for matching versions of '/usr/lib/llvm-19/bin/clang' and 'llvm-config'
#19 424.7 [*] Building 32-bit variant of the runtime (-m32)... /usr/lib/llvm-19/bin/clang++ -O3 -funroll-loops -fPIC -Wall -g -Wno-cast-qual -Wno-variadic-macros -Wno-pointer-sign -I ./include/ -I ./instrumentation/ -DAFL_PATH=\"/usr/local/lib/afl\" -DBIN_PATH=\"/usr/local/bin\" -DLLVM_BINDIR=\"/usr/lib/llvm-19/bin\" -DVERSION=\"++4.10c\" -DLLVM_LIBDIR=\"/usr/lib/llvm-19/lib\" -DLLVM_VERSION=\"19.1.7\" -DAFL_CLANG_FLTO=\"-flto=full\" -DAFL_REAL_LD=\"/usr/lib/llvm-19/bin/ld.lld\" -DAFL_CLANG_LDPATH=\"1\" -DAFL_CLANG_FUSELD=\"1\" -DCLANG_BIN=\"/usr/lib/llvm-19/bin/clang\" -DCLANGPP_BIN=\"/usr/lib/llvm-19/bin/clang++\" -DUSE_BINDIR=1 -Wno-unused-function -fdebug-prefix-map="/opt/AFLplusplus=llvm_mode" -Wno-deprecated  `llvm-config --cxxflags` -fno-rtti -fPIC -std=c++17 -c instrumentation/afl-llvm-common.cc -o instrumentation/afl-llvm-common.o 
#19 424.7 [*] We have llvm-config version 19.1.7 with a clang version 19.1.7, good.
#19 424.7 [*] Checking for './afl-showmap'...
#19 424.7 [+] All set and ready to build.
#19 424.8 failed (that's fine)
#19 426.3 instrumentation/afl-llvm-common.cc:94:22: error: no member named 'startswith' in 'llvm::StringRef'; did you mean 'starts_with'?
#19 426.3    94 |     if (F->getName().startswith(ignoreListFunc)) { return true; }
#19 426.3       |                      ^~~~~~~~~~
#19 426.3       |                      starts_with
#19 426.3 /usr/lib/llvm-19/include/llvm/ADT/StringRef.h:250:24: note: 'starts_with' declared here
#19 426.3   250 |     [[nodiscard]] bool starts_with(StringRef Prefix) const {
#19 426.3       |                        ^
#19 426.5 1 error generated.
#19 426.5 make[1]: Leaving directory '/opt/AFLplusplus'
#19 426.5 make[1]: *** [GNUmakefile.llvm:420: instrumentation/afl-llvm-common.o] Error 1
#19 426.5 make: [GNUmakefile:338: llvm] Error 2 (ignored)
#19 426.5 make -f GNUmakefile.gcc_plugin
#19 426.5 make[1]: Entering directory '/opt/AFLplusplus'
#19 426.6 [+] shmat seems to be working.
#19 426.6 [*] Checking for working 'cc'...
#19 426.6 [*] Checking for gcc plugin development header files...
#19 426.6 [-] Oops, can't find gcc header files. Be sure to install 'gcc-X-plugin-dev'.
#19 426.6 make[1]: Leaving directory '/opt/AFLplusplus'
#19 426.6 make[1]: *** [GNUmakefile.gcc_plugin:127: test_deps] Error 1
#19 426.6 make: [GNUmakefile:344: gcc_plugin] Error 2 (ignored)
#19 426.6 [*] Testing the CC wrapper afl-cc and its instrumentation output...
#19 428.6 ASAN_OPTIONS=detect_leaks=0 ./afl-showmap -q -m none -o .test-instr0 ./test-instr < /dev/null
#19 430.6 [1;93m[!] [1;97mWARNING: [0mMistyped AFL environment variable: AFL_VERSION=4.10c[0m
#19 430.6 Did you mean AFL_AS?
#19 430.6 Did you mean AFL_CC?
#19 430.6 echo 1 | ASAN_OPTIONS=detect_leaks=0 ./afl-showmap -m none -q -o .test-instr1 ./test-instr
#19 432.6 [1;93m[!] [1;97mWARNING: [0mMistyped AFL environment variable: AFL_VERSION=4.10c[0m
#19 432.6 Did you mean AFL_AS?
#19 432.6 Did you mean AFL_CC?
#19 432.7 
#19 432.7 [+] All right, the instrumentation of afl-cc seems to be working!
#19 432.7 [+] Main compiler 'afl-cc' successfully built!
#19 432.7 [-] LLVM mode for 'afl-cc'  failed to build, likely you either don't have llvm installed, or you need to set LLVM_CONFIG, to point to e.g. llvm-config-11. See instrumentation/README.llvm.md how to do this. Highly recommended!
#19 432.7 [-] LLVM LTO mode for 'afl-cc'  failed to build, this would need LLVM 11+, see instrumentation/README.lto.md how to build it
#19 432.7 [-] gcc_plugin for 'afl-cc'  failed to build, unless you really need it that is fine - or read instrumentation/README.gcc_plugin.md how to build it
#19 432.7 [+] All done! Be sure to review the README.md - it's pretty short and useful.
#19 432.7 make -C utils/aflpp_driver
#19 432.7 make[1]: Entering directory '/opt/AFLplusplus/utils/aflpp_driver'
#19 432.7 make[1]: Leaving directory '/opt/AFLplusplus/utils/aflpp_driver'
#19 432.7 
#19 432.7 
#19 432.7 Build Summary:
#19 432.7 [+] afl-fuzz and supporting tools successfully built
#19 432.7 [-] LLVM mode could not be built, please install at least llvm-11 and clang-11 or newer, see docs/INSTALL.md
#19 432.7 [-] LLVM mode could not be built, please install at least llvm-13 and clang-13 or newer, see docs/INSTALL.md
#19 432.7 [-] LLVM LTO mode could not be built, it is optional, if you want it, please install LLVM and LLD 11+. More information at instrumentation/README.lto.md on how to build it
#19 432.7 [-] gcc_mode could not be built, it is optional, install gcc-VERSION-plugin-dev to enable this
#19 432.7 
#19 437.0 rm -fv /usr/local/lib/afl/afl-llvm-dict2file.so
#19 437.0 rm -fv /usr/local/lib/afl/afl-llvm-lto-instrumentlist.so
#19 437.0 rm -fv /usr/local/lib/afl/afl-llvm-pass.so
#19 437.0 rm -fv /usr/local/lib/afl/cmplog-instructions-pass.so
#19 437.0 rm -fv /usr/local/lib/afl/cmplog-routines-pass.so
#19 437.0 rm -fv /usr/local/lib/afl/cmplog-switches-pass.so
#19 437.0 rm -fv /usr/local/lib/afl/compare-transform-pass.so
#19 437.0 rm -fv /usr/local/lib/afl/libcompcov.so
#19 437.0 rm -fv /usr/local/lib/afl/libdislocator.so
#19 437.0 rm -fv /usr/local/lib/afl/libnyx.so
#19 437.0 rm -fv /usr/local/lib/afl/libqasan.so
#19 437.0 rm -fv /usr/local/lib/afl/libtokencap.so
#19 437.0 rm -fv /usr/local/lib/afl/SanitizerCoverageLTO.so
#19 437.0 rm -fv /usr/local/lib/afl/SanitizerCoveragePCGUARD.so
#19 437.0 rm -fv /usr/local/lib/afl/split-compares-pass.so
#19 437.0 rm -fv /usr/local/lib/afl/split-switches-pass.so
#19 437.0 rm -fv /usr/local/lib/afl/injection-pass.so
#19 437.0 install -m 755 afl-fuzz afl-showmap afl-tmin afl-gotcpu afl-analyze afl-plot afl-cmin afl-cmin.bash afl-whatsup afl-addseeds afl-system-config afl-persistent-config afl-cc ${DESTDIR}/usr/local/bin
#19 437.1 make[1]: Entering directory '/opt/AFLplusplus/utils/afl_network_proxy'
#19 437.1 install -d -m 755 ${DESTDIR}/usr/local/bin ${DESTDIR}/usr/local/share/doc/afl
#19 437.1 install -m 755 afl-network-client afl-network-server ${DESTDIR}/usr/local/bin
#19 437.1 install -T -m 644 README.md ${DESTDIR}/usr/local/share/doc/afl/README.network_proxy.md
#19 437.1 make[1]: Leaving directory '/opt/AFLplusplus/utils/afl_network_proxy'
#19 437.1 make -f GNUmakefile.llvm install
#19 437.1 make[1]: Entering directory '/opt/AFLplusplus'
#19 437.1 GNUmakefile.llvm:70: you are using an in-development llvm version - this might break llvm_mode!
#19 437.1 [+] llvm_mode detected llvm 10+, enabling neverZero implementation and c++14
#19 437.1 [+] llvm_mode detected llvm 16+, enabling c++17
#19 437.1 [+] llvm_mode detected llvm 12+, enabling afl-lto LTO implementation
#19 437.5 [+] shmat seems to be working.
#19 437.5 [*] Checking for working 'llvm-config'...
#19 437.6 [*] Checking for working '/usr/lib/llvm-19/bin/clang'...
#19 437.6 [*] Checking for matching versions of '/usr/lib/llvm-19/bin/clang' and 'llvm-config'
#19 437.6 [*] We have llvm-config version 19.1.7 with a clang version 19.1.7, good.
#19 437.6 [*] Checking for './afl-showmap'...
#19 437.6 [+] All set and ready to build.
#19 437.6 [*] Building 32-bit variant of the runtime (-m32)... failed (that's fine)
#19 437.6 /usr/lib/llvm-19/bin/clang++ -O3 -funroll-loops -fPIC -Wall -g -Wno-cast-qual -Wno-variadic-macros -Wno-pointer-sign -I ./include/ -I ./instrumentation/ -DAFL_PATH=\"/usr/local/lib/afl\" -DBIN_PATH=\"/usr/local/bin\" -DLLVM_BINDIR=\"/usr/lib/llvm-19/bin\" -DVERSION=\"++4.10c\" -DLLVM_LIBDIR=\"/usr/lib/llvm-19/lib\" -DLLVM_VERSION=\"19.1.7\" -DAFL_CLANG_FLTO=\"-flto=full\" -DAFL_REAL_LD=\"/usr/lib/llvm-19/bin/ld.lld\" -DAFL_CLANG_LDPATH=\"1\" -DAFL_CLANG_FUSELD=\"1\" -DCLANG_BIN=\"/usr/lib/llvm-19/bin/clang\" -DCLANGPP_BIN=\"/usr/lib/llvm-19/bin/clang++\" -DUSE_BINDIR=1 -Wno-unused-function -fdebug-prefix-map="/opt/AFLplusplus=llvm_mode" -Wno-deprecated  `llvm-config --cxxflags` -fno-rtti -fPIC -std=c++17 -c instrumentation/afl-llvm-common.cc -o instrumentation/afl-llvm-common.o 
#19 439.1 instrumentation/afl-llvm-common.cc:94:22: error: no member named 'startswith' in 'llvm::StringRef'; did you mean 'starts_with'?
#19 439.1    94 |     if (F->getName().startswith(ignoreListFunc)) { return true; }
#19 439.1       |                      ^~~~~~~~~~
#19 439.1       |                      starts_with
#19 439.1 /usr/lib/llvm-19/include/llvm/ADT/StringRef.h:250:24: note: 'starts_with' declared here
#19 439.1   250 |     [[nodiscard]] bool starts_with(StringRef Prefix) const {
#19 439.1       |                        ^
#19 439.4 1 error generated.
#19 439.4 make[1]: *** [GNUmakefile.llvm:420: instrumentation/afl-llvm-common.o] Error 1
#19 439.4 make[1]: Leaving directory '/opt/AFLplusplus'
#19 439.4 make -f GNUmakefile.gcc_plugin install
#19 439.4 make: [GNUmakefile:805: install] Error 2 (ignored)
#19 439.4 make[1]: Entering directory '/opt/AFLplusplus'
#19 439.4 [+] shmat seems to be working.
#19 439.4 [*] Checking for working 'cc'...
#19 439.4 [*] Checking for gcc plugin development header files...
#19 439.4 [-] Oops, can't find gcc header files. Be sure to install 'gcc-X-plugin-dev'.
#19 439.4 make[1]: Leaving directory '/opt/AFLplusplus'
#19 439.4 make[1]: *** [GNUmakefile.gcc_plugin:127: test_deps] Error 1
#19 439.4 make: [GNUmakefile:806: install] Error 2 (ignored)
#19 439.4 ln -sf afl-cc ${DESTDIR}/usr/local/bin/afl-gcc
#19 439.4 ln -sf afl-cc ${DESTDIR}/usr/local/bin/afl-g++
#19 439.4 ln -sf afl-cc ${DESTDIR}/usr/local/bin/afl-clang
#19 439.4 ln -sf afl-cc ${DESTDIR}/usr/local/bin/afl-clang++
#19 439.5 install -m0644 *.8 /usr/local/share/man/man8
#19 439.5 install -m 755 afl-as ${DESTDIR}/usr/local/lib/afl
#19 439.5 ln -sf afl-as ${DESTDIR}/usr/local/lib/afl/as
#19 439.5 install -m 644 docs/*.md ${DESTDIR}/usr/local/share/doc/afl
#19 439.5 cp -r testcases/ ${DESTDIR}/usr/local/share/afl
#19 439.5 cp -r dictionaries/ ${DESTDIR}/usr/local/share/afl
#19 439.5 cp injections.dic ${DESTDIR}/usr/local/share/afl
#19 DONE 439.8s

#20 [backend 16/20] RUN mkdir -p /fuzzing/binaries /fuzzing/seeds /fuzzing/output /fuzzing/crashes     && chmod -R 777 /fuzzing
#20 DONE 0.5s

#21 [backend 17/20] COPY requirements.txt .
#21 DONE 0.2s

#22 [backend 18/20] RUN pip install --no-cache-dir -r requirements.txt
#22 1.428 Collecting fastapi==0.110.0 (from -r requirements.txt (line 3))
#22 1.505   Downloading fastapi-0.110.0-py3-none-any.whl.metadata (25 kB)
#22 1.550 Collecting uvicorn==0.29.0 (from uvicorn[standard]==0.29.0->-r requirements.txt (line 4))
#22 1.566   Downloading uvicorn-0.29.0-py3-none-any.whl.metadata (6.3 kB)
#22 1.686 Collecting pydantic==2.5.0 (from -r requirements.txt (line 5))
#22 1.702   Downloading pydantic-2.5.0-py3-none-any.whl.metadata (174 kB)
#22 1.728      ÔöüÔöüÔöüÔöüÔöüÔöüÔöüÔöüÔöüÔöüÔöüÔöüÔöüÔöüÔöüÔöüÔöüÔöüÔöüÔöüÔöüÔöüÔöüÔöüÔöüÔöüÔöüÔöüÔöüÔöüÔöüÔöüÔöüÔöüÔöüÔöüÔöüÔöüÔöü 174.6/174.6 kB 7.8 MB/s eta 0:00:00
#22 1.757 Collecting pydantic-settings==2.1.0 (from -r requirements.txt (line 6))
#22 1.772   Downloading pydantic_settings-2.1.0-py3-none-any.whl.metadata (2.9 kB)
#22 1.796 Collecting python-multipart==0.0.6 (from -r requirements.txt (line 7))
#22 1.811   Downloading python_multipart-0.0.6-py3-none-any.whl.metadata (2.5 kB)
#22 1.899 Collecting websockets>=13.0 (from -r requirements.txt (line 8))
#22 1.913   Downloading websockets-16.0-cp311-cp311-manylinux1_x86_64.manylinux_2_28_x86_64.manylinux_2_5_x86_64.whl.metadata (6.8 kB)
#22 1.939 Collecting python-jose>=3.3.0 (from python-jose[cryptography]>=3.3.0->-r requirements.txt (line 11))
#22 1.952   Downloading python_jose-3.5.0-py2.py3-none-any.whl.metadata (5.5 kB)
#22 1.976 Collecting passlib>=1.7.4 (from passlib[bcrypt]>=1.7.4->-r requirements.txt (line 12))
#22 1.993   Downloading passlib-1.7.4-py2.py3-none-any.whl.metadata (1.7 kB)
#22 2.053 Collecting google-genai>=1.0.0 (from -r requirements.txt (line 16))
#22 2.067   Downloading google_genai-1.57.0-py3-none-any.whl.metadata (53 kB)
#22 2.073      ÔöüÔöüÔöüÔöüÔöüÔöüÔöüÔöüÔöüÔöüÔöüÔöüÔöüÔöüÔöüÔöüÔöüÔöüÔöüÔöüÔöüÔöüÔöüÔöüÔöüÔöüÔöüÔöüÔöüÔöüÔöüÔöüÔöüÔöüÔöüÔöüÔöüÔöüÔöüÔöü 53.3/53.3 kB 11.9 MB/s eta 0:00:00
#22 2.330 Collecting SQLAlchemy==2.0.20 (from -r requirements.txt (line 19))
#22 2.346   Downloading SQLAlchemy-2.0.20-cp311-cp311-manylinux_2_17_x86_64.manylinux2014_x86_64.whl.metadata (9.4 kB)
#22 2.415 Collecting psycopg2-binary==2.9.9 (from -r requirements.txt (line 20))
#22 2.428   Downloading psycopg2_binary-2.9.9-cp311-cp311-manylinux_2_17_x86_64.manylinux2014_x86_64.whl.metadata (4.4 kB)
#22 2.450 Collecting pgvector==0.2.3 (from -r requirements.txt (line 21))
#22 2.464   Downloading pgvector-0.2.3-py2.py3-none-any.whl.metadata (8.4 kB)
#22 2.508 Collecting alembic==1.12.0 (from -r requirements.txt (line 22))
#22 2.521   Downloading alembic-1.12.0-py3-none-any.whl.metadata (7.2 kB)
#22 2.559 Collecting httpx>=0.28.1 (from -r requirements.txt (line 25))
#22 2.569   Downloading httpx-0.28.1-py3-none-any.whl.metadata (7.1 kB)
#22 3.089 Collecting aiohttp>=3.9.0 (from -r requirements.txt (line 26))
#22 3.104   Downloading aiohttp-3.13.3-cp311-cp311-manylinux2014_x86_64.manylinux_2_17_x86_64.manylinux_2_28_x86_64.whl.metadata (8.1 kB)
#22 3.126 Collecting aiofiles>=23.0 (from -r requirements.txt (line 27))
#22 3.137   Downloading aiofiles-25.1.0-py3-none-any.whl.metadata (6.3 kB)
#22 3.165 Collecting sse-starlette>=2.0.0 (from -r requirements.txt (line 30))
#22 3.178   Downloading sse_starlette-3.1.2-py3-none-any.whl.metadata (12 kB)
#22 3.226 Collecting redis==4.6.0 (from -r requirements.txt (line 33))
#22 3.242   Downloading redis-4.6.0-py3-none-any.whl.metadata (8.3 kB)
#22 3.357 Collecting rq==1.15.1 (from -r requirements.txt (line 34))
#22 3.382   Downloading rq-1.15.1-py2.py3-none-any.whl.metadata (1.6 kB)
#22 3.491 Collecting reportlab==4.0.4 (from -r requirements.txt (line 37))
#22 3.505   Downloading reportlab-4.0.4-py3-none-any.whl.metadata (1.3 kB)
#22 3.528 Collecting python-docx==0.8.11 (from -r requirements.txt (line 38))
#22 3.540   Downloading python-docx-0.8.11.tar.gz (5.6 MB)
#22 4.164      ÔöüÔöüÔöüÔöüÔöüÔöüÔöüÔöüÔöüÔöüÔöüÔöüÔöüÔöüÔöüÔöüÔöüÔöüÔöüÔöüÔöüÔöüÔöüÔöüÔöüÔöüÔöüÔöüÔöüÔöüÔöüÔöüÔöüÔöüÔöüÔöüÔöüÔöüÔöüÔöü 5.6/5.6 MB 9.0 MB/s eta 0:00:00
#22 4.270   Preparing metadata (setup.py): started
#22 4.675   Preparing metadata (setup.py): finished with status 'done'
#22 4.708 Collecting weasyprint>=62.0 (from -r requirements.txt (line 39))
#22 4.721   Downloading weasyprint-67.0-py3-none-any.whl.metadata (3.7 kB)
#22 4.753 Collecting markdown==3.4.4 (from -r requirements.txt (line 40))
#22 4.771   Downloading Markdown-3.4.4-py3-none-any.whl.metadata (6.9 kB)
#22 4.815 Collecting PyYAML>=6.0 (from -r requirements.txt (line 41))
#22 4.827   Downloading pyyaml-6.0.3-cp311-cp311-manylinux2014_x86_64.manylinux_2_17_x86_64.manylinux_2_28_x86_64.whl.metadata (2.4 kB)
#22 4.858 Collecting PyPDF2>=3.0.0 (from -r requirements.txt (line 44))
#22 4.876   Downloading pypdf2-3.0.1-py3-none-any.whl.metadata (6.8 kB)
#22 4.900 Collecting python-pptx>=0.6.21 (from -r requirements.txt (line 45))
#22 4.912   Downloading python_pptx-1.0.2-py3-none-any.whl.metadata (2.5 kB)
#22 5.030 Collecting semgrep>=1.50.0 (from -r requirements.txt (line 48))
#22 5.045   Downloading semgrep-1.147.0-cp310.cp311.cp312.cp313.cp314.py310.py311.py312.py313.py314-none-musllinux_1_0_x86_64.manylinux2014_x86_64.whl.metadata (2.1 kB)
#22 5.076 Collecting bandit>=1.7.0 (from -r requirements.txt (line 49))
#22 5.088   Downloading bandit-1.9.2-py3-none-any.whl.metadata (7.1 kB)
#22 5.116 Collecting packaging>=23.0 (from -r requirements.txt (line 52))
#22 5.128   Downloading packaging-25.0-py3-none-any.whl.metadata (3.3 kB)
#22 5.151 Collecting scapy>=2.5.0 (from -r requirements.txt (line 55))
#22 5.167   Downloading scapy-2.7.0-py3-none-any.whl.metadata (5.8 kB)
#22 5.278 Collecting pyshark>=0.6 (from -r requirements.txt (line 56))
#22 5.291   Downloading pyshark-0.6-py3-none-any.whl.metadata (806 bytes)
#22 5.366 Collecting pefile>=2023.2.7 (from -r requirements.txt (line 59))
#22 5.389   Downloading pefile-2024.8.26-py3-none-any.whl.metadata (1.4 kB)
#22 5.411 Collecting pyelftools>=0.31 (from -r requirements.txt (line 60))
#22 5.428   Downloading pyelftools-0.32-py3-none-any.whl.metadata (372 bytes)
#22 5.474 Collecting capstone>=5.0.0 (from -r requirements.txt (line 61))
#22 5.487   Downloading capstone-5.0.6-py3-none-manylinux_2_17_x86_64.manylinux2014_x86_64.whl.metadata (3.3 kB)
#22 5.551 Collecting lief>=0.15.1 (from -r requirements.txt (line 62))
#22 5.566   Downloading lief-0.17.2-cp311-cp311-manylinux_2_28_x86_64.whl.metadata (2.4 kB)
#22 5.616 Collecting yara-python>=4.5.0 (from -r requirements.txt (line 63))
#22 5.629   Downloading yara_python-4.5.4-cp311-cp311-manylinux_2_17_x86_64.manylinux2014_x86_64.whl.metadata (2.8 kB)
#22 5.631 Requirement already satisfied: unicorn>=2.0.0 in /root/.local/lib/python3.11/site-packages (from -r requirements.txt (line 64)) (2.1.4)
#22 5.733 Collecting androguard>=3.4.0 (from -r requirements.txt (line 69))
#22 5.745   Downloading androguard-4.1.3-py3-none-any.whl.metadata (5.3 kB)
#22 5.925 Collecting cryptography>=41.0 (from -r requirements.txt (line 72))
#22 5.937   Downloading cryptography-46.0.3-cp311-abi3-manylinux_2_34_x86_64.whl.metadata (5.7 kB)
#22 5.965 Collecting dnspython>=2.4.0 (from -r requirements.txt (line 75))
#22 5.978   Downloading dnspython-2.8.0-py3-none-any.whl.metadata (5.7 kB)
#22 6.028 Collecting pytest==7.4.0 (from -r requirements.txt (line 78))
#22 6.040   Downloading pytest-7.4.0-py3-none-any.whl.metadata (8.0 kB)
#22 6.075 Collecting pytest-asyncio==0.21.1 (from -r requirements.txt (line 79))
#22 6.087   Downloading pytest_asyncio-0.21.1-py3-none-any.whl.metadata (4.0 kB)
#22 6.120 Collecting pytest-cov==4.1.0 (from -r requirements.txt (line 80))
#22 6.135   Downloading pytest_cov-4.1.0-py3-none-any.whl.metadata (26 kB)
#22 6.162 Collecting factory-boy==3.3.0 (from -r requirements.txt (line 81))
#22 6.178   Downloading factory_boy-3.3.0-py2.py3-none-any.whl.metadata (15 kB)
#22 6.259 Collecting psutil>=5.9.0 (from -r requirements.txt (line 84))
#22 6.272   Downloading psutil-7.2.1-cp36-abi3-manylinux2010_x86_64.manylinux_2_12_x86_64.manylinux_2_28_x86_64.whl.metadata (22 kB)
#22 6.400 Collecting starlette<0.37.0,>=0.36.3 (from fastapi==0.110.0->-r requirements.txt (line 3))
#22 6.417   Downloading starlette-0.36.3-py3-none-any.whl.metadata (5.9 kB)
#22 6.446 Collecting typing-extensions>=4.8.0 (from fastapi==0.110.0->-r requirements.txt (line 3))
#22 6.458   Downloading typing_extensions-4.15.0-py3-none-any.whl.metadata (3.3 kB)
#22 6.493 Collecting click>=7.0 (from uvicorn==0.29.0->uvicorn[standard]==0.29.0->-r requirements.txt (line 4))
#22 6.514   Downloading click-8.3.1-py3-none-any.whl.metadata (2.6 kB)
#22 6.534 Collecting h11>=0.8 (from uvicorn==0.29.0->uvicorn[standard]==0.29.0->-r requirements.txt (line 4))
#22 6.547   Downloading h11-0.16.0-py3-none-any.whl.metadata (8.3 kB)
#22 6.570 Collecting annotated-types>=0.4.0 (from pydantic==2.5.0->-r requirements.txt (line 5))
#22 6.581   Downloading annotated_types-0.7.0-py3-none-any.whl.metadata (15 kB)
#22 7.246 Collecting pydantic-core==2.14.1 (from pydantic==2.5.0->-r requirements.txt (line 5))
#22 7.258   Downloading pydantic_core-2.14.1-cp311-cp311-manylinux_2_17_x86_64.manylinux2014_x86_64.whl.metadata (6.5 kB)
#22 7.319 Collecting python-dotenv>=0.21.0 (from pydantic-settings==2.1.0->-r requirements.txt (line 6))
#22 7.334   Downloading python_dotenv-1.2.1-py3-none-any.whl.metadata (25 kB)
#22 7.483 Collecting greenlet!=0.4.17 (from SQLAlchemy==2.0.20->-r requirements.txt (line 19))
#22 7.495   Downloading greenlet-3.3.0-cp311-cp311-manylinux_2_24_x86_64.manylinux_2_28_x86_64.whl.metadata (4.1 kB)
#22 7.676 Collecting numpy (from pgvector==0.2.3->-r requirements.txt (line 21))
#22 7.689   Downloading numpy-2.4.1-cp311-cp311-manylinux_2_27_x86_64.manylinux_2_28_x86_64.whl.metadata (6.6 kB)
#22 7.733 Collecting Mako (from alembic==1.12.0->-r requirements.txt (line 22))
#22 7.746   Downloading mako-1.3.10-py3-none-any.whl.metadata (2.9 kB)
#22 7.927 Collecting pillow>=9.0.0 (from reportlab==4.0.4->-r requirements.txt (line 37))
#22 7.940   Downloading pillow-12.1.0-cp311-cp311-manylinux_2_27_x86_64.manylinux_2_28_x86_64.whl.metadata (8.8 kB)
#22 8.206 Collecting lxml>=2.3.2 (from python-docx==0.8.11->-r requirements.txt (line 38))
#22 8.226   Downloading lxml-6.0.2-cp311-cp311-manylinux_2_26_x86_64.manylinux_2_28_x86_64.whl.metadata (3.6 kB)
#22 8.260 Collecting iniconfig (from pytest==7.4.0->-r requirements.txt (line 78))
#22 8.272   Downloading iniconfig-2.3.0-py3-none-any.whl.metadata (2.5 kB)
#22 8.297 Collecting pluggy<2.0,>=0.12 (from pytest==7.4.0->-r requirements.txt (line 78))
#22 8.310   Downloading pluggy-1.6.0-py3-none-any.whl.metadata (4.8 kB)
#22 8.661 Collecting coverage>=5.2.1 (from coverage[toml]>=5.2.1->pytest-cov==4.1.0->-r requirements.txt (line 80))
#22 8.674   Downloading coverage-7.13.1-cp311-cp311-manylinux1_x86_64.manylinux_2_28_x86_64.manylinux_2_5_x86_64.whl.metadata (8.5 kB)
#22 8.791 Collecting Faker>=0.7.0 (from factory-boy==3.3.0->-r requirements.txt (line 81))
#22 8.810   Downloading faker-40.1.0-py3-none-any.whl.metadata (16 kB)
#22 8.868 Collecting httptools>=0.5.0 (from uvicorn[standard]==0.29.0->-r requirements.txt (line 4))
#22 8.880   Downloading httptools-0.7.1-cp311-cp311-manylinux1_x86_64.manylinux_2_28_x86_64.manylinux_2_5_x86_64.whl.metadata (3.5 kB)
#22 8.932 Collecting uvloop!=0.15.0,!=0.15.1,>=0.14.0 (from uvicorn[standard]==0.29.0->-r requirements.txt (line 4))
#22 8.946   Downloading uvloop-0.22.1-cp311-cp311-manylinux2014_x86_64.manylinux_2_17_x86_64.manylinux_2_28_x86_64.whl.metadata (4.9 kB)
#22 9.021 Collecting watchfiles>=0.13 (from uvicorn[standard]==0.29.0->-r requirements.txt (line 4))
#22 9.034   Downloading watchfiles-1.1.1-cp311-cp311-manylinux_2_17_x86_64.manylinux2014_x86_64.whl.metadata (4.9 kB)
#22 9.074 Collecting ecdsa!=0.15 (from python-jose>=3.3.0->python-jose[cryptography]>=3.3.0->-r requirements.txt (line 11))
#22 9.087   Downloading ecdsa-0.19.1-py2.py3-none-any.whl.metadata (29 kB)
#22 9.122 Collecting rsa!=4.1.1,!=4.4,<5.0,>=4.0 (from python-jose>=3.3.0->python-jose[cryptography]>=3.3.0->-r requirements.txt (line 11))
#22 9.137   Downloading rsa-4.9.1-py3-none-any.whl.metadata (5.6 kB)
#22 9.168 Collecting pyasn1>=0.5.0 (from python-jose>=3.3.0->python-jose[cryptography]>=3.3.0->-r requirements.txt (line 11))
#22 9.180   Downloading pyasn1-0.6.1-py3-none-any.whl.metadata (8.4 kB)
#22 9.327 Collecting anyio<5.0.0,>=4.8.0 (from google-genai>=1.0.0->-r requirements.txt (line 16))
#22 9.339   Downloading anyio-4.12.1-py3-none-any.whl.metadata (4.3 kB)
#22 9.404 Collecting google-auth<3.0.0,>=2.46.0 (from google-auth[requests]<3.0.0,>=2.46.0->google-genai>=1.0.0->-r requirements.txt (line 16))
#22 9.416   Downloading google_auth-2.47.0-py3-none-any.whl.metadata (6.4 kB)
#22 9.438 INFO: pip is looking at multiple versions of google-genai to determine which version is compatible with other requirements. This could take a while.
#22 9.442 Collecting google-genai>=1.0.0 (from -r requirements.txt (line 16))
#22 9.454   Downloading google_genai-1.56.0-py3-none-any.whl.metadata (53 kB)
#22 9.461      ÔöüÔöüÔöüÔöüÔöüÔöüÔöüÔöüÔöüÔöüÔöüÔöüÔöüÔöüÔöüÔöüÔöüÔöüÔöüÔöüÔöüÔöüÔöüÔöüÔöüÔöüÔöüÔöüÔöüÔöüÔöüÔöüÔöüÔöüÔöüÔöüÔöüÔöüÔöüÔöü 53.3/53.3 kB 18.2 MB/s eta 0:00:00
#22 9.494   Downloading google_genai-1.55.0-py3-none-any.whl.metadata (47 kB)
#22 9.499      ÔöüÔöüÔöüÔöüÔöüÔöüÔöüÔöüÔöüÔöüÔöüÔöüÔöüÔöüÔöüÔöüÔöüÔöüÔöüÔöüÔöüÔöüÔöüÔöüÔöüÔöüÔöüÔöüÔöüÔöüÔöüÔöüÔöüÔöüÔöüÔöüÔöüÔöüÔöüÔöü 47.9/47.9 kB 14.2 MB/s eta 0:00:00
#22 9.533   Downloading google_genai-1.54.0-py3-none-any.whl.metadata (47 kB)
#22 9.541      ÔöüÔöüÔöüÔöüÔöüÔöüÔöüÔöüÔöüÔöüÔöüÔöüÔöüÔöüÔöüÔöüÔöüÔöüÔöüÔöüÔöüÔöüÔöüÔöüÔöüÔöüÔöüÔöüÔöüÔöüÔöüÔöüÔöüÔöüÔöüÔöüÔöüÔöüÔöüÔöü 47.8/47.8 kB 21.4 MB/s eta 0:00:00
#22 9.563   Downloading google_genai-1.53.0-py3-none-any.whl.metadata (47 kB)
#22 9.569      ÔöüÔöüÔöüÔöüÔöüÔöüÔöüÔöüÔöüÔöüÔöüÔöüÔöüÔöüÔöüÔöüÔöüÔöüÔöüÔöüÔöüÔöüÔöüÔöüÔöüÔöüÔöüÔöüÔöüÔöüÔöüÔöüÔöüÔöüÔöüÔöüÔöüÔöüÔöüÔöü 47.7/47.7 kB 34.2 MB/s eta 0:00:00
#22 9.593   Downloading google_genai-1.52.0-py3-none-any.whl.metadata (46 kB)
#22 9.600      ÔöüÔöüÔöüÔöüÔöüÔöüÔöüÔöüÔöüÔöüÔöüÔöüÔöüÔöüÔöüÔöüÔöüÔöüÔöüÔöüÔöüÔöüÔöüÔöüÔöüÔöüÔöüÔöüÔöüÔöüÔöüÔöüÔöüÔöüÔöüÔöüÔöüÔöüÔöüÔöü 46.8/46.8 kB 41.8 MB/s eta 0:00:00
#22 9.629   Downloading google_genai-1.51.0-py3-none-any.whl.metadata (46 kB)
#22 9.631      ÔöüÔöüÔöüÔöüÔöüÔöüÔöüÔöüÔöüÔöüÔöüÔöüÔöüÔöüÔöüÔöüÔöüÔöüÔöüÔöüÔöüÔöüÔöüÔöüÔöüÔöüÔöüÔöüÔöüÔöüÔöüÔöüÔöüÔöüÔöüÔöüÔöüÔöüÔöü 46.8/46.8 kB 276.5 MB/s eta 0:00:00
#22 9.654   Downloading google_genai-1.50.1-py3-none-any.whl.metadata (46 kB)
#22 9.661      ÔöüÔöüÔöüÔöüÔöüÔöüÔöüÔöüÔöüÔöüÔöüÔöüÔöüÔöüÔöüÔöüÔöüÔöüÔöüÔöüÔöüÔöüÔöüÔöüÔöüÔöüÔöüÔöüÔöüÔöüÔöüÔöüÔöüÔöüÔöüÔöüÔöüÔöüÔöü 46.7/46.7 kB 128.3 MB/s eta 0:00:00
#22 9.668 INFO: pip is still looking at multiple versions of google-genai to determine which version is compatible with other requirements. This could take a while.
#22 9.689   Downloading google_genai-1.50.0-py3-none-any.whl.metadata (46 kB)
#22 9.691      ÔöüÔöüÔöüÔöüÔöüÔöüÔöüÔöüÔöüÔöüÔöüÔöüÔöüÔöüÔöüÔöüÔöüÔöüÔöüÔöüÔöüÔöüÔöüÔöüÔöüÔöüÔöüÔöüÔöüÔöüÔöüÔöüÔöüÔöüÔöüÔöüÔöüÔöüÔöüÔöü 46.7/46.7 kB 93.6 MB/s eta 0:00:00
#22 9.714   Downloading google_genai-1.49.0-py3-none-any.whl.metadata (46 kB)
#22 9.720      ÔöüÔöüÔöüÔöüÔöüÔöüÔöüÔöüÔöüÔöüÔöüÔöüÔöüÔöüÔöüÔöüÔöüÔöüÔöüÔöüÔöüÔöüÔöüÔöüÔöüÔöüÔöüÔöüÔöüÔöüÔöüÔöüÔöüÔöüÔöüÔöüÔöüÔöüÔöüÔöü 46.7/46.7 kB 25.5 MB/s eta 0:00:00
#22 9.746   Downloading google_genai-1.48.0-py3-none-any.whl.metadata (46 kB)
#22 9.749      ÔöüÔöüÔöüÔöüÔöüÔöüÔöüÔöüÔöüÔöüÔöüÔöüÔöüÔöüÔöüÔöüÔöüÔöüÔöüÔöüÔöüÔöüÔöüÔöüÔöüÔöüÔöüÔöüÔöüÔöüÔöüÔöüÔöüÔöüÔöüÔöüÔöüÔöüÔöü 46.7/46.7 kB 129.2 MB/s eta 0:00:00
#22 9.770   Downloading google_genai-1.47.0-py3-none-any.whl.metadata (46 kB)
#22 9.777      ÔöüÔöüÔöüÔöüÔöüÔöüÔöüÔöüÔöüÔöüÔöüÔöüÔöüÔöüÔöüÔöüÔöüÔöüÔöüÔöüÔöüÔöüÔöüÔöüÔöüÔöüÔöüÔöüÔöüÔöüÔöüÔöüÔöüÔöüÔöüÔöüÔöüÔöüÔöüÔöü 46.8/46.8 kB 78.2 MB/s eta 0:00:00
#22 9.811   Downloading google_genai-1.46.0-py3-none-any.whl.metadata (46 kB)
#22 9.814      ÔöüÔöüÔöüÔöüÔöüÔöüÔöüÔöüÔöüÔöüÔöüÔöüÔöüÔöüÔöüÔöüÔöüÔöüÔöüÔöüÔöüÔöüÔöüÔöüÔöüÔöüÔöüÔöüÔöüÔöüÔöüÔöüÔöüÔöüÔöüÔöüÔöüÔöüÔöüÔöü 46.2/46.2 kB 88.7 MB/s eta 0:00:00
#22 9.876 Collecting requests<3.0.0,>=2.28.1 (from google-genai>=1.0.0->-r requirements.txt (line 16))
#22 9.886   Downloading requests-2.32.5-py3-none-any.whl.metadata (4.9 kB)
#22 9.916 Collecting tenacity<9.2.0,>=8.2.3 (from google-genai>=1.0.0->-r requirements.txt (line 16))
#22 9.927   Downloading tenacity-9.1.2-py3-none-any.whl.metadata (1.2 kB)
#22 9.934 Collecting websockets>=13.0 (from -r requirements.txt (line 8))
#22 9.948   Downloading websockets-15.0.1-cp311-cp311-manylinux_2_5_x86_64.manylinux1_x86_64.manylinux_2_17_x86_64.manylinux2014_x86_64.whl.metadata (6.8 kB)
#22 9.992 Collecting certifi (from httpx>=0.28.1->-r requirements.txt (line 25))
#22 10.00   Downloading certifi-2026.1.4-py3-none-any.whl.metadata (2.5 kB)
#22 10.04 Collecting httpcore==1.* (from httpx>=0.28.1->-r requirements.txt (line 25))
#22 10.05   Downloading httpcore-1.0.9-py3-none-any.whl.metadata (21 kB)
#22 10.07 Collecting idna (from httpx>=0.28.1->-r requirements.txt (line 25))
#22 10.09   Downloading idna-3.11-py3-none-any.whl.metadata (8.4 kB)
#22 10.13 Collecting aiohappyeyeballs>=2.5.0 (from aiohttp>=3.9.0->-r requirements.txt (line 26))
#22 10.15   Downloading aiohappyeyeballs-2.6.1-py3-none-any.whl.metadata (5.9 kB)
#22 10.17 Collecting aiosignal>=1.4.0 (from aiohttp>=3.9.0->-r requirements.txt (line 26))
#22 10.18   Downloading aiosignal-1.4.0-py3-none-any.whl.metadata (3.7 kB)
#22 10.21 Collecting attrs>=17.3.0 (from aiohttp>=3.9.0->-r requirements.txt (line 26))
#22 10.22   Downloading attrs-25.4.0-py3-none-any.whl.metadata (10 kB)
#22 10.29 Collecting frozenlist>=1.1.1 (from aiohttp>=3.9.0->-r requirements.txt (line 26))
#22 10.30   Downloading frozenlist-1.8.0-cp311-cp311-manylinux1_x86_64.manylinux_2_28_x86_64.manylinux_2_5_x86_64.whl.metadata (20 kB)
#22 10.51 Collecting multidict<7.0,>=4.5 (from aiohttp>=3.9.0->-r requirements.txt (line 26))
#22 10.53   Downloading multidict-6.7.0-cp311-cp311-manylinux2014_x86_64.manylinux_2_17_x86_64.manylinux_2_28_x86_64.whl.metadata (5.3 kB)
#22 10.59 Collecting propcache>=0.2.0 (from aiohttp>=3.9.0->-r requirements.txt (line 26))
#22 10.60   Downloading propcache-0.4.1-cp311-cp311-manylinux2014_x86_64.manylinux_2_17_x86_64.manylinux_2_28_x86_64.whl.metadata (13 kB)
#22 10.84 Collecting yarl<2.0,>=1.17.0 (from aiohttp>=3.9.0->-r requirements.txt (line 26))
#22 10.85   Downloading yarl-1.22.0-cp311-cp311-manylinux2014_x86_64.manylinux_2_17_x86_64.manylinux_2_28_x86_64.whl.metadata (75 kB)
#22 10.86      ÔöüÔöüÔöüÔöüÔöüÔöüÔöüÔöüÔöüÔöüÔöüÔöüÔöüÔöüÔöüÔöüÔöüÔöüÔöüÔöüÔöüÔöüÔöüÔöüÔöüÔöüÔöüÔöüÔöüÔöüÔöüÔöüÔöüÔöüÔöüÔöüÔöüÔöüÔöüÔöü 75.1/75.1 kB 13.9 MB/s eta 0:00:00
#22 10.88 INFO: pip is looking at multiple versions of sse-starlette to determine which version is compatible with other requirements. This could take a while.
#22 10.88 Collecting sse-starlette>=2.0.0 (from -r requirements.txt (line 30))
#22 10.89   Downloading sse_starlette-3.1.1-py3-none-any.whl.metadata (12 kB)
#22 10.92   Downloading sse_starlette-3.1.0-py3-none-any.whl.metadata (12 kB)
#22 10.94   Downloading sse_starlette-3.0.4-py3-none-any.whl.metadata (12 kB)
#22 10.97   Downloading sse_starlette-3.0.3-py3-none-any.whl.metadata (12 kB)
#22 11.01 Collecting pydyf>=0.11.0 (from weasyprint>=62.0->-r requirements.txt (line 39))
#22 11.03   Downloading pydyf-0.12.1-py3-none-any.whl.metadata (2.5 kB)
#22 11.12 Collecting cffi>=0.6 (from weasyprint>=62.0->-r requirements.txt (line 39))
#22 11.13   Downloading cffi-2.0.0-cp311-cp311-manylinux2014_x86_64.manylinux_2_17_x86_64.whl.metadata (2.6 kB)
#22 11.15 Collecting tinyhtml5>=2.0.0b1 (from weasyprint>=62.0->-r requirements.txt (line 39))
#22 11.17   Downloading tinyhtml5-2.0.0-py3-none-any.whl.metadata (2.9 kB)
#22 11.19 Collecting tinycss2>=1.5.0 (from weasyprint>=62.0->-r requirements.txt (line 39))
#22 11.20   Downloading tinycss2-1.5.1-py3-none-any.whl.metadata (3.0 kB)
#22 11.22 Collecting cssselect2>=0.8.0 (from weasyprint>=62.0->-r requirements.txt (line 39))
#22 11.23   Downloading cssselect2-0.8.0-py3-none-any.whl.metadata (2.9 kB)
#22 11.26 Collecting Pyphen>=0.9.1 (from weasyprint>=62.0->-r requirements.txt (line 39))
#22 11.27   Downloading pyphen-0.17.2-py3-none-any.whl.metadata (3.2 kB)
#22 11.56 Collecting fonttools>=4.59.2 (from fonttools[woff]>=4.59.2->weasyprint>=62.0->-r requirements.txt (line 39))
#22 11.58   Downloading fonttools-4.61.1-cp311-cp311-manylinux2014_x86_64.manylinux_2_17_x86_64.whl.metadata (114 kB)
#22 11.58      ÔöüÔöüÔöüÔöüÔöüÔöüÔöüÔöüÔöüÔöüÔöüÔöüÔöüÔöüÔöüÔöüÔöüÔöüÔöüÔöüÔöüÔöüÔöüÔöüÔöüÔöüÔöüÔöüÔöüÔöüÔöüÔöüÔöüÔöüÔöüÔöüÔöüÔöü 114.2/114.2 kB 15.6 MB/s eta 0:00:00
#22 11.66 Collecting XlsxWriter>=0.5.7 (from python-pptx>=0.6.21->-r requirements.txt (line 45))
#22 11.67   Downloading xlsxwriter-3.2.9-py3-none-any.whl.metadata (2.7 kB)
#22 11.72 Collecting boltons~=21.0 (from semgrep>=1.50.0->-r requirements.txt (line 48))
#22 11.73   Downloading boltons-21.0.0-py2.py3-none-any.whl.metadata (1.5 kB)
#22 11.76 Collecting click-option-group~=0.5 (from semgrep>=1.50.0->-r requirements.txt (line 48))
#22 11.77   Downloading click_option_group-0.5.9-py3-none-any.whl.metadata (5.8 kB)
#22 11.78 Collecting click>=7.0 (from uvicorn==0.29.0->uvicorn[standard]==0.29.0->-r requirements.txt (line 4))
#22 11.79   Downloading click-8.1.8-py3-none-any.whl.metadata (2.3 kB)
#22 11.82 Collecting colorama~=0.4.0 (from semgrep>=1.50.0->-r requirements.txt (line 48))
#22 11.84   Downloading colorama-0.4.6-py2.py3-none-any.whl.metadata (17 kB)
#22 11.87 Collecting exceptiongroup~=1.2.0 (from semgrep>=1.50.0->-r requirements.txt (line 48))
#22 11.90   Downloading exceptiongroup-1.2.2-py3-none-any.whl.metadata (6.6 kB)
#22 11.92 Collecting glom~=22.1 (from semgrep>=1.50.0->-r requirements.txt (line 48))
#22 11.93   Downloading glom-22.1.0-py2.py3-none-any.whl.metadata (4.9 kB)
#22 11.98 Collecting jsonschema~=4.25.1 (from semgrep>=1.50.0->-r requirements.txt (line 48))
#22 11.99   Downloading jsonschema-4.25.1-py3-none-any.whl.metadata (7.6 kB)
#22 12.02 Collecting mcp==1.23.3 (from semgrep>=1.50.0->-r requirements.txt (line 48))
#22 12.04   Downloading mcp-1.23.3-py3-none-any.whl.metadata (89 kB)
#22 12.04      ÔöüÔöüÔöüÔöüÔöüÔöüÔöüÔöüÔöüÔöüÔöüÔöüÔöüÔöüÔöüÔöüÔöüÔöüÔöüÔöüÔöüÔöüÔöüÔöüÔöüÔöüÔöüÔöüÔöüÔöüÔöüÔöüÔöüÔöüÔöüÔöüÔöüÔöüÔöüÔöü 89.3/89.3 kB 10.3 MB/s eta 0:00:00
#22 12.08 Collecting opentelemetry-api~=1.37.0 (from semgrep>=1.50.0->-r requirements.txt (line 48))
#22 12.09   Downloading opentelemetry_api-1.37.0-py3-none-any.whl.metadata (1.5 kB)
#22 12.13 Collecting opentelemetry-sdk~=1.37.0 (from semgrep>=1.50.0->-r requirements.txt (line 48))
#22 12.14   Downloading opentelemetry_sdk-1.37.0-py3-none-any.whl.metadata (1.5 kB)
#22 12.17 Collecting opentelemetry-exporter-otlp-proto-http~=1.37.0 (from semgrep>=1.50.0->-r requirements.txt (line 48))
#22 12.18   Downloading opentelemetry_exporter_otlp_proto_http-1.37.0-py3-none-any.whl.metadata (2.3 kB)
#22 12.22 Collecting opentelemetry-instrumentation-requests~=0.58b0 (from semgrep>=1.50.0->-r requirements.txt (line 48))
#22 12.23   Downloading opentelemetry_instrumentation_requests-0.60b1-py3-none-any.whl.metadata (2.6 kB)
#22 12.25 Collecting opentelemetry-instrumentation-threading~=0.58b0 (from semgrep>=1.50.0->-r requirements.txt (line 48))
#22 12.27   Downloading opentelemetry_instrumentation_threading-0.60b1-py3-none-any.whl.metadata (2.1 kB)
#22 12.30 Collecting peewee~=3.14 (from semgrep>=1.50.0->-r requirements.txt (line 48))
#22 12.31   Downloading peewee-3.19.0-py3-none-any.whl.metadata (7.0 kB)
#22 12.37 Collecting rich~=13.5.2 (from semgrep>=1.50.0->-r requirements.txt (line 48))
#22 12.38   Downloading rich-13.5.3-py3-none-any.whl.metadata (18 kB)
#22 12.51 Collecting ruamel.yaml>=0.18.15 (from semgrep>=1.50.0->-r requirements.txt (line 48))
#22 12.53   Downloading ruamel_yaml-0.19.1-py3-none-any.whl.metadata (16 kB)
#22 12.57 Collecting ruamel.yaml.clib==0.2.14 (from semgrep>=1.50.0->-r requirements.txt (line 48))
#22 12.59   Downloading ruamel.yaml.clib-0.2.14-cp311-cp311-manylinux_2_17_x86_64.manylinux2014_x86_64.whl.metadata (3.0 kB)
#22 12.62 Collecting tomli~=2.0.1 (from semgrep>=1.50.0->-r requirements.txt (line 48))
#22 12.63   Downloading tomli-2.0.2-py3-none-any.whl.metadata (10.0 kB)
#22 12.67 Collecting urllib3~=2.0 (from semgrep>=1.50.0->-r requirements.txt (line 48))
#22 12.69   Downloading urllib3-2.6.3-py3-none-any.whl.metadata (6.9 kB)
#22 12.72 Collecting wcmatch~=8.3 (from semgrep>=1.50.0->-r requirements.txt (line 48))
#22 12.73   Downloading wcmatch-8.5.2-py3-none-any.whl.metadata (4.8 kB)
#22 12.77 Collecting httpx-sse>=0.4 (from mcp==1.23.3->semgrep>=1.50.0->-r requirements.txt (line 48))
#22 12.79   Downloading httpx_sse-0.4.3-py3-none-any.whl.metadata (9.7 kB)
#22 12.80 INFO: pip is looking at multiple versions of mcp to determine which version is compatible with other requirements. This could take a while.
#22 12.81 Collecting semgrep>=1.50.0 (from -r requirements.txt (line 48))
#22 12.82   Downloading semgrep-1.146.0-cp310.cp311.cp312.cp313.cp314.py310.py311.py312.py313.py314-none-musllinux_1_0_x86_64.manylinux2014_x86_64.whl.metadata (2.1 kB)
#22 12.86   Downloading semgrep-1.145.2-cp310.cp311.cp312.cp313.cp314.py310.py311.py312.py313.py314-none-musllinux_1_0_x86_64.manylinux2014_x86_64.whl.metadata (2.1 kB)
#22 12.88 Collecting mcp==1.16.0 (from semgrep>=1.50.0->-r requirements.txt (line 48))
#22 12.89   Downloading mcp-1.16.0-py3-none-any.whl.metadata (80 kB)
#22 12.90      ÔöüÔöüÔöüÔöüÔöüÔöüÔöüÔöüÔöüÔöüÔöüÔöüÔöüÔöüÔöüÔöüÔöüÔöüÔöüÔöüÔöüÔöüÔöüÔöüÔöüÔöüÔöüÔöüÔöüÔöüÔöüÔöüÔöüÔöüÔöüÔöüÔöüÔöüÔöüÔöü 80.4/80.4 kB 20.7 MB/s eta 0:00:00
#22 12.92 Collecting semgrep>=1.50.0 (from -r requirements.txt (line 48))
#22 12.94   Downloading semgrep-1.145.1-cp310.cp311.cp312.cp313.cp314.py310.py311.py312.py313.py314-none-musllinux_1_0_x86_64.manylinux2014_x86_64.whl.metadata (2.1 kB)
#22 12.98   Downloading semgrep-1.145.0-cp310.cp311.cp312.cp313.cp314.py310.py311.py312.py313.py314-none-musllinux_1_0_x86_64.manylinux2014_x86_64.whl.metadata (2.1 kB)
#22 13.01   Downloading semgrep-1.144.1-cp310.cp311.cp312.cp313.cp314.py310.py311.py312.py313.py314-none-musllinux_1_0_x86_64.manylinux2014_x86_64.whl.metadata (2.1 kB)
#22 13.05   Downloading semgrep-1.144.0-cp310.cp311.cp312.cp313.cp314.py310.py311.py312.py313.py314-none-musllinux_1_0_x86_64.manylinux2014_x86_64.whl.metadata (2.1 kB)
#22 13.09   Downloading semgrep-1.143.3-cp310.cp311.cp312.cp313.cp314.py310.py311.py312.py313.py314-none-musllinux_1_0_x86_64.manylinux2014_x86_64.whl.metadata (2.1 kB)
#22 13.11 INFO: pip is still looking at multiple versions of mcp to determine which version is compatible with other requirements. This could take a while.
#22 13.13   Downloading semgrep-1.143.2-cp310.cp311.cp312.cp313.cp314.py310.py311.py312.py313.py314-none-musllinux_1_0_x86_64.manylinux2014_x86_64.whl.metadata (2.1 kB)
#22 13.17   Downloading semgrep-1.143.1-cp310.cp311.cp312.cp313.cp314.py310.py311.py312.py313.py314-none-musllinux_1_0_x86_64.manylinux2014_x86_64.whl.metadata (2.1 kB)
#22 13.21   Downloading semgrep-1.143.0-cp310.cp311.cp312.cp313.cp314.py310.py311.py312.py313.py314-none-musllinux_1_0_x86_64.manylinux2014_x86_64.whl.metadata (2.1 kB)
#22 13.25   Downloading semgrep-1.142.3-cp310.cp311.cp312.cp313.cp314.py310.py311.py312.py313.py314-none-musllinux_1_0_x86_64.manylinux2014_x86_64.whl.metadata (2.0 kB)
#22 13.29   Downloading semgrep-1.142.2-cp310.cp311.cp312.cp313.cp314.py310.py311.py312.py313.py314-none-musllinux_1_0_x86_64.manylinux2014_x86_64.whl.metadata (2.0 kB)
#22 13.31 INFO: This is taking longer than usual. You might need to provide the dependency resolver with stricter constraints to reduce runtime. See https://pip.pypa.io/warnings/backtracking for guidance. If you want to abort this run, press Ctrl + C.
#22 13.33   Downloading semgrep-1.142.1-cp310.cp311.cp312.cp313.cp314.py310.py311.py312.py313.py314-none-musllinux_1_0_x86_64.manylinux2014_x86_64.whl.metadata (2.0 kB)
#22 13.37   Downloading semgrep-1.142.0-cp310.cp311.cp312.cp313.cp314.py310.py311.py312.py313.py314-none-musllinux_1_0_x86_64.manylinux2014_x86_64.whl.metadata (2.0 kB)
#22 13.41   Downloading semgrep-1.141.1-cp310.cp311.cp312.cp313.cp314.py310.py311.py312.py313.py314-none-musllinux_1_0_x86_64.manylinux2014_x86_64.whl.metadata (2.0 kB)
#22 13.44   Downloading semgrep-1.141.0-cp310.cp311.cp312.cp313.cp314.py310.py311.py312.py313.py314-none-musllinux_1_0_x86_64.manylinux2014_x86_64.whl.metadata (2.0 kB)
#22 13.47 Collecting jsonschema>=4.20.0 (from mcp==1.16.0->semgrep>=1.50.0->-r requirements.txt (line 48))
#22 13.48   Downloading jsonschema-4.26.0-py3-none-any.whl.metadata (7.6 kB)
#22 13.49 Collecting semgrep>=1.50.0 (from -r requirements.txt (line 48))
#22 13.50   Downloading semgrep-1.140.0-cp310.cp311.cp312.cp313.cp314.py310.py311.py312.py313.py314-none-musllinux_1_0_x86_64.manylinux2014_x86_64.whl.metadata (2.0 kB)
#22 13.53 Collecting defusedxml~=0.7.1 (from semgrep>=1.50.0->-r requirements.txt (line 48))
#22 13.55   Downloading defusedxml-0.7.1-py2.py3-none-any.whl.metadata (32 kB)
#22 13.57 Collecting semgrep>=1.50.0 (from -r requirements.txt (line 48))
#22 13.58   Downloading semgrep-1.139.0-cp310.cp311.cp312.cp313.py310.py311.py312.py313-none-musllinux_1_0_x86_64.manylinux2014_x86_64.whl.metadata (2.0 kB)
#22 13.60 Collecting mcp==1.12.2 (from semgrep>=1.50.0->-r requirements.txt (line 48))
#22 13.62   Downloading mcp-1.12.2-py3-none-any.whl.metadata (60 kB)
#22 13.63      ÔöüÔöüÔöüÔöüÔöüÔöüÔöüÔöüÔöüÔöüÔöüÔöüÔöüÔöüÔöüÔöüÔöüÔöüÔöüÔöüÔöüÔöüÔöüÔöüÔöüÔöüÔöüÔöüÔöüÔöüÔöüÔöüÔöüÔöüÔöüÔöüÔöüÔöüÔöüÔöü 61.0/61.0 kB 11.4 MB/s eta 0:00:00
#22 13.64 Collecting jsonschema~=4.20.0 (from semgrep>=1.50.0->-r requirements.txt (line 48))
#22 13.66   Downloading jsonschema-4.20.0-py3-none-any.whl.metadata (8.1 kB)
#22 13.67 Collecting ruamel.yaml.clib==0.2.12 (from semgrep>=1.50.0->-r requirements.txt (line 48))
#22 13.69   Downloading ruamel.yaml.clib-0.2.12-cp311-cp311-manylinux_2_17_x86_64.manylinux2014_x86_64.whl.metadata (2.7 kB)
#22 13.71 Collecting semgrep>=1.50.0 (from -r requirements.txt (line 48))
#22 13.73   Downloading semgrep-1.138.0-cp310.cp311.cp312.cp313.py310.py311.py312.py313-none-musllinux_1_0_x86_64.manylinux2014_x86_64.whl.metadata (2.0 kB)
#22 13.76   Downloading semgrep-1.137.1-cp310.cp311.py310.py311-none-musllinux_1_0_x86_64.manylinux2014_x86_64.whl.metadata (1.9 kB)
#22 13.80   Downloading semgrep-1.137.0-cp310.cp311.py310.py311-none-musllinux_1_0_x86_64.manylinux2014_x86_64.whl.metadata (1.9 kB)
#22 13.84   Downloading semgrep-1.136.0-cp39.cp310.cp311.py39.py310.py311-none-musllinux_1_0_x86_64.manylinux2014_x86_64.whl.metadata (1.8 kB)
#22 13.86 Collecting opentelemetry-api~=1.25.0 (from semgrep>=1.50.0->-r requirements.txt (line 48))
#22 13.87   Downloading opentelemetry_api-1.25.0-py3-none-any.whl.metadata (1.4 kB)
#22 13.88 Collecting opentelemetry-sdk~=1.25.0 (from semgrep>=1.50.0->-r requirements.txt (line 48))
#22 13.90   Downloading opentelemetry_sdk-1.25.0-py3-none-any.whl.metadata (1.4 kB)
#22 13.90 Collecting opentelemetry-exporter-otlp-proto-http~=1.25.0 (from semgrep>=1.50.0->-r requirements.txt (line 48))
#22 13.92   Downloading opentelemetry_exporter_otlp_proto_http-1.25.0-py3-none-any.whl.metadata (2.2 kB)
#22 13.96 Collecting stevedore>=1.20.0 (from bandit>=1.7.0->-r requirements.txt (line 49))
#22 13.98   Downloading stevedore-5.6.0-py3-none-any.whl.metadata (2.3 kB)
#22 14.02 Collecting termcolor (from pyshark>=0.6->-r requirements.txt (line 56))
#22 14.03   Downloading termcolor-3.3.0-py3-none-any.whl.metadata (6.5 kB)
#22 14.05 Collecting appdirs (from pyshark>=0.6->-r requirements.txt (line 56))
#22 14.06   Downloading appdirs-1.4.4-py2.py3-none-any.whl.metadata (9.0 kB)
#22 14.20 Collecting apkInspector>=1.1.7 (from androguard>=3.4.0->-r requirements.txt (line 69))
#22 14.21   Downloading apkinspector-1.3.6-py3-none-any.whl.metadata (7.0 kB)
#22 14.24 Collecting asn1crypto>=0.24.0 (from androguard>=3.4.0->-r requirements.txt (line 69))
#22 14.25   Downloading asn1crypto-1.5.1-py2.py3-none-any.whl.metadata (13 kB)
#22 14.36 Collecting dataset (from androguard>=3.4.0->-r requirements.txt (line 69))
#22 14.37   Downloading dataset-1.6.2-py2.py3-none-any.whl.metadata (1.9 kB)
#22 14.90 Collecting frida (from androguard>=3.4.0->-r requirements.txt (line 69))
#22 14.91   Downloading frida-17.5.2-cp37-abi3-manylinux_2_5_x86_64.whl.metadata (2.3 kB)
#22 14.97 Collecting ipython>=5.0.0 (from androguard>=3.4.0->-r requirements.txt (line 69))
#22 14.98   Downloading ipython-9.9.0-py3-none-any.whl.metadata (4.6 kB)
#22 15.01 Collecting loguru (from androguard>=3.4.0->-r requirements.txt (line 69))
#22 15.02   Downloading loguru-0.7.3-py3-none-any.whl.metadata (22 kB)
#22 15.15 Collecting matplotlib (from androguard>=3.4.0->-r requirements.txt (line 69))
#22 15.16   Downloading matplotlib-3.10.8-cp311-cp311-manylinux2014_x86_64.manylinux_2_17_x86_64.whl.metadata (52 kB)
#22 15.17      ÔöüÔöüÔöüÔöüÔöüÔöüÔöüÔöüÔöüÔöüÔöüÔöüÔöüÔöüÔöüÔöüÔöüÔöüÔöüÔöüÔöüÔöüÔöüÔöüÔöüÔöüÔöüÔöüÔöüÔöüÔöüÔöüÔöüÔöüÔöüÔöüÔöüÔöüÔöüÔöü 52.8/52.8 kB 25.7 MB/s eta 0:00:00
#22 15.28 Collecting mutf8 (from androguard>=3.4.0->-r requirements.txt (line 69))
#22 15.30   Downloading mutf8-1.0.6.tar.gz (6.4 kB)
#22 15.30   Preparing metadata (setup.py): started
#22 15.70   Preparing metadata (setup.py): finished with status 'done'
#22 15.74 Collecting networkx (from androguard>=3.4.0->-r requirements.txt (line 69))
#22 15.75   Downloading networkx-3.6.1-py3-none-any.whl.metadata (6.8 kB)
#22 15.77 Collecting pydot>=1.4.1 (from androguard>=3.4.0->-r requirements.txt (line 69))
#22 15.78   Downloading pydot-4.0.1-py3-none-any.whl.metadata (11 kB)
#22 15.81 Collecting pygments>=2.3.1 (from androguard>=3.4.0->-r requirements.txt (line 69))
#22 15.83   Downloading pygments-2.19.2-py3-none-any.whl.metadata (2.5 kB)
#22 15.93 Collecting bcrypt>=3.1.0 (from passlib[bcrypt]>=1.7.4->-r requirements.txt (line 12))
#22 15.94   Downloading bcrypt-5.0.0-cp39-abi3-manylinux_2_34_x86_64.whl.metadata (10 kB)
#22 15.97 Collecting email-validator>=2.0.0 (from pydantic[email]>=2.5.0->-r requirements.txt (line 13))
#22 15.99   Downloading email_validator-2.3.0-py3-none-any.whl.metadata (26 kB)
#22 16.09 Collecting pycparser (from cffi>=0.6->weasyprint>=62.0->-r requirements.txt (line 39))
#22 16.10   Downloading pycparser-2.23-py3-none-any.whl.metadata (993 bytes)
#22 16.16 Collecting webencodings (from cssselect2>=0.8.0->weasyprint>=62.0->-r requirements.txt (line 39))
#22 16.17   Downloading webencodings-0.5.1-py2.py3-none-any.whl.metadata (2.1 kB)
#22 16.21 Collecting six>=1.9.0 (from ecdsa!=0.15->python-jose>=3.3.0->python-jose[cryptography]>=3.3.0->-r requirements.txt (line 11))
#22 16.22   Downloading six-1.17.0-py2.py3-none-any.whl.metadata (1.7 kB)
#22 16.27 Collecting tzdata (from Faker>=0.7.0->factory-boy==3.3.0->-r requirements.txt (line 81))
#22 16.28   Downloading tzdata-2025.3-py2.py3-none-any.whl.metadata (1.4 kB)
#22 16.36 Collecting brotli>=1.0.1 (from fonttools[woff]>=4.59.2->weasyprint>=62.0->-r requirements.txt (line 39))
#22 16.38   Downloading brotli-1.2.0-cp311-cp311-manylinux2014_x86_64.manylinux_2_17_x86_64.whl.metadata (6.1 kB)
#22 16.43 Collecting zopfli>=0.1.4 (from fonttools[woff]>=4.59.2->weasyprint>=62.0->-r requirements.txt (line 39))
#22 16.44   Downloading zopfli-0.4.0-cp310-abi3-manylinux2014_x86_64.manylinux_2_17_x86_64.whl.metadata (3.5 kB)
#22 16.48 Collecting face>=20.1.0 (from glom~=22.1->semgrep>=1.50.0->-r requirements.txt (line 48))
#22 16.49   Downloading face-24.0.0-py3-none-any.whl.metadata (1.1 kB)
#22 16.54 Collecting pyasn1-modules>=0.2.1 (from google-auth<3.0.0,>=2.46.0->google-auth[requests]<3.0.0,>=2.46.0->google-genai>=1.0.0->-r requirements.txt (line 16))
#22 16.55   Downloading pyasn1_modules-0.4.2-py3-none-any.whl.metadata (3.5 kB)
#22 16.64 Collecting decorator>=4.3.2 (from ipython>=5.0.0->androguard>=3.4.0->-r requirements.txt (line 69))
#22 16.66   Downloading decorator-5.2.1-py3-none-any.whl.metadata (3.9 kB)
#22 16.69 Collecting ipython-pygments-lexers>=1.0.0 (from ipython>=5.0.0->androguard>=3.4.0->-r requirements.txt (line 69))
#22 16.70   Downloading ipython_pygments_lexers-1.1.1-py3-none-any.whl.metadata (1.1 kB)
#22 16.73 Collecting jedi>=0.18.1 (from ipython>=5.0.0->androguard>=3.4.0->-r requirements.txt (line 69))
#22 16.75   Downloading jedi-0.19.2-py2.py3-none-any.whl.metadata (22 kB)
#22 16.77 Collecting matplotlib-inline>=0.1.5 (from ipython>=5.0.0->androguard>=3.4.0->-r requirements.txt (line 69))
#22 16.78   Downloading matplotlib_inline-0.2.1-py3-none-any.whl.metadata (2.3 kB)
#22 16.80 Collecting pexpect>4.3 (from ipython>=5.0.0->androguard>=3.4.0->-r requirements.txt (line 69))
#22 16.82   Downloading pexpect-4.9.0-py2.py3-none-any.whl.metadata (2.5 kB)
#22 16.85 Collecting prompt_toolkit<3.1.0,>=3.0.41 (from ipython>=5.0.0->androguard>=3.4.0->-r requirements.txt (line 69))
#22 16.87   Downloading prompt_toolkit-3.0.52-py3-none-any.whl.metadata (6.4 kB)
#22 16.90 Collecting stack_data>=0.6.0 (from ipython>=5.0.0->androguard>=3.4.0->-r requirements.txt (line 69))
#22 16.91   Downloading stack_data-0.6.3-py3-none-any.whl.metadata (18 kB)
#22 16.94 Collecting traitlets>=5.13.0 (from ipython>=5.0.0->androguard>=3.4.0->-r requirements.txt (line 69))
#22 16.97   Downloading traitlets-5.14.3-py3-none-any.whl.metadata (10 kB)
#22 17.02 Collecting jsonschema-specifications>=2023.03.6 (from jsonschema>=4.20.0->mcp==1.16.0->semgrep>=1.50.0->-r requirements.txt (line 48))
#22 17.03   Downloading jsonschema_specifications-2025.9.1-py3-none-any.whl.metadata (2.9 kB)
#22 17.07 Collecting referencing>=0.28.4 (from jsonschema>=4.20.0->mcp==1.16.0->semgrep>=1.50.0->-r requirements.txt (line 48))
#22 17.08   Downloading referencing-0.37.0-py3-none-any.whl.metadata (2.8 kB)
#22 17.32 Collecting rpds-py>=0.25.0 (from jsonschema>=4.20.0->mcp==1.16.0->semgrep>=1.50.0->-r requirements.txt (line 48))
#22 17.33   Downloading rpds_py-0.30.0-cp311-cp311-manylinux_2_17_x86_64.manylinux2014_x86_64.whl.metadata (4.1 kB)
#22 17.41 Collecting deprecated>=1.2.6 (from opentelemetry-api~=1.25.0->semgrep>=1.50.0->-r requirements.txt (line 48))
#22 17.42   Downloading deprecated-1.3.1-py2.py3-none-any.whl.metadata (5.9 kB)
#22 17.47 Collecting importlib-metadata<=7.1,>=6.0 (from opentelemetry-api~=1.25.0->semgrep>=1.50.0->-r requirements.txt (line 48))
#22 17.48   Downloading importlib_metadata-7.1.0-py3-none-any.whl.metadata (4.7 kB)
#22 17.53 Collecting googleapis-common-protos~=1.52 (from opentelemetry-exporter-otlp-proto-http~=1.25.0->semgrep>=1.50.0->-r requirements.txt (line 48))
#22 17.55   Downloading googleapis_common_protos-1.72.0-py3-none-any.whl.metadata (9.4 kB)
#22 17.58 Collecting opentelemetry-exporter-otlp-proto-common==1.25.0 (from opentelemetry-exporter-otlp-proto-http~=1.25.0->semgrep>=1.50.0->-r requirements.txt (line 48))
#22 17.59   Downloading opentelemetry_exporter_otlp_proto_common-1.25.0-py3-none-any.whl.metadata (1.7 kB)
#22 17.62 Collecting opentelemetry-proto==1.25.0 (from opentelemetry-exporter-otlp-proto-http~=1.25.0->semgrep>=1.50.0->-r requirements.txt (line 48))
#22 17.63   Downloading opentelemetry_proto-1.25.0-py3-none-any.whl.metadata (2.2 kB)
#22 17.81 Collecting protobuf<5.0,>=3.19 (from opentelemetry-proto==1.25.0->opentelemetry-exporter-otlp-proto-http~=1.25.0->semgrep>=1.50.0->-r requirements.txt (line 48))
#22 17.82   Downloading protobuf-4.25.8-cp37-abi3-manylinux2014_x86_64.whl.metadata (541 bytes)
#22 17.86 Collecting opentelemetry-instrumentation==0.60b1 (from opentelemetry-instrumentation-requests~=0.58b0->semgrep>=1.50.0->-r requirements.txt (line 48))
#22 17.88   Downloading opentelemetry_instrumentation-0.60b1-py3-none-any.whl.metadata (7.2 kB)
#22 17.91 Collecting opentelemetry-semantic-conventions==0.60b1 (from opentelemetry-instrumentation-requests~=0.58b0->semgrep>=1.50.0->-r requirements.txt (line 48))
#22 17.92   Downloading opentelemetry_semantic_conventions-0.60b1-py3-none-any.whl.metadata (2.4 kB)
#22 17.95 Collecting opentelemetry-util-http==0.60b1 (from opentelemetry-instrumentation-requests~=0.58b0->semgrep>=1.50.0->-r requirements.txt (line 48))
#22 17.96   Downloading opentelemetry_util_http-0.60b1-py3-none-any.whl.metadata (2.6 kB)
#22 18.11 Collecting wrapt<2.0.0,>=1.0.0 (from opentelemetry-instrumentation==0.60b1->opentelemetry-instrumentation-requests~=0.58b0->semgrep>=1.50.0->-r requirements.txt (line 48))
#22 18.12   Downloading wrapt-1.17.3-cp311-cp311-manylinux1_x86_64.manylinux_2_28_x86_64.manylinux_2_5_x86_64.whl.metadata (6.4 kB)
#22 18.14 INFO: pip is looking at multiple versions of opentelemetry-semantic-conventions to determine which version is compatible with other requirements. This could take a while.
#22 18.15 Collecting opentelemetry-instrumentation-requests~=0.46b0 (from semgrep>=1.50.0->-r requirements.txt (line 48))
#22 18.16   Downloading opentelemetry_instrumentation_requests-0.60b0-py3-none-any.whl.metadata (2.6 kB)
#22 18.17 Collecting opentelemetry-instrumentation==0.60b0 (from opentelemetry-instrumentation-requests~=0.46b0->semgrep>=1.50.0->-r requirements.txt (line 48))
#22 18.19   Downloading opentelemetry_instrumentation-0.60b0-py3-none-any.whl.metadata (7.2 kB)
#22 18.20 Collecting opentelemetry-semantic-conventions==0.60b0 (from opentelemetry-instrumentation-requests~=0.46b0->semgrep>=1.50.0->-r requirements.txt (line 48))
#22 18.21   Downloading opentelemetry_semantic_conventions-0.60b0-py3-none-any.whl.metadata (2.4 kB)
#22 18.22 Collecting opentelemetry-util-http==0.60b0 (from opentelemetry-instrumentation-requests~=0.46b0->semgrep>=1.50.0->-r requirements.txt (line 48))
#22 18.23   Downloading opentelemetry_util_http-0.60b0-py3-none-any.whl.metadata (2.6 kB)
#22 18.26 Collecting opentelemetry-instrumentation-requests~=0.46b0 (from semgrep>=1.50.0->-r requirements.txt (line 48))
#22 18.28   Downloading opentelemetry_instrumentation_requests-0.59b0-py3-none-any.whl.metadata (2.6 kB)
#22 18.29 Collecting opentelemetry-instrumentation==0.59b0 (from opentelemetry-instrumentation-requests~=0.46b0->semgrep>=1.50.0->-r requirements.txt (line 48))
#22 18.30   Downloading opentelemetry_instrumentation-0.59b0-py3-none-any.whl.metadata (7.1 kB)
#22 18.31 Collecting opentelemetry-semantic-conventions==0.59b0 (from opentelemetry-instrumentation-requests~=0.46b0->semgrep>=1.50.0->-r requirements.txt (line 48))
#22 18.32   Downloading opentelemetry_semantic_conventions-0.59b0-py3-none-any.whl.metadata (2.4 kB)
#22 18.33 Collecting opentelemetry-util-http==0.59b0 (from opentelemetry-instrumentation-requests~=0.46b0->semgrep>=1.50.0->-r requirements.txt (line 48))
#22 18.36   Downloading opentelemetry_util_http-0.59b0-py3-none-any.whl.metadata (2.6 kB)
#22 18.39 Collecting opentelemetry-instrumentation-requests~=0.46b0 (from semgrep>=1.50.0->-r requirements.txt (line 48))
#22 18.41   Downloading opentelemetry_instrumentation_requests-0.58b0-py3-none-any.whl.metadata (2.6 kB)
#22 18.42 Collecting opentelemetry-instrumentation==0.58b0 (from opentelemetry-instrumentation-requests~=0.46b0->semgrep>=1.50.0->-r requirements.txt (line 48))
#22 18.43   Downloading opentelemetry_instrumentation-0.58b0-py3-none-any.whl.metadata (7.1 kB)
#22 18.44 Collecting opentelemetry-semantic-conventions==0.58b0 (from opentelemetry-instrumentation-requests~=0.46b0->semgrep>=1.50.0->-r requirements.txt (line 48))
#22 18.46   Downloading opentelemetry_semantic_conventions-0.58b0-py3-none-any.whl.metadata (2.4 kB)
#22 18.46 Collecting opentelemetry-util-http==0.58b0 (from opentelemetry-instrumentation-requests~=0.46b0->semgrep>=1.50.0->-r requirements.txt (line 48))
#22 18.48   Downloading opentelemetry_util_http-0.58b0-py3-none-any.whl.metadata (2.6 kB)
#22 18.51 Collecting opentelemetry-instrumentation-requests~=0.46b0 (from semgrep>=1.50.0->-r requirements.txt (line 48))
#22 18.52   Downloading opentelemetry_instrumentation_requests-0.57b0-py3-none-any.whl.metadata (2.6 kB)
#22 18.53 Collecting opentelemetry-instrumentation==0.57b0 (from opentelemetry-instrumentation-requests~=0.46b0->semgrep>=1.50.0->-r requirements.txt (line 48))
#22 18.55   Downloading opentelemetry_instrumentation-0.57b0-py3-none-any.whl.metadata (6.7 kB)
#22 18.55 Collecting opentelemetry-semantic-conventions==0.57b0 (from opentelemetry-instrumentation-requests~=0.46b0->semgrep>=1.50.0->-r requirements.txt (line 48))
#22 18.57   Downloading opentelemetry_semantic_conventions-0.57b0-py3-none-any.whl.metadata (2.4 kB)
#22 18.57 Collecting opentelemetry-util-http==0.57b0 (from opentelemetry-instrumentation-requests~=0.46b0->semgrep>=1.50.0->-r requirements.txt (line 48))
#22 18.59   Downloading opentelemetry_util_http-0.57b0-py3-none-any.whl.metadata (2.6 kB)
#22 18.62 Collecting opentelemetry-instrumentation-requests~=0.46b0 (from semgrep>=1.50.0->-r requirements.txt (line 48))
#22 18.64   Downloading opentelemetry_instrumentation_requests-0.56b0-py3-none-any.whl.metadata (2.6 kB)
#22 18.65 Collecting opentelemetry-instrumentation==0.56b0 (from opentelemetry-instrumentation-requests~=0.46b0->semgrep>=1.50.0->-r requirements.txt (line 48))
#22 18.66   Downloading opentelemetry_instrumentation-0.56b0-py3-none-any.whl.metadata (6.7 kB)
#22 18.67 Collecting opentelemetry-semantic-conventions==0.56b0 (from opentelemetry-instrumentation-requests~=0.46b0->semgrep>=1.50.0->-r requirements.txt (line 48))
#22 18.68   Downloading opentelemetry_semantic_conventions-0.56b0-py3-none-any.whl.metadata (2.4 kB)
#22 18.69 Collecting opentelemetry-util-http==0.56b0 (from opentelemetry-instrumentation-requests~=0.46b0->semgrep>=1.50.0->-r requirements.txt (line 48))
#22 18.71   Downloading opentelemetry_util_http-0.56b0-py3-none-any.whl.metadata (2.6 kB)
#22 18.74 Collecting opentelemetry-instrumentation-requests~=0.46b0 (from semgrep>=1.50.0->-r requirements.txt (line 48))
#22 18.75   Downloading opentelemetry_instrumentation_requests-0.55b1-py3-none-any.whl.metadata (2.6 kB)
#22 18.76 Collecting opentelemetry-instrumentation==0.55b1 (from opentelemetry-instrumentation-requests~=0.46b0->semgrep>=1.50.0->-r requirements.txt (line 48))
#22 18.78   Downloading opentelemetry_instrumentation-0.55b1-py3-none-any.whl.metadata (6.7 kB)
#22 18.79 Collecting opentelemetry-semantic-conventions==0.55b1 (from opentelemetry-instrumentation-requests~=0.46b0->semgrep>=1.50.0->-r requirements.txt (line 48))
#22 18.80   Downloading opentelemetry_semantic_conventions-0.55b1-py3-none-any.whl.metadata (2.5 kB)
#22 18.81 Collecting opentelemetry-util-http==0.55b1 (from opentelemetry-instrumentation-requests~=0.46b0->semgrep>=1.50.0->-r requirements.txt (line 48))
#22 18.82   Downloading opentelemetry_util_http-0.55b1-py3-none-any.whl.metadata (2.6 kB)
#22 18.85 Collecting opentelemetry-instrumentation-requests~=0.46b0 (from semgrep>=1.50.0->-r requirements.txt (line 48))
#22 18.87   Downloading opentelemetry_instrumentation_requests-0.55b0-py3-none-any.whl.metadata (2.6 kB)
#22 18.88 Collecting opentelemetry-instrumentation==0.55b0 (from opentelemetry-instrumentation-requests~=0.46b0->semgrep>=1.50.0->-r requirements.txt (line 48))
#22 18.90   Downloading opentelemetry_instrumentation-0.55b0-py3-none-any.whl.metadata (6.7 kB)
#22 18.90 Collecting opentelemetry-semantic-conventions==0.55b0 (from opentelemetry-instrumentation-requests~=0.46b0->semgrep>=1.50.0->-r requirements.txt (line 48))
#22 18.92   Downloading opentelemetry_semantic_conventions-0.55b0-py3-none-any.whl.metadata (2.5 kB)
#22 18.92 Collecting opentelemetry-util-http==0.55b0 (from opentelemetry-instrumentation-requests~=0.46b0->semgrep>=1.50.0->-r requirements.txt (line 48))
#22 18.94   Downloading opentelemetry_util_http-0.55b0-py3-none-any.whl.metadata (2.6 kB)
#22 18.96 INFO: pip is still looking at multiple versions of opentelemetry-semantic-conventions to determine which version is compatible with other requirements. This could take a while.
#22 18.97 Collecting opentelemetry-instrumentation-requests~=0.46b0 (from semgrep>=1.50.0->-r requirements.txt (line 48))
#22 18.98   Downloading opentelemetry_instrumentation_requests-0.54b1-py3-none-any.whl.metadata (2.7 kB)
#22 19.00 Collecting opentelemetry-instrumentation==0.54b1 (from opentelemetry-instrumentation-requests~=0.46b0->semgrep>=1.50.0->-r requirements.txt (line 48))
#22 19.01   Downloading opentelemetry_instrumentation-0.54b1-py3-none-any.whl.metadata (6.8 kB)
#22 19.02 Collecting opentelemetry-semantic-conventions==0.54b1 (from opentelemetry-instrumentation-requests~=0.46b0->semgrep>=1.50.0->-r requirements.txt (line 48))
#22 19.03   Downloading opentelemetry_semantic_conventions-0.54b1-py3-none-any.whl.metadata (2.5 kB)
#22 19.04 Collecting opentelemetry-util-http==0.54b1 (from opentelemetry-instrumentation-requests~=0.46b0->semgrep>=1.50.0->-r requirements.txt (line 48))
#22 19.05   Downloading opentelemetry_util_http-0.54b1-py3-none-any.whl.metadata (2.6 kB)
#22 19.08 Collecting opentelemetry-instrumentation-requests~=0.46b0 (from semgrep>=1.50.0->-r requirements.txt (line 48))
#22 19.10   Downloading opentelemetry_instrumentation_requests-0.54b0-py3-none-any.whl.metadata (2.7 kB)
#22 19.11 Collecting opentelemetry-instrumentation==0.54b0 (from opentelemetry-instrumentation-requests~=0.46b0->semgrep>=1.50.0->-r requirements.txt (line 48))
#22 19.12   Downloading opentelemetry_instrumentation-0.54b0-py3-none-any.whl.metadata (6.8 kB)
#22 19.13 Collecting opentelemetry-semantic-conventions==0.54b0 (from opentelemetry-instrumentation-requests~=0.46b0->semgrep>=1.50.0->-r requirements.txt (line 48))
#22 19.15   Downloading opentelemetry_semantic_conventions-0.54b0-py3-none-any.whl.metadata (2.5 kB)
#22 19.15 Collecting opentelemetry-util-http==0.54b0 (from opentelemetry-instrumentation-requests~=0.46b0->semgrep>=1.50.0->-r requirements.txt (line 48))
#22 19.17   Downloading opentelemetry_util_http-0.54b0-py3-none-any.whl.metadata (2.6 kB)
#22 19.20 Collecting opentelemetry-instrumentation-requests~=0.46b0 (from semgrep>=1.50.0->-r requirements.txt (line 48))
#22 19.22   Downloading opentelemetry_instrumentation_requests-0.53b1-py3-none-any.whl.metadata (2.7 kB)
#22 19.23 Collecting opentelemetry-instrumentation==0.53b1 (from opentelemetry-instrumentation-requests~=0.46b0->semgrep>=1.50.0->-r requirements.txt (line 48))
#22 19.24   Downloading opentelemetry_instrumentation-0.53b1-py3-none-any.whl.metadata (6.8 kB)
#22 19.25 Collecting opentelemetry-semantic-conventions==0.53b1 (from opentelemetry-instrumentation-requests~=0.46b0->semgrep>=1.50.0->-r requirements.txt (line 48))
#22 19.27   Downloading opentelemetry_semantic_conventions-0.53b1-py3-none-any.whl.metadata (2.5 kB)
#22 19.28 Collecting opentelemetry-util-http==0.53b1 (from opentelemetry-instrumentation-requests~=0.46b0->semgrep>=1.50.0->-r requirements.txt (line 48))
#22 19.29   Downloading opentelemetry_util_http-0.53b1-py3-none-any.whl.metadata (2.6 kB)
#22 19.32 Collecting opentelemetry-instrumentation-requests~=0.46b0 (from semgrep>=1.50.0->-r requirements.txt (line 48))
#22 19.33   Downloading opentelemetry_instrumentation_requests-0.53b0-py3-none-any.whl.metadata (2.7 kB)
#22 19.35 Collecting opentelemetry-instrumentation==0.53b0 (from opentelemetry-instrumentation-requests~=0.46b0->semgrep>=1.50.0->-r requirements.txt (line 48))
#22 19.36   Downloading opentelemetry_instrumentation-0.53b0-py3-none-any.whl.metadata (6.8 kB)
#22 19.37 Collecting opentelemetry-semantic-conventions==0.53b0 (from opentelemetry-instrumentation-requests~=0.46b0->semgrep>=1.50.0->-r requirements.txt (line 48))
#22 19.38   Downloading opentelemetry_semantic_conventions-0.53b0-py3-none-any.whl.metadata (2.5 kB)
#22 19.39 Collecting opentelemetry-util-http==0.53b0 (from opentelemetry-instrumentation-requests~=0.46b0->semgrep>=1.50.0->-r requirements.txt (line 48))
#22 19.40   Downloading opentelemetry_util_http-0.53b0-py3-none-any.whl.metadata (2.6 kB)
#22 19.43 Collecting opentelemetry-instrumentation-requests~=0.46b0 (from semgrep>=1.50.0->-r requirements.txt (line 48))
#22 19.44   Downloading opentelemetry_instrumentation_requests-0.52b1-py3-none-any.whl.metadata (2.7 kB)
#22 19.46 Collecting opentelemetry-instrumentation==0.52b1 (from opentelemetry-instrumentation-requests~=0.46b0->semgrep>=1.50.0->-r requirements.txt (line 48))
#22 19.47   Downloading opentelemetry_instrumentation-0.52b1-py3-none-any.whl.metadata (6.8 kB)
#22 19.48 Collecting opentelemetry-semantic-conventions==0.52b1 (from opentelemetry-instrumentation-requests~=0.46b0->semgrep>=1.50.0->-r requirements.txt (line 48))
#22 19.49   Downloading opentelemetry_semantic_conventions-0.52b1-py3-none-any.whl.metadata (2.5 kB)
#22 19.50 Collecting opentelemetry-util-http==0.52b1 (from opentelemetry-instrumentation-requests~=0.46b0->semgrep>=1.50.0->-r requirements.txt (line 48))
#22 19.51   Downloading opentelemetry_util_http-0.52b1-py3-none-any.whl.metadata (2.6 kB)
#22 19.54 INFO: This is taking longer than usual. You might need to provide the dependency resolver with stricter constraints to reduce runtime. See https://pip.pypa.io/warnings/backtracking for guidance. If you want to abort this run, press Ctrl + C.
#22 19.55 Collecting opentelemetry-instrumentation-requests~=0.46b0 (from semgrep>=1.50.0->-r requirements.txt (line 48))
#22 19.56   Downloading opentelemetry_instrumentation_requests-0.52b0-py3-none-any.whl.metadata (2.7 kB)
#22 19.57 Collecting opentelemetry-instrumentation==0.52b0 (from opentelemetry-instrumentation-requests~=0.46b0->semgrep>=1.50.0->-r requirements.txt (line 48))
#22 19.59   Downloading opentelemetry_instrumentation-0.52b0-py3-none-any.whl.metadata (6.8 kB)
#22 19.59 Collecting opentelemetry-semantic-conventions==0.52b0 (from opentelemetry-instrumentation-requests~=0.46b0->semgrep>=1.50.0->-r requirements.txt (line 48))
#22 19.61   Downloading opentelemetry_semantic_conventions-0.52b0-py3-none-any.whl.metadata (2.5 kB)
#22 19.61 Collecting opentelemetry-util-http==0.52b0 (from opentelemetry-instrumentation-requests~=0.46b0->semgrep>=1.50.0->-r requirements.txt (line 48))
#22 19.63   Downloading opentelemetry_util_http-0.52b0-py3-none-any.whl.metadata (2.6 kB)
#22 19.66 Collecting opentelemetry-instrumentation-requests~=0.46b0 (from semgrep>=1.50.0->-r requirements.txt (line 48))
#22 19.68   Downloading opentelemetry_instrumentation_requests-0.51b0-py3-none-any.whl.metadata (2.7 kB)
#22 19.69 Collecting opentelemetry-instrumentation==0.51b0 (from opentelemetry-instrumentation-requests~=0.46b0->semgrep>=1.50.0->-r requirements.txt (line 48))
#22 19.70   Downloading opentelemetry_instrumentation-0.51b0-py3-none-any.whl.metadata (6.3 kB)
#22 19.71 Collecting opentelemetry-semantic-conventions==0.51b0 (from opentelemetry-instrumentation-requests~=0.46b0->semgrep>=1.50.0->-r requirements.txt (line 48))
#22 19.73   Downloading opentelemetry_semantic_conventions-0.51b0-py3-none-any.whl.metadata (2.5 kB)
#22 19.73 Collecting opentelemetry-util-http==0.51b0 (from opentelemetry-instrumentation-requests~=0.46b0->semgrep>=1.50.0->-r requirements.txt (line 48))
#22 19.74   Downloading opentelemetry_util_http-0.51b0-py3-none-any.whl.metadata (2.6 kB)
#22 19.78 Collecting opentelemetry-instrumentation-requests~=0.46b0 (from semgrep>=1.50.0->-r requirements.txt (line 48))
#22 19.79   Downloading opentelemetry_instrumentation_requests-0.50b0-py3-none-any.whl.metadata (2.5 kB)
#22 19.81 Collecting opentelemetry-instrumentation==0.50b0 (from opentelemetry-instrumentation-requests~=0.46b0->semgrep>=1.50.0->-r requirements.txt (line 48))
#22 19.82   Downloading opentelemetry_instrumentation-0.50b0-py3-none-any.whl.metadata (6.1 kB)
#22 19.83 Collecting opentelemetry-semantic-conventions==0.50b0 (from opentelemetry-instrumentation-requests~=0.46b0->semgrep>=1.50.0->-r requirements.txt (line 48))
#22 19.85   Downloading opentelemetry_semantic_conventions-0.50b0-py3-none-any.whl.metadata (2.3 kB)
#22 19.85 Collecting opentelemetry-util-http==0.50b0 (from opentelemetry-instrumentation-requests~=0.46b0->semgrep>=1.50.0->-r requirements.txt (line 48))
#22 19.87   Downloading opentelemetry_util_http-0.50b0-py3-none-any.whl.metadata (2.5 kB)
#22 19.90 Collecting opentelemetry-instrumentation-requests~=0.46b0 (from semgrep>=1.50.0->-r requirements.txt (line 48))
#22 19.91   Downloading opentelemetry_instrumentation_requests-0.49b2-py3-none-any.whl.metadata (2.5 kB)
#22 19.93 Collecting opentelemetry-instrumentation==0.49b2 (from opentelemetry-instrumentation-requests~=0.46b0->semgrep>=1.50.0->-r requirements.txt (line 48))
#22 19.94   Downloading opentelemetry_instrumentation-0.49b2-py3-none-any.whl.metadata (6.1 kB)
#22 19.95 Collecting opentelemetry-semantic-conventions==0.49b2 (from opentelemetry-instrumentation-requests~=0.46b0->semgrep>=1.50.0->-r requirements.txt (line 48))
#22 19.96   Downloading opentelemetry_semantic_conventions-0.49b2-py3-none-any.whl.metadata (2.3 kB)
#22 19.97 Collecting opentelemetry-util-http==0.49b2 (from opentelemetry-instrumentation-requests~=0.46b0->semgrep>=1.50.0->-r requirements.txt (line 48))
#22 19.98   Downloading opentelemetry_util_http-0.49b2-py3-none-any.whl.metadata (2.5 kB)
#22 20.02 Collecting opentelemetry-instrumentation-requests~=0.46b0 (from semgrep>=1.50.0->-r requirements.txt (line 48))
#22 20.03   Downloading opentelemetry_instrumentation_requests-0.49b1-py3-none-any.whl.metadata (2.5 kB)
#22 20.04 Collecting opentelemetry-instrumentation==0.49b1 (from opentelemetry-instrumentation-requests~=0.46b0->semgrep>=1.50.0->-r requirements.txt (line 48))
#22 20.05   Downloading opentelemetry_instrumentation-0.49b1-py3-none-any.whl.metadata (6.2 kB)
#22 20.06 Collecting opentelemetry-semantic-conventions==0.49b1 (from opentelemetry-instrumentation-requests~=0.46b0->semgrep>=1.50.0->-r requirements.txt (line 48))
#22 20.08   Downloading opentelemetry_semantic_conventions-0.49b1-py3-none-any.whl.metadata (2.4 kB)
#22 20.09 Collecting opentelemetry-util-http==0.49b1 (from opentelemetry-instrumentation-requests~=0.46b0->semgrep>=1.50.0->-r requirements.txt (line 48))
#22 20.10   Downloading opentelemetry_util_http-0.49b1-py3-none-any.whl.metadata (2.5 kB)
#22 20.14 Collecting opentelemetry-instrumentation-requests~=0.46b0 (from semgrep>=1.50.0->-r requirements.txt (line 48))
#22 20.16   Downloading opentelemetry_instrumentation_requests-0.49b0-py3-none-any.whl.metadata (2.5 kB)
#22 20.17 Collecting opentelemetry-instrumentation==0.49b0 (from opentelemetry-instrumentation-requests~=0.46b0->semgrep>=1.50.0->-r requirements.txt (line 48))
#22 20.19   Downloading opentelemetry_instrumentation-0.49b0-py3-none-any.whl.metadata (6.2 kB)
#22 20.20 Collecting opentelemetry-semantic-conventions==0.49b0 (from opentelemetry-instrumentation-requests~=0.46b0->semgrep>=1.50.0->-r requirements.txt (line 48))
#22 20.21   Downloading opentelemetry_semantic_conventions-0.49b0-py3-none-any.whl.metadata (2.4 kB)
#22 20.22 Collecting opentelemetry-util-http==0.49b0 (from opentelemetry-instrumentation-requests~=0.46b0->semgrep>=1.50.0->-r requirements.txt (line 48))
#22 20.23   Downloading opentelemetry_util_http-0.49b0-py3-none-any.whl.metadata (2.5 kB)
#22 20.27 Collecting opentelemetry-instrumentation-requests~=0.46b0 (from semgrep>=1.50.0->-r requirements.txt (line 48))
#22 20.28   Downloading opentelemetry_instrumentation_requests-0.48b0-py3-none-any.whl.metadata (2.5 kB)
#22 20.30 Collecting opentelemetry-instrumentation==0.48b0 (from opentelemetry-instrumentation-requests~=0.46b0->semgrep>=1.50.0->-r requirements.txt (line 48))
#22 20.31   Downloading opentelemetry_instrumentation-0.48b0-py3-none-any.whl.metadata (6.1 kB)
#22 20.32 Collecting opentelemetry-semantic-conventions==0.48b0 (from opentelemetry-instrumentation-requests~=0.46b0->semgrep>=1.50.0->-r requirements.txt (line 48))
#22 20.33   Downloading opentelemetry_semantic_conventions-0.48b0-py3-none-any.whl.metadata (2.4 kB)
#22 20.34 Collecting opentelemetry-util-http==0.48b0 (from opentelemetry-instrumentation-requests~=0.46b0->semgrep>=1.50.0->-r requirements.txt (line 48))
#22 20.35   Downloading opentelemetry_util_http-0.48b0-py3-none-any.whl.metadata (2.5 kB)
#22 20.36 Requirement already satisfied: setuptools>=16.0 in /usr/local/lib/python3.11/site-packages (from opentelemetry-instrumentation==0.48b0->opentelemetry-instrumentation-requests~=0.46b0->semgrep>=1.50.0->-r requirements.txt (line 48)) (79.0.1)
#22 20.39 Collecting opentelemetry-instrumentation-requests~=0.46b0 (from semgrep>=1.50.0->-r requirements.txt (line 48))
#22 20.40   Downloading opentelemetry_instrumentation_requests-0.47b0-py3-none-any.whl.metadata (2.5 kB)
#22 20.42 Collecting opentelemetry-instrumentation==0.47b0 (from opentelemetry-instrumentation-requests~=0.46b0->semgrep>=1.50.0->-r requirements.txt (line 48))
#22 20.43   Downloading opentelemetry_instrumentation-0.47b0-py3-none-any.whl.metadata (6.1 kB)
#22 20.44 Collecting opentelemetry-semantic-conventions==0.47b0 (from opentelemetry-instrumentation-requests~=0.46b0->semgrep>=1.50.0->-r requirements.txt (line 48))
#22 20.45   Downloading opentelemetry_semantic_conventions-0.47b0-py3-none-any.whl.metadata (2.4 kB)
#22 20.46 Collecting opentelemetry-util-http==0.47b0 (from opentelemetry-instrumentation-requests~=0.46b0->semgrep>=1.50.0->-r requirements.txt (line 48))
#22 20.47   Downloading opentelemetry_util_http-0.47b0-py3-none-any.whl.metadata (2.5 kB)
#22 20.50 Collecting opentelemetry-instrumentation-requests~=0.46b0 (from semgrep>=1.50.0->-r requirements.txt (line 48))
#22 20.52   Downloading opentelemetry_instrumentation_requests-0.46b0-py3-none-any.whl.metadata (2.5 kB)
#22 20.53 Collecting opentelemetry-instrumentation==0.46b0 (from opentelemetry-instrumentation-requests~=0.46b0->semgrep>=1.50.0->-r requirements.txt (line 48))
#22 20.55   Downloading opentelemetry_instrumentation-0.46b0-py3-none-any.whl.metadata (6.1 kB)
#22 20.56 Collecting opentelemetry-semantic-conventions==0.46b0 (from opentelemetry-instrumentation-requests~=0.46b0->semgrep>=1.50.0->-r requirements.txt (line 48))
#22 20.57   Downloading opentelemetry_semantic_conventions-0.46b0-py3-none-any.whl.metadata (2.3 kB)
#22 20.58 Collecting opentelemetry-util-http==0.46b0 (from opentelemetry-instrumentation-requests~=0.46b0->semgrep>=1.50.0->-r requirements.txt (line 48))
#22 20.60   Downloading opentelemetry_util_http-0.46b0-py3-none-any.whl.metadata (2.4 kB)
#22 20.75 Collecting pyparsing>=3.1.0 (from pydot>=1.4.1->androguard>=3.4.0->-r requirements.txt (line 69))
#22 20.76   Downloading pyparsing-3.3.1-py3-none-any.whl.metadata (5.6 kB)
#22 20.90 Collecting charset_normalizer<4,>=2 (from requests<3.0.0,>=2.28.1->google-genai>=1.0.0->-r requirements.txt (line 16))
#22 20.91   Downloading charset_normalizer-3.4.4-cp311-cp311-manylinux2014_x86_64.manylinux_2_17_x86_64.manylinux_2_28_x86_64.whl.metadata (37 kB)
#22 21.16 Collecting markdown-it-py>=2.2.0 (from rich~=13.5.2->semgrep>=1.50.0->-r requirements.txt (line 48))
#22 21.17   Downloading markdown_it_py-4.0.0-py3-none-any.whl.metadata (7.3 kB)
#22 21.38 Collecting bracex>=2.1.1 (from wcmatch~=8.3->semgrep>=1.50.0->-r requirements.txt (line 48))
#22 21.39   Downloading bracex-2.6-py3-none-any.whl.metadata (3.6 kB)
#22 21.46 INFO: pip is looking at multiple versions of dataset to determine which version is compatible with other requirements. This could take a while.
#22 21.47 Collecting dataset (from androguard>=3.4.0->-r requirements.txt (line 69))
#22 21.48   Downloading dataset-1.6.0-py2.py3-none-any.whl.metadata (1.9 kB)
#22 21.51   Downloading dataset-1.5.2-py2.py3-none-any.whl.metadata (1.9 kB)
#22 21.63 Collecting banal>=1.0.1 (from dataset->androguard>=3.4.0->-r requirements.txt (line 69))
#22 21.65   Downloading banal-1.0.6-py2.py3-none-any.whl.metadata (1.4 kB)
#22 21.78 Collecting MarkupSafe>=0.9.2 (from Mako->alembic==1.12.0->-r requirements.txt (line 22))
#22 21.79   Downloading markupsafe-3.0.3-cp311-cp311-manylinux2014_x86_64.manylinux_2_17_x86_64.manylinux_2_28_x86_64.whl.metadata (2.7 kB)
#22 21.88 Collecting contourpy>=1.0.1 (from matplotlib->androguard>=3.4.0->-r requirements.txt (line 69))
#22 21.89   Downloading contourpy-1.3.3-cp311-cp311-manylinux_2_27_x86_64.manylinux_2_28_x86_64.whl.metadata (5.5 kB)
#22 21.92 Collecting cycler>=0.10 (from matplotlib->androguard>=3.4.0->-r requirements.txt (line 69))
#22 21.93   Downloading cycler-0.12.1-py3-none-any.whl.metadata (3.8 kB)
#22 21.99 Collecting kiwisolver>=1.3.1 (from matplotlib->androguard>=3.4.0->-r requirements.txt (line 69))
#22 22.01   Downloading kiwisolver-1.4.9-cp311-cp311-manylinux2014_x86_64.manylinux_2_17_x86_64.whl.metadata (6.3 kB)
#22 22.05 Collecting python-dateutil>=2.7 (from matplotlib->androguard>=3.4.0->-r requirements.txt (line 69))
#22 22.06   Downloading python_dateutil-2.9.0.post0-py2.py3-none-any.whl.metadata (8.4 kB)
#22 22.34 Collecting zipp>=0.5 (from importlib-metadata<=7.1,>=6.0->opentelemetry-api~=1.25.0->semgrep>=1.50.0->-r requirements.txt (line 48))
#22 22.36   Downloading zipp-3.23.0-py3-none-any.whl.metadata (3.6 kB)
#22 22.42 Collecting parso<0.9.0,>=0.8.4 (from jedi>=0.18.1->ipython>=5.0.0->androguard>=3.4.0->-r requirements.txt (line 69))
#22 22.44   Downloading parso-0.8.5-py2.py3-none-any.whl.metadata (8.3 kB)
#22 22.52 Collecting mdurl~=0.1 (from markdown-it-py>=2.2.0->rich~=13.5.2->semgrep>=1.50.0->-r requirements.txt (line 48))
#22 22.53   Downloading mdurl-0.1.2-py3-none-any.whl.metadata (1.6 kB)
#22 22.59 Collecting ptyprocess>=0.5 (from pexpect>4.3->ipython>=5.0.0->androguard>=3.4.0->-r requirements.txt (line 69))
#22 22.61   Downloading ptyprocess-0.7.0-py2.py3-none-any.whl.metadata (1.3 kB)
#22 22.64 Collecting wcwidth (from prompt_toolkit<3.1.0,>=3.0.41->ipython>=5.0.0->androguard>=3.4.0->-r requirements.txt (line 69))
#22 22.66   Downloading wcwidth-0.2.14-py2.py3-none-any.whl.metadata (15 kB)
#22 22.80 Collecting executing>=1.2.0 (from stack_data>=0.6.0->ipython>=5.0.0->androguard>=3.4.0->-r requirements.txt (line 69))
#22 22.81   Downloading executing-2.2.1-py2.py3-none-any.whl.metadata (8.9 kB)
#22 22.84 Collecting asttokens>=2.1.0 (from stack_data>=0.6.0->ipython>=5.0.0->androguard>=3.4.0->-r requirements.txt (line 69))
#22 22.85   Downloading asttokens-3.0.1-py3-none-any.whl.metadata (4.9 kB)
#22 22.87 Collecting pure-eval (from stack_data>=0.6.0->ipython>=5.0.0->androguard>=3.4.0->-r requirements.txt (line 69))
#22 22.89   Downloading pure_eval-0.2.3-py3-none-any.whl.metadata (6.3 kB)
#22 23.17 Downloading fastapi-0.110.0-py3-none-any.whl (92 kB)
#22 23.18    ÔöüÔöüÔöüÔöüÔöüÔöüÔöüÔöüÔöüÔöüÔöüÔöüÔöüÔöüÔöüÔöüÔöüÔöüÔöüÔöüÔöüÔöüÔöüÔöüÔöüÔöüÔöüÔöüÔöüÔöüÔöüÔöüÔöüÔöüÔöüÔöüÔöüÔöüÔöüÔöü 92.1/92.1 kB 16.9 MB/s eta 0:00:00
#22 23.19 Downloading uvicorn-0.29.0-py3-none-any.whl (60 kB)
#22 23.20    ÔöüÔöüÔöüÔöüÔöüÔöüÔöüÔöüÔöüÔöüÔöüÔöüÔöüÔöüÔöüÔöüÔöüÔöüÔöüÔöüÔöüÔöüÔöüÔöüÔöüÔöüÔöüÔöüÔöüÔöüÔöüÔöüÔöüÔöüÔöüÔöüÔöüÔöüÔöüÔöü 60.8/60.8 kB 23.8 MB/s eta 0:00:00
#22 23.21 Downloading pydantic-2.5.0-py3-none-any.whl (407 kB)
#22 23.26    ÔöüÔöüÔöüÔöüÔöüÔöüÔöüÔöüÔöüÔöüÔöüÔöüÔöüÔöüÔöüÔöüÔöüÔöüÔöüÔöüÔöüÔöüÔöüÔöüÔöüÔöüÔöüÔöüÔöüÔöüÔöüÔöüÔöüÔöüÔöüÔöüÔöüÔöüÔöüÔöü 407.5/407.5 kB 9.7 MB/s eta 0:00:00
#22 23.27 Downloading pydantic_settings-2.1.0-py3-none-any.whl (11 kB)
#22 23.29 Downloading python_multipart-0.0.6-py3-none-any.whl (45 kB)
#22 23.29    ÔöüÔöüÔöüÔöüÔöüÔöüÔöüÔöüÔöüÔöüÔöüÔöüÔöüÔöüÔöüÔöüÔöüÔöüÔöüÔöüÔöüÔöüÔöüÔöüÔöüÔöüÔöüÔöüÔöüÔöüÔöüÔöüÔöüÔöüÔöüÔöüÔöüÔöüÔöüÔöü 45.7/45.7 kB 418.9 MB/s eta 0:00:00
#22 23.31 Downloading SQLAlchemy-2.0.20-cp311-cp311-manylinux_2_17_x86_64.manylinux2014_x86_64.whl (3.2 MB)
#22 23.69    ÔöüÔöüÔöüÔöüÔöüÔöüÔöüÔöüÔöüÔöüÔöüÔöüÔöüÔöüÔöüÔöüÔöüÔöüÔöüÔöüÔöüÔöüÔöüÔöüÔöüÔöüÔöüÔöüÔöüÔöüÔöüÔöüÔöüÔöüÔöüÔöüÔöüÔöüÔöüÔöü 3.2/3.2 MB 8.3 MB/s eta 0:00:00
#22 23.71 Downloading psycopg2_binary-2.9.9-cp311-cp311-manylinux_2_17_x86_64.manylinux2014_x86_64.whl (3.0 MB)
#22 24.05    ÔöüÔöüÔöüÔöüÔöüÔöüÔöüÔöüÔöüÔöüÔöüÔöüÔöüÔöüÔöüÔöüÔöüÔöüÔöüÔöüÔöüÔöüÔöüÔöüÔöüÔöüÔöüÔöüÔöüÔöüÔöüÔöüÔöüÔöüÔöüÔöüÔöüÔöüÔöüÔöü 3.0/3.0 MB 9.1 MB/s eta 0:00:00
#22 24.06 Downloading pgvector-0.2.3-py2.py3-none-any.whl (9.3 kB)
#22 24.07 Downloading alembic-1.12.0-py3-none-any.whl (226 kB)
#22 24.10    ÔöüÔöüÔöüÔöüÔöüÔöüÔöüÔöüÔöüÔöüÔöüÔöüÔöüÔöüÔöüÔöüÔöüÔöüÔöüÔöüÔöüÔöüÔöüÔöüÔöüÔöüÔöüÔöüÔöüÔöüÔöüÔöüÔöüÔöüÔöüÔöüÔöüÔöüÔöüÔöü 226.0/226.0 kB 10.1 MB/s eta 0:00:00
#22 24.12 Downloading redis-4.6.0-py3-none-any.whl (241 kB)
#22 24.14    ÔöüÔöüÔöüÔöüÔöüÔöüÔöüÔöüÔöüÔöüÔöüÔöüÔöüÔöüÔöüÔöüÔöüÔöüÔöüÔöüÔöüÔöüÔöüÔöüÔöüÔöüÔöüÔöüÔöüÔöüÔöüÔöüÔöüÔöüÔöüÔöüÔöüÔöüÔöüÔöü 241.1/241.1 kB 11.3 MB/s eta 0:00:00
#22 24.15 Downloading rq-1.15.1-py2.py3-none-any.whl (95 kB)
#22 24.16    ÔöüÔöüÔöüÔöüÔöüÔöüÔöüÔöüÔöüÔöüÔöüÔöüÔöüÔöüÔöüÔöüÔöüÔöüÔöüÔöüÔöüÔöüÔöüÔöüÔöüÔöüÔöüÔöüÔöüÔöüÔöüÔöüÔöüÔöüÔöüÔöüÔöüÔöüÔöüÔöü 95.8/95.8 kB 11.0 MB/s eta 0:00:00
#22 24.18 Downloading reportlab-4.0.4-py3-none-any.whl (1.9 MB)
#22 24.39    ÔöüÔöüÔöüÔöüÔöüÔöüÔöüÔöüÔöüÔöüÔöüÔöüÔöüÔöüÔöüÔöüÔöüÔöüÔöüÔöüÔöüÔöüÔöüÔöüÔöüÔöüÔöüÔöüÔöüÔöüÔöüÔöüÔöüÔöüÔöüÔöüÔöüÔöüÔöüÔöü 1.9/1.9 MB 9.1 MB/s eta 0:00:00
#22 24.40 Downloading Markdown-3.4.4-py3-none-any.whl (94 kB)
#22 24.42    ÔöüÔöüÔöüÔöüÔöüÔöüÔöüÔöüÔöüÔöüÔöüÔöüÔöüÔöüÔöüÔöüÔöüÔöüÔöüÔöüÔöüÔöüÔöüÔöüÔöüÔöüÔöüÔöüÔöüÔöüÔöüÔöüÔöüÔöüÔöüÔöüÔöüÔöüÔöüÔöü 94.2/94.2 kB 12.9 MB/s eta 0:00:00
#22 24.43 Downloading pytest-7.4.0-py3-none-any.whl (323 kB)
#22 24.47    ÔöüÔöüÔöüÔöüÔöüÔöüÔöüÔöüÔöüÔöüÔöüÔöüÔöüÔöüÔöüÔöüÔöüÔöüÔöüÔöüÔöüÔöüÔöüÔöüÔöüÔöüÔöüÔöüÔöüÔöüÔöüÔöüÔöüÔöüÔöüÔöüÔöüÔöüÔöüÔöü 323.6/323.6 kB 9.9 MB/s eta 0:00:00
#22 24.48 Downloading pytest_asyncio-0.21.1-py3-none-any.whl (13 kB)
#22 24.49 Downloading pytest_cov-4.1.0-py3-none-any.whl (21 kB)
#22 24.51 Downloading factory_boy-3.3.0-py2.py3-none-any.whl (36 kB)
#22 24.53 Downloading pydantic_core-2.14.1-cp311-cp311-manylinux_2_17_x86_64.manylinux2014_x86_64.whl (2.1 MB)
#22 24.76    ÔöüÔöüÔöüÔöüÔöüÔöüÔöüÔöüÔöüÔöüÔöüÔöüÔöüÔöüÔöüÔöüÔöüÔöüÔöüÔöüÔöüÔöüÔöüÔöüÔöüÔöüÔöüÔöüÔöüÔöüÔöüÔöüÔöüÔöüÔöüÔöüÔöüÔöüÔöüÔöü 2.1/2.1 MB 9.2 MB/s eta 0:00:00
#22 24.77 Downloading python_jose-3.5.0-py2.py3-none-any.whl (34 kB)
#22 24.78 Downloading passlib-1.7.4-py2.py3-none-any.whl (525 kB)
#22 24.84    ÔöüÔöüÔöüÔöüÔöüÔöüÔöüÔöüÔöüÔöüÔöüÔöüÔöüÔöüÔöüÔöüÔöüÔöüÔöüÔöüÔöüÔöüÔöüÔöüÔöüÔöüÔöüÔöüÔöüÔöüÔöüÔöüÔöüÔöüÔöüÔöüÔöüÔöüÔöüÔöü 525.6/525.6 kB 9.8 MB/s eta 0:00:00
#22 24.85 Downloading google_genai-1.46.0-py3-none-any.whl (239 kB)
#22 24.88    ÔöüÔöüÔöüÔöüÔöüÔöüÔöüÔöüÔöüÔöüÔöüÔöüÔöüÔöüÔöüÔöüÔöüÔöüÔöüÔöüÔöüÔöüÔöüÔöüÔöüÔöüÔöüÔöüÔöüÔöüÔöüÔöüÔöüÔöüÔöüÔöüÔöüÔöüÔöüÔöü 239.4/239.4 kB 11.4 MB/s eta 0:00:00
#22 24.90 Downloading websockets-15.0.1-cp311-cp311-manylinux_2_5_x86_64.manylinux1_x86_64.manylinux_2_17_x86_64.manylinux2014_x86_64.whl (182 kB)
#22 24.91    ÔöüÔöüÔöüÔöüÔöüÔöüÔöüÔöüÔöüÔöüÔöüÔöüÔöüÔöüÔöüÔöüÔöüÔöüÔöüÔöüÔöüÔöüÔöüÔöüÔöüÔöüÔöüÔöüÔöüÔöüÔöüÔöüÔöüÔöüÔöüÔöüÔöüÔöüÔöüÔöü 182.3/182.3 kB 11.6 MB/s eta 0:00:00
#22 24.92 Downloading httpx-0.28.1-py3-none-any.whl (73 kB)
#22 24.93    ÔöüÔöüÔöüÔöüÔöüÔöüÔöüÔöüÔöüÔöüÔöüÔöüÔöüÔöüÔöüÔöüÔöüÔöüÔöüÔöüÔöüÔöüÔöüÔöüÔöüÔöüÔöüÔöüÔöüÔöüÔöüÔöüÔöüÔöüÔöüÔöüÔöüÔöüÔöüÔöü 73.5/73.5 kB 15.3 MB/s eta 0:00:00
#22 24.94 Downloading httpcore-1.0.9-py3-none-any.whl (78 kB)
#22 24.95    ÔöüÔöüÔöüÔöüÔöüÔöüÔöüÔöüÔöüÔöüÔöüÔöüÔöüÔöüÔöüÔöüÔöüÔöüÔöüÔöüÔöüÔöüÔöüÔöüÔöüÔöüÔöüÔöüÔöüÔöüÔöüÔöüÔöüÔöüÔöüÔöüÔöüÔöüÔöüÔöü 78.8/78.8 kB 17.7 MB/s eta 0:00:00
#22 24.97 Downloading aiohttp-3.13.3-cp311-cp311-manylinux2014_x86_64.manylinux_2_17_x86_64.manylinux_2_28_x86_64.whl (1.7 MB)
#22 25.16    ÔöüÔöüÔöüÔöüÔöüÔöüÔöüÔöüÔöüÔöüÔöüÔöüÔöüÔöüÔöüÔöüÔöüÔöüÔöüÔöüÔöüÔöüÔöüÔöüÔöüÔöüÔöüÔöüÔöüÔöüÔöüÔöüÔöüÔöüÔöüÔöüÔöüÔöüÔöüÔöü 1.7/1.7 MB 9.0 MB/s eta 0:00:00
#22 25.18 Downloading aiofiles-25.1.0-py3-none-any.whl (14 kB)
#22 25.20 Downloading sse_starlette-3.0.3-py3-none-any.whl (11 kB)
#22 25.22 Downloading weasyprint-67.0-py3-none-any.whl (316 kB)
#22 25.25    ÔöüÔöüÔöüÔöüÔöüÔöüÔöüÔöüÔöüÔöüÔöüÔöüÔöüÔöüÔöüÔöüÔöüÔöüÔöüÔöüÔöüÔöüÔöüÔöüÔöüÔöüÔöüÔöüÔöüÔöüÔöüÔöüÔöüÔöüÔöüÔöüÔöüÔöüÔöüÔöü 316.3/316.3 kB 9.5 MB/s eta 0:00:00
#22 25.26 Downloading pyyaml-6.0.3-cp311-cp311-manylinux2014_x86_64.manylinux_2_17_x86_64.manylinux_2_28_x86_64.whl (806 kB)
#22 25.35    ÔöüÔöüÔöüÔöüÔöüÔöüÔöüÔöüÔöüÔöüÔöüÔöüÔöüÔöüÔöüÔöüÔöüÔöüÔöüÔöüÔöüÔöüÔöüÔöüÔöüÔöüÔöüÔöüÔöüÔöüÔöüÔöüÔöüÔöüÔöüÔöüÔöüÔöüÔöüÔöü 806.6/806.6 kB 9.1 MB/s eta 0:00:00
#22 25.37 Downloading pypdf2-3.0.1-py3-none-any.whl (232 kB)
#22 25.39    ÔöüÔöüÔöüÔöüÔöüÔöüÔöüÔöüÔöüÔöüÔöüÔöüÔöüÔöüÔöüÔöüÔöüÔöüÔöüÔöüÔöüÔöüÔöüÔöüÔöüÔöüÔöüÔöüÔöüÔöüÔöüÔöüÔöüÔöüÔöüÔöüÔöüÔöüÔöüÔöü 232.6/232.6 kB 10.2 MB/s eta 0:00:00
#22 25.41 Downloading python_pptx-1.0.2-py3-none-any.whl (472 kB)
#22 25.46    ÔöüÔöüÔöüÔöüÔöüÔöüÔöüÔöüÔöüÔöüÔöüÔöüÔöüÔöüÔöüÔöüÔöüÔöüÔöüÔöüÔöüÔöüÔöüÔöüÔöüÔöüÔöüÔöüÔöüÔöüÔöüÔöüÔöüÔöüÔöüÔöüÔöüÔöüÔöüÔöü 472.8/472.8 kB 9.5 MB/s eta 0:00:00
#22 25.47 Downloading semgrep-1.136.0-cp39.cp310.cp311.py39.py310.py311-none-musllinux_1_0_x86_64.manylinux2014_x86_64.whl (49.5 MB)
#22 31.02    ÔöüÔöüÔöüÔöüÔöüÔöüÔöüÔöüÔöüÔöüÔöüÔöüÔöüÔöüÔöüÔöüÔöüÔöüÔöüÔöüÔöüÔöüÔöüÔöüÔöüÔöüÔöüÔöüÔöüÔöüÔöüÔöüÔöüÔöüÔöüÔöüÔöüÔöüÔöüÔöü 49.5/49.5 MB 8.9 MB/s eta 0:00:00
#22 31.03 Downloading bandit-1.9.2-py3-none-any.whl (134 kB)
#22 31.05    ÔöüÔöüÔöüÔöüÔöüÔöüÔöüÔöüÔöüÔöüÔöüÔöüÔöüÔöüÔöüÔöüÔöüÔöüÔöüÔöüÔöüÔöüÔöüÔöüÔöüÔöüÔöüÔöüÔöüÔöüÔöüÔöüÔöüÔöüÔöüÔöüÔöüÔöüÔöüÔöü 134.4/134.4 kB 10.1 MB/s eta 0:00:00
#22 31.06 Downloading packaging-25.0-py3-none-any.whl (66 kB)
#22 31.07    ÔöüÔöüÔöüÔöüÔöüÔöüÔöüÔöüÔöüÔöüÔöüÔöüÔöüÔöüÔöüÔöüÔöüÔöüÔöüÔöüÔöüÔöüÔöüÔöüÔöüÔöüÔöüÔöüÔöüÔöüÔöüÔöüÔöüÔöüÔöüÔöüÔöüÔöüÔöüÔöü 66.5/66.5 kB 23.8 MB/s eta 0:00:00
#22 31.09 Downloading scapy-2.7.0-py3-none-any.whl (2.6 MB)
#22 31.38    ÔöüÔöüÔöüÔöüÔöüÔöüÔöüÔöüÔöüÔöüÔöüÔöüÔöüÔöüÔöüÔöüÔöüÔöüÔöüÔöüÔöüÔöüÔöüÔöüÔöüÔöüÔöüÔöüÔöüÔöüÔöüÔöüÔöüÔöüÔöüÔöüÔöüÔöüÔöüÔöü 2.6/2.6 MB 9.0 MB/s eta 0:00:00
#22 31.40 Downloading pyshark-0.6-py3-none-any.whl (41 kB)
#22 31.40    ÔöüÔöüÔöüÔöüÔöüÔöüÔöüÔöüÔöüÔöüÔöüÔöüÔöüÔöüÔöüÔöüÔöüÔöüÔöüÔöüÔöüÔöüÔöüÔöüÔöüÔöüÔöüÔöüÔöüÔöüÔöüÔöüÔöüÔöüÔöüÔöüÔöüÔöüÔöüÔöü 41.4/41.4 kB 30.7 MB/s eta 0:00:00
#22 31.42 Downloading pefile-2024.8.26-py3-none-any.whl (74 kB)
#22 31.43    ÔöüÔöüÔöüÔöüÔöüÔöüÔöüÔöüÔöüÔöüÔöüÔöüÔöüÔöüÔöüÔöüÔöüÔöüÔöüÔöüÔöüÔöüÔöüÔöüÔöüÔöüÔöüÔöüÔöüÔöüÔöüÔöüÔöüÔöüÔöüÔöüÔöüÔöüÔöüÔöü 74.8/74.8 kB 8.5 MB/s eta 0:00:00
#22 31.44 Downloading pyelftools-0.32-py3-none-any.whl (188 kB)
#22 31.46    ÔöüÔöüÔöüÔöüÔöüÔöüÔöüÔöüÔöüÔöüÔöüÔöüÔöüÔöüÔöüÔöüÔöüÔöüÔöüÔöüÔöüÔöüÔöüÔöüÔöüÔöüÔöüÔöüÔöüÔöüÔöüÔöüÔöüÔöüÔöüÔöüÔöüÔöüÔöüÔöü 188.5/188.5 kB 11.3 MB/s eta 0:00:00
#22 31.48 Downloading capstone-5.0.6-py3-none-manylinux_2_17_x86_64.manylinux2014_x86_64.whl (1.5 MB)
#22 31.64    ÔöüÔöüÔöüÔöüÔöüÔöüÔöüÔöüÔöüÔöüÔöüÔöüÔöüÔöüÔöüÔöüÔöüÔöüÔöüÔöüÔöüÔöüÔöüÔöüÔöüÔöüÔöüÔöüÔöüÔöüÔöüÔöüÔöüÔöüÔöüÔöüÔöüÔöüÔöüÔöü 1.5/1.5 MB 9.2 MB/s eta 0:00:00
#22 31.66 Downloading lief-0.17.2-cp311-cp311-manylinux_2_28_x86_64.whl (3.4 MB)
#22 32.04    ÔöüÔöüÔöüÔöüÔöüÔöüÔöüÔöüÔöüÔöüÔöüÔöüÔöüÔöüÔöüÔöüÔöüÔöüÔöüÔöüÔöüÔöüÔöüÔöüÔöüÔöüÔöüÔöüÔöüÔöüÔöüÔöüÔöüÔöüÔöüÔöüÔöüÔöüÔöüÔöü 3.4/3.4 MB 9.1 MB/s eta 0:00:00
#22 32.06 Downloading yara_python-4.5.4-cp311-cp311-manylinux_2_17_x86_64.manylinux2014_x86_64.whl (2.3 MB)
#22 32.33    ÔöüÔöüÔöüÔöüÔöüÔöüÔöüÔöüÔöüÔöüÔöüÔöüÔöüÔöüÔöüÔöüÔöüÔöüÔöüÔöüÔöüÔöüÔöüÔöüÔöüÔöüÔöüÔöüÔöüÔöüÔöüÔöüÔöüÔöüÔöüÔöüÔöüÔöüÔöüÔöü 2.3/2.3 MB 8.9 MB/s eta 0:00:00
#22 32.34 Downloading androguard-4.1.3-py3-none-any.whl (964 kB)
#22 32.45    ÔöüÔöüÔöüÔöüÔöüÔöüÔöüÔöüÔöüÔöüÔöüÔöüÔöüÔöüÔöüÔöüÔöüÔöüÔöüÔöüÔöüÔöüÔöüÔöüÔöüÔöüÔöüÔöüÔöüÔöüÔöüÔöüÔöüÔöüÔöüÔöüÔöüÔöüÔöüÔöü 964.5/964.5 kB 9.3 MB/s eta 0:00:00
#22 32.46 Downloading cryptography-46.0.3-cp311-abi3-manylinux_2_34_x86_64.whl (4.5 MB)
#22 32.97    ÔöüÔöüÔöüÔöüÔöüÔöüÔöüÔöüÔöüÔöüÔöüÔöüÔöüÔöüÔöüÔöüÔöüÔöüÔöüÔöüÔöüÔöüÔöüÔöüÔöüÔöüÔöüÔöüÔöüÔöüÔöüÔöüÔöüÔöüÔöüÔöüÔöüÔöüÔöüÔöü 4.5/4.5 MB 8.9 MB/s eta 0:00:00
#22 32.98 Downloading dnspython-2.8.0-py3-none-any.whl (331 kB)
#22 33.02    ÔöüÔöüÔöüÔöüÔöüÔöüÔöüÔöüÔöüÔöüÔöüÔöüÔöüÔöüÔöüÔöüÔöüÔöüÔöüÔöüÔöüÔöüÔöüÔöüÔöüÔöüÔöüÔöüÔöüÔöüÔöüÔöüÔöüÔöüÔöüÔöüÔöüÔöüÔöüÔöü 331.1/331.1 kB 9.7 MB/s eta 0:00:00
#22 33.03 Downloading psutil-7.2.1-cp36-abi3-manylinux2010_x86_64.manylinux_2_12_x86_64.manylinux_2_28_x86_64.whl (154 kB)
#22 33.05    ÔöüÔöüÔöüÔöüÔöüÔöüÔöüÔöüÔöüÔöüÔöüÔöüÔöüÔöüÔöüÔöüÔöüÔöüÔöüÔöüÔöüÔöüÔöüÔöüÔöüÔöüÔöüÔöüÔöüÔöüÔöüÔöüÔöüÔöüÔöüÔöüÔöüÔöüÔöüÔöü 154.7/154.7 kB 13.0 MB/s eta 0:00:00
#22 33.06 Downloading aiohappyeyeballs-2.6.1-py3-none-any.whl (15 kB)
#22 33.07 Downloading aiosignal-1.4.0-py3-none-any.whl (7.5 kB)
#22 33.09 Downloading annotated_types-0.7.0-py3-none-any.whl (13 kB)
#22 33.11 Downloading anyio-4.12.1-py3-none-any.whl (113 kB)
#22 33.11    ÔöüÔöüÔöüÔöüÔöüÔöüÔöüÔöüÔöüÔöüÔöüÔöüÔöüÔöüÔöüÔöüÔöüÔöüÔöüÔöüÔöüÔöüÔöüÔöüÔöüÔöüÔöüÔöüÔöüÔöüÔöüÔöüÔöüÔöüÔöüÔöüÔöüÔöüÔöüÔöü 113.6/113.6 kB 13.8 MB/s eta 0:00:00
#22 33.13 Downloading apkinspector-1.3.6-py3-none-any.whl (30 kB)
#22 33.15 Downloading asn1crypto-1.5.1-py2.py3-none-any.whl (105 kB)
#22 33.16    ÔöüÔöüÔöüÔöüÔöüÔöüÔöüÔöüÔöüÔöüÔöüÔöüÔöüÔöüÔöüÔöüÔöüÔöüÔöüÔöüÔöüÔöüÔöüÔöüÔöüÔöüÔöüÔöüÔöüÔöüÔöüÔöüÔöüÔöüÔöüÔöüÔöüÔöüÔöüÔöü 105.0/105.0 kB 19.9 MB/s eta 0:00:00
#22 33.17 Downloading attrs-25.4.0-py3-none-any.whl (67 kB)
#22 33.18    ÔöüÔöüÔöüÔöüÔöüÔöüÔöüÔöüÔöüÔöüÔöüÔöüÔöüÔöüÔöüÔöüÔöüÔöüÔöüÔöüÔöüÔöüÔöüÔöüÔöüÔöüÔöüÔöüÔöüÔöüÔöüÔöüÔöüÔöüÔöüÔöüÔöüÔöüÔöüÔöü 67.6/67.6 kB 11.2 MB/s eta 0:00:00
#22 33.19 Downloading bcrypt-5.0.0-cp39-abi3-manylinux_2_34_x86_64.whl (278 kB)
#22 33.22    ÔöüÔöüÔöüÔöüÔöüÔöüÔöüÔöüÔöüÔöüÔöüÔöüÔöüÔöüÔöüÔöüÔöüÔöüÔöüÔöüÔöüÔöüÔöüÔöüÔöüÔöüÔöüÔöüÔöüÔöüÔöüÔöüÔöüÔöüÔöüÔöüÔöüÔöüÔöüÔöü 278.2/278.2 kB 10.0 MB/s eta 0:00:00
#22 33.24 Downloading boltons-21.0.0-py2.py3-none-any.whl (193 kB)
#22 33.26    ÔöüÔöüÔöüÔöüÔöüÔöüÔöüÔöüÔöüÔöüÔöüÔöüÔöüÔöüÔöüÔöüÔöüÔöüÔöüÔöüÔöüÔöüÔöüÔöüÔöüÔöüÔöüÔöüÔöüÔöüÔöüÔöüÔöüÔöüÔöüÔöüÔöüÔöüÔöüÔöü 193.7/193.7 kB 10.7 MB/s eta 0:00:00
#22 33.27 Downloading cffi-2.0.0-cp311-cp311-manylinux2014_x86_64.manylinux_2_17_x86_64.whl (215 kB)
#22 33.30    ÔöüÔöüÔöüÔöüÔöüÔöüÔöüÔöüÔöüÔöüÔöüÔöüÔöüÔöüÔöüÔöüÔöüÔöüÔöüÔöüÔöüÔöüÔöüÔöüÔöüÔöüÔöüÔöüÔöüÔöüÔöüÔöüÔöüÔöüÔöüÔöüÔöüÔöüÔöüÔöü 215.6/215.6 kB 11.1 MB/s eta 0:00:00
#22 33.31 Downloading click-8.1.8-py3-none-any.whl (98 kB)
#22 33.32    ÔöüÔöüÔöüÔöüÔöüÔöüÔöüÔöüÔöüÔöüÔöüÔöüÔöüÔöüÔöüÔöüÔöüÔöüÔöüÔöüÔöüÔöüÔöüÔöüÔöüÔöüÔöüÔöüÔöüÔöüÔöüÔöüÔöüÔöüÔöüÔöüÔöüÔöüÔöüÔöü 98.2/98.2 kB 14.5 MB/s eta 0:00:00
#22 33.34 Downloading click_option_group-0.5.9-py3-none-any.whl (11 kB)
#22 33.36 Downloading colorama-0.4.6-py2.py3-none-any.whl (25 kB)
#22 33.37 Downloading coverage-7.13.1-cp311-cp311-manylinux1_x86_64.manylinux_2_28_x86_64.manylinux_2_5_x86_64.whl (251 kB)
#22 33.40    ÔöüÔöüÔöüÔöüÔöüÔöüÔöüÔöüÔöüÔöüÔöüÔöüÔöüÔöüÔöüÔöüÔöüÔöüÔöüÔöüÔöüÔöüÔöüÔöüÔöüÔöüÔöüÔöüÔöüÔöüÔöüÔöüÔöüÔöüÔöüÔöüÔöüÔöüÔöüÔöü 251.6/251.6 kB 11.1 MB/s eta 0:00:00
#22 33.41 Downloading cssselect2-0.8.0-py3-none-any.whl (15 kB)
#22 33.42 Downloading defusedxml-0.7.1-py2.py3-none-any.whl (25 kB)
#22 33.44 Downloading ecdsa-0.19.1-py2.py3-none-any.whl (150 kB)
#22 33.46    ÔöüÔöüÔöüÔöüÔöüÔöüÔöüÔöüÔöüÔöüÔöüÔöüÔöüÔöüÔöüÔöüÔöüÔöüÔöüÔöüÔöüÔöüÔöüÔöüÔöüÔöüÔöüÔöüÔöüÔöüÔöüÔöüÔöüÔöüÔöüÔöüÔöüÔöüÔöüÔöü 150.6/150.6 kB 11.9 MB/s eta 0:00:00
#22 33.47 Downloading email_validator-2.3.0-py3-none-any.whl (35 kB)
#22 33.48 Downloading exceptiongroup-1.2.2-py3-none-any.whl (16 kB)
#22 33.50 Downloading faker-40.1.0-py3-none-any.whl (2.0 MB)
#22 33.72    ÔöüÔöüÔöüÔöüÔöüÔöüÔöüÔöüÔöüÔöüÔöüÔöüÔöüÔöüÔöüÔöüÔöüÔöüÔöüÔöüÔöüÔöüÔöüÔöüÔöüÔöüÔöüÔöüÔöüÔöüÔöüÔöüÔöüÔöüÔöüÔöüÔöüÔöüÔöüÔöü 2.0/2.0 MB 9.1 MB/s eta 0:00:00
#22 33.74 Downloading fonttools-4.61.1-cp311-cp311-manylinux2014_x86_64.manylinux_2_17_x86_64.whl (5.0 MB)
#22 34.30    ÔöüÔöüÔöüÔöüÔöüÔöüÔöüÔöüÔöüÔöüÔöüÔöüÔöüÔöüÔöüÔöüÔöüÔöüÔöüÔöüÔöüÔöüÔöüÔöüÔöüÔöüÔöüÔöüÔöüÔöüÔöüÔöüÔöüÔöüÔöüÔöüÔöüÔöüÔöüÔöü 5.0/5.0 MB 9.0 MB/s eta 0:00:00
#22 34.31 Downloading frozenlist-1.8.0-cp311-cp311-manylinux1_x86_64.manylinux_2_28_x86_64.manylinux_2_5_x86_64.whl (231 kB)
#22 34.34    ÔöüÔöüÔöüÔöüÔöüÔöüÔöüÔöüÔöüÔöüÔöüÔöüÔöüÔöüÔöüÔöüÔöüÔöüÔöüÔöüÔöüÔöüÔöüÔöüÔöüÔöüÔöüÔöüÔöüÔöüÔöüÔöüÔöüÔöüÔöüÔöüÔöüÔöüÔöüÔöü 231.1/231.1 kB 9.7 MB/s eta 0:00:00
#22 34.35 Downloading glom-22.1.0-py2.py3-none-any.whl (100 kB)
#22 34.36    ÔöüÔöüÔöüÔöüÔöüÔöüÔöüÔöüÔöüÔöüÔöüÔöüÔöüÔöüÔöüÔöüÔöüÔöüÔöüÔöüÔöüÔöüÔöüÔöüÔöüÔöüÔöüÔöüÔöüÔöüÔöüÔöüÔöüÔöüÔöüÔöüÔöüÔöüÔöüÔöü 100.7/100.7 kB 10.1 MB/s eta 0:00:00
#22 34.37 Downloading google_auth-2.47.0-py3-none-any.whl (234 kB)
#22 34.40    ÔöüÔöüÔöüÔöüÔöüÔöüÔöüÔöüÔöüÔöüÔöüÔöüÔöüÔöüÔöüÔöüÔöüÔöüÔöüÔöüÔöüÔöüÔöüÔöüÔöüÔöüÔöüÔöüÔöüÔöüÔöüÔöüÔöüÔöüÔöüÔöüÔöüÔöüÔöüÔöü 234.9/234.9 kB 9.7 MB/s eta 0:00:00
#22 34.41 Downloading greenlet-3.3.0-cp311-cp311-manylinux_2_24_x86_64.manylinux_2_28_x86_64.whl (590 kB)
#22 34.47    ÔöüÔöüÔöüÔöüÔöüÔöüÔöüÔöüÔöüÔöüÔöüÔöüÔöüÔöüÔöüÔöüÔöüÔöüÔöüÔöüÔöüÔöüÔöüÔöüÔöüÔöüÔöüÔöüÔöüÔöüÔöüÔöüÔöüÔöüÔöüÔöüÔöüÔöüÔöüÔöü 590.2/590.2 kB 9.3 MB/s eta 0:00:00
#22 34.49 Downloading h11-0.16.0-py3-none-any.whl (37 kB)
#22 34.50 Downloading httptools-0.7.1-cp311-cp311-manylinux1_x86_64.manylinux_2_28_x86_64.manylinux_2_5_x86_64.whl (456 kB)
#22 34.55    ÔöüÔöüÔöüÔöüÔöüÔöüÔöüÔöüÔöüÔöüÔöüÔöüÔöüÔöüÔöüÔöüÔöüÔöüÔöüÔöüÔöüÔöüÔöüÔöüÔöüÔöüÔöüÔöüÔöüÔöüÔöüÔöüÔöüÔöüÔöüÔöüÔöüÔöüÔöüÔöü 456.6/456.6 kB 9.2 MB/s eta 0:00:00
#22 34.56 Downloading idna-3.11-py3-none-any.whl (71 kB)
#22 34.57    ÔöüÔöüÔöüÔöüÔöüÔöüÔöüÔöüÔöüÔöüÔöüÔöüÔöüÔöüÔöüÔöüÔöüÔöüÔöüÔöüÔöüÔöüÔöüÔöüÔöüÔöüÔöüÔöüÔöüÔöüÔöüÔöüÔöüÔöüÔöüÔöüÔöüÔöüÔöüÔöü 71.0/71.0 kB 12.4 MB/s eta 0:00:00
#22 34.58 Downloading ipython-9.9.0-py3-none-any.whl (621 kB)
#22 34.65    ÔöüÔöüÔöüÔöüÔöüÔöüÔöüÔöüÔöüÔöüÔöüÔöüÔöüÔöüÔöüÔöüÔöüÔöüÔöüÔöüÔöüÔöüÔöüÔöüÔöüÔöüÔöüÔöüÔöüÔöüÔöüÔöüÔöüÔöüÔöüÔöüÔöüÔöüÔöüÔöü 621.4/621.4 kB 9.5 MB/s eta 0:00:00
#22 34.66 Downloading jsonschema-4.26.0-py3-none-any.whl (90 kB)
#22 34.67    ÔöüÔöüÔöüÔöüÔöüÔöüÔöüÔöüÔöüÔöüÔöüÔöüÔöüÔöüÔöüÔöüÔöüÔöüÔöüÔöüÔöüÔöüÔöüÔöüÔöüÔöüÔöüÔöüÔöüÔöüÔöüÔöüÔöüÔöüÔöüÔöüÔöüÔöüÔöüÔöü 90.6/90.6 kB 14.1 MB/s eta 0:00:00
#22 34.69 Downloading lxml-6.0.2-cp311-cp311-manylinux_2_26_x86_64.manylinux_2_28_x86_64.whl (5.2 MB)
#22 35.27    ÔöüÔöüÔöüÔöüÔöüÔöüÔöüÔöüÔöüÔöüÔöüÔöüÔöüÔöüÔöüÔöüÔöüÔöüÔöüÔöüÔöüÔöüÔöüÔöüÔöüÔöüÔöüÔöüÔöüÔöüÔöüÔöüÔöüÔöüÔöüÔöüÔöüÔöüÔöüÔöü 5.2/5.2 MB 9.0 MB/s eta 0:00:00
#22 35.29 Downloading multidict-6.7.0-cp311-cp311-manylinux2014_x86_64.manylinux_2_17_x86_64.manylinux_2_28_x86_64.whl (246 kB)
#22 35.31    ÔöüÔöüÔöüÔöüÔöüÔöüÔöüÔöüÔöüÔöüÔöüÔöüÔöüÔöüÔöüÔöüÔöüÔöüÔöüÔöüÔöüÔöüÔöüÔöüÔöüÔöüÔöüÔöüÔöüÔöüÔöüÔöüÔöüÔöüÔöüÔöüÔöüÔöüÔöüÔöü 246.7/246.7 kB 10.2 MB/s eta 0:00:00
#22 35.33 Downloading opentelemetry_api-1.25.0-py3-none-any.whl (59 kB)
#22 35.34    ÔöüÔöüÔöüÔöüÔöüÔöüÔöüÔöüÔöüÔöüÔöüÔöüÔöüÔöüÔöüÔöüÔöüÔöüÔöüÔöüÔöüÔöüÔöüÔöüÔöüÔöüÔöüÔöüÔöüÔöüÔöüÔöüÔöüÔöüÔöüÔöüÔöüÔöüÔöüÔöü 59.9/59.9 kB 7.8 MB/s eta 0:00:00
#22 35.36 Downloading opentelemetry_exporter_otlp_proto_http-1.25.0-py3-none-any.whl (16 kB)
#22 35.37 Downloading opentelemetry_exporter_otlp_proto_common-1.25.0-py3-none-any.whl (17 kB)
#22 35.39 Downloading opentelemetry_proto-1.25.0-py3-none-any.whl (52 kB)
#22 35.39    ÔöüÔöüÔöüÔöüÔöüÔöüÔöüÔöüÔöüÔöüÔöüÔöüÔöüÔöüÔöüÔöüÔöüÔöüÔöüÔöüÔöüÔöüÔöüÔöüÔöüÔöüÔöüÔöüÔöüÔöüÔöüÔöüÔöüÔöüÔöüÔöüÔöüÔöüÔöüÔöü 52.5/52.5 kB 142.3 MB/s eta 0:00:00
#22 35.41 Downloading opentelemetry_instrumentation_requests-0.46b0-py3-none-any.whl (12 kB)
#22 35.43 Downloading opentelemetry_instrumentation-0.46b0-py3-none-any.whl (29 kB)
#22 35.45 Downloading opentelemetry_semantic_conventions-0.46b0-py3-none-any.whl (130 kB)
#22 35.46    ÔöüÔöüÔöüÔöüÔöüÔöüÔöüÔöüÔöüÔöüÔöüÔöüÔöüÔöüÔöüÔöüÔöüÔöüÔöüÔöüÔöüÔöüÔöüÔöüÔöüÔöüÔöüÔöüÔöüÔöüÔöüÔöüÔöüÔöüÔöüÔöüÔöüÔöüÔöüÔöü 130.5/130.5 kB 13.1 MB/s eta 0:00:00
#22 35.47 Downloading opentelemetry_util_http-0.46b0-py3-none-any.whl (6.9 kB)
#22 35.48 Downloading opentelemetry_sdk-1.25.0-py3-none-any.whl (107 kB)
#22 35.49    ÔöüÔöüÔöüÔöüÔöüÔöüÔöüÔöüÔöüÔöüÔöüÔöüÔöüÔöüÔöüÔöüÔöüÔöüÔöüÔöüÔöüÔöüÔöüÔöüÔöüÔöüÔöüÔöüÔöüÔöüÔöüÔöüÔöüÔöüÔöüÔöüÔöüÔöüÔöüÔöü 107.0/107.0 kB 11.3 MB/s eta 0:00:00
#22 35.51 Downloading peewee-3.19.0-py3-none-any.whl (411 kB)
#22 35.55    ÔöüÔöüÔöüÔöüÔöüÔöüÔöüÔöüÔöüÔöüÔöüÔöüÔöüÔöüÔöüÔöüÔöüÔöüÔöüÔöüÔöüÔöüÔöüÔöüÔöüÔöüÔöüÔöüÔöüÔöüÔöüÔöüÔöüÔöüÔöüÔöüÔöüÔöüÔöüÔöü 411.9/411.9 kB 9.8 MB/s eta 0:00:00
#22 35.57 Downloading pillow-12.1.0-cp311-cp311-manylinux_2_27_x86_64.manylinux_2_28_x86_64.whl (7.0 MB)
#22 36.35    ÔöüÔöüÔöüÔöüÔöüÔöüÔöüÔöüÔöüÔöüÔöüÔöüÔöüÔöüÔöüÔöüÔöüÔöüÔöüÔöüÔöüÔöüÔöüÔöüÔöüÔöüÔöüÔöüÔöüÔöüÔöüÔöüÔöüÔöüÔöüÔöüÔöüÔöüÔöüÔöü 7.0/7.0 MB 9.0 MB/s eta 0:00:00
#22 36.36 Downloading pluggy-1.6.0-py3-none-any.whl (20 kB)
#22 36.38 Downloading propcache-0.4.1-cp311-cp311-manylinux2014_x86_64.manylinux_2_17_x86_64.manylinux_2_28_x86_64.whl (210 kB)
#22 36.40    ÔöüÔöüÔöüÔöüÔöüÔöüÔöüÔöüÔöüÔöüÔöüÔöüÔöüÔöüÔöüÔöüÔöüÔöüÔöüÔöüÔöüÔöüÔöüÔöüÔöüÔöüÔöüÔöüÔöüÔöüÔöüÔöüÔöüÔöüÔöüÔöüÔöüÔöüÔöüÔöü 210.0/210.0 kB 9.1 MB/s eta 0:00:00
#22 36.41 Downloading pyasn1-0.6.1-py3-none-any.whl (83 kB)
#22 36.42    ÔöüÔöüÔöüÔöüÔöüÔöüÔöüÔöüÔöüÔöüÔöüÔöüÔöüÔöüÔöüÔöüÔöüÔöüÔöüÔöüÔöüÔöüÔöüÔöüÔöüÔöüÔöüÔöüÔöüÔöüÔöüÔöüÔöüÔöüÔöüÔöüÔöüÔöüÔöüÔöü 83.1/83.1 kB 11.8 MB/s eta 0:00:00
#22 36.43 Downloading pydot-4.0.1-py3-none-any.whl (37 kB)
#22 36.45 Downloading pydyf-0.12.1-py3-none-any.whl (8.0 kB)
#22 36.47 Downloading pygments-2.19.2-py3-none-any.whl (1.2 MB)
#22 36.60    ÔöüÔöüÔöüÔöüÔöüÔöüÔöüÔöüÔöüÔöüÔöüÔöüÔöüÔöüÔöüÔöüÔöüÔöüÔöüÔöüÔöüÔöüÔöüÔöüÔöüÔöüÔöüÔöüÔöüÔöüÔöüÔöüÔöüÔöüÔöüÔöüÔöüÔöüÔöüÔöü 1.2/1.2 MB 9.1 MB/s eta 0:00:00
#22 36.62 Downloading pyphen-0.17.2-py3-none-any.whl (2.1 MB)
#22 36.85    ÔöüÔöüÔöüÔöüÔöüÔöüÔöüÔöüÔöüÔöüÔöüÔöüÔöüÔöüÔöüÔöüÔöüÔöüÔöüÔöüÔöüÔöüÔöüÔöüÔöüÔöüÔöüÔöüÔöüÔöüÔöüÔöüÔöüÔöüÔöüÔöüÔöüÔöüÔöüÔöü 2.1/2.1 MB 9.1 MB/s eta 0:00:00
#22 36.86 Downloading python_dotenv-1.2.1-py3-none-any.whl (21 kB)
#22 36.87 Downloading requests-2.32.5-py3-none-any.whl (64 kB)
#22 36.88    ÔöüÔöüÔöüÔöüÔöüÔöüÔöüÔöüÔöüÔöüÔöüÔöüÔöüÔöüÔöüÔöüÔöüÔöüÔöüÔöüÔöüÔöüÔöüÔöüÔöüÔöüÔöüÔöüÔöüÔöüÔöüÔöüÔöüÔöüÔöüÔöüÔöüÔöüÔöüÔöü 64.7/64.7 kB 12.7 MB/s eta 0:00:00
#22 36.89 Downloading certifi-2026.1.4-py3-none-any.whl (152 kB)
#22 36.91    ÔöüÔöüÔöüÔöüÔöüÔöüÔöüÔöüÔöüÔöüÔöüÔöüÔöüÔöüÔöüÔöüÔöüÔöüÔöüÔöüÔöüÔöüÔöüÔöüÔöüÔöüÔöüÔöüÔöüÔöüÔöüÔöüÔöüÔöüÔöüÔöüÔöüÔöüÔöüÔöü 152.9/152.9 kB 10.4 MB/s eta 0:00:00
#22 36.92 Downloading rich-13.5.3-py3-none-any.whl (239 kB)
#22 36.95    ÔöüÔöüÔöüÔöüÔöüÔöüÔöüÔöüÔöüÔöüÔöüÔöüÔöüÔöüÔöüÔöüÔöüÔöüÔöüÔöüÔöüÔöüÔöüÔöüÔöüÔöüÔöüÔöüÔöüÔöüÔöüÔöüÔöüÔöüÔöüÔöüÔöüÔöüÔöüÔöü 239.8/239.8 kB 10.1 MB/s eta 0:00:00
#22 36.96 Downloading rsa-4.9.1-py3-none-any.whl (34 kB)
#22 36.99 Downloading ruamel_yaml-0.19.1-py3-none-any.whl (118 kB)
#22 37.00    ÔöüÔöüÔöüÔöüÔöüÔöüÔöüÔöüÔöüÔöüÔöüÔöüÔöüÔöüÔöüÔöüÔöüÔöüÔöüÔöüÔöüÔöüÔöüÔöüÔöüÔöüÔöüÔöüÔöüÔöüÔöüÔöüÔöüÔöüÔöüÔöüÔöüÔöüÔöüÔöü 118.1/118.1 kB 16.0 MB/s eta 0:00:00
#22 37.01 Downloading starlette-0.36.3-py3-none-any.whl (71 kB)
#22 37.02    ÔöüÔöüÔöüÔöüÔöüÔöüÔöüÔöüÔöüÔöüÔöüÔöüÔöüÔöüÔöüÔöüÔöüÔöüÔöüÔöüÔöüÔöüÔöüÔöüÔöüÔöüÔöüÔöüÔöüÔöüÔöüÔöüÔöüÔöüÔöüÔöüÔöüÔöüÔöüÔöü 71.5/71.5 kB 15.7 MB/s eta 0:00:00
#22 37.03 Downloading stevedore-5.6.0-py3-none-any.whl (54 kB)
#22 37.04    ÔöüÔöüÔöüÔöüÔöüÔöüÔöüÔöüÔöüÔöüÔöüÔöüÔöüÔöüÔöüÔöüÔöüÔöüÔöüÔöüÔöüÔöüÔöüÔöüÔöüÔöüÔöüÔöüÔöüÔöüÔöüÔöüÔöüÔöüÔöüÔöüÔöüÔöüÔöüÔöü 54.4/54.4 kB 427.5 MB/s eta 0:00:00
#22 37.05 Downloading tenacity-9.1.2-py3-none-any.whl (28 kB)
#22 37.06 Downloading tinycss2-1.5.1-py3-none-any.whl (28 kB)
#22 37.08 Downloading tinyhtml5-2.0.0-py3-none-any.whl (39 kB)
#22 37.09 Downloading tomli-2.0.2-py3-none-any.whl (13 kB)
#22 37.11 Downloading typing_extensions-4.15.0-py3-none-any.whl (44 kB)
#22 37.11    ÔöüÔöüÔöüÔöüÔöüÔöüÔöüÔöüÔöüÔöüÔöüÔöüÔöüÔöüÔöüÔöüÔöüÔöüÔöüÔöüÔöüÔöüÔöüÔöüÔöüÔöüÔöüÔöüÔöüÔöüÔöüÔöüÔöüÔöüÔöüÔöüÔöüÔöüÔöüÔöü 44.6/44.6 kB 23.9 MB/s eta 0:00:00
#22 37.13 Downloading urllib3-2.6.3-py3-none-any.whl (131 kB)
#22 37.14    ÔöüÔöüÔöüÔöüÔöüÔöüÔöüÔöüÔöüÔöüÔöüÔöüÔöüÔöüÔöüÔöüÔöüÔöüÔöüÔöüÔöüÔöüÔöüÔöüÔöüÔöüÔöüÔöüÔöüÔöüÔöüÔöüÔöüÔöüÔöüÔöüÔöüÔöüÔöüÔöü 131.6/131.6 kB 13.1 MB/s eta 0:00:00
#22 37.16 Downloading uvloop-0.22.1-cp311-cp311-manylinux2014_x86_64.manylinux_2_17_x86_64.manylinux_2_28_x86_64.whl (3.8 MB)
#22 37.58    ÔöüÔöüÔöüÔöüÔöüÔöüÔöüÔöüÔöüÔöüÔöüÔöüÔöüÔöüÔöüÔöüÔöüÔöüÔöüÔöüÔöüÔöüÔöüÔöüÔöüÔöüÔöüÔöüÔöüÔöüÔöüÔöüÔöüÔöüÔöüÔöüÔöüÔöüÔöüÔöü 3.8/3.8 MB 9.0 MB/s eta 0:00:00
#22 37.60 Downloading watchfiles-1.1.1-cp311-cp311-manylinux_2_17_x86_64.manylinux2014_x86_64.whl (456 kB)
#22 37.66    ÔöüÔöüÔöüÔöüÔöüÔöüÔöüÔöüÔöüÔöüÔöüÔöüÔöüÔöüÔöüÔöüÔöüÔöüÔöüÔöüÔöüÔöüÔöüÔöüÔöüÔöüÔöüÔöüÔöüÔöüÔöüÔöüÔöüÔöüÔöüÔöüÔöüÔöüÔöüÔöü 456.1/456.1 kB 7.8 MB/s eta 0:00:00
#22 37.68 Downloading wcmatch-8.5.2-py3-none-any.whl (39 kB)
#22 37.70 Downloading xlsxwriter-3.2.9-py3-none-any.whl (175 kB)
#22 37.72    ÔöüÔöüÔöüÔöüÔöüÔöüÔöüÔöüÔöüÔöüÔöüÔöüÔöüÔöüÔöüÔöüÔöüÔöüÔöüÔöüÔöüÔöüÔöüÔöüÔöüÔöüÔöüÔöüÔöüÔöüÔöüÔöüÔöüÔöüÔöüÔöüÔöüÔöüÔöüÔöü 175.3/175.3 kB 11.0 MB/s eta 0:00:00
#22 37.73 Downloading yarl-1.22.0-cp311-cp311-manylinux2014_x86_64.manylinux_2_17_x86_64.manylinux_2_28_x86_64.whl (365 kB)
#22 37.77    ÔöüÔöüÔöüÔöüÔöüÔöüÔöüÔöüÔöüÔöüÔöüÔöüÔöüÔöüÔöüÔöüÔöüÔöüÔöüÔöüÔöüÔöüÔöüÔöüÔöüÔöüÔöüÔöüÔöüÔöüÔöüÔöüÔöüÔöüÔöüÔöüÔöüÔöüÔöüÔöü 365.8/365.8 kB 8.9 MB/s eta 0:00:00
#22 37.79 Downloading appdirs-1.4.4-py2.py3-none-any.whl (9.6 kB)
#22 37.81 Downloading dataset-1.5.2-py2.py3-none-any.whl (18 kB)
#22 37.83 Downloading frida-17.5.2-cp37-abi3-manylinux_2_5_x86_64.whl (32.5 MB)
#22 41.68    ÔöüÔöüÔöüÔöüÔöüÔöüÔöüÔöüÔöüÔöüÔöüÔöüÔöüÔöüÔöüÔöüÔöüÔöüÔöüÔöüÔöüÔöüÔöüÔöüÔöüÔöüÔöüÔöüÔöüÔöüÔöüÔöüÔöüÔöüÔöüÔöüÔöüÔöüÔöüÔöü 32.5/32.5 MB 8.9 MB/s eta 0:00:00
#22 41.70 Downloading iniconfig-2.3.0-py3-none-any.whl (7.5 kB)
#22 41.71 Downloading loguru-0.7.3-py3-none-any.whl (61 kB)
#22 41.71    ÔöüÔöüÔöüÔöüÔöüÔöüÔöüÔöüÔöüÔöüÔöüÔöüÔöüÔöüÔöüÔöüÔöüÔöüÔöüÔöüÔöüÔöüÔöüÔöüÔöüÔöüÔöüÔöüÔöüÔöüÔöüÔöüÔöüÔöüÔöüÔöüÔöüÔöüÔöüÔöü 61.6/61.6 kB 78.9 MB/s eta 0:00:00
#22 41.73 Downloading mako-1.3.10-py3-none-any.whl (78 kB)
#22 41.74    ÔöüÔöüÔöüÔöüÔöüÔöüÔöüÔöüÔöüÔöüÔöüÔöüÔöüÔöüÔöüÔöüÔöüÔöüÔöüÔöüÔöüÔöüÔöüÔöüÔöüÔöüÔöüÔöüÔöüÔöüÔöüÔöüÔöüÔöüÔöüÔöüÔöüÔöüÔöüÔöü 78.5/78.5 kB 13.8 MB/s eta 0:00:00
#22 41.75 Downloading matplotlib-3.10.8-cp311-cp311-manylinux2014_x86_64.manylinux_2_17_x86_64.whl (8.7 MB)
#22 42.73    ÔöüÔöüÔöüÔöüÔöüÔöüÔöüÔöüÔöüÔöüÔöüÔöüÔöüÔöüÔöüÔöüÔöüÔöüÔöüÔöüÔöüÔöüÔöüÔöüÔöüÔöüÔöüÔöüÔöüÔöüÔöüÔöüÔöüÔöüÔöüÔöüÔöüÔöüÔöüÔöü 8.7/8.7 MB 9.0 MB/s eta 0:00:00
#22 42.74 Downloading numpy-2.4.1-cp311-cp311-manylinux_2_27_x86_64.manylinux_2_28_x86_64.whl (16.7 MB)
#22 44.61    ÔöüÔöüÔöüÔöüÔöüÔöüÔöüÔöüÔöüÔöüÔöüÔöüÔöüÔöüÔöüÔöüÔöüÔöüÔöüÔöüÔöüÔöüÔöüÔöüÔöüÔöüÔöüÔöüÔöüÔöüÔöüÔöüÔöüÔöüÔöüÔöüÔöüÔöüÔöüÔöü 16.7/16.7 MB 8.9 MB/s eta 0:00:00
#22 44.63 Downloading networkx-3.6.1-py3-none-any.whl (2.1 MB)
#22 44.86    ÔöüÔöüÔöüÔöüÔöüÔöüÔöüÔöüÔöüÔöüÔöüÔöüÔöüÔöüÔöüÔöüÔöüÔöüÔöüÔöüÔöüÔöüÔöüÔöüÔöüÔöüÔöüÔöüÔöüÔöüÔöüÔöüÔöüÔöüÔöüÔöüÔöüÔöüÔöüÔöü 2.1/2.1 MB 9.0 MB/s eta 0:00:00
#22 44.89 Downloading termcolor-3.3.0-py3-none-any.whl (7.7 kB)
#22 44.90 Downloading banal-1.0.6-py2.py3-none-any.whl (6.1 kB)
#22 44.92 Downloading bracex-2.6-py3-none-any.whl (11 kB)
#22 44.94 Downloading brotli-1.2.0-cp311-cp311-manylinux2014_x86_64.manylinux_2_17_x86_64.whl (1.4 MB)
#22 45.10    ÔöüÔöüÔöüÔöüÔöüÔöüÔöüÔöüÔöüÔöüÔöüÔöüÔöüÔöüÔöüÔöüÔöüÔöüÔöüÔöüÔöüÔöüÔöüÔöüÔöüÔöüÔöüÔöüÔöüÔöüÔöüÔöüÔöüÔöüÔöüÔöüÔöüÔöüÔöüÔöü 1.4/1.4 MB 9.1 MB/s eta 0:00:00
#22 45.11 Downloading charset_normalizer-3.4.4-cp311-cp311-manylinux2014_x86_64.manylinux_2_17_x86_64.manylinux_2_28_x86_64.whl (151 kB)
#22 45.12    ÔöüÔöüÔöüÔöüÔöüÔöüÔöüÔöüÔöüÔöüÔöüÔöüÔöüÔöüÔöüÔöüÔöüÔöüÔöüÔöüÔöüÔöüÔöüÔöüÔöüÔöüÔöüÔöüÔöüÔöüÔöüÔöüÔöüÔöüÔöüÔöüÔöüÔöüÔöüÔöü 151.6/151.6 kB 11.1 MB/s eta 0:00:00
#22 45.14 Downloading contourpy-1.3.3-cp311-cp311-manylinux_2_27_x86_64.manylinux_2_28_x86_64.whl (355 kB)
#22 45.18    ÔöüÔöüÔöüÔöüÔöüÔöüÔöüÔöüÔöüÔöüÔöüÔöüÔöüÔöüÔöüÔöüÔöüÔöüÔöüÔöüÔöüÔöüÔöüÔöüÔöüÔöüÔöüÔöüÔöüÔöüÔöüÔöüÔöüÔöüÔöüÔöüÔöüÔöüÔöüÔöü 355.2/355.2 kB 10.2 MB/s eta 0:00:00
#22 45.19 Downloading cycler-0.12.1-py3-none-any.whl (8.3 kB)
#22 45.20 Downloading decorator-5.2.1-py3-none-any.whl (9.2 kB)
#22 45.21 Downloading deprecated-1.3.1-py2.py3-none-any.whl (11 kB)
#22 45.23 Downloading face-24.0.0-py3-none-any.whl (54 kB)
#22 45.23    ÔöüÔöüÔöüÔöüÔöüÔöüÔöüÔöüÔöüÔöüÔöüÔöüÔöüÔöüÔöüÔöüÔöüÔöüÔöüÔöüÔöüÔöüÔöüÔöüÔöüÔöüÔöüÔöüÔöüÔöüÔöüÔöüÔöüÔöüÔöüÔöüÔöüÔöüÔöüÔöü 54.7/54.7 kB 26.5 MB/s eta 0:00:00
#22 45.24 Downloading googleapis_common_protos-1.72.0-py3-none-any.whl (297 kB)
#22 45.28    ÔöüÔöüÔöüÔöüÔöüÔöüÔöüÔöüÔöüÔöüÔöüÔöüÔöüÔöüÔöüÔöüÔöüÔöüÔöüÔöüÔöüÔöüÔöüÔöüÔöüÔöüÔöüÔöüÔöüÔöüÔöüÔöüÔöüÔöüÔöüÔöüÔöüÔöüÔöüÔöü 297.5/297.5 kB 9.7 MB/s eta 0:00:00
#22 45.29 Downloading importlib_metadata-7.1.0-py3-none-any.whl (24 kB)
#22 45.31 Downloading ipython_pygments_lexers-1.1.1-py3-none-any.whl (8.1 kB)
#22 45.32 Downloading jedi-0.19.2-py2.py3-none-any.whl (1.6 MB)
#22 45.50    ÔöüÔöüÔöüÔöüÔöüÔöüÔöüÔöüÔöüÔöüÔöüÔöüÔöüÔöüÔöüÔöüÔöüÔöüÔöüÔöüÔöüÔöüÔöüÔöüÔöüÔöüÔöüÔöüÔöüÔöüÔöüÔöüÔöüÔöüÔöüÔöüÔöüÔöüÔöüÔöü 1.6/1.6 MB 9.0 MB/s eta 0:00:00
#22 45.51 Downloading jsonschema_specifications-2025.9.1-py3-none-any.whl (18 kB)
#22 45.54 Downloading kiwisolver-1.4.9-cp311-cp311-manylinux2014_x86_64.manylinux_2_17_x86_64.whl (1.4 MB)
#22 45.69    ÔöüÔöüÔöüÔöüÔöüÔöüÔöüÔöüÔöüÔöüÔöüÔöüÔöüÔöüÔöüÔöüÔöüÔöüÔöüÔöüÔöüÔöüÔöüÔöüÔöüÔöüÔöüÔöüÔöüÔöüÔöüÔöüÔöüÔöüÔöüÔöüÔöüÔöüÔöüÔöü 1.4/1.4 MB 9.2 MB/s eta 0:00:00
#22 45.71 Downloading markdown_it_py-4.0.0-py3-none-any.whl (87 kB)
#22 45.72    ÔöüÔöüÔöüÔöüÔöüÔöüÔöüÔöüÔöüÔöüÔöüÔöüÔöüÔöüÔöüÔöüÔöüÔöüÔöüÔöüÔöüÔöüÔöüÔöüÔöüÔöüÔöüÔöüÔöüÔöüÔöüÔöüÔöüÔöüÔöüÔöüÔöüÔöüÔöüÔöü 87.3/87.3 kB 12.3 MB/s eta 0:00:00
#22 45.73 Downloading markupsafe-3.0.3-cp311-cp311-manylinux2014_x86_64.manylinux_2_17_x86_64.manylinux_2_28_x86_64.whl (22 kB)
#22 45.74 Downloading matplotlib_inline-0.2.1-py3-none-any.whl (9.5 kB)
#22 45.75 Downloading pexpect-4.9.0-py2.py3-none-any.whl (63 kB)
#22 45.76    ÔöüÔöüÔöüÔöüÔöüÔöüÔöüÔöüÔöüÔöüÔöüÔöüÔöüÔöüÔöüÔöüÔöüÔöüÔöüÔöüÔöüÔöüÔöüÔöüÔöüÔöüÔöüÔöüÔöüÔöüÔöüÔöüÔöüÔöüÔöüÔöüÔöüÔöüÔöüÔöü 63.8/63.8 kB 11.2 MB/s eta 0:00:00
#22 45.78 Downloading prompt_toolkit-3.0.52-py3-none-any.whl (391 kB)
#22 45.82    ÔöüÔöüÔöüÔöüÔöüÔöüÔöüÔöüÔöüÔöüÔöüÔöüÔöüÔöüÔöüÔöüÔöüÔöüÔöüÔöüÔöüÔöüÔöüÔöüÔöüÔöüÔöüÔöüÔöüÔöüÔöüÔöüÔöüÔöüÔöüÔöüÔöüÔöüÔöüÔöü 391.4/391.4 kB 10.2 MB/s eta 0:00:00
#22 45.83 Downloading pyasn1_modules-0.4.2-py3-none-any.whl (181 kB)
#22 45.85    ÔöüÔöüÔöüÔöüÔöüÔöüÔöüÔöüÔöüÔöüÔöüÔöüÔöüÔöüÔöüÔöüÔöüÔöüÔöüÔöüÔöüÔöüÔöüÔöüÔöüÔöüÔöüÔöüÔöüÔöüÔöüÔöüÔöüÔöüÔöüÔöüÔöüÔöüÔöüÔöü 181.3/181.3 kB 9.8 MB/s eta 0:00:00
#22 45.86 Downloading pyparsing-3.3.1-py3-none-any.whl (121 kB)
#22 45.88    ÔöüÔöüÔöüÔöüÔöüÔöüÔöüÔöüÔöüÔöüÔöüÔöüÔöüÔöüÔöüÔöüÔöüÔöüÔöüÔöüÔöüÔöüÔöüÔöüÔöüÔöüÔöüÔöüÔöüÔöüÔöüÔöüÔöüÔöüÔöüÔöüÔöüÔöüÔöüÔöü 121.8/121.8 kB 9.9 MB/s eta 0:00:00
#22 45.89 Downloading python_dateutil-2.9.0.post0-py2.py3-none-any.whl (229 kB)
#22 45.91    ÔöüÔöüÔöüÔöüÔöüÔöüÔöüÔöüÔöüÔöüÔöüÔöüÔöüÔöüÔöüÔöüÔöüÔöüÔöüÔöüÔöüÔöüÔöüÔöüÔöüÔöüÔöüÔöüÔöüÔöüÔöüÔöüÔöüÔöüÔöüÔöüÔöüÔöüÔöüÔöü 229.9/229.9 kB 10.6 MB/s eta 0:00:00
#22 45.93 Downloading referencing-0.37.0-py3-none-any.whl (26 kB)
#22 45.95 Downloading rpds_py-0.30.0-cp311-cp311-manylinux_2_17_x86_64.manylinux2014_x86_64.whl (390 kB)
#22 45.99    ÔöüÔöüÔöüÔöüÔöüÔöüÔöüÔöüÔöüÔöüÔöüÔöüÔöüÔöüÔöüÔöüÔöüÔöüÔöüÔöüÔöüÔöüÔöüÔöüÔöüÔöüÔöüÔöüÔöüÔöüÔöüÔöüÔöüÔöüÔöüÔöüÔöüÔöüÔöüÔöü 390.8/390.8 kB 10.2 MB/s eta 0:00:00
#22 46.00 Downloading six-1.17.0-py2.py3-none-any.whl (11 kB)
#22 46.02 Downloading stack_data-0.6.3-py3-none-any.whl (24 kB)
#22 46.04 Downloading traitlets-5.14.3-py3-none-any.whl (85 kB)
#22 46.04    ÔöüÔöüÔöüÔöüÔöüÔöüÔöüÔöüÔöüÔöüÔöüÔöüÔöüÔöüÔöüÔöüÔöüÔöüÔöüÔöüÔöüÔöüÔöüÔöüÔöüÔöüÔöüÔöüÔöüÔöüÔöüÔöüÔöüÔöüÔöüÔöüÔöüÔöüÔöüÔöü 85.4/85.4 kB 23.0 MB/s eta 0:00:00
#22 46.05 Downloading webencodings-0.5.1-py2.py3-none-any.whl (11 kB)
#22 46.07 Downloading zopfli-0.4.0-cp310-abi3-manylinux2014_x86_64.manylinux_2_17_x86_64.whl (847 kB)
#22 46.16    ÔöüÔöüÔöüÔöüÔöüÔöüÔöüÔöüÔöüÔöüÔöüÔöüÔöüÔöüÔöüÔöüÔöüÔöüÔöüÔöüÔöüÔöüÔöüÔöüÔöüÔöüÔöüÔöüÔöüÔöüÔöüÔöüÔöüÔöüÔöüÔöüÔöüÔöüÔöüÔöü 847.1/847.1 kB 9.3 MB/s eta 0:00:00
#22 46.18 Downloading pycparser-2.23-py3-none-any.whl (118 kB)
#22 46.19    ÔöüÔöüÔöüÔöüÔöüÔöüÔöüÔöüÔöüÔöüÔöüÔöüÔöüÔöüÔöüÔöüÔöüÔöüÔöüÔöüÔöüÔöüÔöüÔöüÔöüÔöüÔöüÔöüÔöüÔöüÔöüÔöüÔöüÔöüÔöüÔöüÔöüÔöüÔöüÔöü 118.1/118.1 kB 13.8 MB/s eta 0:00:00
#22 46.20 Downloading tzdata-2025.3-py2.py3-none-any.whl (348 kB)
#22 46.24    ÔöüÔöüÔöüÔöüÔöüÔöüÔöüÔöüÔöüÔöüÔöüÔöüÔöüÔöüÔöüÔöüÔöüÔöüÔöüÔöüÔöüÔöüÔöüÔöüÔöüÔöüÔöüÔöüÔöüÔöüÔöüÔöüÔöüÔöüÔöüÔöüÔöüÔöüÔöüÔöü 348.5/348.5 kB 9.7 MB/s eta 0:00:00
#22 46.26 Downloading asttokens-3.0.1-py3-none-any.whl (27 kB)
#22 46.27 Downloading executing-2.2.1-py2.py3-none-any.whl (28 kB)
#22 46.28 Downloading mdurl-0.1.2-py3-none-any.whl (10.0 kB)
#22 46.29 Downloading parso-0.8.5-py2.py3-none-any.whl (106 kB)
#22 46.31    ÔöüÔöüÔöüÔöüÔöüÔöüÔöüÔöüÔöüÔöüÔöüÔöüÔöüÔöüÔöüÔöüÔöüÔöüÔöüÔöüÔöüÔöüÔöüÔöüÔöüÔöüÔöüÔöüÔöüÔöüÔöüÔöüÔöüÔöüÔöüÔöüÔöüÔöüÔöüÔöü 106.7/106.7 kB 12.5 MB/s eta 0:00:00
#22 46.32 Downloading protobuf-4.25.8-cp37-abi3-manylinux2014_x86_64.whl (294 kB)
#22 46.35    ÔöüÔöüÔöüÔöüÔöüÔöüÔöüÔöüÔöüÔöüÔöüÔöüÔöüÔöüÔöüÔöüÔöüÔöüÔöüÔöüÔöüÔöüÔöüÔöüÔöüÔöüÔöüÔöüÔöüÔöüÔöüÔöüÔöüÔöüÔöüÔöüÔöüÔöüÔöüÔöü 294.9/294.9 kB 9.6 MB/s eta 0:00:00
#22 46.36 Downloading ptyprocess-0.7.0-py2.py3-none-any.whl (13 kB)
#22 46.38 Downloading wrapt-1.17.3-cp311-cp311-manylinux1_x86_64.manylinux_2_28_x86_64.manylinux_2_5_x86_64.whl (82 kB)
#22 46.39    ÔöüÔöüÔöüÔöüÔöüÔöüÔöüÔöüÔöüÔöüÔöüÔöüÔöüÔöüÔöüÔöüÔöüÔöüÔöüÔöüÔöüÔöüÔöüÔöüÔöüÔöüÔöüÔöüÔöüÔöüÔöüÔöüÔöüÔöüÔöüÔöüÔöüÔöüÔöüÔöü 82.4/82.4 kB 12.7 MB/s eta 0:00:00
#22 46.40 Downloading zipp-3.23.0-py3-none-any.whl (10 kB)
#22 46.41 Downloading pure_eval-0.2.3-py3-none-any.whl (11 kB)
#22 46.43 Downloading wcwidth-0.2.14-py2.py3-none-any.whl (37 kB)
#22 46.64 Building wheels for collected packages: python-docx, mutf8
#22 46.64   Building wheel for python-docx (setup.py): started
#22 47.16   Building wheel for python-docx (setup.py): finished with status 'done'
#22 47.16   Created wheel for python-docx: filename=python_docx-0.8.11-py3-none-any.whl size=184569 sha256=a7d56b67331cd4fae365eea0c6927fb90c0623e56e300dc1f8a92451cae5e77e
#22 47.16   Stored in directory: /tmp/pip-ephem-wheel-cache-ewran99l/wheels/b2/11/b8/209e41af524253c9ba6c2a8b8ecec0f98ecbc28c732512803c
#22 47.16   Building wheel for mutf8 (setup.py): started
#22 47.77   Building wheel for mutf8 (setup.py): finished with status 'done'
#22 47.77   Created wheel for mutf8: filename=mutf8-1.0.6-cp311-cp311-linux_x86_64.whl size=19474 sha256=0f769178b75b81d0c6b857b23be33db7d9a25c946b9205bd276e9bec57e0f1fa
#22 47.77   Stored in directory: /tmp/pip-ephem-wheel-cache-ewran99l/wheels/44/bc/d6/647be2901ee64bf5bbc7636ea53f146947a204f61d552771d3
#22 47.77 Successfully built python-docx mutf8
#22 48.25 Installing collected packages: yara-python, webencodings, pyelftools, pure-eval, ptyprocess, peewee, passlib, mutf8, brotli, boltons, banal, asn1crypto, appdirs, zopfli, zipp, XlsxWriter, wrapt, websockets, wcwidth, uvloop, urllib3, tzdata, typing-extensions, traitlets, tomli, tinyhtml5, tinycss2, termcolor, tenacity, stevedore, six, scapy, ruamel.yaml, rpds-py, redis, PyYAML, python-multipart, python-dotenv, Pyphen, PyPDF2, pyparsing, pygments, pydyf, pycparser, pyasn1, psycopg2-binary, psutil, protobuf, propcache, pluggy, pillow, pexpect, pefile, parso, packaging, opentelemetry-util-http, numpy, networkx, multidict, mdurl, MarkupSafe, markdown, lxml, loguru, lief, kiwisolver, iniconfig, idna, httptools, h11, greenlet, frozenlist, frida, fonttools, face, executing, exceptiongroup, dnspython, defusedxml, decorator, cycler, coverage, colorama, click, charset_normalizer, certifi, capstone, bracex, bcrypt, attrs, asttokens, apkInspector, annotated-types, aiohappyeyeballs, aiofiles, yarl, wcmatch, uvicorn, stack_data, SQLAlchemy, rsa, rq, requests, reportlab, referencing, python-pptx, python-docx, python-dateutil, pytest, pyshark, pydot, pydantic-core, pyasn1-modules, prompt_toolkit, pgvector, opentelemetry-proto, matplotlib-inline, markdown-it-py, Mako, jedi, ipython-pygments-lexers, importlib-metadata, httpcore, googleapis-common-protos, glom, Faker, email-validator, ecdsa, deprecated, cssselect2, contourpy, click-option-group, cffi, anyio, aiosignal, weasyprint, watchfiles, starlette, sse-starlette, rich, python-jose, pytest-cov, pytest-asyncio, pydantic, opentelemetry-exporter-otlp-proto-common, opentelemetry-api, matplotlib, jsonschema-specifications, ipython, httpx, google-auth, factory-boy, cryptography, alembic, aiohttp, pydantic-settings, opentelemetry-semantic-conventions, opentelemetry-instrumentation, jsonschema, google-genai, fastapi, dataset, bandit, opentelemetry-sdk, opentelemetry-instrumentation-requests, androguard, opentelemetry-exporter-otlp-proto-http, semgrep
#22 67.86 Successfully installed Faker-40.1.0 Mako-1.3.10 MarkupSafe-3.0.3 PyPDF2-3.0.1 PyYAML-6.0.3 Pyphen-0.17.2 SQLAlchemy-2.0.20 XlsxWriter-3.2.9 aiofiles-25.1.0 aiohappyeyeballs-2.6.1 aiohttp-3.13.3 aiosignal-1.4.0 alembic-1.12.0 androguard-4.1.3 annotated-types-0.7.0 anyio-4.12.1 apkInspector-1.3.6 appdirs-1.4.4 asn1crypto-1.5.1 asttokens-3.0.1 attrs-25.4.0 banal-1.0.6 bandit-1.9.2 bcrypt-5.0.0 boltons-21.0.0 bracex-2.6 brotli-1.2.0 capstone-5.0.6 certifi-2026.1.4 cffi-2.0.0 charset_normalizer-3.4.4 click-8.1.8 click-option-group-0.5.9 colorama-0.4.6 contourpy-1.3.3 coverage-7.13.1 cryptography-46.0.3 cssselect2-0.8.0 cycler-0.12.1 dataset-1.5.2 decorator-5.2.1 defusedxml-0.7.1 deprecated-1.3.1 dnspython-2.8.0 ecdsa-0.19.1 email-validator-2.3.0 exceptiongroup-1.2.2 executing-2.2.1 face-24.0.0 factory-boy-3.3.0 fastapi-0.110.0 fonttools-4.61.1 frida-17.5.2 frozenlist-1.8.0 glom-22.1.0 google-auth-2.47.0 google-genai-1.46.0 googleapis-common-protos-1.72.0 greenlet-3.3.0 h11-0.16.0 httpcore-1.0.9 httptools-0.7.1 httpx-0.28.1 idna-3.11 importlib-metadata-7.1.0 iniconfig-2.3.0 ipython-9.9.0 ipython-pygments-lexers-1.1.1 jedi-0.19.2 jsonschema-4.26.0 jsonschema-specifications-2025.9.1 kiwisolver-1.4.9 lief-0.17.2 loguru-0.7.3 lxml-6.0.2 markdown-3.4.4 markdown-it-py-4.0.0 matplotlib-3.10.8 matplotlib-inline-0.2.1 mdurl-0.1.2 multidict-6.7.0 mutf8-1.0.6 networkx-3.6.1 numpy-2.4.1 opentelemetry-api-1.25.0 opentelemetry-exporter-otlp-proto-common-1.25.0 opentelemetry-exporter-otlp-proto-http-1.25.0 opentelemetry-instrumentation-0.46b0 opentelemetry-instrumentation-requests-0.46b0 opentelemetry-proto-1.25.0 opentelemetry-sdk-1.25.0 opentelemetry-semantic-conventions-0.46b0 opentelemetry-util-http-0.46b0 packaging-25.0 parso-0.8.5 passlib-1.7.4 peewee-3.19.0 pefile-2024.8.26 pexpect-4.9.0 pgvector-0.2.3 pillow-12.1.0 pluggy-1.6.0 prompt_toolkit-3.0.52 propcache-0.4.1 protobuf-4.25.8 psutil-7.2.1 psycopg2-binary-2.9.9 ptyprocess-0.7.0 pure-eval-0.2.3 pyasn1-0.6.1 pyasn1-modules-0.4.2 pycparser-2.23 pydantic-2.5.0 pydantic-core-2.14.1 pydantic-settings-2.1.0 pydot-4.0.1 pydyf-0.12.1 pyelftools-0.32 pygments-2.19.2 pyparsing-3.3.1 pyshark-0.6 pytest-7.4.0 pytest-asyncio-0.21.1 pytest-cov-4.1.0 python-dateutil-2.9.0.post0 python-docx-0.8.11 python-dotenv-1.2.1 python-jose-3.5.0 python-multipart-0.0.6 python-pptx-1.0.2 redis-4.6.0 referencing-0.37.0 reportlab-4.0.4 requests-2.32.5 rich-13.5.3 rpds-py-0.30.0 rq-1.15.1 rsa-4.9.1 ruamel.yaml-0.19.1 scapy-2.7.0 semgrep-1.136.0 six-1.17.0 sse-starlette-3.0.3 stack_data-0.6.3 starlette-0.36.3 stevedore-5.6.0 tenacity-9.1.2 termcolor-3.3.0 tinycss2-1.5.1 tinyhtml5-2.0.0 tomli-2.0.2 traitlets-5.14.3 typing-extensions-4.15.0 tzdata-2025.3 urllib3-2.6.3 uvicorn-0.29.0 uvloop-0.22.1 watchfiles-1.1.1 wcmatch-8.5.2 wcwidth-0.2.14 weasyprint-67.0 webencodings-0.5.1 websockets-15.0.1 wrapt-1.17.3 yara-python-4.5.4 yarl-1.22.0 zipp-3.23.0 zopfli-0.4.0
#22 67.86 WARNING: Running pip as the 'root' user can result in broken permissions and conflicting behaviour with the system package manager. It is recommended to use a virtual environment instead: https://pip.pypa.io/warnings/venv
#22 68.05 
#22 68.05 [notice] A new release of pip is available: 24.0 -> 25.3
#22 68.05 [notice] To update, run: pip install --upgrade pip
#22 DONE 71.1s

#23 [backend 19/20] RUN mkdir -p backend
#23 DONE 0.4s

#24 [backend 20/20] COPY . ./backend/
#24 DONE 0.3s

#25 [backend] exporting to image
#25 exporting layers
#25 exporting layers 62.1s done
#25 exporting manifest sha256:0c81af8b7a85685c8f6d85d9107f3b2c17fe5de274965961dc421ac1239762b6 0.0s done
#25 exporting config sha256:7e09e3688a6e0aafd285bde993cf919db2ab62364f76bf478a4c5e905fba2cd4 0.0s done
#25 exporting attestation manifest sha256:e807aeebd4e44fd7d0ef06693bf657e74c5a2c4a94c159627c3582767ab5e7bf
#25 exporting attestation manifest sha256:e807aeebd4e44fd7d0ef06693bf657e74c5a2c4a94c159627c3582767ab5e7bf 0.1s done
#25 exporting manifest list sha256:11246bd273468229e616237cbda37b14fbb8e1ed75c87caa35ac06b432776534 0.0s done
#25 naming to docker.io/library/vragent-backend:latest done
#25 unpacking to docker.io/library/vragent-backend:latest
#25 unpacking to docker.io/library/vragent-backend:latest 50.9s done
#25 DONE 113.4s

#26 [backend] resolving provenance for metadata file
#26 DONE 0.1s
